  Determining projects to restore...
  All projects are up-to-date for restore.
E:\ProjectMy\WebViewHub\Controls\CentralCommandPanel.xaml.cs(47,16): warning CS8618: Non-nullable property 'MainWindowReference' must contain a non-null value when exiting constructor. Consider adding the 'required' modifier or declaring the property as nullable. [E:\ProjectMy\WebViewHub\WebViewHub_ma4jvjuw_wpftmp.csproj]
E:\ProjectMy\WebViewHub\Controls\WebViewContainer.xaml.cs(312,39): error CS1061: 'WebViewUnit' does not contain a definition for 'Source' and no accessible extension method 'Source' accepting a first argument of type 'WebViewUnit' could be found (are you missing a using directive or an assembly reference?) [E:\ProjectMy\WebViewHub\WebViewHub_ma4jvjuw_wpftmp.csproj]

Build FAILED.

E:\ProjectMy\WebViewHub\Controls\CentralCommandPanel.xaml.cs(47,16): warning CS8618: Non-nullable property 'MainWindowReference' must contain a non-null value when exiting constructor. Consider adding the 'required' modifier or declaring the property as nullable. [E:\ProjectMy\WebViewHub\WebViewHub_ma4jvjuw_wpftmp.csproj]
E:\ProjectMy\WebViewHub\Controls\WebViewContainer.xaml.cs(312,39): error CS1061: 'WebViewUnit' does not contain a definition for 'Source' and no accessible extension method 'Source' accepting a first argument of type 'WebViewUnit' could be found (are you missing a using directive or an assembly reference?) [E:\ProjectMy\WebViewHub\WebViewHub_ma4jvjuw_wpftmp.csproj]
    1 Warning(s)
    1 Error(s)

Time Elapsed 00:00:01.10
