生成启动时间为 2026/3/2 13:52:01。
日志记录详细程度设置为: Detailed。     0>进程 = "C:\Users\Administrator\.dotnet\dotnet.exe"
       MSBuild 可执行文件路径 = "C:\Program Files\dotnet\sdk\10.0.103\MSBuild.dll"
       命令行参数 = "C:\Program Files\dotnet\sdk\10.0.103\MSBuild.dll -maxcpucount --verbosity:m -tlp:default=auto --property:NuGetInteractive=true --restoreProperty:NuGetInteractive=true --restoreProperty:EnableDefaultCompileItems=false --restoreProperty:EnableDefaultEmbeddedResourceItems=false --restoreProperty:EnableDefaultNoneItems=false /clp:ErrorsOnly /fl /flp:logfile=build_errors.log -consoleloggerparameters:Summary -restore -distributedlogger:Microsoft.DotNet.Cli.Commands.MSBuild.MSBuildLogger,C:\Program Files\dotnet\sdk\10.0.103\dotnet.dll*Microsoft.DotNet.Cli.Commands.MSBuild.MSBuildForwardingLogger,C:\Program Files\dotnet\sdk\10.0.103\dotnet.dll -nologo"
       当前目录 = "E:\ProjectMy\WebViewHub"
       MSBuild 版本 = "18.0.11+c2435c3e0"
       基于 Windows 注册表项 LongPathsEnabled，LongPaths 功能为 已启用。
       基于 Windows 注册表项 VerifiedAndReputablePolicyState，SAC 状态 = 0: 已关闭。
       SDK“Microsoft.NET.Sdk”已由“DefaultSdkResolver”解析程序成功解析为位置“C:\Program Files\dotnet\sdk\10.0.103\Sdks\Microsoft.NET.Sdk\Sdk”和版本“”。
       C:\Program Files\dotnet\sdk\10.0.103\Sdks\Microsoft.NET.Sdk\Sdk\Sdk.props(49,11): message : 值为“C:\Program Files\dotnet\sdk\10.0.103\”的属性“MSBuildExtensionsPath”从环境中展开。
       C:\Program Files\dotnet\sdk\10.0.103\Current\Microsoft.Common.props(60,5): message : 在 C:\Program Files\dotnet\sdk\10.0.103\Current\Microsoft.Common.props (60,5) 处重新分配属性: $(MSBuildProjectExtensionsPath)=“E:\ProjectMy\WebViewHub\obj\”(先前值:“obj\”)
       C:\Program Files\dotnet\sdk\10.0.103\Current\Microsoft.Common.props(84,119): message : 值为“C:\Users\Administrator\AppData\Local\Microsoft\MSBuild”的属性“MSBuildUserExtensionsPath”从环境中展开。
       在 Evaluation 期间加载的程序集: System.Threading.Tasks.Parallel, Version=10.0.0.0, Culture=neutral, PublicKeyToken=b03f5f7f11d50a3a (位置: C:\Program Files\dotnet\shared\Microsoft.NETCore.App\10.0.3\System.Threading.Tasks.Parallel.dll，MVID: 484bafc2-9f0e-4e62-8af6-e65d5cd71f84，AssemblyLoadContext: Default)
       C:\Program Files\dotnet\sdk\10.0.103\Sdks\Microsoft.NET.Sdk\targets\Microsoft.NET.Sdk.props(90,5): message : 在 C:\Program Files\dotnet\sdk\10.0.103\Sdks\Microsoft.NET.Sdk\targets\Microsoft.NET.Sdk.props (90,5) 处重新分配属性: $(AssemblySearchPaths)=“{CandidateAssemblyFiles};{HintPathFromItem}”(先前值:“{CandidateAssemblyFiles}”)
       C:\Program Files\dotnet\sdk\10.0.103\Sdks\Microsoft.NET.Sdk\targets\Microsoft.NET.Sdk.props(91,5): message : 在 C:\Program Files\dotnet\sdk\10.0.103\Sdks\Microsoft.NET.Sdk\targets\Microsoft.NET.Sdk.props (91,5) 处重新分配属性: $(AssemblySearchPaths)=“{CandidateAssemblyFiles};{HintPathFromItem};{TargetFrameworkDirectory}”(先前值:“{CandidateAssemblyFiles};{HintPathFromItem}”)
       C:\Program Files\dotnet\sdk\10.0.103\Sdks\Microsoft.NET.Sdk\targets\Microsoft.NET.Sdk.props(92,5): message : 在 C:\Program Files\dotnet\sdk\10.0.103\Sdks\Microsoft.NET.Sdk\targets\Microsoft.NET.Sdk.props (92,5) 处重新分配属性: $(AssemblySearchPaths)=“{CandidateAssemblyFiles};{HintPathFromItem};{TargetFrameworkDirectory};{RawFileName}”(先前值:“{CandidateAssemblyFiles};{HintPathFromItem};{TargetFrameworkDirectory}”)
       “DefaultSdkResolver”解析程序已尝试解析 SDK“Microsoft.NET.SDK.WorkloadAutoImportPropsLocator”。
       警告: null
       错误: MSB4276: 默认 SDK 解析程序解析 SDK“Microsoft.NET.SDK.WorkloadAutoImportPropsLocator”失败，因为目录“C:\Program Files\dotnet\sdk\10.0.103\Sdks\Microsoft.NET.SDK.WorkloadAutoImportPropsLocator\Sdk”不存在。
       在 Evaluation 期间加载的程序集: Microsoft.Build.NuGetSdkResolver, Version=7.0.2.0, Culture=neutral, PublicKeyToken=31bf3856ad364e35 (位置: C:\Program Files\dotnet\sdk\10.0.103\Microsoft.Build.NuGetSdkResolver.dll，MVID: db6aefef-493b-4de6-a593-ae519e8edd6f，AssemblyLoadContext: MSBuild plugin C:\Program Files\dotnet\sdk\10.0.103\Microsoft.Build.NuGetSdkResolver.dll)
       在 Evaluation 期间加载的程序集: System.Reflection.Metadata, Version=10.0.0.0, Culture=neutral, PublicKeyToken=b03f5f7f11d50a3a (位置: C:\Program Files\dotnet\shared\Microsoft.NETCore.App\10.0.3\System.Reflection.Metadata.dll，MVID: 27047d9b-17f3-4ec1-8143-6797ef25cd28，AssemblyLoadContext: Default)
       在 Evaluation 期间加载的程序集: NuGet.Common, Version=7.0.2.0, Culture=neutral, PublicKeyToken=31bf3856ad364e35 (位置: C:\Program Files\dotnet\sdk\10.0.103\NuGet.Common.dll，MVID: 9a75e9a2-ebcf-4c20-863c-86b8d21a910c，AssemblyLoadContext: MSBuild plugin C:\Program Files\dotnet\sdk\10.0.103\Microsoft.Build.NuGetSdkResolver.dll)
       在 Evaluation 期间加载的程序集: Microsoft.NET.Sdk.WorkloadMSBuildSdkResolver, Version=10.0.103.0, Culture=neutral, PublicKeyToken=31bf3856ad364e35 (位置: C:\Program Files\dotnet\sdk\10.0.103\Microsoft.NET.Sdk.WorkloadMSBuildSdkResolver.dll，MVID: 32d497b5-3f90-4858-91ed-bef3ae025be9，AssemblyLoadContext: MSBuild plugin C:\Program Files\dotnet\sdk\10.0.103\Microsoft.NET.Sdk.WorkloadMSBuildSdkResolver.dll)
       在 Evaluation 期间加载的程序集: Microsoft.DotNet.Cli.Utils, Version=10.0.103.0, Culture=neutral, PublicKeyToken=adb9793829ddae60 (位置: C:\Program Files\dotnet\sdk\10.0.103\Microsoft.DotNet.Cli.Utils.dll，MVID: 0c51fd09-7ce3-414f-b142-ef79f42ae85b，AssemblyLoadContext: MSBuild plugin C:\Program Files\dotnet\sdk\10.0.103\Microsoft.NET.Sdk.WorkloadMSBuildSdkResolver.dll)
       在 Evaluation 期间加载的程序集: Microsoft.NET.Sdk.WorkloadManifestReader, Version=10.0.103.0, Culture=neutral, PublicKeyToken=adb9793829ddae60 (位置: C:\Program Files\dotnet\sdk\10.0.103\Microsoft.NET.Sdk.WorkloadManifestReader.dll，MVID: 4fc5b50b-0d78-444c-9b7f-2f8a62d0eac5，AssemblyLoadContext: MSBuild plugin C:\Program Files\dotnet\sdk\10.0.103\Microsoft.NET.Sdk.WorkloadMSBuildSdkResolver.dll)
       在 Evaluation 期间加载的程序集: Microsoft.Deployment.DotNet.Releases, Version=2.0.0.0, Culture=neutral, PublicKeyToken=31bf3856ad364e35 (位置: C:\Program Files\dotnet\sdk\10.0.103\Microsoft.Deployment.DotNet.Releases.dll，MVID: ea43f8b8-b27f-4976-9d85-2b4f42217a94，AssemblyLoadContext: MSBuild plugin C:\Program Files\dotnet\sdk\10.0.103\Microsoft.NET.Sdk.WorkloadMSBuildSdkResolver.dll)
       SDK“Microsoft.NET.SDK.WorkloadAutoImportPropsLocator”已由“Microsoft.DotNet.MSBuildWorkloadSdkResolver”解析程序成功解析为位置“null”和版本“null”。
       E:\ProjectMy\WebViewHub\WebViewHub.csproj(4,5): message : 在 E:\ProjectMy\WebViewHub\WebViewHub.csproj (4,5) 处重新分配属性: $(OutputType)=“WinExe”(先前值:“Library”)
       C:\Program Files\dotnet\sdk\10.0.103\Sdks\Microsoft.NET.Sdk\targets\Microsoft.NET.Sdk.ImportPublishProfile.targets(28,5): message : 在 C:\Program Files\dotnet\sdk\10.0.103\Sdks\Microsoft.NET.Sdk\targets\Microsoft.NET.Sdk.ImportPublishProfile.targets (28,5) 处重新分配属性: $(PublishProfileImported)=“false”(先前值:“true”)
       在 Evaluation 期间加载的程序集: NuGet.Frameworks, Version=7.0.2.0, Culture=neutral, PublicKeyToken=31bf3856ad364e35 (位置: C:\Program Files\dotnet\sdk\10.0.103\NuGet.Frameworks.dll，MVID: 1b7b49ca-9945-4cfa-824f-5d73c248e8d6，AssemblyLoadContext: Assembly.LoadFile(C:\Program Files\dotnet\sdk\10.0.103\NuGet.Frameworks.dll))
       在 Evaluation 期间加载的程序集: System.Threading.ThreadPool, Version=10.0.0.0, Culture=neutral, PublicKeyToken=b03f5f7f11d50a3a (位置: C:\Program Files\dotnet\shared\Microsoft.NETCore.App\10.0.3\System.Threading.ThreadPool.dll，MVID: 9a930205-386a-43a6-b0b2-26b42bd04d74，AssemblyLoadContext: Default)
       C:\Program Files\dotnet\sdk\10.0.103\Sdks\Microsoft.NET.Sdk\targets\Microsoft.NET.TargetFrameworkInference.targets(80,5): message : 在 C:\Program Files\dotnet\sdk\10.0.103\Sdks\Microsoft.NET.Sdk\targets\Microsoft.NET.TargetFrameworkInference.targets (80,5) 处重新分配属性: $(TargetPlatformVersion)=“0.0”(先前值:“0.0.0.0”)
       C:\Program Files\dotnet\sdk\10.0.103\Sdks\Microsoft.NET.Sdk\targets\Microsoft.NET.TargetFrameworkInference.targets(81,5): message : 在 C:\Program Files\dotnet\sdk\10.0.103\Sdks\Microsoft.NET.Sdk\targets\Microsoft.NET.TargetFrameworkInference.targets (81,5) 处重新分配属性: $(TargetPlatformVersion)=“”(先前值:“0.0”)
       C:\Program Files\dotnet\sdk\10.0.103\Sdks\Microsoft.NET.Sdk\targets\Microsoft.NET.TargetFrameworkInference.targets(84,5): message : 在 C:\Program Files\dotnet\sdk\10.0.103\Sdks\Microsoft.NET.Sdk\targets\Microsoft.NET.TargetFrameworkInference.targets (84,5) 处重新分配属性: $(TargetPlatformIdentifier)=“Windows”(先前值:“windows”)
       C:\Program Files\dotnet\sdk\10.0.103\Sdks\Microsoft.NET.Sdk\targets\Microsoft.NET.DefaultOutputPaths.targets(127,5): message : 在 C:\Program Files\dotnet\sdk\10.0.103\Sdks\Microsoft.NET.Sdk\targets\Microsoft.NET.DefaultOutputPaths.targets (127,5) 处重新分配属性: $(DefaultItemExcludes)=“;bin\Debug\/**;obj\Debug\/**”(先前值:“;bin\Debug\/**”)
       C:\Program Files\dotnet\sdk\10.0.103\Sdks\Microsoft.NET.Sdk\targets\Microsoft.NET.DefaultOutputPaths.targets(142,5): message : 在 C:\Program Files\dotnet\sdk\10.0.103\Sdks\Microsoft.NET.Sdk\targets\Microsoft.NET.DefaultOutputPaths.targets (142,5) 处重新分配属性: $(OutputPath)=“bin\Debug\net8.0-windows\”(先前值:“bin\Debug\”)
       C:\Program Files\dotnet\sdk\10.0.103\Sdks\Microsoft.NET.Sdk\targets\Microsoft.NET.DefaultOutputPaths.targets(147,5): message : 在 C:\Program Files\dotnet\sdk\10.0.103\Sdks\Microsoft.NET.Sdk\targets\Microsoft.NET.DefaultOutputPaths.targets (147,5) 处重新分配属性: $(IntermediateOutputPath)=“obj\Debug\net8.0-windows\”(先前值:“obj\Debug\”)
       “DefaultSdkResolver”解析程序已尝试解析 SDK“Microsoft.NET.SDK.WorkloadManifestTargetsLocator”。
       警告: null
       错误: MSB4276: 默认 SDK 解析程序解析 SDK“Microsoft.NET.SDK.WorkloadManifestTargetsLocator”失败，因为目录“C:\Program Files\dotnet\sdk\10.0.103\Sdks\Microsoft.NET.SDK.WorkloadManifestTargetsLocator\Sdk”不存在。
       SDK“Microsoft.NET.SDK.WorkloadManifestTargetsLocator”已由“Microsoft.DotNet.MSBuildWorkloadSdkResolver”解析程序成功解析为位置“C:\Program Files\dotnet\sdk-manifests\10.0.100\microsoft.net.sdk.android\36.1.2”和版本“null”。
       C:\Program Files\dotnet\sdk\10.0.103\Sdks\Microsoft.NET.Sdk\targets\Microsoft.NET.Sdk.BeforeCommon.targets(371,5): message : 在 C:\Program Files\dotnet\sdk\10.0.103\Sdks\Microsoft.NET.Sdk\targets\Microsoft.NET.Sdk.BeforeCommon.targets (371,5) 处重新分配属性: $(RoslynTargetsPath)=“C:\Program Files\dotnet\sdk\10.0.103\Sdks\Microsoft.NET.Sdk\targets\..\..\..\Roslyn”(先前值:“C:\Program Files\dotnet\sdk\10.0.103\Roslyn”)
       C:\Program Files\dotnet\sdk\10.0.103\Roslyn\Microsoft.Managed.Core.targets(6,5): message : 在 C:\Program Files\dotnet\sdk\10.0.103\Roslyn\Microsoft.Managed.Core.targets (6,5) 处重新分配属性: $(_BuildTasksDirectory)=“C:\Program Files\dotnet\sdk\10.0.103\Sdks\Microsoft.NET.Sdk\targets\..\..\..\Roslyn\”(先前值:“C:\Program Files\dotnet\sdk\10.0.103\Roslyn\”)
       C:\Program Files\dotnet\sdk\10.0.103\Roslyn\Microsoft.CSharp.Core.targets(200,5): message : 在 C:\Program Files\dotnet\sdk\10.0.103\Roslyn\Microsoft.CSharp.Core.targets (200,5) 处重新分配属性: $(CommandLineArgsForDesignTimeEvaluation)=“-langversion:12.0 -define:TRACE”(先前值:“-langversion:12.0”)
       在 Evaluation 期间加载的程序集: Microsoft.Build.Utilities.Core, Version=15.1.0.0, Culture=neutral, PublicKeyToken=b03f5f7f11d50a3a (位置: C:\Program Files\dotnet\sdk\10.0.103\Microsoft.Build.Utilities.Core.dll，MVID: f1451a5e-5f7f-4573-9f12-a7d129e87106，AssemblyLoadContext: Default)
       C:\Program Files\dotnet\sdk\10.0.103\Microsoft.Common.CurrentVersion.targets(175,5): message : 在 C:\Program Files\dotnet\sdk\10.0.103\Microsoft.Common.CurrentVersion.targets (175,5) 处重新分配属性: $(_DebugSymbolsProduced)=“true”(先前值:“false”)
       C:\Program Files\dotnet\sdk\10.0.103\Microsoft.Common.CurrentVersion.targets(185,5): message : 在 C:\Program Files\dotnet\sdk\10.0.103\Microsoft.Common.CurrentVersion.targets (185,5) 处重新分配属性: $(_DocumentationFileProduced)=“false”(先前值:“true”)
       C:\Program Files\dotnet\sdk\10.0.103\Microsoft.Common.CurrentVersion.targets(393,5): message : 在 C:\Program Files\dotnet\sdk\10.0.103\Microsoft.Common.CurrentVersion.targets (393,5) 处重新分配属性: $(MSBuildCopyMarkerName)=“WebViewHub.csproj.Up2Date”(先前值:“WebViewHub.csproj”)
       C:\Program Files\dotnet\sdk\10.0.103\Microsoft.Common.CurrentVersion.targets(541,5): message : 在 C:\Program Files\dotnet\sdk\10.0.103\Microsoft.Common.CurrentVersion.targets (541,5) 处重新分配属性: $(ProcessorArchitecture)=“msil”(先前值:“”)
       C:\Program Files\dotnet\sdk\10.0.103\Microsoft.Common.CurrentVersion.targets(580,5): message : 在 C:\Program Files\dotnet\sdk\10.0.103\Microsoft.Common.CurrentVersion.targets (580,5) 处重新分配属性: $(DelaySign)=“”(先前值:“false”)
       C:\Program Files\dotnet\sdk\10.0.103\Microsoft.Common.CurrentVersion.targets(2606,5): message : 值为“C:\Users\Administrator\AppData\Local”的属性“LOCALAPPDATA”从环境中展开。
       C:\Program Files\dotnet\sdk\10.0.103\Microsoft.Common.CurrentVersion.targets(3934,5): message : 在 C:\Program Files\dotnet\sdk\10.0.103\Microsoft.Common.CurrentVersion.targets (3934,5) 处重新分配属性: $(_SGenGenerateSerializationAssembliesConfig)=“Auto”(先前值:“”)
       C:\Program Files\dotnet\sdk\10.0.103\Microsoft.Common.CurrentVersion.targets(3935,5): message : 在 C:\Program Files\dotnet\sdk\10.0.103\Microsoft.Common.CurrentVersion.targets (3935,5) 处重新分配属性: $(_SGenGenerateSerializationAssembliesConfig)=“Off”(先前值:“Auto”)
       C:\Program Files\dotnet\sdk\10.0.103\Microsoft.Common.CurrentVersion.targets(5146,5): message : 在 C:\Program Files\dotnet\sdk\10.0.103\Microsoft.Common.CurrentVersion.targets (5146,5) 处重新分配属性: $(_TargetsThatPrepareProjectReferences)=“
       C:\Program Files\dotnet\sdk\10.0.103\Microsoft.Common.CurrentVersion.targets(5146,5): message :       AssignProjectConfiguration;
       C:\Program Files\dotnet\sdk\10.0.103\Microsoft.Common.CurrentVersion.targets(5146,5): message :       _SplitProjectReferencesByFileExistence
       C:\Program Files\dotnet\sdk\10.0.103\Microsoft.Common.CurrentVersion.targets(5146,5): message :     ”(先前值:“_SplitProjectReferencesByFileExistence”)
       C:\Program Files\dotnet\sdk\10.0.103\Microsoft.Common.CurrentVersion.targets(6959,5): message : 值为“C:\Program Files\dotnet\sdk\10.0.103”的属性“MSBuildExtensionsPath32”从环境中展开。
       “NuGetInteractive”属性是全局属性，不能修改。
       C:\Program Files\dotnet\sdk\10.0.103\Sdks\Microsoft.NET.Sdk\targets\Microsoft.PackageDependencyResolution.targets(24,5): message : 在 C:\Program Files\dotnet\sdk\10.0.103\Sdks\Microsoft.NET.Sdk\targets\Microsoft.PackageDependencyResolution.targets (24,5) 处重新分配属性: $(ProjectAssetsFile)=“E:\ProjectMy\WebViewHub\obj\project.assets.json”(先前值:“E:\ProjectMy\WebViewHub\obj\/project.assets.json”)
       C:\Program Files\dotnet\sdk\10.0.103\Sdks\Microsoft.NET.Sdk\targets\Microsoft.PackageDependencyResolution.targets(29,5): message : 在 C:\Program Files\dotnet\sdk\10.0.103\Sdks\Microsoft.NET.Sdk\targets\Microsoft.PackageDependencyResolution.targets (29,5) 处重新分配属性: $(ProjectAssetsCacheFile)=“E:\ProjectMy\WebViewHub\obj\Debug\net8.0-windows\WebViewHub.assets.cache”(先前值:“obj\Debug\net8.0-windows\WebViewHub.assets.cache”)
       C:\Program Files\dotnet\sdk\10.0.103\Sdks\Microsoft.NET.Sdk\targets\Microsoft.PackageDependencyResolution.targets(80,5): message : 在 C:\Program Files\dotnet\sdk\10.0.103\Sdks\Microsoft.NET.Sdk\targets\Microsoft.PackageDependencyResolution.targets (80,5) 处重新分配属性: $(ResolveAssemblyReferencesDependsOn)=“
       C:\Program Files\dotnet\sdk\10.0.103\Sdks\Microsoft.NET.Sdk\targets\Microsoft.PackageDependencyResolution.targets(80,5): message :       
       C:\Program Files\dotnet\sdk\10.0.103\Sdks\Microsoft.NET.Sdk\targets\Microsoft.PackageDependencyResolution.targets(80,5): message :       ResolveProjectReferences;
       C:\Program Files\dotnet\sdk\10.0.103\Sdks\Microsoft.NET.Sdk\targets\Microsoft.PackageDependencyResolution.targets(80,5): message :       FindInvalidProjectReferences;
       C:\Program Files\dotnet\sdk\10.0.103\Sdks\Microsoft.NET.Sdk\targets\Microsoft.PackageDependencyResolution.targets(80,5): message :       GetFrameworkPaths;
       C:\Program Files\dotnet\sdk\10.0.103\Sdks\Microsoft.NET.Sdk\targets\Microsoft.PackageDependencyResolution.targets(80,5): message :       GetReferenceAssemblyPaths;
       C:\Program Files\dotnet\sdk\10.0.103\Sdks\Microsoft.NET.Sdk\targets\Microsoft.PackageDependencyResolution.targets(80,5): message :       PrepareForBuild;
       C:\Program Files\dotnet\sdk\10.0.103\Sdks\Microsoft.NET.Sdk\targets\Microsoft.PackageDependencyResolution.targets(80,5): message :       ResolveSDKReferences;
       C:\Program Files\dotnet\sdk\10.0.103\Sdks\Microsoft.NET.Sdk\targets\Microsoft.PackageDependencyResolution.targets(80,5): message :       ExpandSDKReferences;
       C:\Program Files\dotnet\sdk\10.0.103\Sdks\Microsoft.NET.Sdk\targets\Microsoft.PackageDependencyResolution.targets(80,5): message :     ;
       C:\Program Files\dotnet\sdk\10.0.103\Sdks\Microsoft.NET.Sdk\targets\Microsoft.PackageDependencyResolution.targets(80,5): message :       ResolvePackageDependenciesForBuild;
       C:\Program Files\dotnet\sdk\10.0.103\Sdks\Microsoft.NET.Sdk\targets\Microsoft.PackageDependencyResolution.targets(80,5): message :       _HandlePackageFileConflicts;
       C:\Program Files\dotnet\sdk\10.0.103\Sdks\Microsoft.NET.Sdk\targets\Microsoft.PackageDependencyResolution.targets(80,5): message :     ”(先前值:“
       C:\Program Files\dotnet\sdk\10.0.103\Sdks\Microsoft.NET.Sdk\targets\Microsoft.PackageDependencyResolution.targets(80,5): message :       ResolveProjectReferences;
       C:\Program Files\dotnet\sdk\10.0.103\Sdks\Microsoft.NET.Sdk\targets\Microsoft.PackageDependencyResolution.targets(80,5): message :       FindInvalidProjectReferences;
       C:\Program Files\dotnet\sdk\10.0.103\Sdks\Microsoft.NET.Sdk\targets\Microsoft.PackageDependencyResolution.targets(80,5): message :       GetFrameworkPaths;
       C:\Program Files\dotnet\sdk\10.0.103\Sdks\Microsoft.NET.Sdk\targets\Microsoft.PackageDependencyResolution.targets(80,5): message :       GetReferenceAssemblyPaths;
       C:\Program Files\dotnet\sdk\10.0.103\Sdks\Microsoft.NET.Sdk\targets\Microsoft.PackageDependencyResolution.targets(80,5): message :       PrepareForBuild;
       C:\Program Files\dotnet\sdk\10.0.103\Sdks\Microsoft.NET.Sdk\targets\Microsoft.PackageDependencyResolution.targets(80,5): message :       ResolveSDKReferences;
       C:\Program Files\dotnet\sdk\10.0.103\Sdks\Microsoft.NET.Sdk\targets\Microsoft.PackageDependencyResolution.targets(80,5): message :       ExpandSDKReferences;
       C:\Program Files\dotnet\sdk\10.0.103\Sdks\Microsoft.NET.Sdk\targets\Microsoft.PackageDependencyResolution.targets(80,5): message :     ”)
       C:\Program Files\dotnet\sdk\10.0.103\Sdks\Microsoft.NET.Sdk\targets\Microsoft.PackageDependencyResolution.targets(86,5): message : 在 C:\Program Files\dotnet\sdk\10.0.103\Sdks\Microsoft.NET.Sdk\targets\Microsoft.PackageDependencyResolution.targets (86,5) 处重新分配属性: $(PrepareResourcesDependsOn)=“
       C:\Program Files\dotnet\sdk\10.0.103\Sdks\Microsoft.NET.Sdk\targets\Microsoft.PackageDependencyResolution.targets(86,5): message :       ResolvePackageDependenciesForBuild;
       C:\Program Files\dotnet\sdk\10.0.103\Sdks\Microsoft.NET.Sdk\targets\Microsoft.PackageDependencyResolution.targets(86,5): message :       _HandlePackageFileConflicts;
       C:\Program Files\dotnet\sdk\10.0.103\Sdks\Microsoft.NET.Sdk\targets\Microsoft.PackageDependencyResolution.targets(86,5): message :       
       C:\Program Files\dotnet\sdk\10.0.103\Sdks\Microsoft.NET.Sdk\targets\Microsoft.PackageDependencyResolution.targets(86,5): message :       ;
       C:\Program Files\dotnet\sdk\10.0.103\Sdks\Microsoft.NET.Sdk\targets\Microsoft.PackageDependencyResolution.targets(86,5): message :       PrepareResourceNames;
       C:\Program Files\dotnet\sdk\10.0.103\Sdks\Microsoft.NET.Sdk\targets\Microsoft.PackageDependencyResolution.targets(86,5): message :       ResGen;
       C:\Program Files\dotnet\sdk\10.0.103\Sdks\Microsoft.NET.Sdk\targets\Microsoft.PackageDependencyResolution.targets(86,5): message :       CompileLicxFiles
       C:\Program Files\dotnet\sdk\10.0.103\Sdks\Microsoft.NET.Sdk\targets\Microsoft.PackageDependencyResolution.targets(86,5): message :     
       C:\Program Files\dotnet\sdk\10.0.103\Sdks\Microsoft.NET.Sdk\targets\Microsoft.PackageDependencyResolution.targets(86,5): message :     ”(先前值:“
       C:\Program Files\dotnet\sdk\10.0.103\Sdks\Microsoft.NET.Sdk\targets\Microsoft.PackageDependencyResolution.targets(86,5): message :       ;
       C:\Program Files\dotnet\sdk\10.0.103\Sdks\Microsoft.NET.Sdk\targets\Microsoft.PackageDependencyResolution.targets(86,5): message :       PrepareResourceNames;
       C:\Program Files\dotnet\sdk\10.0.103\Sdks\Microsoft.NET.Sdk\targets\Microsoft.PackageDependencyResolution.targets(86,5): message :       ResGen;
       C:\Program Files\dotnet\sdk\10.0.103\Sdks\Microsoft.NET.Sdk\targets\Microsoft.PackageDependencyResolution.targets(86,5): message :       CompileLicxFiles
       C:\Program Files\dotnet\sdk\10.0.103\Sdks\Microsoft.NET.Sdk\targets\Microsoft.PackageDependencyResolution.targets(86,5): message :     ”)
       “EnableDefaultCompileItems”属性是全局属性，不能修改。
       “EnableDefaultEmbeddedResourceItems”属性是全局属性，不能修改。
       “EnableDefaultNoneItems”属性是全局属性，不能修改。
       C:\Program Files\dotnet\sdk\10.0.103\Sdks\Microsoft.NET.Sdk\targets\Microsoft.NET.Sdk.DefaultItems.targets(35,5): message : 在 C:\Program Files\dotnet\sdk\10.0.103\Sdks\Microsoft.NET.Sdk\targets\Microsoft.NET.Sdk.DefaultItems.targets (35,5) 处重新分配属性: $(DefaultItemExcludes)=“;bin\Debug\/**;obj\Debug\/**;bin\/**”(先前值:“;bin\Debug\/**;obj\Debug\/**”)
       C:\Program Files\dotnet\sdk\10.0.103\Sdks\Microsoft.NET.Sdk\targets\Microsoft.NET.Sdk.DefaultItems.targets(37,5): message : 在 C:\Program Files\dotnet\sdk\10.0.103\Sdks\Microsoft.NET.Sdk\targets\Microsoft.NET.Sdk.DefaultItems.targets (37,5) 处重新分配属性: $(DefaultItemExcludes)=“;bin\Debug\/**;obj\Debug\/**;bin\/**;obj\/**”(先前值:“;bin\Debug\/**;obj\Debug\/**;bin\/**”)
       C:\Program Files\dotnet\sdk\10.0.103\Sdks\Microsoft.NET.Sdk\targets\Microsoft.NET.Sdk.DefaultItems.targets(40,5): message : 在 C:\Program Files\dotnet\sdk\10.0.103\Sdks\Microsoft.NET.Sdk\targets\Microsoft.NET.Sdk.DefaultItems.targets (40,5) 处重新分配属性: $(DefaultItemExcludes)=“;bin\Debug\/**;obj\Debug\/**;bin\/**;obj\/**;**/*.user”(先前值:“;bin\Debug\/**;obj\Debug\/**;bin\/**;obj\/**”)
       C:\Program Files\dotnet\sdk\10.0.103\Sdks\Microsoft.NET.Sdk\targets\Microsoft.NET.Sdk.DefaultItems.targets(41,5): message : 在 C:\Program Files\dotnet\sdk\10.0.103\Sdks\Microsoft.NET.Sdk\targets\Microsoft.NET.Sdk.DefaultItems.targets (41,5) 处重新分配属性: $(DefaultItemExcludes)=“;bin\Debug\/**;obj\Debug\/**;bin\/**;obj\/**;**/*.user;**/*.*proj”(先前值:“;bin\Debug\/**;obj\Debug\/**;bin\/**;obj\/**;**/*.user”)
       C:\Program Files\dotnet\sdk\10.0.103\Sdks\Microsoft.NET.Sdk\targets\Microsoft.NET.Sdk.DefaultItems.targets(42,5): message : 在 C:\Program Files\dotnet\sdk\10.0.103\Sdks\Microsoft.NET.Sdk\targets\Microsoft.NET.Sdk.DefaultItems.targets (42,5) 处重新分配属性: $(DefaultItemExcludes)=“;bin\Debug\/**;obj\Debug\/**;bin\/**;obj\/**;**/*.user;**/*.*proj;**/*.sln”(先前值:“;bin\Debug\/**;obj\Debug\/**;bin\/**;obj\/**;**/*.user;**/*.*proj”)
       C:\Program Files\dotnet\sdk\10.0.103\Sdks\Microsoft.NET.Sdk\targets\Microsoft.NET.Sdk.DefaultItems.targets(43,5): message : 在 C:\Program Files\dotnet\sdk\10.0.103\Sdks\Microsoft.NET.Sdk\targets\Microsoft.NET.Sdk.DefaultItems.targets (43,5) 处重新分配属性: $(DefaultItemExcludes)=“;bin\Debug\/**;obj\Debug\/**;bin\/**;obj\/**;**/*.user;**/*.*proj;**/*.sln;**/*.slnx”(先前值:“;bin\Debug\/**;obj\Debug\/**;bin\/**;obj\/**;**/*.user;**/*.*proj;**/*.sln”)
       C:\Program Files\dotnet\sdk\10.0.103\Sdks\Microsoft.NET.Sdk\targets\Microsoft.NET.Sdk.DefaultItems.targets(44,5): message : 在 C:\Program Files\dotnet\sdk\10.0.103\Sdks\Microsoft.NET.Sdk\targets\Microsoft.NET.Sdk.DefaultItems.targets (44,5) 处重新分配属性: $(DefaultItemExcludes)=“;bin\Debug\/**;obj\Debug\/**;bin\/**;obj\/**;**/*.user;**/*.*proj;**/*.sln;**/*.slnx;**/*.vssscc”(先前值:“;bin\Debug\/**;obj\Debug\/**;bin\/**;obj\/**;**/*.user;**/*.*proj;**/*.sln;**/*.slnx”)
       C:\Program Files\dotnet\sdk\10.0.103\Sdks\Microsoft.NET.Sdk\targets\Microsoft.NET.Sdk.DefaultItems.targets(45,5): message : 在 C:\Program Files\dotnet\sdk\10.0.103\Sdks\Microsoft.NET.Sdk\targets\Microsoft.NET.Sdk.DefaultItems.targets (45,5) 处重新分配属性: $(DefaultItemExcludes)=“;bin\Debug\/**;obj\Debug\/**;bin\/**;obj\/**;**/*.user;**/*.*proj;**/*.sln;**/*.slnx;**/*.vssscc;**/.DS_Store”(先前值:“;bin\Debug\/**;obj\Debug\/**;bin\/**;obj\/**;**/*.user;**/*.*proj;**/*.sln;**/*.slnx;**/*.vssscc”)
       C:\Program Files\dotnet\sdk\10.0.103\Sdks\Microsoft.NET.Sdk\targets\Microsoft.NET.Sdk.FrameworkReferenceResolution.targets(14,5): message : 在 C:\Program Files\dotnet\sdk\10.0.103\Sdks\Microsoft.NET.Sdk\targets\Microsoft.NET.Sdk.FrameworkReferenceResolution.targets (14,5) 处重新分配属性: $(ResolveAssemblyReferencesDependsOn)=“
       C:\Program Files\dotnet\sdk\10.0.103\Sdks\Microsoft.NET.Sdk\targets\Microsoft.NET.Sdk.FrameworkReferenceResolution.targets(14,5): message :       
       C:\Program Files\dotnet\sdk\10.0.103\Sdks\Microsoft.NET.Sdk\targets\Microsoft.NET.Sdk.FrameworkReferenceResolution.targets(14,5): message :       
       C:\Program Files\dotnet\sdk\10.0.103\Sdks\Microsoft.NET.Sdk\targets\Microsoft.NET.Sdk.FrameworkReferenceResolution.targets(14,5): message :       ResolveProjectReferences;
       C:\Program Files\dotnet\sdk\10.0.103\Sdks\Microsoft.NET.Sdk\targets\Microsoft.NET.Sdk.FrameworkReferenceResolution.targets(14,5): message :       FindInvalidProjectReferences;
       C:\Program Files\dotnet\sdk\10.0.103\Sdks\Microsoft.NET.Sdk\targets\Microsoft.NET.Sdk.FrameworkReferenceResolution.targets(14,5): message :       GetFrameworkPaths;
       C:\Program Files\dotnet\sdk\10.0.103\Sdks\Microsoft.NET.Sdk\targets\Microsoft.NET.Sdk.FrameworkReferenceResolution.targets(14,5): message :       GetReferenceAssemblyPaths;
       C:\Program Files\dotnet\sdk\10.0.103\Sdks\Microsoft.NET.Sdk\targets\Microsoft.NET.Sdk.FrameworkReferenceResolution.targets(14,5): message :       PrepareForBuild;
       C:\Program Files\dotnet\sdk\10.0.103\Sdks\Microsoft.NET.Sdk\targets\Microsoft.NET.Sdk.FrameworkReferenceResolution.targets(14,5): message :       ResolveSDKReferences;
       C:\Program Files\dotnet\sdk\10.0.103\Sdks\Microsoft.NET.Sdk\targets\Microsoft.NET.Sdk.FrameworkReferenceResolution.targets(14,5): message :       ExpandSDKReferences;
       C:\Program Files\dotnet\sdk\10.0.103\Sdks\Microsoft.NET.Sdk\targets\Microsoft.NET.Sdk.FrameworkReferenceResolution.targets(14,5): message :     ;
       C:\Program Files\dotnet\sdk\10.0.103\Sdks\Microsoft.NET.Sdk\targets\Microsoft.NET.Sdk.FrameworkReferenceResolution.targets(14,5): message :       ResolvePackageDependenciesForBuild;
       C:\Program Files\dotnet\sdk\10.0.103\Sdks\Microsoft.NET.Sdk\targets\Microsoft.NET.Sdk.FrameworkReferenceResolution.targets(14,5): message :       _HandlePackageFileConflicts;
       C:\Program Files\dotnet\sdk\10.0.103\Sdks\Microsoft.NET.Sdk\targets\Microsoft.NET.Sdk.FrameworkReferenceResolution.targets(14,5): message :     ;
       C:\Program Files\dotnet\sdk\10.0.103\Sdks\Microsoft.NET.Sdk\targets\Microsoft.NET.Sdk.FrameworkReferenceResolution.targets(14,5): message :       ResolveTargetingPackAssets;
       C:\Program Files\dotnet\sdk\10.0.103\Sdks\Microsoft.NET.Sdk\targets\Microsoft.NET.Sdk.FrameworkReferenceResolution.targets(14,5): message :     ”(先前值:“
       C:\Program Files\dotnet\sdk\10.0.103\Sdks\Microsoft.NET.Sdk\targets\Microsoft.NET.Sdk.FrameworkReferenceResolution.targets(14,5): message :       
       C:\Program Files\dotnet\sdk\10.0.103\Sdks\Microsoft.NET.Sdk\targets\Microsoft.NET.Sdk.FrameworkReferenceResolution.targets(14,5): message :       ResolveProjectReferences;
       C:\Program Files\dotnet\sdk\10.0.103\Sdks\Microsoft.NET.Sdk\targets\Microsoft.NET.Sdk.FrameworkReferenceResolution.targets(14,5): message :       FindInvalidProjectReferences;
       C:\Program Files\dotnet\sdk\10.0.103\Sdks\Microsoft.NET.Sdk\targets\Microsoft.NET.Sdk.FrameworkReferenceResolution.targets(14,5): message :       GetFrameworkPaths;
       C:\Program Files\dotnet\sdk\10.0.103\Sdks\Microsoft.NET.Sdk\targets\Microsoft.NET.Sdk.FrameworkReferenceResolution.targets(14,5): message :       GetReferenceAssemblyPaths;
       C:\Program Files\dotnet\sdk\10.0.103\Sdks\Microsoft.NET.Sdk\targets\Microsoft.NET.Sdk.FrameworkReferenceResolution.targets(14,5): message :       PrepareForBuild;
       C:\Program Files\dotnet\sdk\10.0.103\Sdks\Microsoft.NET.Sdk\targets\Microsoft.NET.Sdk.FrameworkReferenceResolution.targets(14,5): message :       ResolveSDKReferences;
       C:\Program Files\dotnet\sdk\10.0.103\Sdks\Microsoft.NET.Sdk\targets\Microsoft.NET.Sdk.FrameworkReferenceResolution.targets(14,5): message :       ExpandSDKReferences;
       C:\Program Files\dotnet\sdk\10.0.103\Sdks\Microsoft.NET.Sdk\targets\Microsoft.NET.Sdk.FrameworkReferenceResolution.targets(14,5): message :     ;
       C:\Program Files\dotnet\sdk\10.0.103\Sdks\Microsoft.NET.Sdk\targets\Microsoft.NET.Sdk.FrameworkReferenceResolution.targets(14,5): message :       ResolvePackageDependenciesForBuild;
       C:\Program Files\dotnet\sdk\10.0.103\Sdks\Microsoft.NET.Sdk\targets\Microsoft.NET.Sdk.FrameworkReferenceResolution.targets(14,5): message :       _HandlePackageFileConflicts;
       C:\Program Files\dotnet\sdk\10.0.103\Sdks\Microsoft.NET.Sdk\targets\Microsoft.NET.Sdk.FrameworkReferenceResolution.targets(14,5): message :     ”)
       C:\Program Files\dotnet\sdk\10.0.103\Sdks\Microsoft.NET.Sdk\targets\Microsoft.NET.Sdk.targets(44,5): message : 在 C:\Program Files\dotnet\sdk\10.0.103\Sdks\Microsoft.NET.Sdk\targets\Microsoft.NET.Sdk.targets (44,5) 处重新分配属性: $(_GenerateRuntimeConfigurationPropertyInputsCache)=“E:\ProjectMy\WebViewHub\obj\Debug\net8.0-windows\WebViewHub.genruntimeconfig.cache”(先前值:“obj\Debug\net8.0-windows\WebViewHub.genruntimeconfig.cache”)
       C:\Program Files\dotnet\sdk\10.0.103\Sdks\Microsoft.NET.Sdk\targets\Microsoft.NET.Sdk.targets(46,5): message : 在 C:\Program Files\dotnet\sdk\10.0.103\Sdks\Microsoft.NET.Sdk\targets\Microsoft.NET.Sdk.targets (46,5) 处重新分配属性: $(_GeneratePublishDependencyFilePropertyInputsCache)=“E:\ProjectMy\WebViewHub\obj\Debug\net8.0-windows\WebViewHub.genpublishdeps.cache”(先前值:“obj\Debug\net8.0-windows\WebViewHub.genpublishdeps.cache”)
       C:\Program Files\dotnet\sdk\10.0.103\Sdks\Microsoft.NET.Sdk\targets\Microsoft.NET.Sdk.targets(48,5): message : 在 C:\Program Files\dotnet\sdk\10.0.103\Sdks\Microsoft.NET.Sdk\targets\Microsoft.NET.Sdk.targets (48,5) 处重新分配属性: $(_GenerateSingleFileBundlePropertyInputsCache)=“E:\ProjectMy\WebViewHub\obj\Debug\net8.0-windows\WebViewHub.genbundle.cache”(先前值:“obj\Debug\net8.0-windows\WebViewHub.genbundle.cache”)
       C:\Program Files\dotnet\sdk\10.0.103\Sdks\Microsoft.NET.Sdk\targets\Microsoft.NET.Sdk.targets(81,5): message : 在 C:\Program Files\dotnet\sdk\10.0.103\Sdks\Microsoft.NET.Sdk\targets\Microsoft.NET.Sdk.targets (81,5) 处重新分配属性: $(GenerateRuntimeConfigDevFile)=“false”(先前值:“true”)
       C:\Program Files\dotnet\sdk\10.0.103\Sdks\Microsoft.NET.Sdk\targets\Microsoft.NET.Sdk.targets(98,5): message : 值为“C:\Users\Administrator”的属性“USERPROFILE”从环境中展开。
       C:\Program Files\dotnet\sdk\10.0.103\Sdks\Microsoft.NET.Sdk\targets\Microsoft.NET.Sdk.targets(98,5): message : 在 C:\Program Files\dotnet\sdk\10.0.103\Sdks\Microsoft.NET.Sdk\targets\Microsoft.NET.Sdk.targets (98,5) 处重新分配属性: $(_DefaultUserProfileRuntimeStorePath)=“C:\Users\Administrator”(先前值:“”)
       C:\Program Files\dotnet\sdk\10.0.103\Sdks\Microsoft.NET.Sdk\targets\Microsoft.NET.Sdk.targets(99,5): message : 在 C:\Program Files\dotnet\sdk\10.0.103\Sdks\Microsoft.NET.Sdk\targets\Microsoft.NET.Sdk.targets (99,5) 处重新分配属性: $(_DefaultUserProfileRuntimeStorePath)=“C:\Users\Administrator\.dotnet\store”(先前值:“C:\Users\Administrator”)
       C:\Program Files\dotnet\sdk\10.0.103\Sdks\Microsoft.NET.Sdk\targets\Microsoft.NET.Sdk.targets(144,5): message : 在 C:\Program Files\dotnet\sdk\10.0.103\Sdks\Microsoft.NET.Sdk\targets\Microsoft.NET.Sdk.targets (144,5) 处重新分配属性: $(AvailablePlatforms)=“Any CPU,x86,x64,ARM32”(先前值:“Any CPU,x86,x64”)
       C:\Program Files\dotnet\sdk\10.0.103\Sdks\Microsoft.NET.Sdk\targets\Microsoft.NET.Sdk.targets(148,5): message : 在 C:\Program Files\dotnet\sdk\10.0.103\Sdks\Microsoft.NET.Sdk\targets\Microsoft.NET.Sdk.targets (148,5) 处重新分配属性: $(AvailablePlatforms)=“Any CPU,x86,x64,ARM32,ARM64”(先前值:“Any CPU,x86,x64,ARM32”)
       C:\Program Files\dotnet\sdk\10.0.103\Sdks\Microsoft.NET.Sdk\targets\Microsoft.NET.Sdk.targets(204,5): message : 在 C:\Program Files\dotnet\sdk\10.0.103\Sdks\Microsoft.NET.Sdk\targets\Microsoft.NET.Sdk.targets (204,5) 处重新分配属性: $(CoreBuildDependsOn)=“
       C:\Program Files\dotnet\sdk\10.0.103\Sdks\Microsoft.NET.Sdk\targets\Microsoft.NET.Sdk.targets(204,5): message :       _CheckForBuildWithNoBuild;
       C:\Program Files\dotnet\sdk\10.0.103\Sdks\Microsoft.NET.Sdk\targets\Microsoft.NET.Sdk.targets(204,5): message :       
       C:\Program Files\dotnet\sdk\10.0.103\Sdks\Microsoft.NET.Sdk\targets\Microsoft.NET.Sdk.targets(204,5): message :       BuildOnlySettings;
       C:\Program Files\dotnet\sdk\10.0.103\Sdks\Microsoft.NET.Sdk\targets\Microsoft.NET.Sdk.targets(204,5): message :       PrepareForBuild;
       C:\Program Files\dotnet\sdk\10.0.103\Sdks\Microsoft.NET.Sdk\targets\Microsoft.NET.Sdk.targets(204,5): message :       PreBuildEvent;
       C:\Program Files\dotnet\sdk\10.0.103\Sdks\Microsoft.NET.Sdk\targets\Microsoft.NET.Sdk.targets(204,5): message :       ResolveReferences;
       C:\Program Files\dotnet\sdk\10.0.103\Sdks\Microsoft.NET.Sdk\targets\Microsoft.NET.Sdk.targets(204,5): message :       PrepareResources;
       C:\Program Files\dotnet\sdk\10.0.103\Sdks\Microsoft.NET.Sdk\targets\Microsoft.NET.Sdk.targets(204,5): message :       ResolveKeySource;
       C:\Program Files\dotnet\sdk\10.0.103\Sdks\Microsoft.NET.Sdk\targets\Microsoft.NET.Sdk.targets(204,5): message :       Compile;
       C:\Program Files\dotnet\sdk\10.0.103\Sdks\Microsoft.NET.Sdk\targets\Microsoft.NET.Sdk.targets(204,5): message :       ExportWindowsMDFile;
       C:\Program Files\dotnet\sdk\10.0.103\Sdks\Microsoft.NET.Sdk\targets\Microsoft.NET.Sdk.targets(204,5): message :       UnmanagedUnregistration;
       C:\Program Files\dotnet\sdk\10.0.103\Sdks\Microsoft.NET.Sdk\targets\Microsoft.NET.Sdk.targets(204,5): message :       GenerateSerializationAssemblies;
       C:\Program Files\dotnet\sdk\10.0.103\Sdks\Microsoft.NET.Sdk\targets\Microsoft.NET.Sdk.targets(204,5): message :       CreateSatelliteAssemblies;
       C:\Program Files\dotnet\sdk\10.0.103\Sdks\Microsoft.NET.Sdk\targets\Microsoft.NET.Sdk.targets(204,5): message :       GenerateManifests;
       C:\Program Files\dotnet\sdk\10.0.103\Sdks\Microsoft.NET.Sdk\targets\Microsoft.NET.Sdk.targets(204,5): message :       GetTargetPath;
       C:\Program Files\dotnet\sdk\10.0.103\Sdks\Microsoft.NET.Sdk\targets\Microsoft.NET.Sdk.targets(204,5): message :       PrepareForRun;
       C:\Program Files\dotnet\sdk\10.0.103\Sdks\Microsoft.NET.Sdk\targets\Microsoft.NET.Sdk.targets(204,5): message :       UnmanagedRegistration;
       C:\Program Files\dotnet\sdk\10.0.103\Sdks\Microsoft.NET.Sdk\targets\Microsoft.NET.Sdk.targets(204,5): message :       IncrementalClean;
       C:\Program Files\dotnet\sdk\10.0.103\Sdks\Microsoft.NET.Sdk\targets\Microsoft.NET.Sdk.targets(204,5): message :       PostBuildEvent
       C:\Program Files\dotnet\sdk\10.0.103\Sdks\Microsoft.NET.Sdk\targets\Microsoft.NET.Sdk.targets(204,5): message :     ;
       C:\Program Files\dotnet\sdk\10.0.103\Sdks\Microsoft.NET.Sdk\targets\Microsoft.NET.Sdk.targets(204,5): message :       GenerateBuildDependencyFile;
       C:\Program Files\dotnet\sdk\10.0.103\Sdks\Microsoft.NET.Sdk\targets\Microsoft.NET.Sdk.targets(204,5): message :       GenerateBuildRuntimeConfigurationFiles
       C:\Program Files\dotnet\sdk\10.0.103\Sdks\Microsoft.NET.Sdk\targets\Microsoft.NET.Sdk.targets(204,5): message :     ”(先前值:“
       C:\Program Files\dotnet\sdk\10.0.103\Sdks\Microsoft.NET.Sdk\targets\Microsoft.NET.Sdk.targets(204,5): message :       BuildOnlySettings;
       C:\Program Files\dotnet\sdk\10.0.103\Sdks\Microsoft.NET.Sdk\targets\Microsoft.NET.Sdk.targets(204,5): message :       PrepareForBuild;
       C:\Program Files\dotnet\sdk\10.0.103\Sdks\Microsoft.NET.Sdk\targets\Microsoft.NET.Sdk.targets(204,5): message :       PreBuildEvent;
       C:\Program Files\dotnet\sdk\10.0.103\Sdks\Microsoft.NET.Sdk\targets\Microsoft.NET.Sdk.targets(204,5): message :       ResolveReferences;
       C:\Program Files\dotnet\sdk\10.0.103\Sdks\Microsoft.NET.Sdk\targets\Microsoft.NET.Sdk.targets(204,5): message :       PrepareResources;
       C:\Program Files\dotnet\sdk\10.0.103\Sdks\Microsoft.NET.Sdk\targets\Microsoft.NET.Sdk.targets(204,5): message :       ResolveKeySource;
       C:\Program Files\dotnet\sdk\10.0.103\Sdks\Microsoft.NET.Sdk\targets\Microsoft.NET.Sdk.targets(204,5): message :       Compile;
       C:\Program Files\dotnet\sdk\10.0.103\Sdks\Microsoft.NET.Sdk\targets\Microsoft.NET.Sdk.targets(204,5): message :       ExportWindowsMDFile;
       C:\Program Files\dotnet\sdk\10.0.103\Sdks\Microsoft.NET.Sdk\targets\Microsoft.NET.Sdk.targets(204,5): message :       UnmanagedUnregistration;
       C:\Program Files\dotnet\sdk\10.0.103\Sdks\Microsoft.NET.Sdk\targets\Microsoft.NET.Sdk.targets(204,5): message :       GenerateSerializationAssemblies;
       C:\Program Files\dotnet\sdk\10.0.103\Sdks\Microsoft.NET.Sdk\targets\Microsoft.NET.Sdk.targets(204,5): message :       CreateSatelliteAssemblies;
       C:\Program Files\dotnet\sdk\10.0.103\Sdks\Microsoft.NET.Sdk\targets\Microsoft.NET.Sdk.targets(204,5): message :       GenerateManifests;
       C:\Program Files\dotnet\sdk\10.0.103\Sdks\Microsoft.NET.Sdk\targets\Microsoft.NET.Sdk.targets(204,5): message :       GetTargetPath;
       C:\Program Files\dotnet\sdk\10.0.103\Sdks\Microsoft.NET.Sdk\targets\Microsoft.NET.Sdk.targets(204,5): message :       PrepareForRun;
       C:\Program Files\dotnet\sdk\10.0.103\Sdks\Microsoft.NET.Sdk\targets\Microsoft.NET.Sdk.targets(204,5): message :       UnmanagedRegistration;
       C:\Program Files\dotnet\sdk\10.0.103\Sdks\Microsoft.NET.Sdk\targets\Microsoft.NET.Sdk.targets(204,5): message :       IncrementalClean;
       C:\Program Files\dotnet\sdk\10.0.103\Sdks\Microsoft.NET.Sdk\targets\Microsoft.NET.Sdk.targets(204,5): message :       PostBuildEvent
       C:\Program Files\dotnet\sdk\10.0.103\Sdks\Microsoft.NET.Sdk\targets\Microsoft.NET.Sdk.targets(204,5): message :     ”)
       C:\Program Files\dotnet\sdk\10.0.103\Sdks\Microsoft.NET.Sdk\targets\Microsoft.NET.Sdk.targets(213,5): message : 在 C:\Program Files\dotnet\sdk\10.0.103\Sdks\Microsoft.NET.Sdk\targets\Microsoft.NET.Sdk.targets (213,5) 处重新分配属性: $(CoreCleanDependsOn)=“
       C:\Program Files\dotnet\sdk\10.0.103\Sdks\Microsoft.NET.Sdk\targets\Microsoft.NET.Sdk.targets(213,5): message :       _SdkBeforeClean;
       C:\Program Files\dotnet\sdk\10.0.103\Sdks\Microsoft.NET.Sdk\targets\Microsoft.NET.Sdk.targets(213,5): message :       
       C:\Program Files\dotnet\sdk\10.0.103\Sdks\Microsoft.NET.Sdk\targets\Microsoft.NET.Sdk.targets(213,5): message :     ”(先前值:“”)
       C:\Program Files\dotnet\sdk\10.0.103\Sdks\Microsoft.NET.Sdk\targets\Microsoft.NET.Sdk.targets(220,5): message : 在 C:\Program Files\dotnet\sdk\10.0.103\Sdks\Microsoft.NET.Sdk\targets\Microsoft.NET.Sdk.targets (220,5) 处重新分配属性: $(RebuildDependsOn)=“
       C:\Program Files\dotnet\sdk\10.0.103\Sdks\Microsoft.NET.Sdk\targets\Microsoft.NET.Sdk.targets(220,5): message :       _SdkBeforeRebuild;
       C:\Program Files\dotnet\sdk\10.0.103\Sdks\Microsoft.NET.Sdk\targets\Microsoft.NET.Sdk.targets(220,5): message :       
       C:\Program Files\dotnet\sdk\10.0.103\Sdks\Microsoft.NET.Sdk\targets\Microsoft.NET.Sdk.targets(220,5): message :       BeforeRebuild;
       C:\Program Files\dotnet\sdk\10.0.103\Sdks\Microsoft.NET.Sdk\targets\Microsoft.NET.Sdk.targets(220,5): message :       Clean;
       C:\Program Files\dotnet\sdk\10.0.103\Sdks\Microsoft.NET.Sdk\targets\Microsoft.NET.Sdk.targets(220,5): message :       Build;
       C:\Program Files\dotnet\sdk\10.0.103\Sdks\Microsoft.NET.Sdk\targets\Microsoft.NET.Sdk.targets(220,5): message :       AfterRebuild;
       C:\Program Files\dotnet\sdk\10.0.103\Sdks\Microsoft.NET.Sdk\targets\Microsoft.NET.Sdk.targets(220,5): message :     
       C:\Program Files\dotnet\sdk\10.0.103\Sdks\Microsoft.NET.Sdk\targets\Microsoft.NET.Sdk.targets(220,5): message :     ”(先前值:“
       C:\Program Files\dotnet\sdk\10.0.103\Sdks\Microsoft.NET.Sdk\targets\Microsoft.NET.Sdk.targets(220,5): message :       BeforeRebuild;
       C:\Program Files\dotnet\sdk\10.0.103\Sdks\Microsoft.NET.Sdk\targets\Microsoft.NET.Sdk.targets(220,5): message :       Clean;
       C:\Program Files\dotnet\sdk\10.0.103\Sdks\Microsoft.NET.Sdk\targets\Microsoft.NET.Sdk.targets(220,5): message :       Build;
       C:\Program Files\dotnet\sdk\10.0.103\Sdks\Microsoft.NET.Sdk\targets\Microsoft.NET.Sdk.targets(220,5): message :       AfterRebuild;
       C:\Program Files\dotnet\sdk\10.0.103\Sdks\Microsoft.NET.Sdk\targets\Microsoft.NET.Sdk.targets(220,5): message :     ”)
       C:\Program Files\dotnet\sdk\10.0.103\Sdks\Microsoft.NET.Sdk\targets\Microsoft.NET.Sdk.targets(799,5): message : 在 C:\Program Files\dotnet\sdk\10.0.103\Sdks\Microsoft.NET.Sdk\targets\Microsoft.NET.Sdk.targets (799,5) 处重新分配属性: $(CompileDependsOn)=“
       C:\Program Files\dotnet\sdk\10.0.103\Sdks\Microsoft.NET.Sdk\targets\Microsoft.NET.Sdk.targets(799,5): message :       
       C:\Program Files\dotnet\sdk\10.0.103\Sdks\Microsoft.NET.Sdk\targets\Microsoft.NET.Sdk.targets(799,5): message :       ResolveReferences;
       C:\Program Files\dotnet\sdk\10.0.103\Sdks\Microsoft.NET.Sdk\targets\Microsoft.NET.Sdk.targets(799,5): message :       ResolveKeySource;
       C:\Program Files\dotnet\sdk\10.0.103\Sdks\Microsoft.NET.Sdk\targets\Microsoft.NET.Sdk.targets(799,5): message :       SetWin32ManifestProperties;
       C:\Program Files\dotnet\sdk\10.0.103\Sdks\Microsoft.NET.Sdk\targets\Microsoft.NET.Sdk.targets(799,5): message :       _SetPreferNativeArm64Win32ManifestProperties;
       C:\Program Files\dotnet\sdk\10.0.103\Sdks\Microsoft.NET.Sdk\targets\Microsoft.NET.Sdk.targets(799,5): message :       FindReferenceAssembliesForReferences;
       C:\Program Files\dotnet\sdk\10.0.103\Sdks\Microsoft.NET.Sdk\targets\Microsoft.NET.Sdk.targets(799,5): message :       _GenerateCompileInputs;
       C:\Program Files\dotnet\sdk\10.0.103\Sdks\Microsoft.NET.Sdk\targets\Microsoft.NET.Sdk.targets(799,5): message :       BeforeCompile;
       C:\Program Files\dotnet\sdk\10.0.103\Sdks\Microsoft.NET.Sdk\targets\Microsoft.NET.Sdk.targets(799,5): message :       _TimeStampBeforeCompile;
       C:\Program Files\dotnet\sdk\10.0.103\Sdks\Microsoft.NET.Sdk\targets\Microsoft.NET.Sdk.targets(799,5): message :       _GenerateCompileDependencyCache;
       C:\Program Files\dotnet\sdk\10.0.103\Sdks\Microsoft.NET.Sdk\targets\Microsoft.NET.Sdk.targets(799,5): message :       CoreCompile;
       C:\Program Files\dotnet\sdk\10.0.103\Sdks\Microsoft.NET.Sdk\targets\Microsoft.NET.Sdk.targets(799,5): message :       _TimeStampAfterCompile;
       C:\Program Files\dotnet\sdk\10.0.103\Sdks\Microsoft.NET.Sdk\targets\Microsoft.NET.Sdk.targets(799,5): message :       AfterCompile;
       C:\Program Files\dotnet\sdk\10.0.103\Sdks\Microsoft.NET.Sdk\targets\Microsoft.NET.Sdk.targets(799,5): message :     ;
       C:\Program Files\dotnet\sdk\10.0.103\Sdks\Microsoft.NET.Sdk\targets\Microsoft.NET.Sdk.targets(799,5): message :       _CreateAppHost;
       C:\Program Files\dotnet\sdk\10.0.103\Sdks\Microsoft.NET.Sdk\targets\Microsoft.NET.Sdk.targets(799,5): message :       _CreateComHost;
       C:\Program Files\dotnet\sdk\10.0.103\Sdks\Microsoft.NET.Sdk\targets\Microsoft.NET.Sdk.targets(799,5): message :       _GetIjwHostPaths;
       C:\Program Files\dotnet\sdk\10.0.103\Sdks\Microsoft.NET.Sdk\targets\Microsoft.NET.Sdk.targets(799,5): message :     ”(先前值:“
       C:\Program Files\dotnet\sdk\10.0.103\Sdks\Microsoft.NET.Sdk\targets\Microsoft.NET.Sdk.targets(799,5): message :       ResolveReferences;
       C:\Program Files\dotnet\sdk\10.0.103\Sdks\Microsoft.NET.Sdk\targets\Microsoft.NET.Sdk.targets(799,5): message :       ResolveKeySource;
       C:\Program Files\dotnet\sdk\10.0.103\Sdks\Microsoft.NET.Sdk\targets\Microsoft.NET.Sdk.targets(799,5): message :       SetWin32ManifestProperties;
       C:\Program Files\dotnet\sdk\10.0.103\Sdks\Microsoft.NET.Sdk\targets\Microsoft.NET.Sdk.targets(799,5): message :       _SetPreferNativeArm64Win32ManifestProperties;
       C:\Program Files\dotnet\sdk\10.0.103\Sdks\Microsoft.NET.Sdk\targets\Microsoft.NET.Sdk.targets(799,5): message :       FindReferenceAssembliesForReferences;
       C:\Program Files\dotnet\sdk\10.0.103\Sdks\Microsoft.NET.Sdk\targets\Microsoft.NET.Sdk.targets(799,5): message :       _GenerateCompileInputs;
       C:\Program Files\dotnet\sdk\10.0.103\Sdks\Microsoft.NET.Sdk\targets\Microsoft.NET.Sdk.targets(799,5): message :       BeforeCompile;
       C:\Program Files\dotnet\sdk\10.0.103\Sdks\Microsoft.NET.Sdk\targets\Microsoft.NET.Sdk.targets(799,5): message :       _TimeStampBeforeCompile;
       C:\Program Files\dotnet\sdk\10.0.103\Sdks\Microsoft.NET.Sdk\targets\Microsoft.NET.Sdk.targets(799,5): message :       _GenerateCompileDependencyCache;
       C:\Program Files\dotnet\sdk\10.0.103\Sdks\Microsoft.NET.Sdk\targets\Microsoft.NET.Sdk.targets(799,5): message :       CoreCompile;
       C:\Program Files\dotnet\sdk\10.0.103\Sdks\Microsoft.NET.Sdk\targets\Microsoft.NET.Sdk.targets(799,5): message :       _TimeStampAfterCompile;
       C:\Program Files\dotnet\sdk\10.0.103\Sdks\Microsoft.NET.Sdk\targets\Microsoft.NET.Sdk.targets(799,5): message :       AfterCompile;
       C:\Program Files\dotnet\sdk\10.0.103\Sdks\Microsoft.NET.Sdk\targets\Microsoft.NET.Sdk.targets(799,5): message :     ”)
       C:\Program Files\dotnet\sdk\10.0.103\Sdks\Microsoft.NET.Sdk\targets\Microsoft.NET.Sdk.targets(1131,5): message : 在 C:\Program Files\dotnet\sdk\10.0.103\Sdks\Microsoft.NET.Sdk\targets\Microsoft.NET.Sdk.targets (1131,5) 处重新分配属性: $(CreateSatelliteAssembliesDependsOn)=“
       C:\Program Files\dotnet\sdk\10.0.103\Sdks\Microsoft.NET.Sdk\targets\Microsoft.NET.Sdk.targets(1131,5): message :       
       C:\Program Files\dotnet\sdk\10.0.103\Sdks\Microsoft.NET.Sdk\targets\Microsoft.NET.Sdk.targets(1131,5): message :       ;
       C:\Program Files\dotnet\sdk\10.0.103\Sdks\Microsoft.NET.Sdk\targets\Microsoft.NET.Sdk.targets(1131,5): message :       _GenerateSatelliteAssemblyInputs;
       C:\Program Files\dotnet\sdk\10.0.103\Sdks\Microsoft.NET.Sdk\targets\Microsoft.NET.Sdk.targets(1131,5): message :       ComputeIntermediateSatelliteAssemblies;
       C:\Program Files\dotnet\sdk\10.0.103\Sdks\Microsoft.NET.Sdk\targets\Microsoft.NET.Sdk.targets(1131,5): message :       GenerateSatelliteAssemblies
       C:\Program Files\dotnet\sdk\10.0.103\Sdks\Microsoft.NET.Sdk\targets\Microsoft.NET.Sdk.targets(1131,5): message :     ;
       C:\Program Files\dotnet\sdk\10.0.103\Sdks\Microsoft.NET.Sdk\targets\Microsoft.NET.Sdk.targets(1131,5): message :       CoreGenerateSatelliteAssemblies
       C:\Program Files\dotnet\sdk\10.0.103\Sdks\Microsoft.NET.Sdk\targets\Microsoft.NET.Sdk.targets(1131,5): message :     ”(先前值:“
       C:\Program Files\dotnet\sdk\10.0.103\Sdks\Microsoft.NET.Sdk\targets\Microsoft.NET.Sdk.targets(1131,5): message :       ;
       C:\Program Files\dotnet\sdk\10.0.103\Sdks\Microsoft.NET.Sdk\targets\Microsoft.NET.Sdk.targets(1131,5): message :       _GenerateSatelliteAssemblyInputs;
       C:\Program Files\dotnet\sdk\10.0.103\Sdks\Microsoft.NET.Sdk\targets\Microsoft.NET.Sdk.targets(1131,5): message :       ComputeIntermediateSatelliteAssemblies;
       C:\Program Files\dotnet\sdk\10.0.103\Sdks\Microsoft.NET.Sdk\targets\Microsoft.NET.Sdk.targets(1131,5): message :       GenerateSatelliteAssemblies
       C:\Program Files\dotnet\sdk\10.0.103\Sdks\Microsoft.NET.Sdk\targets\Microsoft.NET.Sdk.targets(1131,5): message :     ”)
       C:\Program Files\dotnet\sdk\10.0.103\Sdks\Microsoft.SourceLink.GitLab\build\Microsoft.SourceLink.GitLab.targets(12,5): message : 在 C:\Program Files\dotnet\sdk\10.0.103\Sdks\Microsoft.SourceLink.GitLab\build\Microsoft.SourceLink.GitLab.targets (12,5) 处重新分配属性: $(SourceLinkUrlInitializerTargets)=“;_InitializeGitHubSourceLinkUrl;_InitializeGitLabSourceLinkUrl”(先前值:“;_InitializeGitHubSourceLinkUrl”)
       C:\Program Files\dotnet\sdk\10.0.103\Sdks\Microsoft.SourceLink.GitLab\build\Microsoft.SourceLink.GitLab.targets(13,5): message : 在 C:\Program Files\dotnet\sdk\10.0.103\Sdks\Microsoft.SourceLink.GitLab\build\Microsoft.SourceLink.GitLab.targets (13,5) 处重新分配属性: $(SourceControlManagerUrlTranslationTargets)=“;TranslateGitHubUrlsInSourceControlInformation;TranslateGitLabUrlsInSourceControlInformation”(先前值:“;TranslateGitHubUrlsInSourceControlInformation”)
       C:\Program Files\dotnet\sdk\10.0.103\Sdks\Microsoft.SourceLink.AzureRepos.Git\build\Microsoft.SourceLink.AzureRepos.Git.targets(12,5): message : 在 C:\Program Files\dotnet\sdk\10.0.103\Sdks\Microsoft.SourceLink.AzureRepos.Git\build\Microsoft.SourceLink.AzureRepos.Git.targets (12,5) 处重新分配属性: $(SourceLinkUrlInitializerTargets)=“;_InitializeGitHubSourceLinkUrl;_InitializeGitLabSourceLinkUrl;_InitializeAzureReposGitSourceLinkUrl”(先前值:“;_InitializeGitHubSourceLinkUrl;_InitializeGitLabSourceLinkUrl”)
       C:\Program Files\dotnet\sdk\10.0.103\Sdks\Microsoft.SourceLink.AzureRepos.Git\build\Microsoft.SourceLink.AzureRepos.Git.targets(13,5): message : 在 C:\Program Files\dotnet\sdk\10.0.103\Sdks\Microsoft.SourceLink.AzureRepos.Git\build\Microsoft.SourceLink.AzureRepos.Git.targets (13,5) 处重新分配属性: $(SourceControlManagerUrlTranslationTargets)=“;TranslateGitHubUrlsInSourceControlInformation;TranslateGitLabUrlsInSourceControlInformation;TranslateAzureReposGitUrlsInSourceControlInformation”(先前值:“;TranslateGitHubUrlsInSourceControlInformation;TranslateGitLabUrlsInSourceControlInformation”)
       C:\Program Files\dotnet\sdk\10.0.103\Sdks\Microsoft.SourceLink.Bitbucket.Git\build\Microsoft.SourceLink.Bitbucket.Git.targets(12,5): message : 在 C:\Program Files\dotnet\sdk\10.0.103\Sdks\Microsoft.SourceLink.Bitbucket.Git\build\Microsoft.SourceLink.Bitbucket.Git.targets (12,5) 处重新分配属性: $(SourceLinkUrlInitializerTargets)=“;_InitializeGitHubSourceLinkUrl;_InitializeGitLabSourceLinkUrl;_InitializeAzureReposGitSourceLinkUrl;_InitializeBitbucketGitSourceLinkUrl”(先前值:“;_InitializeGitHubSourceLinkUrl;_InitializeGitLabSourceLinkUrl;_InitializeAzureReposGitSourceLinkUrl”)
       C:\Program Files\dotnet\sdk\10.0.103\Sdks\Microsoft.SourceLink.Bitbucket.Git\build\Microsoft.SourceLink.Bitbucket.Git.targets(13,5): message : 在 C:\Program Files\dotnet\sdk\10.0.103\Sdks\Microsoft.SourceLink.Bitbucket.Git\build\Microsoft.SourceLink.Bitbucket.Git.targets (13,5) 处重新分配属性: $(SourceControlManagerUrlTranslationTargets)=“;TranslateGitHubUrlsInSourceControlInformation;TranslateGitLabUrlsInSourceControlInformation;TranslateAzureReposGitUrlsInSourceControlInformation;TranslateBitbucketGitUrlsInSourceControlInformation”(先前值:“;TranslateGitHubUrlsInSourceControlInformation;TranslateGitLabUrlsInSourceControlInformation;TranslateAzureReposGitUrlsInSourceControlInformation”)
       C:\Program Files\dotnet\sdk\10.0.103\Sdks\Microsoft.NET.Sdk\targets\Microsoft.NET.DesignerSupport.targets(21,5): message : 在 C:\Program Files\dotnet\sdk\10.0.103\Sdks\Microsoft.NET.Sdk\targets\Microsoft.NET.DesignerSupport.targets (21,5) 处重新分配属性: $(DesignerRuntimeImplementationProjectOutputGroupDependsOn)=“
       C:\Program Files\dotnet\sdk\10.0.103\Sdks\Microsoft.NET.Sdk\targets\Microsoft.NET.DesignerSupport.targets(21,5): message :       
       C:\Program Files\dotnet\sdk\10.0.103\Sdks\Microsoft.NET.Sdk\targets\Microsoft.NET.DesignerSupport.targets(21,5): message :       ;
       C:\Program Files\dotnet\sdk\10.0.103\Sdks\Microsoft.NET.Sdk\targets\Microsoft.NET.DesignerSupport.targets(21,5): message :       
       C:\Program Files\dotnet\sdk\10.0.103\Sdks\Microsoft.NET.Sdk\targets\Microsoft.NET.DesignerSupport.targets(21,5): message :       ;
       C:\Program Files\dotnet\sdk\10.0.103\Sdks\Microsoft.NET.Sdk\targets\Microsoft.NET.DesignerSupport.targets(21,5): message :       BuildOnlySettings;
       C:\Program Files\dotnet\sdk\10.0.103\Sdks\Microsoft.NET.Sdk\targets\Microsoft.NET.DesignerSupport.targets(21,5): message :       PrepareForBuild;
       C:\Program Files\dotnet\sdk\10.0.103\Sdks\Microsoft.NET.Sdk\targets\Microsoft.NET.DesignerSupport.targets(21,5): message :       AssignTargetPaths;
       C:\Program Files\dotnet\sdk\10.0.103\Sdks\Microsoft.NET.Sdk\targets\Microsoft.NET.DesignerSupport.targets(21,5): message :       ResolveReferences
       C:\Program Files\dotnet\sdk\10.0.103\Sdks\Microsoft.NET.Sdk\targets\Microsoft.NET.DesignerSupport.targets(21,5): message :     
       C:\Program Files\dotnet\sdk\10.0.103\Sdks\Microsoft.NET.Sdk\targets\Microsoft.NET.DesignerSupport.targets(21,5): message :     ;
       C:\Program Files\dotnet\sdk\10.0.103\Sdks\Microsoft.NET.Sdk\targets\Microsoft.NET.DesignerSupport.targets(21,5): message :       _GenerateDesignerDepsFile;
       C:\Program Files\dotnet\sdk\10.0.103\Sdks\Microsoft.NET.Sdk\targets\Microsoft.NET.DesignerSupport.targets(21,5): message :       _GenerateDesignerRuntimeConfigFile;
       C:\Program Files\dotnet\sdk\10.0.103\Sdks\Microsoft.NET.Sdk\targets\Microsoft.NET.DesignerSupport.targets(21,5): message :       GetCopyToOutputDirectoryItems;
       C:\Program Files\dotnet\sdk\10.0.103\Sdks\Microsoft.NET.Sdk\targets\Microsoft.NET.DesignerSupport.targets(21,5): message :       _GatherDesignerShadowCopyFiles;
       C:\Program Files\dotnet\sdk\10.0.103\Sdks\Microsoft.NET.Sdk\targets\Microsoft.NET.DesignerSupport.targets(21,5): message :     ”(先前值:“
       C:\Program Files\dotnet\sdk\10.0.103\Sdks\Microsoft.NET.Sdk\targets\Microsoft.NET.DesignerSupport.targets(21,5): message :       ;
       C:\Program Files\dotnet\sdk\10.0.103\Sdks\Microsoft.NET.Sdk\targets\Microsoft.NET.DesignerSupport.targets(21,5): message :       
       C:\Program Files\dotnet\sdk\10.0.103\Sdks\Microsoft.NET.Sdk\targets\Microsoft.NET.DesignerSupport.targets(21,5): message :       ;
       C:\Program Files\dotnet\sdk\10.0.103\Sdks\Microsoft.NET.Sdk\targets\Microsoft.NET.DesignerSupport.targets(21,5): message :       BuildOnlySettings;
       C:\Program Files\dotnet\sdk\10.0.103\Sdks\Microsoft.NET.Sdk\targets\Microsoft.NET.DesignerSupport.targets(21,5): message :       PrepareForBuild;
       C:\Program Files\dotnet\sdk\10.0.103\Sdks\Microsoft.NET.Sdk\targets\Microsoft.NET.DesignerSupport.targets(21,5): message :       AssignTargetPaths;
       C:\Program Files\dotnet\sdk\10.0.103\Sdks\Microsoft.NET.Sdk\targets\Microsoft.NET.DesignerSupport.targets(21,5): message :       ResolveReferences
       C:\Program Files\dotnet\sdk\10.0.103\Sdks\Microsoft.NET.Sdk\targets\Microsoft.NET.DesignerSupport.targets(21,5): message :     
       C:\Program Files\dotnet\sdk\10.0.103\Sdks\Microsoft.NET.Sdk\targets\Microsoft.NET.DesignerSupport.targets(21,5): message :     ”)
       C:\Program Files\dotnet\sdk\10.0.103\Sdks\Microsoft.NET.Sdk\targets\Microsoft.NET.Sdk.CSharp.targets(31,5): message : 在 C:\Program Files\dotnet\sdk\10.0.103\Sdks\Microsoft.NET.Sdk\targets\Microsoft.NET.Sdk.CSharp.targets (31,5) 处重新分配属性: $(DefineConstants)=“TRACE;DEBUG”(先前值:“TRACE”)
       C:\Program Files\dotnet\sdk\10.0.103\Sdks\Microsoft.NET.Sdk\targets\Microsoft.NET.Sdk.CSharp.targets(45,5): message : 在 C:\Program Files\dotnet\sdk\10.0.103\Sdks\Microsoft.NET.Sdk\targets\Microsoft.NET.Sdk.CSharp.targets (45,5) 处重新分配属性: $(WarningsAsErrors)=“;NU1605;SYSLIB0011”(先前值:“;NU1605”)
       C:\Program Files\dotnet\sdk\10.0.103\Sdks\Microsoft.NET.Sdk\targets\Microsoft.NET.Windows.targets(49,5): message : 在 C:\Program Files\dotnet\sdk\10.0.103\Sdks\Microsoft.NET.Sdk\targets\Microsoft.NET.Windows.targets (49,5) 处重新分配属性: $(TargetPlatformVersion)=“7.0”(先前值:“”)
       C:\Program Files\dotnet\sdk\10.0.103\Sdks\Microsoft.NET.Sdk\targets\Microsoft.NET.Windows.targets(50,5): message : 在 C:\Program Files\dotnet\sdk\10.0.103\Sdks\Microsoft.NET.Sdk\targets\Microsoft.NET.Windows.targets (50,5) 处重新分配属性: $(EffectiveTargetPlatformVersion)=“7.0”(先前值:“”)
       C:\Program Files\dotnet\sdk\10.0.103\Sdks\Microsoft.NET.Sdk\targets\Microsoft.NET.Windows.targets(60,5): message : 在 C:\Program Files\dotnet\sdk\10.0.103\Sdks\Microsoft.NET.Sdk\targets\Microsoft.NET.Windows.targets (60,5) 处重新分配属性: $(SupportedOSPlatformVersion)=“7.0”(先前值:“”)
       C:\Program Files\dotnet\sdk\10.0.103\Sdks\Microsoft.NET.Sdk\targets\Microsoft.NET.Windows.targets(61,5): message : 在 C:\Program Files\dotnet\sdk\10.0.103\Sdks\Microsoft.NET.Sdk\targets\Microsoft.NET.Windows.targets (61,5) 处重新分配属性: $(TargetPlatformMinVersion)=“7.0”(先前值:“”)
       C:\Program Files\dotnet\sdk\10.0.103\Sdks\Microsoft.NET.Sdk\targets\Microsoft.NET.Windows.targets(239,5): message : 在 C:\Program Files\dotnet\sdk\10.0.103\Sdks\Microsoft.NET.Sdk\targets\Microsoft.NET.Windows.targets (239,5) 处重新分配属性: $(_RunCsWinRTGeneratorPropertyInputsCachePath)=“E:\ProjectMy\WebViewHub\obj\Debug\net8.0-windows\WebViewHub.cswinrtgen.cache”(先前值:“obj\Debug\net8.0-windows\WebViewHub.cswinrtgen.cache”)
       C:\Program Files\dotnet\sdk\10.0.103\Sdks\Microsoft.NET.Sdk\targets\Microsoft.NET.Sdk.targets(1497,5): message : 在 C:\Program Files\dotnet\sdk\10.0.103\Sdks\Microsoft.NET.Sdk\targets\Microsoft.NET.Sdk.targets (1497,5) 处重新分配属性: $(TargetPlatformDisplayName)=“Windows 7.0”(先前值:“Windows ”)
       C:\Program Files\dotnet\sdk\10.0.103\Sdks\Microsoft.NET.Sdk.WindowsDesktop\targets\Microsoft.NET.Sdk.WindowsDesktop.targets(51,5): message : 在 C:\Program Files\dotnet\sdk\10.0.103\Sdks\Microsoft.NET.Sdk.WindowsDesktop\targets\Microsoft.NET.Sdk.WindowsDesktop.targets (51,5) 处重新分配属性: $(_TargetFrameworkVersionValue)=“8.0”(先前值:“0.0”)
       C:\Program Files\dotnet\sdk\10.0.103\Sdks\Microsoft.NET.Sdk.WindowsDesktop\targets\Microsoft.WinFX.targets(61,7): message : 在 C:\Program Files\dotnet\sdk\10.0.103\Sdks\Microsoft.NET.Sdk.WindowsDesktop\targets\Microsoft.WinFX.targets (61,7) 处重新分配属性: $(PrepareResourceNamesDependsOn)=“
       C:\Program Files\dotnet\sdk\10.0.103\Sdks\Microsoft.NET.Sdk.WindowsDesktop\targets\Microsoft.WinFX.targets(61,7): message :                     AssignWinFXEmbeddedResource;
       C:\Program Files\dotnet\sdk\10.0.103\Sdks\Microsoft.NET.Sdk.WindowsDesktop\targets\Microsoft.WinFX.targets(61,7): message :                     
       C:\Program Files\dotnet\sdk\10.0.103\Sdks\Microsoft.NET.Sdk.WindowsDesktop\targets\Microsoft.WinFX.targets(61,7): message :       AssignTargetPaths;
       C:\Program Files\dotnet\sdk\10.0.103\Sdks\Microsoft.NET.Sdk.WindowsDesktop\targets\Microsoft.WinFX.targets(61,7): message :       SplitResourcesByCulture;
       C:\Program Files\dotnet\sdk\10.0.103\Sdks\Microsoft.NET.Sdk.WindowsDesktop\targets\Microsoft.WinFX.targets(61,7): message :       CreateManifestResourceNames;
       C:\Program Files\dotnet\sdk\10.0.103\Sdks\Microsoft.NET.Sdk.WindowsDesktop\targets\Microsoft.WinFX.targets(61,7): message :       CreateCustomManifestResourceNames
       C:\Program Files\dotnet\sdk\10.0.103\Sdks\Microsoft.NET.Sdk.WindowsDesktop\targets\Microsoft.WinFX.targets(61,7): message :     
       C:\Program Files\dotnet\sdk\10.0.103\Sdks\Microsoft.NET.Sdk.WindowsDesktop\targets\Microsoft.WinFX.targets(61,7): message :       ”(先前值:“
       C:\Program Files\dotnet\sdk\10.0.103\Sdks\Microsoft.NET.Sdk.WindowsDesktop\targets\Microsoft.WinFX.targets(61,7): message :       AssignTargetPaths;
       C:\Program Files\dotnet\sdk\10.0.103\Sdks\Microsoft.NET.Sdk.WindowsDesktop\targets\Microsoft.WinFX.targets(61,7): message :       SplitResourcesByCulture;
       C:\Program Files\dotnet\sdk\10.0.103\Sdks\Microsoft.NET.Sdk.WindowsDesktop\targets\Microsoft.WinFX.targets(61,7): message :       CreateManifestResourceNames;
       C:\Program Files\dotnet\sdk\10.0.103\Sdks\Microsoft.NET.Sdk.WindowsDesktop\targets\Microsoft.WinFX.targets(61,7): message :       CreateCustomManifestResourceNames
       C:\Program Files\dotnet\sdk\10.0.103\Sdks\Microsoft.NET.Sdk.WindowsDesktop\targets\Microsoft.WinFX.targets(61,7): message :     ”)
       C:\Program Files\dotnet\sdk\10.0.103\Sdks\Microsoft.NET.Sdk.WindowsDesktop\targets\Microsoft.WinFX.targets(69,7): message : 在 C:\Program Files\dotnet\sdk\10.0.103\Sdks\Microsoft.NET.Sdk.WindowsDesktop\targets\Microsoft.WinFX.targets (69,7) 处重新分配属性: $(PrepareResourcesDependsOn)=“
       C:\Program Files\dotnet\sdk\10.0.103\Sdks\Microsoft.NET.Sdk.WindowsDesktop\targets\Microsoft.WinFX.targets(69,7): message :                 MarkupCompilePass1;
       C:\Program Files\dotnet\sdk\10.0.103\Sdks\Microsoft.NET.Sdk.WindowsDesktop\targets\Microsoft.WinFX.targets(69,7): message :                 AfterMarkupCompilePass1;
       C:\Program Files\dotnet\sdk\10.0.103\Sdks\Microsoft.NET.Sdk.WindowsDesktop\targets\Microsoft.WinFX.targets(69,7): message :                 MarkupCompilePass2ForMainAssembly;
       C:\Program Files\dotnet\sdk\10.0.103\Sdks\Microsoft.NET.Sdk.WindowsDesktop\targets\Microsoft.WinFX.targets(69,7): message :                 FileClassification;
       C:\Program Files\dotnet\sdk\10.0.103\Sdks\Microsoft.NET.Sdk.WindowsDesktop\targets\Microsoft.WinFX.targets(69,7): message :                 MainResourcesGeneration;
       C:\Program Files\dotnet\sdk\10.0.103\Sdks\Microsoft.NET.Sdk.WindowsDesktop\targets\Microsoft.WinFX.targets(69,7): message :                 
       C:\Program Files\dotnet\sdk\10.0.103\Sdks\Microsoft.NET.Sdk.WindowsDesktop\targets\Microsoft.WinFX.targets(69,7): message :       ResolvePackageDependenciesForBuild;
       C:\Program Files\dotnet\sdk\10.0.103\Sdks\Microsoft.NET.Sdk.WindowsDesktop\targets\Microsoft.WinFX.targets(69,7): message :       _HandlePackageFileConflicts;
       C:\Program Files\dotnet\sdk\10.0.103\Sdks\Microsoft.NET.Sdk.WindowsDesktop\targets\Microsoft.WinFX.targets(69,7): message :       
       C:\Program Files\dotnet\sdk\10.0.103\Sdks\Microsoft.NET.Sdk.WindowsDesktop\targets\Microsoft.WinFX.targets(69,7): message :       ;
       C:\Program Files\dotnet\sdk\10.0.103\Sdks\Microsoft.NET.Sdk.WindowsDesktop\targets\Microsoft.WinFX.targets(69,7): message :       PrepareResourceNames;
       C:\Program Files\dotnet\sdk\10.0.103\Sdks\Microsoft.NET.Sdk.WindowsDesktop\targets\Microsoft.WinFX.targets(69,7): message :       ResGen;
       C:\Program Files\dotnet\sdk\10.0.103\Sdks\Microsoft.NET.Sdk.WindowsDesktop\targets\Microsoft.WinFX.targets(69,7): message :       CompileLicxFiles
       C:\Program Files\dotnet\sdk\10.0.103\Sdks\Microsoft.NET.Sdk.WindowsDesktop\targets\Microsoft.WinFX.targets(69,7): message :     
       C:\Program Files\dotnet\sdk\10.0.103\Sdks\Microsoft.NET.Sdk.WindowsDesktop\targets\Microsoft.WinFX.targets(69,7): message :     
       C:\Program Files\dotnet\sdk\10.0.103\Sdks\Microsoft.NET.Sdk.WindowsDesktop\targets\Microsoft.WinFX.targets(69,7): message :       ”(先前值:“
       C:\Program Files\dotnet\sdk\10.0.103\Sdks\Microsoft.NET.Sdk.WindowsDesktop\targets\Microsoft.WinFX.targets(69,7): message :       ResolvePackageDependenciesForBuild;
       C:\Program Files\dotnet\sdk\10.0.103\Sdks\Microsoft.NET.Sdk.WindowsDesktop\targets\Microsoft.WinFX.targets(69,7): message :       _HandlePackageFileConflicts;
       C:\Program Files\dotnet\sdk\10.0.103\Sdks\Microsoft.NET.Sdk.WindowsDesktop\targets\Microsoft.WinFX.targets(69,7): message :       
       C:\Program Files\dotnet\sdk\10.0.103\Sdks\Microsoft.NET.Sdk.WindowsDesktop\targets\Microsoft.WinFX.targets(69,7): message :       ;
       C:\Program Files\dotnet\sdk\10.0.103\Sdks\Microsoft.NET.Sdk.WindowsDesktop\targets\Microsoft.WinFX.targets(69,7): message :       PrepareResourceNames;
       C:\Program Files\dotnet\sdk\10.0.103\Sdks\Microsoft.NET.Sdk.WindowsDesktop\targets\Microsoft.WinFX.targets(69,7): message :       ResGen;
       C:\Program Files\dotnet\sdk\10.0.103\Sdks\Microsoft.NET.Sdk.WindowsDesktop\targets\Microsoft.WinFX.targets(69,7): message :       CompileLicxFiles
       C:\Program Files\dotnet\sdk\10.0.103\Sdks\Microsoft.NET.Sdk.WindowsDesktop\targets\Microsoft.WinFX.targets(69,7): message :     
       C:\Program Files\dotnet\sdk\10.0.103\Sdks\Microsoft.NET.Sdk.WindowsDesktop\targets\Microsoft.WinFX.targets(69,7): message :     ”)
       C:\Program Files\dotnet\sdk\10.0.103\Sdks\Microsoft.NET.Sdk.WindowsDesktop\targets\Microsoft.WinFX.targets(136,5): message : 在 C:\Program Files\dotnet\sdk\10.0.103\Sdks\Microsoft.NET.Sdk.WindowsDesktop\targets\Microsoft.WinFX.targets (136,5) 处重新分配属性: $(CompileDependsOn)=“
       C:\Program Files\dotnet\sdk\10.0.103\Sdks\Microsoft.NET.Sdk.WindowsDesktop\targets\Microsoft.WinFX.targets(136,5): message :         
       C:\Program Files\dotnet\sdk\10.0.103\Sdks\Microsoft.NET.Sdk.WindowsDesktop\targets\Microsoft.WinFX.targets(136,5): message :       
       C:\Program Files\dotnet\sdk\10.0.103\Sdks\Microsoft.NET.Sdk.WindowsDesktop\targets\Microsoft.WinFX.targets(136,5): message :       ResolveReferences;
       C:\Program Files\dotnet\sdk\10.0.103\Sdks\Microsoft.NET.Sdk.WindowsDesktop\targets\Microsoft.WinFX.targets(136,5): message :       ResolveKeySource;
       C:\Program Files\dotnet\sdk\10.0.103\Sdks\Microsoft.NET.Sdk.WindowsDesktop\targets\Microsoft.WinFX.targets(136,5): message :       SetWin32ManifestProperties;
       C:\Program Files\dotnet\sdk\10.0.103\Sdks\Microsoft.NET.Sdk.WindowsDesktop\targets\Microsoft.WinFX.targets(136,5): message :       _SetPreferNativeArm64Win32ManifestProperties;
       C:\Program Files\dotnet\sdk\10.0.103\Sdks\Microsoft.NET.Sdk.WindowsDesktop\targets\Microsoft.WinFX.targets(136,5): message :       FindReferenceAssembliesForReferences;
       C:\Program Files\dotnet\sdk\10.0.103\Sdks\Microsoft.NET.Sdk.WindowsDesktop\targets\Microsoft.WinFX.targets(136,5): message :       _GenerateCompileInputs;
       C:\Program Files\dotnet\sdk\10.0.103\Sdks\Microsoft.NET.Sdk.WindowsDesktop\targets\Microsoft.WinFX.targets(136,5): message :       BeforeCompile;
       C:\Program Files\dotnet\sdk\10.0.103\Sdks\Microsoft.NET.Sdk.WindowsDesktop\targets\Microsoft.WinFX.targets(136,5): message :       _TimeStampBeforeCompile;
       C:\Program Files\dotnet\sdk\10.0.103\Sdks\Microsoft.NET.Sdk.WindowsDesktop\targets\Microsoft.WinFX.targets(136,5): message :       _GenerateCompileDependencyCache;
       C:\Program Files\dotnet\sdk\10.0.103\Sdks\Microsoft.NET.Sdk.WindowsDesktop\targets\Microsoft.WinFX.targets(136,5): message :       CoreCompile;
       C:\Program Files\dotnet\sdk\10.0.103\Sdks\Microsoft.NET.Sdk.WindowsDesktop\targets\Microsoft.WinFX.targets(136,5): message :       _TimeStampAfterCompile;
       C:\Program Files\dotnet\sdk\10.0.103\Sdks\Microsoft.NET.Sdk.WindowsDesktop\targets\Microsoft.WinFX.targets(136,5): message :       AfterCompile;
       C:\Program Files\dotnet\sdk\10.0.103\Sdks\Microsoft.NET.Sdk.WindowsDesktop\targets\Microsoft.WinFX.targets(136,5): message :     ;
       C:\Program Files\dotnet\sdk\10.0.103\Sdks\Microsoft.NET.Sdk.WindowsDesktop\targets\Microsoft.WinFX.targets(136,5): message :       _CreateAppHost;
       C:\Program Files\dotnet\sdk\10.0.103\Sdks\Microsoft.NET.Sdk.WindowsDesktop\targets\Microsoft.WinFX.targets(136,5): message :       _CreateComHost;
       C:\Program Files\dotnet\sdk\10.0.103\Sdks\Microsoft.NET.Sdk.WindowsDesktop\targets\Microsoft.WinFX.targets(136,5): message :       _GetIjwHostPaths;
       C:\Program Files\dotnet\sdk\10.0.103\Sdks\Microsoft.NET.Sdk.WindowsDesktop\targets\Microsoft.WinFX.targets(136,5): message :     ;
       C:\Program Files\dotnet\sdk\10.0.103\Sdks\Microsoft.NET.Sdk.WindowsDesktop\targets\Microsoft.WinFX.targets(136,5): message :         _AfterCompileWinFXInternal
       C:\Program Files\dotnet\sdk\10.0.103\Sdks\Microsoft.NET.Sdk.WindowsDesktop\targets\Microsoft.WinFX.targets(136,5): message :     ”(先前值:“
       C:\Program Files\dotnet\sdk\10.0.103\Sdks\Microsoft.NET.Sdk.WindowsDesktop\targets\Microsoft.WinFX.targets(136,5): message :       
       C:\Program Files\dotnet\sdk\10.0.103\Sdks\Microsoft.NET.Sdk.WindowsDesktop\targets\Microsoft.WinFX.targets(136,5): message :       ResolveReferences;
       C:\Program Files\dotnet\sdk\10.0.103\Sdks\Microsoft.NET.Sdk.WindowsDesktop\targets\Microsoft.WinFX.targets(136,5): message :       ResolveKeySource;
       C:\Program Files\dotnet\sdk\10.0.103\Sdks\Microsoft.NET.Sdk.WindowsDesktop\targets\Microsoft.WinFX.targets(136,5): message :       SetWin32ManifestProperties;
       C:\Program Files\dotnet\sdk\10.0.103\Sdks\Microsoft.NET.Sdk.WindowsDesktop\targets\Microsoft.WinFX.targets(136,5): message :       _SetPreferNativeArm64Win32ManifestProperties;
       C:\Program Files\dotnet\sdk\10.0.103\Sdks\Microsoft.NET.Sdk.WindowsDesktop\targets\Microsoft.WinFX.targets(136,5): message :       FindReferenceAssembliesForReferences;
       C:\Program Files\dotnet\sdk\10.0.103\Sdks\Microsoft.NET.Sdk.WindowsDesktop\targets\Microsoft.WinFX.targets(136,5): message :       _GenerateCompileInputs;
       C:\Program Files\dotnet\sdk\10.0.103\Sdks\Microsoft.NET.Sdk.WindowsDesktop\targets\Microsoft.WinFX.targets(136,5): message :       BeforeCompile;
       C:\Program Files\dotnet\sdk\10.0.103\Sdks\Microsoft.NET.Sdk.WindowsDesktop\targets\Microsoft.WinFX.targets(136,5): message :       _TimeStampBeforeCompile;
       C:\Program Files\dotnet\sdk\10.0.103\Sdks\Microsoft.NET.Sdk.WindowsDesktop\targets\Microsoft.WinFX.targets(136,5): message :       _GenerateCompileDependencyCache;
       C:\Program Files\dotnet\sdk\10.0.103\Sdks\Microsoft.NET.Sdk.WindowsDesktop\targets\Microsoft.WinFX.targets(136,5): message :       CoreCompile;
       C:\Program Files\dotnet\sdk\10.0.103\Sdks\Microsoft.NET.Sdk.WindowsDesktop\targets\Microsoft.WinFX.targets(136,5): message :       _TimeStampAfterCompile;
       C:\Program Files\dotnet\sdk\10.0.103\Sdks\Microsoft.NET.Sdk.WindowsDesktop\targets\Microsoft.WinFX.targets(136,5): message :       AfterCompile;
       C:\Program Files\dotnet\sdk\10.0.103\Sdks\Microsoft.NET.Sdk.WindowsDesktop\targets\Microsoft.WinFX.targets(136,5): message :     ;
       C:\Program Files\dotnet\sdk\10.0.103\Sdks\Microsoft.NET.Sdk.WindowsDesktop\targets\Microsoft.WinFX.targets(136,5): message :       _CreateAppHost;
       C:\Program Files\dotnet\sdk\10.0.103\Sdks\Microsoft.NET.Sdk.WindowsDesktop\targets\Microsoft.WinFX.targets(136,5): message :       _CreateComHost;
       C:\Program Files\dotnet\sdk\10.0.103\Sdks\Microsoft.NET.Sdk.WindowsDesktop\targets\Microsoft.WinFX.targets(136,5): message :       _GetIjwHostPaths;
       C:\Program Files\dotnet\sdk\10.0.103\Sdks\Microsoft.NET.Sdk.WindowsDesktop\targets\Microsoft.WinFX.targets(136,5): message :     ”)
       C:\Program Files\dotnet\sdk\10.0.103\Sdks\Microsoft.NET.Sdk.WindowsDesktop\targets\Microsoft.WinFX.targets(803,9): message : 在 C:\Program Files\dotnet\sdk\10.0.103\Sdks\Microsoft.NET.Sdk.WindowsDesktop\targets\Microsoft.WinFX.targets (803,9) 处重新分配属性: $(PublishBuildDependsOn)=“
       C:\Program Files\dotnet\sdk\10.0.103\Sdks\Microsoft.NET.Sdk.WindowsDesktop\targets\Microsoft.WinFX.targets(803,9): message :             BuildOnlySettings;
       C:\Program Files\dotnet\sdk\10.0.103\Sdks\Microsoft.NET.Sdk.WindowsDesktop\targets\Microsoft.WinFX.targets(803,9): message :             PrepareForBuild;
       C:\Program Files\dotnet\sdk\10.0.103\Sdks\Microsoft.NET.Sdk.WindowsDesktop\targets\Microsoft.WinFX.targets(803,9): message :             ResolveReferences;
       C:\Program Files\dotnet\sdk\10.0.103\Sdks\Microsoft.NET.Sdk.WindowsDesktop\targets\Microsoft.WinFX.targets(803,9): message :             PrepareResources;
       C:\Program Files\dotnet\sdk\10.0.103\Sdks\Microsoft.NET.Sdk.WindowsDesktop\targets\Microsoft.WinFX.targets(803,9): message :             ResolveKeySource;
       C:\Program Files\dotnet\sdk\10.0.103\Sdks\Microsoft.NET.Sdk.WindowsDesktop\targets\Microsoft.WinFX.targets(803,9): message :             PrepareResourcesForSatelliteAssemblies;
       C:\Program Files\dotnet\sdk\10.0.103\Sdks\Microsoft.NET.Sdk.WindowsDesktop\targets\Microsoft.WinFX.targets(803,9): message :             GenerateSerializationAssemblies;
       C:\Program Files\dotnet\sdk\10.0.103\Sdks\Microsoft.NET.Sdk.WindowsDesktop\targets\Microsoft.WinFX.targets(803,9): message :             CreateSatelliteAssemblies;
       C:\Program Files\dotnet\sdk\10.0.103\Sdks\Microsoft.NET.Sdk.WindowsDesktop\targets\Microsoft.WinFX.targets(803,9): message :         ”(先前值:“
       C:\Program Files\dotnet\sdk\10.0.103\Sdks\Microsoft.NET.Sdk.WindowsDesktop\targets\Microsoft.WinFX.targets(803,9): message :       BuildOnlySettings;
       C:\Program Files\dotnet\sdk\10.0.103\Sdks\Microsoft.NET.Sdk.WindowsDesktop\targets\Microsoft.WinFX.targets(803,9): message :       PrepareForBuild;
       C:\Program Files\dotnet\sdk\10.0.103\Sdks\Microsoft.NET.Sdk.WindowsDesktop\targets\Microsoft.WinFX.targets(803,9): message :       ResolveReferences;
       C:\Program Files\dotnet\sdk\10.0.103\Sdks\Microsoft.NET.Sdk.WindowsDesktop\targets\Microsoft.WinFX.targets(803,9): message :       PrepareResources;
       C:\Program Files\dotnet\sdk\10.0.103\Sdks\Microsoft.NET.Sdk.WindowsDesktop\targets\Microsoft.WinFX.targets(803,9): message :       ResolveKeySource;
       C:\Program Files\dotnet\sdk\10.0.103\Sdks\Microsoft.NET.Sdk.WindowsDesktop\targets\Microsoft.WinFX.targets(803,9): message :       GenerateSerializationAssemblies;
       C:\Program Files\dotnet\sdk\10.0.103\Sdks\Microsoft.NET.Sdk.WindowsDesktop\targets\Microsoft.WinFX.targets(803,9): message :       CreateSatelliteAssemblies;
       C:\Program Files\dotnet\sdk\10.0.103\Sdks\Microsoft.NET.Sdk.WindowsDesktop\targets\Microsoft.WinFX.targets(803,9): message :     ”)
       C:\Program Files\dotnet\sdk\10.0.103\NuGet.Build.Tasks.Pack.targets(34,5): message : 在 C:\Program Files\dotnet\sdk\10.0.103\NuGet.Build.Tasks.Pack.targets (34,5) 处重新分配属性: $(PackageDescription)=“Package Description”(先前值:“”)
       C:\Program Files\dotnet\sdk\10.0.103\NuGet.Build.Tasks.Pack.targets(59,5): message : 在 C:\Program Files\dotnet\sdk\10.0.103\NuGet.Build.Tasks.Pack.targets (59,5) 处重新分配属性: $(GenerateNuspecDependsOn)=“Build;_LoadPackInputItems; _GetTargetFrameworksOutput; _WalkEachTargetPerFramework; _GetPackageFiles; ”(先前值:“_LoadPackInputItems; _GetTargetFrameworksOutput; _WalkEachTargetPerFramework; _GetPackageFiles; ”)
       C:\Program Files\dotnet\sdk\10.0.103\Sdks\Microsoft.NET.Sdk\Sdk\Sdk.targets(59,5): message : 在 C:\Program Files\dotnet\sdk\10.0.103\Sdks\Microsoft.NET.Sdk\Sdk\Sdk.targets (59,5) 处重新分配属性: $(_IsNotSetContainersTargetsDir)=“true”(先前值:“false”)
       C:\Program Files\dotnet\sdk\10.0.103\Containers\build\Microsoft.NET.Build.Containers.targets(5,5): message : 在 C:\Program Files\dotnet\sdk\10.0.103\Containers\build\Microsoft.NET.Build.Containers.targets (5,5) 处重新分配属性: $(_IsSDKContainerAllowedVersion)=“true”(先前值:“false”)
       C:\Program Files\dotnet\sdk\10.0.103\Containers\build\Microsoft.NET.Build.Containers.targets(15,5): message : 在 C:\Program Files\dotnet\sdk\10.0.103\Containers\build\Microsoft.NET.Build.Containers.targets (15,5) 处重新分配属性: $(_ContainerIsTargetingNet8TFM)=“true”(先前值:“false”)
       在 Evaluation 期间加载的程序集: System.Net.Sockets, Version=10.0.0.0, Culture=neutral, PublicKeyToken=b03f5f7f11d50a3a (位置: C:\Program Files\dotnet\shared\Microsoft.NETCore.App\10.0.3\System.Net.Sockets.dll，MVID: d4dae19c-a532-4ae0-916b-3763913739a0，AssemblyLoadContext: Default)
       在 Evaluation 期间加载的程序集: System.Threading.Overlapped, Version=10.0.0.0, Culture=neutral, PublicKeyToken=b03f5f7f11d50a3a (位置: C:\Program Files\dotnet\shared\Microsoft.NETCore.App\10.0.3\System.Threading.Overlapped.dll，MVID: 092ab194-5254-4084-95a8-da161dcea080，AssemblyLoadContext: Default)
       在 Evaluation 期间加载的程序集: System.Collections.NonGeneric, Version=10.0.0.0, Culture=neutral, PublicKeyToken=b03f5f7f11d50a3a (位置: C:\Program Files\dotnet\shared\Microsoft.NETCore.App\10.0.3\System.Collections.NonGeneric.dll，MVID: 34793951-de27-497a-86fa-ff7f73c34148，AssemblyLoadContext: Default)
       在 Evaluation 期间加载的程序集: System.Security.Principal.Windows, Version=10.0.0.0, Culture=neutral, PublicKeyToken=b03f5f7f11d50a3a (位置: C:\Program Files\dotnet\shared\Microsoft.NETCore.App\10.0.3\System.Security.Principal.Windows.dll，MVID: 94668085-5eab-454a-aadd-f7411e0617e0，AssemblyLoadContext: Default)
       在 Evaluation 期间加载的程序集: System.Security.Claims, Version=10.0.0.0, Culture=neutral, PublicKeyToken=b03f5f7f11d50a3a (位置: C:\Program Files\dotnet\shared\Microsoft.NETCore.App\10.0.3\System.Security.Claims.dll，MVID: 20e6e427-b6b6-4325-b1e2-55052517fb2d，AssemblyLoadContext: Default)
       正在使用项目“C:\Program Files\dotnet\sdk\10.0.103\Sdks\Microsoft.NET.Sdk\targets\Microsoft.NET.Sdk.FrameworkReferenceResolution.targets”中的目标“ResolveFrameworkReferences”重写项目“C:\Program Files\dotnet\sdk\10.0.103\Microsoft.Common.CurrentVersion.targets”中的目标“ResolveFrameworkReferences”。
       正在使用项目“C:\Program Files\dotnet\sdk\10.0.103\Sdks\Microsoft.NET.Sdk\targets\Microsoft.NET.Sdk.targets”中的目标“GenerateSupportedTargetFrameworkAlias”重写项目“C:\Program Files\dotnet\sdk\10.0.103\Microsoft.Common.CurrentVersion.targets”中的目标“GenerateSupportedTargetFrameworkAlias”。
       正在使用项目“C:\Program Files\dotnet\sdk\10.0.103\Sdks\Microsoft.NET.Sdk\targets\Microsoft.NET.DisableStandardFrameworkResolution.targets”中的目标“GetReferenceAssemblyPaths”重写项目“C:\Program Files\dotnet\sdk\10.0.103\Microsoft.Common.CurrentVersion.targets”中的目标“GetReferenceAssemblyPaths”。
       正在使用项目“C:\Program Files\dotnet\sdk\10.0.103\Sdks\Microsoft.NET.Sdk\targets\Microsoft.NET.DisableStandardFrameworkResolution.targets”中的目标“GetFrameworkPaths”重写项目“C:\Program Files\dotnet\sdk\10.0.103\Microsoft.Common.CurrentVersion.targets”中的目标“GetFrameworkPaths”。
       正在使用项目“C:\Program Files\dotnet\sdk\10.0.103\Sdks\Microsoft.NET.Sdk\targets\Microsoft.NET.DesignerSupport.targets”中的目标“DesignerRuntimeImplementationProjectOutputGroup”重写项目“C:\Program Files\dotnet\sdk\10.0.103\Microsoft.Common.CurrentVersion.targets”中的目标“DesignerRuntimeImplementationProjectOutputGroup”。
       正在使用项目“C:\Program Files\dotnet\sdk\10.0.103\Sdks\Microsoft.NET.Sdk\targets\Microsoft.NET.Publish.targets”中的目标“Publish”重写项目“C:\Program Files\dotnet\sdk\10.0.103\Microsoft.Common.CurrentVersion.targets”中的目标“Publish”。
       正在使用项目“C:\Program Files\dotnet\sdk\10.0.103\Sdks\Microsoft.NET.Sdk\targets\Microsoft.NET.Publish.targets”中的目标“ResolveReadyToRunCompilers”重写项目“C:\Program Files\dotnet\sdk\10.0.103\Sdks\Microsoft.NET.Sdk\targets\Microsoft.NET.CrossGen.targets”中的目标“ResolveReadyToRunCompilers”。
       正在使用项目“C:\Program Files\dotnet\sdk\10.0.103\Sdks\Microsoft.NET.Sdk\targets\Microsoft.NET.Publish.targets”中的目标“GetCopyToPublishDirectoryItems”重写项目“C:\Program Files\dotnet\sdk\10.0.103\Microsoft.Common.CurrentVersion.targets”中的目标“GetCopyToPublishDirectoryItems”。
       正在使用项目“C:\Program Files\dotnet\sdk\10.0.103\Sdks\Microsoft.NET.Sdk\targets\Microsoft.NET.Sdk.targets”中的目标“Run”重写项目“C:\Program Files\dotnet\sdk\10.0.103\Microsoft.Common.CurrentVersion.targets”中的目标“Run”。
       正在使用项目“C:\Program Files\dotnet\sdk\10.0.103\Sdks\Microsoft.NET.Sdk.WindowsDesktop\targets\Microsoft.WinFX.targets”中的目标“SatelliteDllsProjectOutputGroup”重写项目“C:\Program Files\dotnet\sdk\10.0.103\Microsoft.Common.CurrentVersion.targets”中的目标“SatelliteDllsProjectOutputGroup”。
     1>项目“E:\ProjectMy\WebViewHub\WebViewHub.csproj”在节点 1 上(Restore 个目标)。
     1>来自项目“E:\ProjectMy\WebViewHub\WebViewHub.csproj”的文件“C:\Program Files\dotnet\sdk\10.0.103\NuGet.targets”中的目标“_LoadRestoreGraphEntryPoints”(目标“_FilterRestoreGraphProjectInputItems”依赖于它):
     1>已完成在项目“WebViewHub.csproj”中生成目标“_LoadRestoreGraphEntryPoints”的操作。
     1>来自项目“E:\ProjectMy\WebViewHub\WebViewHub.csproj”的文件“C:\Program Files\dotnet\sdk\10.0.103\NuGet.targets”中的目标“_FilterRestoreGraphProjectInputItems”(目标“_GenerateRestoreGraph”依赖于它):
       正在使用程序集“Microsoft.Build.Tasks.Core, Version=15.1.0.0, Culture=neutral, PublicKeyToken=b03f5f7f11d50a3a”中的“RemoveDuplicates”任务。
       任务“RemoveDuplicates”
       已完成执行任务“RemoveDuplicates”的操作。
       正在使用程序集“Microsoft.Build.Tasks.Core, Version=15.1.0.0, Culture=neutral, PublicKeyToken=b03f5f7f11d50a3a”中的“MSBuild”任务。
       任务“MSBuild”
         全局属性:
           ExcludeRestorePackageImports=true
     0>C:\Program Files\dotnet\sdk\10.0.103\Sdks\Microsoft.NET.Sdk\Sdk\Sdk.props(49,11): message : 值为“C:\Program Files\dotnet\sdk\10.0.103\”的属性“MSBuildExtensionsPath”从环境中展开。
       C:\Program Files\dotnet\sdk\10.0.103\Current\Microsoft.Common.props(60,5): message : 在 C:\Program Files\dotnet\sdk\10.0.103\Current\Microsoft.Common.props (60,5) 处重新分配属性: $(MSBuildProjectExtensionsPath)=“E:\ProjectMy\WebViewHub\obj\”(先前值:“obj\”)
       C:\Program Files\dotnet\sdk\10.0.103\Current\Microsoft.Common.props(84,119): message : 值为“C:\Users\Administrator\AppData\Local\Microsoft\MSBuild”的属性“MSBuildUserExtensionsPath”从环境中展开。
       C:\Program Files\dotnet\sdk\10.0.103\Sdks\Microsoft.NET.Sdk\targets\Microsoft.NET.Sdk.props(90,5): message : 在 C:\Program Files\dotnet\sdk\10.0.103\Sdks\Microsoft.NET.Sdk\targets\Microsoft.NET.Sdk.props (90,5) 处重新分配属性: $(AssemblySearchPaths)=“{CandidateAssemblyFiles};{HintPathFromItem}”(先前值:“{CandidateAssemblyFiles}”)
       C:\Program Files\dotnet\sdk\10.0.103\Sdks\Microsoft.NET.Sdk\targets\Microsoft.NET.Sdk.props(91,5): message : 在 C:\Program Files\dotnet\sdk\10.0.103\Sdks\Microsoft.NET.Sdk\targets\Microsoft.NET.Sdk.props (91,5) 处重新分配属性: $(AssemblySearchPaths)=“{CandidateAssemblyFiles};{HintPathFromItem};{TargetFrameworkDirectory}”(先前值:“{CandidateAssemblyFiles};{HintPathFromItem}”)
       C:\Program Files\dotnet\sdk\10.0.103\Sdks\Microsoft.NET.Sdk\targets\Microsoft.NET.Sdk.props(92,5): message : 在 C:\Program Files\dotnet\sdk\10.0.103\Sdks\Microsoft.NET.Sdk\targets\Microsoft.NET.Sdk.props (92,5) 处重新分配属性: $(AssemblySearchPaths)=“{CandidateAssemblyFiles};{HintPathFromItem};{TargetFrameworkDirectory};{RawFileName}”(先前值:“{CandidateAssemblyFiles};{HintPathFromItem};{TargetFrameworkDirectory}”)
       E:\ProjectMy\WebViewHub\WebViewHub.csproj(4,5): message : 在 E:\ProjectMy\WebViewHub\WebViewHub.csproj (4,5) 处重新分配属性: $(OutputType)=“WinExe”(先前值:“Library”)
       C:\Program Files\dotnet\sdk\10.0.103\Sdks\Microsoft.NET.Sdk\targets\Microsoft.NET.Sdk.ImportPublishProfile.targets(28,5): message : 在 C:\Program Files\dotnet\sdk\10.0.103\Sdks\Microsoft.NET.Sdk\targets\Microsoft.NET.Sdk.ImportPublishProfile.targets (28,5) 处重新分配属性: $(PublishProfileImported)=“false”(先前值:“true”)
       C:\Program Files\dotnet\sdk\10.0.103\Sdks\Microsoft.NET.Sdk\targets\Microsoft.NET.TargetFrameworkInference.targets(80,5): message : 在 C:\Program Files\dotnet\sdk\10.0.103\Sdks\Microsoft.NET.Sdk\targets\Microsoft.NET.TargetFrameworkInference.targets (80,5) 处重新分配属性: $(TargetPlatformVersion)=“0.0”(先前值:“0.0.0.0”)
       C:\Program Files\dotnet\sdk\10.0.103\Sdks\Microsoft.NET.Sdk\targets\Microsoft.NET.TargetFrameworkInference.targets(81,5): message : 在 C:\Program Files\dotnet\sdk\10.0.103\Sdks\Microsoft.NET.Sdk\targets\Microsoft.NET.TargetFrameworkInference.targets (81,5) 处重新分配属性: $(TargetPlatformVersion)=“”(先前值:“0.0”)
       C:\Program Files\dotnet\sdk\10.0.103\Sdks\Microsoft.NET.Sdk\targets\Microsoft.NET.TargetFrameworkInference.targets(84,5): message : 在 C:\Program Files\dotnet\sdk\10.0.103\Sdks\Microsoft.NET.Sdk\targets\Microsoft.NET.TargetFrameworkInference.targets (84,5) 处重新分配属性: $(TargetPlatformIdentifier)=“Windows”(先前值:“windows”)
       C:\Program Files\dotnet\sdk\10.0.103\Sdks\Microsoft.NET.Sdk\targets\Microsoft.NET.DefaultOutputPaths.targets(127,5): message : 在 C:\Program Files\dotnet\sdk\10.0.103\Sdks\Microsoft.NET.Sdk\targets\Microsoft.NET.DefaultOutputPaths.targets (127,5) 处重新分配属性: $(DefaultItemExcludes)=“;bin\Debug\/**;obj\Debug\/**”(先前值:“;bin\Debug\/**”)
       C:\Program Files\dotnet\sdk\10.0.103\Sdks\Microsoft.NET.Sdk\targets\Microsoft.NET.DefaultOutputPaths.targets(142,5): message : 在 C:\Program Files\dotnet\sdk\10.0.103\Sdks\Microsoft.NET.Sdk\targets\Microsoft.NET.DefaultOutputPaths.targets (142,5) 处重新分配属性: $(OutputPath)=“bin\Debug\net8.0-windows\”(先前值:“bin\Debug\”)
       C:\Program Files\dotnet\sdk\10.0.103\Sdks\Microsoft.NET.Sdk\targets\Microsoft.NET.DefaultOutputPaths.targets(147,5): message : 在 C:\Program Files\dotnet\sdk\10.0.103\Sdks\Microsoft.NET.Sdk\targets\Microsoft.NET.DefaultOutputPaths.targets (147,5) 处重新分配属性: $(IntermediateOutputPath)=“obj\Debug\net8.0-windows\”(先前值:“obj\Debug\”)
       C:\Program Files\dotnet\sdk\10.0.103\Sdks\Microsoft.NET.Sdk\targets\Microsoft.NET.Sdk.BeforeCommon.targets(371,5): message : 在 C:\Program Files\dotnet\sdk\10.0.103\Sdks\Microsoft.NET.Sdk\targets\Microsoft.NET.Sdk.BeforeCommon.targets (371,5) 处重新分配属性: $(RoslynTargetsPath)=“C:\Program Files\dotnet\sdk\10.0.103\Sdks\Microsoft.NET.Sdk\targets\..\..\..\Roslyn”(先前值:“C:\Program Files\dotnet\sdk\10.0.103\Roslyn”)
       C:\Program Files\dotnet\sdk\10.0.103\Roslyn\Microsoft.Managed.Core.targets(6,5): message : 在 C:\Program Files\dotnet\sdk\10.0.103\Roslyn\Microsoft.Managed.Core.targets (6,5) 处重新分配属性: $(_BuildTasksDirectory)=“C:\Program Files\dotnet\sdk\10.0.103\Sdks\Microsoft.NET.Sdk\targets\..\..\..\Roslyn\”(先前值:“C:\Program Files\dotnet\sdk\10.0.103\Roslyn\”)
       C:\Program Files\dotnet\sdk\10.0.103\Roslyn\Microsoft.CSharp.Core.targets(200,5): message : 在 C:\Program Files\dotnet\sdk\10.0.103\Roslyn\Microsoft.CSharp.Core.targets (200,5) 处重新分配属性: $(CommandLineArgsForDesignTimeEvaluation)=“-langversion:12.0 -define:TRACE”(先前值:“-langversion:12.0”)
       C:\Program Files\dotnet\sdk\10.0.103\Microsoft.Common.CurrentVersion.targets(175,5): message : 在 C:\Program Files\dotnet\sdk\10.0.103\Microsoft.Common.CurrentVersion.targets (175,5) 处重新分配属性: $(_DebugSymbolsProduced)=“true”(先前值:“false”)
       C:\Program Files\dotnet\sdk\10.0.103\Microsoft.Common.CurrentVersion.targets(185,5): message : 在 C:\Program Files\dotnet\sdk\10.0.103\Microsoft.Common.CurrentVersion.targets (185,5) 处重新分配属性: $(_DocumentationFileProduced)=“false”(先前值:“true”)
       C:\Program Files\dotnet\sdk\10.0.103\Microsoft.Common.CurrentVersion.targets(393,5): message : 在 C:\Program Files\dotnet\sdk\10.0.103\Microsoft.Common.CurrentVersion.targets (393,5) 处重新分配属性: $(MSBuildCopyMarkerName)=“WebViewHub.csproj.Up2Date”(先前值:“WebViewHub.csproj”)
       C:\Program Files\dotnet\sdk\10.0.103\Microsoft.Common.CurrentVersion.targets(541,5): message : 在 C:\Program Files\dotnet\sdk\10.0.103\Microsoft.Common.CurrentVersion.targets (541,5) 处重新分配属性: $(ProcessorArchitecture)=“msil”(先前值:“”)
       C:\Program Files\dotnet\sdk\10.0.103\Microsoft.Common.CurrentVersion.targets(580,5): message : 在 C:\Program Files\dotnet\sdk\10.0.103\Microsoft.Common.CurrentVersion.targets (580,5) 处重新分配属性: $(DelaySign)=“”(先前值:“false”)
       C:\Program Files\dotnet\sdk\10.0.103\Microsoft.Common.CurrentVersion.targets(2606,5): message : 值为“C:\Users\Administrator\AppData\Local”的属性“LOCALAPPDATA”从环境中展开。
       C:\Program Files\dotnet\sdk\10.0.103\Microsoft.Common.CurrentVersion.targets(3934,5): message : 在 C:\Program Files\dotnet\sdk\10.0.103\Microsoft.Common.CurrentVersion.targets (3934,5) 处重新分配属性: $(_SGenGenerateSerializationAssembliesConfig)=“Auto”(先前值:“”)
       C:\Program Files\dotnet\sdk\10.0.103\Microsoft.Common.CurrentVersion.targets(3935,5): message : 在 C:\Program Files\dotnet\sdk\10.0.103\Microsoft.Common.CurrentVersion.targets (3935,5) 处重新分配属性: $(_SGenGenerateSerializationAssembliesConfig)=“Off”(先前值:“Auto”)
       C:\Program Files\dotnet\sdk\10.0.103\Microsoft.Common.CurrentVersion.targets(5146,5): message : 在 C:\Program Files\dotnet\sdk\10.0.103\Microsoft.Common.CurrentVersion.targets (5146,5) 处重新分配属性: $(_TargetsThatPrepareProjectReferences)=“
       C:\Program Files\dotnet\sdk\10.0.103\Microsoft.Common.CurrentVersion.targets(5146,5): message :       AssignProjectConfiguration;
       C:\Program Files\dotnet\sdk\10.0.103\Microsoft.Common.CurrentVersion.targets(5146,5): message :       _SplitProjectReferencesByFileExistence
       C:\Program Files\dotnet\sdk\10.0.103\Microsoft.Common.CurrentVersion.targets(5146,5): message :     ”(先前值:“_SplitProjectReferencesByFileExistence”)
       C:\Program Files\dotnet\sdk\10.0.103\Microsoft.Common.CurrentVersion.targets(6959,5): message : 值为“C:\Program Files\dotnet\sdk\10.0.103”的属性“MSBuildExtensionsPath32”从环境中展开。
       “NuGetInteractive”属性是全局属性，不能修改。
       C:\Program Files\dotnet\sdk\10.0.103\Sdks\Microsoft.NET.Sdk\targets\Microsoft.PackageDependencyResolution.targets(24,5): message : 在 C:\Program Files\dotnet\sdk\10.0.103\Sdks\Microsoft.NET.Sdk\targets\Microsoft.PackageDependencyResolution.targets (24,5) 处重新分配属性: $(ProjectAssetsFile)=“E:\ProjectMy\WebViewHub\obj\project.assets.json”(先前值:“E:\ProjectMy\WebViewHub\obj\/project.assets.json”)
       C:\Program Files\dotnet\sdk\10.0.103\Sdks\Microsoft.NET.Sdk\targets\Microsoft.PackageDependencyResolution.targets(29,5): message : 在 C:\Program Files\dotnet\sdk\10.0.103\Sdks\Microsoft.NET.Sdk\targets\Microsoft.PackageDependencyResolution.targets (29,5) 处重新分配属性: $(ProjectAssetsCacheFile)=“E:\ProjectMy\WebViewHub\obj\Debug\net8.0-windows\WebViewHub.assets.cache”(先前值:“obj\Debug\net8.0-windows\WebViewHub.assets.cache”)
       C:\Program Files\dotnet\sdk\10.0.103\Sdks\Microsoft.NET.Sdk\targets\Microsoft.PackageDependencyResolution.targets(80,5): message : 在 C:\Program Files\dotnet\sdk\10.0.103\Sdks\Microsoft.NET.Sdk\targets\Microsoft.PackageDependencyResolution.targets (80,5) 处重新分配属性: $(ResolveAssemblyReferencesDependsOn)=“
       C:\Program Files\dotnet\sdk\10.0.103\Sdks\Microsoft.NET.Sdk\targets\Microsoft.PackageDependencyResolution.targets(80,5): message :       
       C:\Program Files\dotnet\sdk\10.0.103\Sdks\Microsoft.NET.Sdk\targets\Microsoft.PackageDependencyResolution.targets(80,5): message :       ResolveProjectReferences;
       C:\Program Files\dotnet\sdk\10.0.103\Sdks\Microsoft.NET.Sdk\targets\Microsoft.PackageDependencyResolution.targets(80,5): message :       FindInvalidProjectReferences;
       C:\Program Files\dotnet\sdk\10.0.103\Sdks\Microsoft.NET.Sdk\targets\Microsoft.PackageDependencyResolution.targets(80,5): message :       GetFrameworkPaths;
       C:\Program Files\dotnet\sdk\10.0.103\Sdks\Microsoft.NET.Sdk\targets\Microsoft.PackageDependencyResolution.targets(80,5): message :       GetReferenceAssemblyPaths;
       C:\Program Files\dotnet\sdk\10.0.103\Sdks\Microsoft.NET.Sdk\targets\Microsoft.PackageDependencyResolution.targets(80,5): message :       PrepareForBuild;
       C:\Program Files\dotnet\sdk\10.0.103\Sdks\Microsoft.NET.Sdk\targets\Microsoft.PackageDependencyResolution.targets(80,5): message :       ResolveSDKReferences;
       C:\Program Files\dotnet\sdk\10.0.103\Sdks\Microsoft.NET.Sdk\targets\Microsoft.PackageDependencyResolution.targets(80,5): message :       ExpandSDKReferences;
       C:\Program Files\dotnet\sdk\10.0.103\Sdks\Microsoft.NET.Sdk\targets\Microsoft.PackageDependencyResolution.targets(80,5): message :     ;
       C:\Program Files\dotnet\sdk\10.0.103\Sdks\Microsoft.NET.Sdk\targets\Microsoft.PackageDependencyResolution.targets(80,5): message :       ResolvePackageDependenciesForBuild;
       C:\Program Files\dotnet\sdk\10.0.103\Sdks\Microsoft.NET.Sdk\targets\Microsoft.PackageDependencyResolution.targets(80,5): message :       _HandlePackageFileConflicts;
       C:\Program Files\dotnet\sdk\10.0.103\Sdks\Microsoft.NET.Sdk\targets\Microsoft.PackageDependencyResolution.targets(80,5): message :     ”(先前值:“
       C:\Program Files\dotnet\sdk\10.0.103\Sdks\Microsoft.NET.Sdk\targets\Microsoft.PackageDependencyResolution.targets(80,5): message :       ResolveProjectReferences;
       C:\Program Files\dotnet\sdk\10.0.103\Sdks\Microsoft.NET.Sdk\targets\Microsoft.PackageDependencyResolution.targets(80,5): message :       FindInvalidProjectReferences;
       C:\Program Files\dotnet\sdk\10.0.103\Sdks\Microsoft.NET.Sdk\targets\Microsoft.PackageDependencyResolution.targets(80,5): message :       GetFrameworkPaths;
       C:\Program Files\dotnet\sdk\10.0.103\Sdks\Microsoft.NET.Sdk\targets\Microsoft.PackageDependencyResolution.targets(80,5): message :       GetReferenceAssemblyPaths;
       C:\Program Files\dotnet\sdk\10.0.103\Sdks\Microsoft.NET.Sdk\targets\Microsoft.PackageDependencyResolution.targets(80,5): message :       PrepareForBuild;
       C:\Program Files\dotnet\sdk\10.0.103\Sdks\Microsoft.NET.Sdk\targets\Microsoft.PackageDependencyResolution.targets(80,5): message :       ResolveSDKReferences;
       C:\Program Files\dotnet\sdk\10.0.103\Sdks\Microsoft.NET.Sdk\targets\Microsoft.PackageDependencyResolution.targets(80,5): message :       ExpandSDKReferences;
       C:\Program Files\dotnet\sdk\10.0.103\Sdks\Microsoft.NET.Sdk\targets\Microsoft.PackageDependencyResolution.targets(80,5): message :     ”)
       C:\Program Files\dotnet\sdk\10.0.103\Sdks\Microsoft.NET.Sdk\targets\Microsoft.PackageDependencyResolution.targets(86,5): message : 在 C:\Program Files\dotnet\sdk\10.0.103\Sdks\Microsoft.NET.Sdk\targets\Microsoft.PackageDependencyResolution.targets (86,5) 处重新分配属性: $(PrepareResourcesDependsOn)=“
       C:\Program Files\dotnet\sdk\10.0.103\Sdks\Microsoft.NET.Sdk\targets\Microsoft.PackageDependencyResolution.targets(86,5): message :       ResolvePackageDependenciesForBuild;
       C:\Program Files\dotnet\sdk\10.0.103\Sdks\Microsoft.NET.Sdk\targets\Microsoft.PackageDependencyResolution.targets(86,5): message :       _HandlePackageFileConflicts;
       C:\Program Files\dotnet\sdk\10.0.103\Sdks\Microsoft.NET.Sdk\targets\Microsoft.PackageDependencyResolution.targets(86,5): message :       
       C:\Program Files\dotnet\sdk\10.0.103\Sdks\Microsoft.NET.Sdk\targets\Microsoft.PackageDependencyResolution.targets(86,5): message :       ;
       C:\Program Files\dotnet\sdk\10.0.103\Sdks\Microsoft.NET.Sdk\targets\Microsoft.PackageDependencyResolution.targets(86,5): message :       PrepareResourceNames;
       C:\Program Files\dotnet\sdk\10.0.103\Sdks\Microsoft.NET.Sdk\targets\Microsoft.PackageDependencyResolution.targets(86,5): message :       ResGen;
       C:\Program Files\dotnet\sdk\10.0.103\Sdks\Microsoft.NET.Sdk\targets\Microsoft.PackageDependencyResolution.targets(86,5): message :       CompileLicxFiles
       C:\Program Files\dotnet\sdk\10.0.103\Sdks\Microsoft.NET.Sdk\targets\Microsoft.PackageDependencyResolution.targets(86,5): message :     
       C:\Program Files\dotnet\sdk\10.0.103\Sdks\Microsoft.NET.Sdk\targets\Microsoft.PackageDependencyResolution.targets(86,5): message :     ”(先前值:“
       C:\Program Files\dotnet\sdk\10.0.103\Sdks\Microsoft.NET.Sdk\targets\Microsoft.PackageDependencyResolution.targets(86,5): message :       ;
       C:\Program Files\dotnet\sdk\10.0.103\Sdks\Microsoft.NET.Sdk\targets\Microsoft.PackageDependencyResolution.targets(86,5): message :       PrepareResourceNames;
       C:\Program Files\dotnet\sdk\10.0.103\Sdks\Microsoft.NET.Sdk\targets\Microsoft.PackageDependencyResolution.targets(86,5): message :       ResGen;
       C:\Program Files\dotnet\sdk\10.0.103\Sdks\Microsoft.NET.Sdk\targets\Microsoft.PackageDependencyResolution.targets(86,5): message :       CompileLicxFiles
       C:\Program Files\dotnet\sdk\10.0.103\Sdks\Microsoft.NET.Sdk\targets\Microsoft.PackageDependencyResolution.targets(86,5): message :     ”)
       “EnableDefaultCompileItems”属性是全局属性，不能修改。
       “EnableDefaultEmbeddedResourceItems”属性是全局属性，不能修改。
       “EnableDefaultNoneItems”属性是全局属性，不能修改。
       C:\Program Files\dotnet\sdk\10.0.103\Sdks\Microsoft.NET.Sdk\targets\Microsoft.NET.Sdk.DefaultItems.targets(35,5): message : 在 C:\Program Files\dotnet\sdk\10.0.103\Sdks\Microsoft.NET.Sdk\targets\Microsoft.NET.Sdk.DefaultItems.targets (35,5) 处重新分配属性: $(DefaultItemExcludes)=“;bin\Debug\/**;obj\Debug\/**;bin\/**”(先前值:“;bin\Debug\/**;obj\Debug\/**”)
       C:\Program Files\dotnet\sdk\10.0.103\Sdks\Microsoft.NET.Sdk\targets\Microsoft.NET.Sdk.DefaultItems.targets(37,5): message : 在 C:\Program Files\dotnet\sdk\10.0.103\Sdks\Microsoft.NET.Sdk\targets\Microsoft.NET.Sdk.DefaultItems.targets (37,5) 处重新分配属性: $(DefaultItemExcludes)=“;bin\Debug\/**;obj\Debug\/**;bin\/**;obj\/**”(先前值:“;bin\Debug\/**;obj\Debug\/**;bin\/**”)
       C:\Program Files\dotnet\sdk\10.0.103\Sdks\Microsoft.NET.Sdk\targets\Microsoft.NET.Sdk.DefaultItems.targets(40,5): message : 在 C:\Program Files\dotnet\sdk\10.0.103\Sdks\Microsoft.NET.Sdk\targets\Microsoft.NET.Sdk.DefaultItems.targets (40,5) 处重新分配属性: $(DefaultItemExcludes)=“;bin\Debug\/**;obj\Debug\/**;bin\/**;obj\/**;**/*.user”(先前值:“;bin\Debug\/**;obj\Debug\/**;bin\/**;obj\/**”)
       C:\Program Files\dotnet\sdk\10.0.103\Sdks\Microsoft.NET.Sdk\targets\Microsoft.NET.Sdk.DefaultItems.targets(41,5): message : 在 C:\Program Files\dotnet\sdk\10.0.103\Sdks\Microsoft.NET.Sdk\targets\Microsoft.NET.Sdk.DefaultItems.targets (41,5) 处重新分配属性: $(DefaultItemExcludes)=“;bin\Debug\/**;obj\Debug\/**;bin\/**;obj\/**;**/*.user;**/*.*proj”(先前值:“;bin\Debug\/**;obj\Debug\/**;bin\/**;obj\/**;**/*.user”)
       C:\Program Files\dotnet\sdk\10.0.103\Sdks\Microsoft.NET.Sdk\targets\Microsoft.NET.Sdk.DefaultItems.targets(42,5): message : 在 C:\Program Files\dotnet\sdk\10.0.103\Sdks\Microsoft.NET.Sdk\targets\Microsoft.NET.Sdk.DefaultItems.targets (42,5) 处重新分配属性: $(DefaultItemExcludes)=“;bin\Debug\/**;obj\Debug\/**;bin\/**;obj\/**;**/*.user;**/*.*proj;**/*.sln”(先前值:“;bin\Debug\/**;obj\Debug\/**;bin\/**;obj\/**;**/*.user;**/*.*proj”)
       C:\Program Files\dotnet\sdk\10.0.103\Sdks\Microsoft.NET.Sdk\targets\Microsoft.NET.Sdk.DefaultItems.targets(43,5): message : 在 C:\Program Files\dotnet\sdk\10.0.103\Sdks\Microsoft.NET.Sdk\targets\Microsoft.NET.Sdk.DefaultItems.targets (43,5) 处重新分配属性: $(DefaultItemExcludes)=“;bin\Debug\/**;obj\Debug\/**;bin\/**;obj\/**;**/*.user;**/*.*proj;**/*.sln;**/*.slnx”(先前值:“;bin\Debug\/**;obj\Debug\/**;bin\/**;obj\/**;**/*.user;**/*.*proj;**/*.sln”)
       C:\Program Files\dotnet\sdk\10.0.103\Sdks\Microsoft.NET.Sdk\targets\Microsoft.NET.Sdk.DefaultItems.targets(44,5): message : 在 C:\Program Files\dotnet\sdk\10.0.103\Sdks\Microsoft.NET.Sdk\targets\Microsoft.NET.Sdk.DefaultItems.targets (44,5) 处重新分配属性: $(DefaultItemExcludes)=“;bin\Debug\/**;obj\Debug\/**;bin\/**;obj\/**;**/*.user;**/*.*proj;**/*.sln;**/*.slnx;**/*.vssscc”(先前值:“;bin\Debug\/**;obj\Debug\/**;bin\/**;obj\/**;**/*.user;**/*.*proj;**/*.sln;**/*.slnx”)
       C:\Program Files\dotnet\sdk\10.0.103\Sdks\Microsoft.NET.Sdk\targets\Microsoft.NET.Sdk.DefaultItems.targets(45,5): message : 在 C:\Program Files\dotnet\sdk\10.0.103\Sdks\Microsoft.NET.Sdk\targets\Microsoft.NET.Sdk.DefaultItems.targets (45,5) 处重新分配属性: $(DefaultItemExcludes)=“;bin\Debug\/**;obj\Debug\/**;bin\/**;obj\/**;**/*.user;**/*.*proj;**/*.sln;**/*.slnx;**/*.vssscc;**/.DS_Store”(先前值:“;bin\Debug\/**;obj\Debug\/**;bin\/**;obj\/**;**/*.user;**/*.*proj;**/*.sln;**/*.slnx;**/*.vssscc”)
       C:\Program Files\dotnet\sdk\10.0.103\Sdks\Microsoft.NET.Sdk\targets\Microsoft.NET.Sdk.FrameworkReferenceResolution.targets(14,5): message : 在 C:\Program Files\dotnet\sdk\10.0.103\Sdks\Microsoft.NET.Sdk\targets\Microsoft.NET.Sdk.FrameworkReferenceResolution.targets (14,5) 处重新分配属性: $(ResolveAssemblyReferencesDependsOn)=“
       C:\Program Files\dotnet\sdk\10.0.103\Sdks\Microsoft.NET.Sdk\targets\Microsoft.NET.Sdk.FrameworkReferenceResolution.targets(14,5): message :       
       C:\Program Files\dotnet\sdk\10.0.103\Sdks\Microsoft.NET.Sdk\targets\Microsoft.NET.Sdk.FrameworkReferenceResolution.targets(14,5): message :       
       C:\Program Files\dotnet\sdk\10.0.103\Sdks\Microsoft.NET.Sdk\targets\Microsoft.NET.Sdk.FrameworkReferenceResolution.targets(14,5): message :       ResolveProjectReferences;
       C:\Program Files\dotnet\sdk\10.0.103\Sdks\Microsoft.NET.Sdk\targets\Microsoft.NET.Sdk.FrameworkReferenceResolution.targets(14,5): message :       FindInvalidProjectReferences;
       C:\Program Files\dotnet\sdk\10.0.103\Sdks\Microsoft.NET.Sdk\targets\Microsoft.NET.Sdk.FrameworkReferenceResolution.targets(14,5): message :       GetFrameworkPaths;
       C:\Program Files\dotnet\sdk\10.0.103\Sdks\Microsoft.NET.Sdk\targets\Microsoft.NET.Sdk.FrameworkReferenceResolution.targets(14,5): message :       GetReferenceAssemblyPaths;
       C:\Program Files\dotnet\sdk\10.0.103\Sdks\Microsoft.NET.Sdk\targets\Microsoft.NET.Sdk.FrameworkReferenceResolution.targets(14,5): message :       PrepareForBuild;
       C:\Program Files\dotnet\sdk\10.0.103\Sdks\Microsoft.NET.Sdk\targets\Microsoft.NET.Sdk.FrameworkReferenceResolution.targets(14,5): message :       ResolveSDKReferences;
       C:\Program Files\dotnet\sdk\10.0.103\Sdks\Microsoft.NET.Sdk\targets\Microsoft.NET.Sdk.FrameworkReferenceResolution.targets(14,5): message :       ExpandSDKReferences;
       C:\Program Files\dotnet\sdk\10.0.103\Sdks\Microsoft.NET.Sdk\targets\Microsoft.NET.Sdk.FrameworkReferenceResolution.targets(14,5): message :     ;
       C:\Program Files\dotnet\sdk\10.0.103\Sdks\Microsoft.NET.Sdk\targets\Microsoft.NET.Sdk.FrameworkReferenceResolution.targets(14,5): message :       ResolvePackageDependenciesForBuild;
       C:\Program Files\dotnet\sdk\10.0.103\Sdks\Microsoft.NET.Sdk\targets\Microsoft.NET.Sdk.FrameworkReferenceResolution.targets(14,5): message :       _HandlePackageFileConflicts;
       C:\Program Files\dotnet\sdk\10.0.103\Sdks\Microsoft.NET.Sdk\targets\Microsoft.NET.Sdk.FrameworkReferenceResolution.targets(14,5): message :     ;
       C:\Program Files\dotnet\sdk\10.0.103\Sdks\Microsoft.NET.Sdk\targets\Microsoft.NET.Sdk.FrameworkReferenceResolution.targets(14,5): message :       ResolveTargetingPackAssets;
       C:\Program Files\dotnet\sdk\10.0.103\Sdks\Microsoft.NET.Sdk\targets\Microsoft.NET.Sdk.FrameworkReferenceResolution.targets(14,5): message :     ”(先前值:“
       C:\Program Files\dotnet\sdk\10.0.103\Sdks\Microsoft.NET.Sdk\targets\Microsoft.NET.Sdk.FrameworkReferenceResolution.targets(14,5): message :       
       C:\Program Files\dotnet\sdk\10.0.103\Sdks\Microsoft.NET.Sdk\targets\Microsoft.NET.Sdk.FrameworkReferenceResolution.targets(14,5): message :       ResolveProjectReferences;
       C:\Program Files\dotnet\sdk\10.0.103\Sdks\Microsoft.NET.Sdk\targets\Microsoft.NET.Sdk.FrameworkReferenceResolution.targets(14,5): message :       FindInvalidProjectReferences;
       C:\Program Files\dotnet\sdk\10.0.103\Sdks\Microsoft.NET.Sdk\targets\Microsoft.NET.Sdk.FrameworkReferenceResolution.targets(14,5): message :       GetFrameworkPaths;
       C:\Program Files\dotnet\sdk\10.0.103\Sdks\Microsoft.NET.Sdk\targets\Microsoft.NET.Sdk.FrameworkReferenceResolution.targets(14,5): message :       GetReferenceAssemblyPaths;
       C:\Program Files\dotnet\sdk\10.0.103\Sdks\Microsoft.NET.Sdk\targets\Microsoft.NET.Sdk.FrameworkReferenceResolution.targets(14,5): message :       PrepareForBuild;
       C:\Program Files\dotnet\sdk\10.0.103\Sdks\Microsoft.NET.Sdk\targets\Microsoft.NET.Sdk.FrameworkReferenceResolution.targets(14,5): message :       ResolveSDKReferences;
       C:\Program Files\dotnet\sdk\10.0.103\Sdks\Microsoft.NET.Sdk\targets\Microsoft.NET.Sdk.FrameworkReferenceResolution.targets(14,5): message :       ExpandSDKReferences;
       C:\Program Files\dotnet\sdk\10.0.103\Sdks\Microsoft.NET.Sdk\targets\Microsoft.NET.Sdk.FrameworkReferenceResolution.targets(14,5): message :     ;
       C:\Program Files\dotnet\sdk\10.0.103\Sdks\Microsoft.NET.Sdk\targets\Microsoft.NET.Sdk.FrameworkReferenceResolution.targets(14,5): message :       ResolvePackageDependenciesForBuild;
       C:\Program Files\dotnet\sdk\10.0.103\Sdks\Microsoft.NET.Sdk\targets\Microsoft.NET.Sdk.FrameworkReferenceResolution.targets(14,5): message :       _HandlePackageFileConflicts;
       C:\Program Files\dotnet\sdk\10.0.103\Sdks\Microsoft.NET.Sdk\targets\Microsoft.NET.Sdk.FrameworkReferenceResolution.targets(14,5): message :     ”)
       C:\Program Files\dotnet\sdk\10.0.103\Sdks\Microsoft.NET.Sdk\targets\Microsoft.NET.Sdk.targets(44,5): message : 在 C:\Program Files\dotnet\sdk\10.0.103\Sdks\Microsoft.NET.Sdk\targets\Microsoft.NET.Sdk.targets (44,5) 处重新分配属性: $(_GenerateRuntimeConfigurationPropertyInputsCache)=“E:\ProjectMy\WebViewHub\obj\Debug\net8.0-windows\WebViewHub.genruntimeconfig.cache”(先前值:“obj\Debug\net8.0-windows\WebViewHub.genruntimeconfig.cache”)
       C:\Program Files\dotnet\sdk\10.0.103\Sdks\Microsoft.NET.Sdk\targets\Microsoft.NET.Sdk.targets(46,5): message : 在 C:\Program Files\dotnet\sdk\10.0.103\Sdks\Microsoft.NET.Sdk\targets\Microsoft.NET.Sdk.targets (46,5) 处重新分配属性: $(_GeneratePublishDependencyFilePropertyInputsCache)=“E:\ProjectMy\WebViewHub\obj\Debug\net8.0-windows\WebViewHub.genpublishdeps.cache”(先前值:“obj\Debug\net8.0-windows\WebViewHub.genpublishdeps.cache”)
       C:\Program Files\dotnet\sdk\10.0.103\Sdks\Microsoft.NET.Sdk\targets\Microsoft.NET.Sdk.targets(48,5): message : 在 C:\Program Files\dotnet\sdk\10.0.103\Sdks\Microsoft.NET.Sdk\targets\Microsoft.NET.Sdk.targets (48,5) 处重新分配属性: $(_GenerateSingleFileBundlePropertyInputsCache)=“E:\ProjectMy\WebViewHub\obj\Debug\net8.0-windows\WebViewHub.genbundle.cache”(先前值:“obj\Debug\net8.0-windows\WebViewHub.genbundle.cache”)
       C:\Program Files\dotnet\sdk\10.0.103\Sdks\Microsoft.NET.Sdk\targets\Microsoft.NET.Sdk.targets(81,5): message : 在 C:\Program Files\dotnet\sdk\10.0.103\Sdks\Microsoft.NET.Sdk\targets\Microsoft.NET.Sdk.targets (81,5) 处重新分配属性: $(GenerateRuntimeConfigDevFile)=“false”(先前值:“true”)
       C:\Program Files\dotnet\sdk\10.0.103\Sdks\Microsoft.NET.Sdk\targets\Microsoft.NET.Sdk.targets(98,5): message : 值为“C:\Users\Administrator”的属性“USERPROFILE”从环境中展开。
       C:\Program Files\dotnet\sdk\10.0.103\Sdks\Microsoft.NET.Sdk\targets\Microsoft.NET.Sdk.targets(98,5): message : 在 C:\Program Files\dotnet\sdk\10.0.103\Sdks\Microsoft.NET.Sdk\targets\Microsoft.NET.Sdk.targets (98,5) 处重新分配属性: $(_DefaultUserProfileRuntimeStorePath)=“C:\Users\Administrator”(先前值:“”)
       C:\Program Files\dotnet\sdk\10.0.103\Sdks\Microsoft.NET.Sdk\targets\Microsoft.NET.Sdk.targets(99,5): message : 在 C:\Program Files\dotnet\sdk\10.0.103\Sdks\Microsoft.NET.Sdk\targets\Microsoft.NET.Sdk.targets (99,5) 处重新分配属性: $(_DefaultUserProfileRuntimeStorePath)=“C:\Users\Administrator\.dotnet\store”(先前值:“C:\Users\Administrator”)
       C:\Program Files\dotnet\sdk\10.0.103\Sdks\Microsoft.NET.Sdk\targets\Microsoft.NET.Sdk.targets(144,5): message : 在 C:\Program Files\dotnet\sdk\10.0.103\Sdks\Microsoft.NET.Sdk\targets\Microsoft.NET.Sdk.targets (144,5) 处重新分配属性: $(AvailablePlatforms)=“Any CPU,x86,x64,ARM32”(先前值:“Any CPU,x86,x64”)
       C:\Program Files\dotnet\sdk\10.0.103\Sdks\Microsoft.NET.Sdk\targets\Microsoft.NET.Sdk.targets(148,5): message : 在 C:\Program Files\dotnet\sdk\10.0.103\Sdks\Microsoft.NET.Sdk\targets\Microsoft.NET.Sdk.targets (148,5) 处重新分配属性: $(AvailablePlatforms)=“Any CPU,x86,x64,ARM32,ARM64”(先前值:“Any CPU,x86,x64,ARM32”)
       C:\Program Files\dotnet\sdk\10.0.103\Sdks\Microsoft.NET.Sdk\targets\Microsoft.NET.Sdk.targets(204,5): message : 在 C:\Program Files\dotnet\sdk\10.0.103\Sdks\Microsoft.NET.Sdk\targets\Microsoft.NET.Sdk.targets (204,5) 处重新分配属性: $(CoreBuildDependsOn)=“
       C:\Program Files\dotnet\sdk\10.0.103\Sdks\Microsoft.NET.Sdk\targets\Microsoft.NET.Sdk.targets(204,5): message :       _CheckForBuildWithNoBuild;
       C:\Program Files\dotnet\sdk\10.0.103\Sdks\Microsoft.NET.Sdk\targets\Microsoft.NET.Sdk.targets(204,5): message :       
       C:\Program Files\dotnet\sdk\10.0.103\Sdks\Microsoft.NET.Sdk\targets\Microsoft.NET.Sdk.targets(204,5): message :       BuildOnlySettings;
       C:\Program Files\dotnet\sdk\10.0.103\Sdks\Microsoft.NET.Sdk\targets\Microsoft.NET.Sdk.targets(204,5): message :       PrepareForBuild;
       C:\Program Files\dotnet\sdk\10.0.103\Sdks\Microsoft.NET.Sdk\targets\Microsoft.NET.Sdk.targets(204,5): message :       PreBuildEvent;
       C:\Program Files\dotnet\sdk\10.0.103\Sdks\Microsoft.NET.Sdk\targets\Microsoft.NET.Sdk.targets(204,5): message :       ResolveReferences;
       C:\Program Files\dotnet\sdk\10.0.103\Sdks\Microsoft.NET.Sdk\targets\Microsoft.NET.Sdk.targets(204,5): message :       PrepareResources;
       C:\Program Files\dotnet\sdk\10.0.103\Sdks\Microsoft.NET.Sdk\targets\Microsoft.NET.Sdk.targets(204,5): message :       ResolveKeySource;
       C:\Program Files\dotnet\sdk\10.0.103\Sdks\Microsoft.NET.Sdk\targets\Microsoft.NET.Sdk.targets(204,5): message :       Compile;
       C:\Program Files\dotnet\sdk\10.0.103\Sdks\Microsoft.NET.Sdk\targets\Microsoft.NET.Sdk.targets(204,5): message :       ExportWindowsMDFile;
       C:\Program Files\dotnet\sdk\10.0.103\Sdks\Microsoft.NET.Sdk\targets\Microsoft.NET.Sdk.targets(204,5): message :       UnmanagedUnregistration;
       C:\Program Files\dotnet\sdk\10.0.103\Sdks\Microsoft.NET.Sdk\targets\Microsoft.NET.Sdk.targets(204,5): message :       GenerateSerializationAssemblies;
       C:\Program Files\dotnet\sdk\10.0.103\Sdks\Microsoft.NET.Sdk\targets\Microsoft.NET.Sdk.targets(204,5): message :       CreateSatelliteAssemblies;
       C:\Program Files\dotnet\sdk\10.0.103\Sdks\Microsoft.NET.Sdk\targets\Microsoft.NET.Sdk.targets(204,5): message :       GenerateManifests;
       C:\Program Files\dotnet\sdk\10.0.103\Sdks\Microsoft.NET.Sdk\targets\Microsoft.NET.Sdk.targets(204,5): message :       GetTargetPath;
       C:\Program Files\dotnet\sdk\10.0.103\Sdks\Microsoft.NET.Sdk\targets\Microsoft.NET.Sdk.targets(204,5): message :       PrepareForRun;
       C:\Program Files\dotnet\sdk\10.0.103\Sdks\Microsoft.NET.Sdk\targets\Microsoft.NET.Sdk.targets(204,5): message :       UnmanagedRegistration;
       C:\Program Files\dotnet\sdk\10.0.103\Sdks\Microsoft.NET.Sdk\targets\Microsoft.NET.Sdk.targets(204,5): message :       IncrementalClean;
       C:\Program Files\dotnet\sdk\10.0.103\Sdks\Microsoft.NET.Sdk\targets\Microsoft.NET.Sdk.targets(204,5): message :       PostBuildEvent
       C:\Program Files\dotnet\sdk\10.0.103\Sdks\Microsoft.NET.Sdk\targets\Microsoft.NET.Sdk.targets(204,5): message :     ;
       C:\Program Files\dotnet\sdk\10.0.103\Sdks\Microsoft.NET.Sdk\targets\Microsoft.NET.Sdk.targets(204,5): message :       GenerateBuildDependencyFile;
       C:\Program Files\dotnet\sdk\10.0.103\Sdks\Microsoft.NET.Sdk\targets\Microsoft.NET.Sdk.targets(204,5): message :       GenerateBuildRuntimeConfigurationFiles
       C:\Program Files\dotnet\sdk\10.0.103\Sdks\Microsoft.NET.Sdk\targets\Microsoft.NET.Sdk.targets(204,5): message :     ”(先前值:“
       C:\Program Files\dotnet\sdk\10.0.103\Sdks\Microsoft.NET.Sdk\targets\Microsoft.NET.Sdk.targets(204,5): message :       BuildOnlySettings;
       C:\Program Files\dotnet\sdk\10.0.103\Sdks\Microsoft.NET.Sdk\targets\Microsoft.NET.Sdk.targets(204,5): message :       PrepareForBuild;
       C:\Program Files\dotnet\sdk\10.0.103\Sdks\Microsoft.NET.Sdk\targets\Microsoft.NET.Sdk.targets(204,5): message :       PreBuildEvent;
       C:\Program Files\dotnet\sdk\10.0.103\Sdks\Microsoft.NET.Sdk\targets\Microsoft.NET.Sdk.targets(204,5): message :       ResolveReferences;
       C:\Program Files\dotnet\sdk\10.0.103\Sdks\Microsoft.NET.Sdk\targets\Microsoft.NET.Sdk.targets(204,5): message :       PrepareResources;
       C:\Program Files\dotnet\sdk\10.0.103\Sdks\Microsoft.NET.Sdk\targets\Microsoft.NET.Sdk.targets(204,5): message :       ResolveKeySource;
       C:\Program Files\dotnet\sdk\10.0.103\Sdks\Microsoft.NET.Sdk\targets\Microsoft.NET.Sdk.targets(204,5): message :       Compile;
       C:\Program Files\dotnet\sdk\10.0.103\Sdks\Microsoft.NET.Sdk\targets\Microsoft.NET.Sdk.targets(204,5): message :       ExportWindowsMDFile;
       C:\Program Files\dotnet\sdk\10.0.103\Sdks\Microsoft.NET.Sdk\targets\Microsoft.NET.Sdk.targets(204,5): message :       UnmanagedUnregistration;
       C:\Program Files\dotnet\sdk\10.0.103\Sdks\Microsoft.NET.Sdk\targets\Microsoft.NET.Sdk.targets(204,5): message :       GenerateSerializationAssemblies;
       C:\Program Files\dotnet\sdk\10.0.103\Sdks\Microsoft.NET.Sdk\targets\Microsoft.NET.Sdk.targets(204,5): message :       CreateSatelliteAssemblies;
       C:\Program Files\dotnet\sdk\10.0.103\Sdks\Microsoft.NET.Sdk\targets\Microsoft.NET.Sdk.targets(204,5): message :       GenerateManifests;
       C:\Program Files\dotnet\sdk\10.0.103\Sdks\Microsoft.NET.Sdk\targets\Microsoft.NET.Sdk.targets(204,5): message :       GetTargetPath;
       C:\Program Files\dotnet\sdk\10.0.103\Sdks\Microsoft.NET.Sdk\targets\Microsoft.NET.Sdk.targets(204,5): message :       PrepareForRun;
       C:\Program Files\dotnet\sdk\10.0.103\Sdks\Microsoft.NET.Sdk\targets\Microsoft.NET.Sdk.targets(204,5): message :       UnmanagedRegistration;
       C:\Program Files\dotnet\sdk\10.0.103\Sdks\Microsoft.NET.Sdk\targets\Microsoft.NET.Sdk.targets(204,5): message :       IncrementalClean;
       C:\Program Files\dotnet\sdk\10.0.103\Sdks\Microsoft.NET.Sdk\targets\Microsoft.NET.Sdk.targets(204,5): message :       PostBuildEvent
       C:\Program Files\dotnet\sdk\10.0.103\Sdks\Microsoft.NET.Sdk\targets\Microsoft.NET.Sdk.targets(204,5): message :     ”)
       C:\Program Files\dotnet\sdk\10.0.103\Sdks\Microsoft.NET.Sdk\targets\Microsoft.NET.Sdk.targets(213,5): message : 在 C:\Program Files\dotnet\sdk\10.0.103\Sdks\Microsoft.NET.Sdk\targets\Microsoft.NET.Sdk.targets (213,5) 处重新分配属性: $(CoreCleanDependsOn)=“
       C:\Program Files\dotnet\sdk\10.0.103\Sdks\Microsoft.NET.Sdk\targets\Microsoft.NET.Sdk.targets(213,5): message :       _SdkBeforeClean;
       C:\Program Files\dotnet\sdk\10.0.103\Sdks\Microsoft.NET.Sdk\targets\Microsoft.NET.Sdk.targets(213,5): message :       
       C:\Program Files\dotnet\sdk\10.0.103\Sdks\Microsoft.NET.Sdk\targets\Microsoft.NET.Sdk.targets(213,5): message :     ”(先前值:“”)
       C:\Program Files\dotnet\sdk\10.0.103\Sdks\Microsoft.NET.Sdk\targets\Microsoft.NET.Sdk.targets(220,5): message : 在 C:\Program Files\dotnet\sdk\10.0.103\Sdks\Microsoft.NET.Sdk\targets\Microsoft.NET.Sdk.targets (220,5) 处重新分配属性: $(RebuildDependsOn)=“
       C:\Program Files\dotnet\sdk\10.0.103\Sdks\Microsoft.NET.Sdk\targets\Microsoft.NET.Sdk.targets(220,5): message :       _SdkBeforeRebuild;
       C:\Program Files\dotnet\sdk\10.0.103\Sdks\Microsoft.NET.Sdk\targets\Microsoft.NET.Sdk.targets(220,5): message :       
       C:\Program Files\dotnet\sdk\10.0.103\Sdks\Microsoft.NET.Sdk\targets\Microsoft.NET.Sdk.targets(220,5): message :       BeforeRebuild;
       C:\Program Files\dotnet\sdk\10.0.103\Sdks\Microsoft.NET.Sdk\targets\Microsoft.NET.Sdk.targets(220,5): message :       Clean;
       C:\Program Files\dotnet\sdk\10.0.103\Sdks\Microsoft.NET.Sdk\targets\Microsoft.NET.Sdk.targets(220,5): message :       Build;
       C:\Program Files\dotnet\sdk\10.0.103\Sdks\Microsoft.NET.Sdk\targets\Microsoft.NET.Sdk.targets(220,5): message :       AfterRebuild;
       C:\Program Files\dotnet\sdk\10.0.103\Sdks\Microsoft.NET.Sdk\targets\Microsoft.NET.Sdk.targets(220,5): message :     
       C:\Program Files\dotnet\sdk\10.0.103\Sdks\Microsoft.NET.Sdk\targets\Microsoft.NET.Sdk.targets(220,5): message :     ”(先前值:“
       C:\Program Files\dotnet\sdk\10.0.103\Sdks\Microsoft.NET.Sdk\targets\Microsoft.NET.Sdk.targets(220,5): message :       BeforeRebuild;
       C:\Program Files\dotnet\sdk\10.0.103\Sdks\Microsoft.NET.Sdk\targets\Microsoft.NET.Sdk.targets(220,5): message :       Clean;
       C:\Program Files\dotnet\sdk\10.0.103\Sdks\Microsoft.NET.Sdk\targets\Microsoft.NET.Sdk.targets(220,5): message :       Build;
       C:\Program Files\dotnet\sdk\10.0.103\Sdks\Microsoft.NET.Sdk\targets\Microsoft.NET.Sdk.targets(220,5): message :       AfterRebuild;
       C:\Program Files\dotnet\sdk\10.0.103\Sdks\Microsoft.NET.Sdk\targets\Microsoft.NET.Sdk.targets(220,5): message :     ”)
       C:\Program Files\dotnet\sdk\10.0.103\Sdks\Microsoft.NET.Sdk\targets\Microsoft.NET.Sdk.targets(799,5): message : 在 C:\Program Files\dotnet\sdk\10.0.103\Sdks\Microsoft.NET.Sdk\targets\Microsoft.NET.Sdk.targets (799,5) 处重新分配属性: $(CompileDependsOn)=“
       C:\Program Files\dotnet\sdk\10.0.103\Sdks\Microsoft.NET.Sdk\targets\Microsoft.NET.Sdk.targets(799,5): message :       
       C:\Program Files\dotnet\sdk\10.0.103\Sdks\Microsoft.NET.Sdk\targets\Microsoft.NET.Sdk.targets(799,5): message :       ResolveReferences;
       C:\Program Files\dotnet\sdk\10.0.103\Sdks\Microsoft.NET.Sdk\targets\Microsoft.NET.Sdk.targets(799,5): message :       ResolveKeySource;
       C:\Program Files\dotnet\sdk\10.0.103\Sdks\Microsoft.NET.Sdk\targets\Microsoft.NET.Sdk.targets(799,5): message :       SetWin32ManifestProperties;
       C:\Program Files\dotnet\sdk\10.0.103\Sdks\Microsoft.NET.Sdk\targets\Microsoft.NET.Sdk.targets(799,5): message :       _SetPreferNativeArm64Win32ManifestProperties;
       C:\Program Files\dotnet\sdk\10.0.103\Sdks\Microsoft.NET.Sdk\targets\Microsoft.NET.Sdk.targets(799,5): message :       FindReferenceAssembliesForReferences;
       C:\Program Files\dotnet\sdk\10.0.103\Sdks\Microsoft.NET.Sdk\targets\Microsoft.NET.Sdk.targets(799,5): message :       _GenerateCompileInputs;
       C:\Program Files\dotnet\sdk\10.0.103\Sdks\Microsoft.NET.Sdk\targets\Microsoft.NET.Sdk.targets(799,5): message :       BeforeCompile;
       C:\Program Files\dotnet\sdk\10.0.103\Sdks\Microsoft.NET.Sdk\targets\Microsoft.NET.Sdk.targets(799,5): message :       _TimeStampBeforeCompile;
       C:\Program Files\dotnet\sdk\10.0.103\Sdks\Microsoft.NET.Sdk\targets\Microsoft.NET.Sdk.targets(799,5): message :       _GenerateCompileDependencyCache;
       C:\Program Files\dotnet\sdk\10.0.103\Sdks\Microsoft.NET.Sdk\targets\Microsoft.NET.Sdk.targets(799,5): message :       CoreCompile;
       C:\Program Files\dotnet\sdk\10.0.103\Sdks\Microsoft.NET.Sdk\targets\Microsoft.NET.Sdk.targets(799,5): message :       _TimeStampAfterCompile;
       C:\Program Files\dotnet\sdk\10.0.103\Sdks\Microsoft.NET.Sdk\targets\Microsoft.NET.Sdk.targets(799,5): message :       AfterCompile;
       C:\Program Files\dotnet\sdk\10.0.103\Sdks\Microsoft.NET.Sdk\targets\Microsoft.NET.Sdk.targets(799,5): message :     ;
       C:\Program Files\dotnet\sdk\10.0.103\Sdks\Microsoft.NET.Sdk\targets\Microsoft.NET.Sdk.targets(799,5): message :       _CreateAppHost;
       C:\Program Files\dotnet\sdk\10.0.103\Sdks\Microsoft.NET.Sdk\targets\Microsoft.NET.Sdk.targets(799,5): message :       _CreateComHost;
       C:\Program Files\dotnet\sdk\10.0.103\Sdks\Microsoft.NET.Sdk\targets\Microsoft.NET.Sdk.targets(799,5): message :       _GetIjwHostPaths;
       C:\Program Files\dotnet\sdk\10.0.103\Sdks\Microsoft.NET.Sdk\targets\Microsoft.NET.Sdk.targets(799,5): message :     ”(先前值:“
       C:\Program Files\dotnet\sdk\10.0.103\Sdks\Microsoft.NET.Sdk\targets\Microsoft.NET.Sdk.targets(799,5): message :       ResolveReferences;
       C:\Program Files\dotnet\sdk\10.0.103\Sdks\Microsoft.NET.Sdk\targets\Microsoft.NET.Sdk.targets(799,5): message :       ResolveKeySource;
       C:\Program Files\dotnet\sdk\10.0.103\Sdks\Microsoft.NET.Sdk\targets\Microsoft.NET.Sdk.targets(799,5): message :       SetWin32ManifestProperties;
       C:\Program Files\dotnet\sdk\10.0.103\Sdks\Microsoft.NET.Sdk\targets\Microsoft.NET.Sdk.targets(799,5): message :       _SetPreferNativeArm64Win32ManifestProperties;
       C:\Program Files\dotnet\sdk\10.0.103\Sdks\Microsoft.NET.Sdk\targets\Microsoft.NET.Sdk.targets(799,5): message :       FindReferenceAssembliesForReferences;
       C:\Program Files\dotnet\sdk\10.0.103\Sdks\Microsoft.NET.Sdk\targets\Microsoft.NET.Sdk.targets(799,5): message :       _GenerateCompileInputs;
       C:\Program Files\dotnet\sdk\10.0.103\Sdks\Microsoft.NET.Sdk\targets\Microsoft.NET.Sdk.targets(799,5): message :       BeforeCompile;
       C:\Program Files\dotnet\sdk\10.0.103\Sdks\Microsoft.NET.Sdk\targets\Microsoft.NET.Sdk.targets(799,5): message :       _TimeStampBeforeCompile;
       C:\Program Files\dotnet\sdk\10.0.103\Sdks\Microsoft.NET.Sdk\targets\Microsoft.NET.Sdk.targets(799,5): message :       _GenerateCompileDependencyCache;
       C:\Program Files\dotnet\sdk\10.0.103\Sdks\Microsoft.NET.Sdk\targets\Microsoft.NET.Sdk.targets(799,5): message :       CoreCompile;
       C:\Program Files\dotnet\sdk\10.0.103\Sdks\Microsoft.NET.Sdk\targets\Microsoft.NET.Sdk.targets(799,5): message :       _TimeStampAfterCompile;
       C:\Program Files\dotnet\sdk\10.0.103\Sdks\Microsoft.NET.Sdk\targets\Microsoft.NET.Sdk.targets(799,5): message :       AfterCompile;
       C:\Program Files\dotnet\sdk\10.0.103\Sdks\Microsoft.NET.Sdk\targets\Microsoft.NET.Sdk.targets(799,5): message :     ”)
       C:\Program Files\dotnet\sdk\10.0.103\Sdks\Microsoft.NET.Sdk\targets\Microsoft.NET.Sdk.targets(1131,5): message : 在 C:\Program Files\dotnet\sdk\10.0.103\Sdks\Microsoft.NET.Sdk\targets\Microsoft.NET.Sdk.targets (1131,5) 处重新分配属性: $(CreateSatelliteAssembliesDependsOn)=“
       C:\Program Files\dotnet\sdk\10.0.103\Sdks\Microsoft.NET.Sdk\targets\Microsoft.NET.Sdk.targets(1131,5): message :       
       C:\Program Files\dotnet\sdk\10.0.103\Sdks\Microsoft.NET.Sdk\targets\Microsoft.NET.Sdk.targets(1131,5): message :       ;
       C:\Program Files\dotnet\sdk\10.0.103\Sdks\Microsoft.NET.Sdk\targets\Microsoft.NET.Sdk.targets(1131,5): message :       _GenerateSatelliteAssemblyInputs;
       C:\Program Files\dotnet\sdk\10.0.103\Sdks\Microsoft.NET.Sdk\targets\Microsoft.NET.Sdk.targets(1131,5): message :       ComputeIntermediateSatelliteAssemblies;
       C:\Program Files\dotnet\sdk\10.0.103\Sdks\Microsoft.NET.Sdk\targets\Microsoft.NET.Sdk.targets(1131,5): message :       GenerateSatelliteAssemblies
       C:\Program Files\dotnet\sdk\10.0.103\Sdks\Microsoft.NET.Sdk\targets\Microsoft.NET.Sdk.targets(1131,5): message :     ;
       C:\Program Files\dotnet\sdk\10.0.103\Sdks\Microsoft.NET.Sdk\targets\Microsoft.NET.Sdk.targets(1131,5): message :       CoreGenerateSatelliteAssemblies
       C:\Program Files\dotnet\sdk\10.0.103\Sdks\Microsoft.NET.Sdk\targets\Microsoft.NET.Sdk.targets(1131,5): message :     ”(先前值:“
       C:\Program Files\dotnet\sdk\10.0.103\Sdks\Microsoft.NET.Sdk\targets\Microsoft.NET.Sdk.targets(1131,5): message :       ;
       C:\Program Files\dotnet\sdk\10.0.103\Sdks\Microsoft.NET.Sdk\targets\Microsoft.NET.Sdk.targets(1131,5): message :       _GenerateSatelliteAssemblyInputs;
       C:\Program Files\dotnet\sdk\10.0.103\Sdks\Microsoft.NET.Sdk\targets\Microsoft.NET.Sdk.targets(1131,5): message :       ComputeIntermediateSatelliteAssemblies;
       C:\Program Files\dotnet\sdk\10.0.103\Sdks\Microsoft.NET.Sdk\targets\Microsoft.NET.Sdk.targets(1131,5): message :       GenerateSatelliteAssemblies
       C:\Program Files\dotnet\sdk\10.0.103\Sdks\Microsoft.NET.Sdk\targets\Microsoft.NET.Sdk.targets(1131,5): message :     ”)
       C:\Program Files\dotnet\sdk\10.0.103\Sdks\Microsoft.SourceLink.GitLab\build\Microsoft.SourceLink.GitLab.targets(12,5): message : 在 C:\Program Files\dotnet\sdk\10.0.103\Sdks\Microsoft.SourceLink.GitLab\build\Microsoft.SourceLink.GitLab.targets (12,5) 处重新分配属性: $(SourceLinkUrlInitializerTargets)=“;_InitializeGitHubSourceLinkUrl;_InitializeGitLabSourceLinkUrl”(先前值:“;_InitializeGitHubSourceLinkUrl”)
       C:\Program Files\dotnet\sdk\10.0.103\Sdks\Microsoft.SourceLink.GitLab\build\Microsoft.SourceLink.GitLab.targets(13,5): message : 在 C:\Program Files\dotnet\sdk\10.0.103\Sdks\Microsoft.SourceLink.GitLab\build\Microsoft.SourceLink.GitLab.targets (13,5) 处重新分配属性: $(SourceControlManagerUrlTranslationTargets)=“;TranslateGitHubUrlsInSourceControlInformation;TranslateGitLabUrlsInSourceControlInformation”(先前值:“;TranslateGitHubUrlsInSourceControlInformation”)
       C:\Program Files\dotnet\sdk\10.0.103\Sdks\Microsoft.SourceLink.AzureRepos.Git\build\Microsoft.SourceLink.AzureRepos.Git.targets(12,5): message : 在 C:\Program Files\dotnet\sdk\10.0.103\Sdks\Microsoft.SourceLink.AzureRepos.Git\build\Microsoft.SourceLink.AzureRepos.Git.targets (12,5) 处重新分配属性: $(SourceLinkUrlInitializerTargets)=“;_InitializeGitHubSourceLinkUrl;_InitializeGitLabSourceLinkUrl;_InitializeAzureReposGitSourceLinkUrl”(先前值:“;_InitializeGitHubSourceLinkUrl;_InitializeGitLabSourceLinkUrl”)
       C:\Program Files\dotnet\sdk\10.0.103\Sdks\Microsoft.SourceLink.AzureRepos.Git\build\Microsoft.SourceLink.AzureRepos.Git.targets(13,5): message : 在 C:\Program Files\dotnet\sdk\10.0.103\Sdks\Microsoft.SourceLink.AzureRepos.Git\build\Microsoft.SourceLink.AzureRepos.Git.targets (13,5) 处重新分配属性: $(SourceControlManagerUrlTranslationTargets)=“;TranslateGitHubUrlsInSourceControlInformation;TranslateGitLabUrlsInSourceControlInformation;TranslateAzureReposGitUrlsInSourceControlInformation”(先前值:“;TranslateGitHubUrlsInSourceControlInformation;TranslateGitLabUrlsInSourceControlInformation”)
       C:\Program Files\dotnet\sdk\10.0.103\Sdks\Microsoft.SourceLink.Bitbucket.Git\build\Microsoft.SourceLink.Bitbucket.Git.targets(12,5): message : 在 C:\Program Files\dotnet\sdk\10.0.103\Sdks\Microsoft.SourceLink.Bitbucket.Git\build\Microsoft.SourceLink.Bitbucket.Git.targets (12,5) 处重新分配属性: $(SourceLinkUrlInitializerTargets)=“;_InitializeGitHubSourceLinkUrl;_InitializeGitLabSourceLinkUrl;_InitializeAzureReposGitSourceLinkUrl;_InitializeBitbucketGitSourceLinkUrl”(先前值:“;_InitializeGitHubSourceLinkUrl;_InitializeGitLabSourceLinkUrl;_InitializeAzureReposGitSourceLinkUrl”)
       C:\Program Files\dotnet\sdk\10.0.103\Sdks\Microsoft.SourceLink.Bitbucket.Git\build\Microsoft.SourceLink.Bitbucket.Git.targets(13,5): message : 在 C:\Program Files\dotnet\sdk\10.0.103\Sdks\Microsoft.SourceLink.Bitbucket.Git\build\Microsoft.SourceLink.Bitbucket.Git.targets (13,5) 处重新分配属性: $(SourceControlManagerUrlTranslationTargets)=“;TranslateGitHubUrlsInSourceControlInformation;TranslateGitLabUrlsInSourceControlInformation;TranslateAzureReposGitUrlsInSourceControlInformation;TranslateBitbucketGitUrlsInSourceControlInformation”(先前值:“;TranslateGitHubUrlsInSourceControlInformation;TranslateGitLabUrlsInSourceControlInformation;TranslateAzureReposGitUrlsInSourceControlInformation”)
       C:\Program Files\dotnet\sdk\10.0.103\Sdks\Microsoft.NET.Sdk\targets\Microsoft.NET.DesignerSupport.targets(21,5): message : 在 C:\Program Files\dotnet\sdk\10.0.103\Sdks\Microsoft.NET.Sdk\targets\Microsoft.NET.DesignerSupport.targets (21,5) 处重新分配属性: $(DesignerRuntimeImplementationProjectOutputGroupDependsOn)=“
       C:\Program Files\dotnet\sdk\10.0.103\Sdks\Microsoft.NET.Sdk\targets\Microsoft.NET.DesignerSupport.targets(21,5): message :       
       C:\Program Files\dotnet\sdk\10.0.103\Sdks\Microsoft.NET.Sdk\targets\Microsoft.NET.DesignerSupport.targets(21,5): message :       ;
       C:\Program Files\dotnet\sdk\10.0.103\Sdks\Microsoft.NET.Sdk\targets\Microsoft.NET.DesignerSupport.targets(21,5): message :       
       C:\Program Files\dotnet\sdk\10.0.103\Sdks\Microsoft.NET.Sdk\targets\Microsoft.NET.DesignerSupport.targets(21,5): message :       ;
       C:\Program Files\dotnet\sdk\10.0.103\Sdks\Microsoft.NET.Sdk\targets\Microsoft.NET.DesignerSupport.targets(21,5): message :       BuildOnlySettings;
       C:\Program Files\dotnet\sdk\10.0.103\Sdks\Microsoft.NET.Sdk\targets\Microsoft.NET.DesignerSupport.targets(21,5): message :       PrepareForBuild;
       C:\Program Files\dotnet\sdk\10.0.103\Sdks\Microsoft.NET.Sdk\targets\Microsoft.NET.DesignerSupport.targets(21,5): message :       AssignTargetPaths;
       C:\Program Files\dotnet\sdk\10.0.103\Sdks\Microsoft.NET.Sdk\targets\Microsoft.NET.DesignerSupport.targets(21,5): message :       ResolveReferences
       C:\Program Files\dotnet\sdk\10.0.103\Sdks\Microsoft.NET.Sdk\targets\Microsoft.NET.DesignerSupport.targets(21,5): message :     
       C:\Program Files\dotnet\sdk\10.0.103\Sdks\Microsoft.NET.Sdk\targets\Microsoft.NET.DesignerSupport.targets(21,5): message :     ;
       C:\Program Files\dotnet\sdk\10.0.103\Sdks\Microsoft.NET.Sdk\targets\Microsoft.NET.DesignerSupport.targets(21,5): message :       _GenerateDesignerDepsFile;
       C:\Program Files\dotnet\sdk\10.0.103\Sdks\Microsoft.NET.Sdk\targets\Microsoft.NET.DesignerSupport.targets(21,5): message :       _GenerateDesignerRuntimeConfigFile;
       C:\Program Files\dotnet\sdk\10.0.103\Sdks\Microsoft.NET.Sdk\targets\Microsoft.NET.DesignerSupport.targets(21,5): message :       GetCopyToOutputDirectoryItems;
       C:\Program Files\dotnet\sdk\10.0.103\Sdks\Microsoft.NET.Sdk\targets\Microsoft.NET.DesignerSupport.targets(21,5): message :       _GatherDesignerShadowCopyFiles;
       C:\Program Files\dotnet\sdk\10.0.103\Sdks\Microsoft.NET.Sdk\targets\Microsoft.NET.DesignerSupport.targets(21,5): message :     ”(先前值:“
       C:\Program Files\dotnet\sdk\10.0.103\Sdks\Microsoft.NET.Sdk\targets\Microsoft.NET.DesignerSupport.targets(21,5): message :       ;
       C:\Program Files\dotnet\sdk\10.0.103\Sdks\Microsoft.NET.Sdk\targets\Microsoft.NET.DesignerSupport.targets(21,5): message :       
       C:\Program Files\dotnet\sdk\10.0.103\Sdks\Microsoft.NET.Sdk\targets\Microsoft.NET.DesignerSupport.targets(21,5): message :       ;
       C:\Program Files\dotnet\sdk\10.0.103\Sdks\Microsoft.NET.Sdk\targets\Microsoft.NET.DesignerSupport.targets(21,5): message :       BuildOnlySettings;
       C:\Program Files\dotnet\sdk\10.0.103\Sdks\Microsoft.NET.Sdk\targets\Microsoft.NET.DesignerSupport.targets(21,5): message :       PrepareForBuild;
       C:\Program Files\dotnet\sdk\10.0.103\Sdks\Microsoft.NET.Sdk\targets\Microsoft.NET.DesignerSupport.targets(21,5): message :       AssignTargetPaths;
       C:\Program Files\dotnet\sdk\10.0.103\Sdks\Microsoft.NET.Sdk\targets\Microsoft.NET.DesignerSupport.targets(21,5): message :       ResolveReferences
       C:\Program Files\dotnet\sdk\10.0.103\Sdks\Microsoft.NET.Sdk\targets\Microsoft.NET.DesignerSupport.targets(21,5): message :     
       C:\Program Files\dotnet\sdk\10.0.103\Sdks\Microsoft.NET.Sdk\targets\Microsoft.NET.DesignerSupport.targets(21,5): message :     ”)
       C:\Program Files\dotnet\sdk\10.0.103\Sdks\Microsoft.NET.Sdk\targets\Microsoft.NET.Sdk.CSharp.targets(31,5): message : 在 C:\Program Files\dotnet\sdk\10.0.103\Sdks\Microsoft.NET.Sdk\targets\Microsoft.NET.Sdk.CSharp.targets (31,5) 处重新分配属性: $(DefineConstants)=“TRACE;DEBUG”(先前值:“TRACE”)
       C:\Program Files\dotnet\sdk\10.0.103\Sdks\Microsoft.NET.Sdk\targets\Microsoft.NET.Sdk.CSharp.targets(45,5): message : 在 C:\Program Files\dotnet\sdk\10.0.103\Sdks\Microsoft.NET.Sdk\targets\Microsoft.NET.Sdk.CSharp.targets (45,5) 处重新分配属性: $(WarningsAsErrors)=“;NU1605;SYSLIB0011”(先前值:“;NU1605”)
       C:\Program Files\dotnet\sdk\10.0.103\Sdks\Microsoft.NET.Sdk\targets\Microsoft.NET.Windows.targets(49,5): message : 在 C:\Program Files\dotnet\sdk\10.0.103\Sdks\Microsoft.NET.Sdk\targets\Microsoft.NET.Windows.targets (49,5) 处重新分配属性: $(TargetPlatformVersion)=“7.0”(先前值:“”)
       C:\Program Files\dotnet\sdk\10.0.103\Sdks\Microsoft.NET.Sdk\targets\Microsoft.NET.Windows.targets(50,5): message : 在 C:\Program Files\dotnet\sdk\10.0.103\Sdks\Microsoft.NET.Sdk\targets\Microsoft.NET.Windows.targets (50,5) 处重新分配属性: $(EffectiveTargetPlatformVersion)=“7.0”(先前值:“”)
       C:\Program Files\dotnet\sdk\10.0.103\Sdks\Microsoft.NET.Sdk\targets\Microsoft.NET.Windows.targets(60,5): message : 在 C:\Program Files\dotnet\sdk\10.0.103\Sdks\Microsoft.NET.Sdk\targets\Microsoft.NET.Windows.targets (60,5) 处重新分配属性: $(SupportedOSPlatformVersion)=“7.0”(先前值:“”)
       C:\Program Files\dotnet\sdk\10.0.103\Sdks\Microsoft.NET.Sdk\targets\Microsoft.NET.Windows.targets(61,5): message : 在 C:\Program Files\dotnet\sdk\10.0.103\Sdks\Microsoft.NET.Sdk\targets\Microsoft.NET.Windows.targets (61,5) 处重新分配属性: $(TargetPlatformMinVersion)=“7.0”(先前值:“”)
       C:\Program Files\dotnet\sdk\10.0.103\Sdks\Microsoft.NET.Sdk\targets\Microsoft.NET.Windows.targets(239,5): message : 在 C:\Program Files\dotnet\sdk\10.0.103\Sdks\Microsoft.NET.Sdk\targets\Microsoft.NET.Windows.targets (239,5) 处重新分配属性: $(_RunCsWinRTGeneratorPropertyInputsCachePath)=“E:\ProjectMy\WebViewHub\obj\Debug\net8.0-windows\WebViewHub.cswinrtgen.cache”(先前值:“obj\Debug\net8.0-windows\WebViewHub.cswinrtgen.cache”)
       C:\Program Files\dotnet\sdk\10.0.103\Sdks\Microsoft.NET.Sdk\targets\Microsoft.NET.Sdk.targets(1497,5): message : 在 C:\Program Files\dotnet\sdk\10.0.103\Sdks\Microsoft.NET.Sdk\targets\Microsoft.NET.Sdk.targets (1497,5) 处重新分配属性: $(TargetPlatformDisplayName)=“Windows 7.0”(先前值:“Windows ”)
       C:\Program Files\dotnet\sdk\10.0.103\Sdks\Microsoft.NET.Sdk.WindowsDesktop\targets\Microsoft.NET.Sdk.WindowsDesktop.targets(51,5): message : 在 C:\Program Files\dotnet\sdk\10.0.103\Sdks\Microsoft.NET.Sdk.WindowsDesktop\targets\Microsoft.NET.Sdk.WindowsDesktop.targets (51,5) 处重新分配属性: $(_TargetFrameworkVersionValue)=“8.0”(先前值:“0.0”)
       C:\Program Files\dotnet\sdk\10.0.103\Sdks\Microsoft.NET.Sdk.WindowsDesktop\targets\Microsoft.WinFX.targets(61,7): message : 在 C:\Program Files\dotnet\sdk\10.0.103\Sdks\Microsoft.NET.Sdk.WindowsDesktop\targets\Microsoft.WinFX.targets (61,7) 处重新分配属性: $(PrepareResourceNamesDependsOn)=“
       C:\Program Files\dotnet\sdk\10.0.103\Sdks\Microsoft.NET.Sdk.WindowsDesktop\targets\Microsoft.WinFX.targets(61,7): message :                     AssignWinFXEmbeddedResource;
       C:\Program Files\dotnet\sdk\10.0.103\Sdks\Microsoft.NET.Sdk.WindowsDesktop\targets\Microsoft.WinFX.targets(61,7): message :                     
       C:\Program Files\dotnet\sdk\10.0.103\Sdks\Microsoft.NET.Sdk.WindowsDesktop\targets\Microsoft.WinFX.targets(61,7): message :       AssignTargetPaths;
       C:\Program Files\dotnet\sdk\10.0.103\Sdks\Microsoft.NET.Sdk.WindowsDesktop\targets\Microsoft.WinFX.targets(61,7): message :       SplitResourcesByCulture;
       C:\Program Files\dotnet\sdk\10.0.103\Sdks\Microsoft.NET.Sdk.WindowsDesktop\targets\Microsoft.WinFX.targets(61,7): message :       CreateManifestResourceNames;
       C:\Program Files\dotnet\sdk\10.0.103\Sdks\Microsoft.NET.Sdk.WindowsDesktop\targets\Microsoft.WinFX.targets(61,7): message :       CreateCustomManifestResourceNames
       C:\Program Files\dotnet\sdk\10.0.103\Sdks\Microsoft.NET.Sdk.WindowsDesktop\targets\Microsoft.WinFX.targets(61,7): message :     
       C:\Program Files\dotnet\sdk\10.0.103\Sdks\Microsoft.NET.Sdk.WindowsDesktop\targets\Microsoft.WinFX.targets(61,7): message :       ”(先前值:“
       C:\Program Files\dotnet\sdk\10.0.103\Sdks\Microsoft.NET.Sdk.WindowsDesktop\targets\Microsoft.WinFX.targets(61,7): message :       AssignTargetPaths;
       C:\Program Files\dotnet\sdk\10.0.103\Sdks\Microsoft.NET.Sdk.WindowsDesktop\targets\Microsoft.WinFX.targets(61,7): message :       SplitResourcesByCulture;
       C:\Program Files\dotnet\sdk\10.0.103\Sdks\Microsoft.NET.Sdk.WindowsDesktop\targets\Microsoft.WinFX.targets(61,7): message :       CreateManifestResourceNames;
       C:\Program Files\dotnet\sdk\10.0.103\Sdks\Microsoft.NET.Sdk.WindowsDesktop\targets\Microsoft.WinFX.targets(61,7): message :       CreateCustomManifestResourceNames
       C:\Program Files\dotnet\sdk\10.0.103\Sdks\Microsoft.NET.Sdk.WindowsDesktop\targets\Microsoft.WinFX.targets(61,7): message :     ”)
       C:\Program Files\dotnet\sdk\10.0.103\Sdks\Microsoft.NET.Sdk.WindowsDesktop\targets\Microsoft.WinFX.targets(69,7): message : 在 C:\Program Files\dotnet\sdk\10.0.103\Sdks\Microsoft.NET.Sdk.WindowsDesktop\targets\Microsoft.WinFX.targets (69,7) 处重新分配属性: $(PrepareResourcesDependsOn)=“
       C:\Program Files\dotnet\sdk\10.0.103\Sdks\Microsoft.NET.Sdk.WindowsDesktop\targets\Microsoft.WinFX.targets(69,7): message :                 MarkupCompilePass1;
       C:\Program Files\dotnet\sdk\10.0.103\Sdks\Microsoft.NET.Sdk.WindowsDesktop\targets\Microsoft.WinFX.targets(69,7): message :                 AfterMarkupCompilePass1;
       C:\Program Files\dotnet\sdk\10.0.103\Sdks\Microsoft.NET.Sdk.WindowsDesktop\targets\Microsoft.WinFX.targets(69,7): message :                 MarkupCompilePass2ForMainAssembly;
       C:\Program Files\dotnet\sdk\10.0.103\Sdks\Microsoft.NET.Sdk.WindowsDesktop\targets\Microsoft.WinFX.targets(69,7): message :                 FileClassification;
       C:\Program Files\dotnet\sdk\10.0.103\Sdks\Microsoft.NET.Sdk.WindowsDesktop\targets\Microsoft.WinFX.targets(69,7): message :                 MainResourcesGeneration;
       C:\Program Files\dotnet\sdk\10.0.103\Sdks\Microsoft.NET.Sdk.WindowsDesktop\targets\Microsoft.WinFX.targets(69,7): message :                 
       C:\Program Files\dotnet\sdk\10.0.103\Sdks\Microsoft.NET.Sdk.WindowsDesktop\targets\Microsoft.WinFX.targets(69,7): message :       ResolvePackageDependenciesForBuild;
       C:\Program Files\dotnet\sdk\10.0.103\Sdks\Microsoft.NET.Sdk.WindowsDesktop\targets\Microsoft.WinFX.targets(69,7): message :       _HandlePackageFileConflicts;
       C:\Program Files\dotnet\sdk\10.0.103\Sdks\Microsoft.NET.Sdk.WindowsDesktop\targets\Microsoft.WinFX.targets(69,7): message :       
       C:\Program Files\dotnet\sdk\10.0.103\Sdks\Microsoft.NET.Sdk.WindowsDesktop\targets\Microsoft.WinFX.targets(69,7): message :       ;
       C:\Program Files\dotnet\sdk\10.0.103\Sdks\Microsoft.NET.Sdk.WindowsDesktop\targets\Microsoft.WinFX.targets(69,7): message :       PrepareResourceNames;
       C:\Program Files\dotnet\sdk\10.0.103\Sdks\Microsoft.NET.Sdk.WindowsDesktop\targets\Microsoft.WinFX.targets(69,7): message :       ResGen;
       C:\Program Files\dotnet\sdk\10.0.103\Sdks\Microsoft.NET.Sdk.WindowsDesktop\targets\Microsoft.WinFX.targets(69,7): message :       CompileLicxFiles
       C:\Program Files\dotnet\sdk\10.0.103\Sdks\Microsoft.NET.Sdk.WindowsDesktop\targets\Microsoft.WinFX.targets(69,7): message :     
       C:\Program Files\dotnet\sdk\10.0.103\Sdks\Microsoft.NET.Sdk.WindowsDesktop\targets\Microsoft.WinFX.targets(69,7): message :     
       C:\Program Files\dotnet\sdk\10.0.103\Sdks\Microsoft.NET.Sdk.WindowsDesktop\targets\Microsoft.WinFX.targets(69,7): message :       ”(先前值:“
       C:\Program Files\dotnet\sdk\10.0.103\Sdks\Microsoft.NET.Sdk.WindowsDesktop\targets\Microsoft.WinFX.targets(69,7): message :       ResolvePackageDependenciesForBuild;
       C:\Program Files\dotnet\sdk\10.0.103\Sdks\Microsoft.NET.Sdk.WindowsDesktop\targets\Microsoft.WinFX.targets(69,7): message :       _HandlePackageFileConflicts;
       C:\Program Files\dotnet\sdk\10.0.103\Sdks\Microsoft.NET.Sdk.WindowsDesktop\targets\Microsoft.WinFX.targets(69,7): message :       
       C:\Program Files\dotnet\sdk\10.0.103\Sdks\Microsoft.NET.Sdk.WindowsDesktop\targets\Microsoft.WinFX.targets(69,7): message :       ;
       C:\Program Files\dotnet\sdk\10.0.103\Sdks\Microsoft.NET.Sdk.WindowsDesktop\targets\Microsoft.WinFX.targets(69,7): message :       PrepareResourceNames;
       C:\Program Files\dotnet\sdk\10.0.103\Sdks\Microsoft.NET.Sdk.WindowsDesktop\targets\Microsoft.WinFX.targets(69,7): message :       ResGen;
       C:\Program Files\dotnet\sdk\10.0.103\Sdks\Microsoft.NET.Sdk.WindowsDesktop\targets\Microsoft.WinFX.targets(69,7): message :       CompileLicxFiles
       C:\Program Files\dotnet\sdk\10.0.103\Sdks\Microsoft.NET.Sdk.WindowsDesktop\targets\Microsoft.WinFX.targets(69,7): message :     
       C:\Program Files\dotnet\sdk\10.0.103\Sdks\Microsoft.NET.Sdk.WindowsDesktop\targets\Microsoft.WinFX.targets(69,7): message :     ”)
       C:\Program Files\dotnet\sdk\10.0.103\Sdks\Microsoft.NET.Sdk.WindowsDesktop\targets\Microsoft.WinFX.targets(136,5): message : 在 C:\Program Files\dotnet\sdk\10.0.103\Sdks\Microsoft.NET.Sdk.WindowsDesktop\targets\Microsoft.WinFX.targets (136,5) 处重新分配属性: $(CompileDependsOn)=“
       C:\Program Files\dotnet\sdk\10.0.103\Sdks\Microsoft.NET.Sdk.WindowsDesktop\targets\Microsoft.WinFX.targets(136,5): message :         
       C:\Program Files\dotnet\sdk\10.0.103\Sdks\Microsoft.NET.Sdk.WindowsDesktop\targets\Microsoft.WinFX.targets(136,5): message :       
       C:\Program Files\dotnet\sdk\10.0.103\Sdks\Microsoft.NET.Sdk.WindowsDesktop\targets\Microsoft.WinFX.targets(136,5): message :       ResolveReferences;
       C:\Program Files\dotnet\sdk\10.0.103\Sdks\Microsoft.NET.Sdk.WindowsDesktop\targets\Microsoft.WinFX.targets(136,5): message :       ResolveKeySource;
       C:\Program Files\dotnet\sdk\10.0.103\Sdks\Microsoft.NET.Sdk.WindowsDesktop\targets\Microsoft.WinFX.targets(136,5): message :       SetWin32ManifestProperties;
       C:\Program Files\dotnet\sdk\10.0.103\Sdks\Microsoft.NET.Sdk.WindowsDesktop\targets\Microsoft.WinFX.targets(136,5): message :       _SetPreferNativeArm64Win32ManifestProperties;
       C:\Program Files\dotnet\sdk\10.0.103\Sdks\Microsoft.NET.Sdk.WindowsDesktop\targets\Microsoft.WinFX.targets(136,5): message :       FindReferenceAssembliesForReferences;
       C:\Program Files\dotnet\sdk\10.0.103\Sdks\Microsoft.NET.Sdk.WindowsDesktop\targets\Microsoft.WinFX.targets(136,5): message :       _GenerateCompileInputs;
       C:\Program Files\dotnet\sdk\10.0.103\Sdks\Microsoft.NET.Sdk.WindowsDesktop\targets\Microsoft.WinFX.targets(136,5): message :       BeforeCompile;
       C:\Program Files\dotnet\sdk\10.0.103\Sdks\Microsoft.NET.Sdk.WindowsDesktop\targets\Microsoft.WinFX.targets(136,5): message :       _TimeStampBeforeCompile;
       C:\Program Files\dotnet\sdk\10.0.103\Sdks\Microsoft.NET.Sdk.WindowsDesktop\targets\Microsoft.WinFX.targets(136,5): message :       _GenerateCompileDependencyCache;
       C:\Program Files\dotnet\sdk\10.0.103\Sdks\Microsoft.NET.Sdk.WindowsDesktop\targets\Microsoft.WinFX.targets(136,5): message :       CoreCompile;
       C:\Program Files\dotnet\sdk\10.0.103\Sdks\Microsoft.NET.Sdk.WindowsDesktop\targets\Microsoft.WinFX.targets(136,5): message :       _TimeStampAfterCompile;
       C:\Program Files\dotnet\sdk\10.0.103\Sdks\Microsoft.NET.Sdk.WindowsDesktop\targets\Microsoft.WinFX.targets(136,5): message :       AfterCompile;
       C:\Program Files\dotnet\sdk\10.0.103\Sdks\Microsoft.NET.Sdk.WindowsDesktop\targets\Microsoft.WinFX.targets(136,5): message :     ;
       C:\Program Files\dotnet\sdk\10.0.103\Sdks\Microsoft.NET.Sdk.WindowsDesktop\targets\Microsoft.WinFX.targets(136,5): message :       _CreateAppHost;
       C:\Program Files\dotnet\sdk\10.0.103\Sdks\Microsoft.NET.Sdk.WindowsDesktop\targets\Microsoft.WinFX.targets(136,5): message :       _CreateComHost;
       C:\Program Files\dotnet\sdk\10.0.103\Sdks\Microsoft.NET.Sdk.WindowsDesktop\targets\Microsoft.WinFX.targets(136,5): message :       _GetIjwHostPaths;
       C:\Program Files\dotnet\sdk\10.0.103\Sdks\Microsoft.NET.Sdk.WindowsDesktop\targets\Microsoft.WinFX.targets(136,5): message :     ;
       C:\Program Files\dotnet\sdk\10.0.103\Sdks\Microsoft.NET.Sdk.WindowsDesktop\targets\Microsoft.WinFX.targets(136,5): message :         _AfterCompileWinFXInternal
       C:\Program Files\dotnet\sdk\10.0.103\Sdks\Microsoft.NET.Sdk.WindowsDesktop\targets\Microsoft.WinFX.targets(136,5): message :     ”(先前值:“
       C:\Program Files\dotnet\sdk\10.0.103\Sdks\Microsoft.NET.Sdk.WindowsDesktop\targets\Microsoft.WinFX.targets(136,5): message :       
       C:\Program Files\dotnet\sdk\10.0.103\Sdks\Microsoft.NET.Sdk.WindowsDesktop\targets\Microsoft.WinFX.targets(136,5): message :       ResolveReferences;
       C:\Program Files\dotnet\sdk\10.0.103\Sdks\Microsoft.NET.Sdk.WindowsDesktop\targets\Microsoft.WinFX.targets(136,5): message :       ResolveKeySource;
       C:\Program Files\dotnet\sdk\10.0.103\Sdks\Microsoft.NET.Sdk.WindowsDesktop\targets\Microsoft.WinFX.targets(136,5): message :       SetWin32ManifestProperties;
       C:\Program Files\dotnet\sdk\10.0.103\Sdks\Microsoft.NET.Sdk.WindowsDesktop\targets\Microsoft.WinFX.targets(136,5): message :       _SetPreferNativeArm64Win32ManifestProperties;
       C:\Program Files\dotnet\sdk\10.0.103\Sdks\Microsoft.NET.Sdk.WindowsDesktop\targets\Microsoft.WinFX.targets(136,5): message :       FindReferenceAssembliesForReferences;
       C:\Program Files\dotnet\sdk\10.0.103\Sdks\Microsoft.NET.Sdk.WindowsDesktop\targets\Microsoft.WinFX.targets(136,5): message :       _GenerateCompileInputs;
       C:\Program Files\dotnet\sdk\10.0.103\Sdks\Microsoft.NET.Sdk.WindowsDesktop\targets\Microsoft.WinFX.targets(136,5): message :       BeforeCompile;
       C:\Program Files\dotnet\sdk\10.0.103\Sdks\Microsoft.NET.Sdk.WindowsDesktop\targets\Microsoft.WinFX.targets(136,5): message :       _TimeStampBeforeCompile;
       C:\Program Files\dotnet\sdk\10.0.103\Sdks\Microsoft.NET.Sdk.WindowsDesktop\targets\Microsoft.WinFX.targets(136,5): message :       _GenerateCompileDependencyCache;
       C:\Program Files\dotnet\sdk\10.0.103\Sdks\Microsoft.NET.Sdk.WindowsDesktop\targets\Microsoft.WinFX.targets(136,5): message :       CoreCompile;
       C:\Program Files\dotnet\sdk\10.0.103\Sdks\Microsoft.NET.Sdk.WindowsDesktop\targets\Microsoft.WinFX.targets(136,5): message :       _TimeStampAfterCompile;
       C:\Program Files\dotnet\sdk\10.0.103\Sdks\Microsoft.NET.Sdk.WindowsDesktop\targets\Microsoft.WinFX.targets(136,5): message :       AfterCompile;
       C:\Program Files\dotnet\sdk\10.0.103\Sdks\Microsoft.NET.Sdk.WindowsDesktop\targets\Microsoft.WinFX.targets(136,5): message :     ;
       C:\Program Files\dotnet\sdk\10.0.103\Sdks\Microsoft.NET.Sdk.WindowsDesktop\targets\Microsoft.WinFX.targets(136,5): message :       _CreateAppHost;
       C:\Program Files\dotnet\sdk\10.0.103\Sdks\Microsoft.NET.Sdk.WindowsDesktop\targets\Microsoft.WinFX.targets(136,5): message :       _CreateComHost;
       C:\Program Files\dotnet\sdk\10.0.103\Sdks\Microsoft.NET.Sdk.WindowsDesktop\targets\Microsoft.WinFX.targets(136,5): message :       _GetIjwHostPaths;
       C:\Program Files\dotnet\sdk\10.0.103\Sdks\Microsoft.NET.Sdk.WindowsDesktop\targets\Microsoft.WinFX.targets(136,5): message :     ”)
       C:\Program Files\dotnet\sdk\10.0.103\Sdks\Microsoft.NET.Sdk.WindowsDesktop\targets\Microsoft.WinFX.targets(803,9): message : 在 C:\Program Files\dotnet\sdk\10.0.103\Sdks\Microsoft.NET.Sdk.WindowsDesktop\targets\Microsoft.WinFX.targets (803,9) 处重新分配属性: $(PublishBuildDependsOn)=“
       C:\Program Files\dotnet\sdk\10.0.103\Sdks\Microsoft.NET.Sdk.WindowsDesktop\targets\Microsoft.WinFX.targets(803,9): message :             BuildOnlySettings;
       C:\Program Files\dotnet\sdk\10.0.103\Sdks\Microsoft.NET.Sdk.WindowsDesktop\targets\Microsoft.WinFX.targets(803,9): message :             PrepareForBuild;
       C:\Program Files\dotnet\sdk\10.0.103\Sdks\Microsoft.NET.Sdk.WindowsDesktop\targets\Microsoft.WinFX.targets(803,9): message :             ResolveReferences;
       C:\Program Files\dotnet\sdk\10.0.103\Sdks\Microsoft.NET.Sdk.WindowsDesktop\targets\Microsoft.WinFX.targets(803,9): message :             PrepareResources;
       C:\Program Files\dotnet\sdk\10.0.103\Sdks\Microsoft.NET.Sdk.WindowsDesktop\targets\Microsoft.WinFX.targets(803,9): message :             ResolveKeySource;
       C:\Program Files\dotnet\sdk\10.0.103\Sdks\Microsoft.NET.Sdk.WindowsDesktop\targets\Microsoft.WinFX.targets(803,9): message :             PrepareResourcesForSatelliteAssemblies;
       C:\Program Files\dotnet\sdk\10.0.103\Sdks\Microsoft.NET.Sdk.WindowsDesktop\targets\Microsoft.WinFX.targets(803,9): message :             GenerateSerializationAssemblies;
       C:\Program Files\dotnet\sdk\10.0.103\Sdks\Microsoft.NET.Sdk.WindowsDesktop\targets\Microsoft.WinFX.targets(803,9): message :             CreateSatelliteAssemblies;
       C:\Program Files\dotnet\sdk\10.0.103\Sdks\Microsoft.NET.Sdk.WindowsDesktop\targets\Microsoft.WinFX.targets(803,9): message :         ”(先前值:“
       C:\Program Files\dotnet\sdk\10.0.103\Sdks\Microsoft.NET.Sdk.WindowsDesktop\targets\Microsoft.WinFX.targets(803,9): message :       BuildOnlySettings;
       C:\Program Files\dotnet\sdk\10.0.103\Sdks\Microsoft.NET.Sdk.WindowsDesktop\targets\Microsoft.WinFX.targets(803,9): message :       PrepareForBuild;
       C:\Program Files\dotnet\sdk\10.0.103\Sdks\Microsoft.NET.Sdk.WindowsDesktop\targets\Microsoft.WinFX.targets(803,9): message :       ResolveReferences;
       C:\Program Files\dotnet\sdk\10.0.103\Sdks\Microsoft.NET.Sdk.WindowsDesktop\targets\Microsoft.WinFX.targets(803,9): message :       PrepareResources;
       C:\Program Files\dotnet\sdk\10.0.103\Sdks\Microsoft.NET.Sdk.WindowsDesktop\targets\Microsoft.WinFX.targets(803,9): message :       ResolveKeySource;
       C:\Program Files\dotnet\sdk\10.0.103\Sdks\Microsoft.NET.Sdk.WindowsDesktop\targets\Microsoft.WinFX.targets(803,9): message :       GenerateSerializationAssemblies;
       C:\Program Files\dotnet\sdk\10.0.103\Sdks\Microsoft.NET.Sdk.WindowsDesktop\targets\Microsoft.WinFX.targets(803,9): message :       CreateSatelliteAssemblies;
       C:\Program Files\dotnet\sdk\10.0.103\Sdks\Microsoft.NET.Sdk.WindowsDesktop\targets\Microsoft.WinFX.targets(803,9): message :     ”)
       C:\Program Files\dotnet\sdk\10.0.103\NuGet.Build.Tasks.Pack.targets(34,5): message : 在 C:\Program Files\dotnet\sdk\10.0.103\NuGet.Build.Tasks.Pack.targets (34,5) 处重新分配属性: $(PackageDescription)=“Package Description”(先前值:“”)
       C:\Program Files\dotnet\sdk\10.0.103\NuGet.Build.Tasks.Pack.targets(59,5): message : 在 C:\Program Files\dotnet\sdk\10.0.103\NuGet.Build.Tasks.Pack.targets (59,5) 处重新分配属性: $(GenerateNuspecDependsOn)=“Build;_LoadPackInputItems; _GetTargetFrameworksOutput; _WalkEachTargetPerFramework; _GetPackageFiles; ”(先前值:“_LoadPackInputItems; _GetTargetFrameworksOutput; _WalkEachTargetPerFramework; _GetPackageFiles; ”)
       C:\Program Files\dotnet\sdk\10.0.103\Sdks\Microsoft.NET.Sdk\Sdk\Sdk.targets(59,5): message : 在 C:\Program Files\dotnet\sdk\10.0.103\Sdks\Microsoft.NET.Sdk\Sdk\Sdk.targets (59,5) 处重新分配属性: $(_IsNotSetContainersTargetsDir)=“true”(先前值:“false”)
       C:\Program Files\dotnet\sdk\10.0.103\Containers\build\Microsoft.NET.Build.Containers.targets(5,5): message : 在 C:\Program Files\dotnet\sdk\10.0.103\Containers\build\Microsoft.NET.Build.Containers.targets (5,5) 处重新分配属性: $(_IsSDKContainerAllowedVersion)=“true”(先前值:“false”)
       C:\Program Files\dotnet\sdk\10.0.103\Containers\build\Microsoft.NET.Build.Containers.targets(15,5): message : 在 C:\Program Files\dotnet\sdk\10.0.103\Containers\build\Microsoft.NET.Build.Containers.targets (15,5) 处重新分配属性: $(_ContainerIsTargetingNet8TFM)=“true”(先前值:“false”)
       正在使用项目“C:\Program Files\dotnet\sdk\10.0.103\Sdks\Microsoft.NET.Sdk\targets\Microsoft.NET.Sdk.FrameworkReferenceResolution.targets”中的目标“ResolveFrameworkReferences”重写项目“C:\Program Files\dotnet\sdk\10.0.103\Microsoft.Common.CurrentVersion.targets”中的目标“ResolveFrameworkReferences”。
       正在使用项目“C:\Program Files\dotnet\sdk\10.0.103\Sdks\Microsoft.NET.Sdk\targets\Microsoft.NET.Sdk.targets”中的目标“GenerateSupportedTargetFrameworkAlias”重写项目“C:\Program Files\dotnet\sdk\10.0.103\Microsoft.Common.CurrentVersion.targets”中的目标“GenerateSupportedTargetFrameworkAlias”。
       正在使用项目“C:\Program Files\dotnet\sdk\10.0.103\Sdks\Microsoft.NET.Sdk\targets\Microsoft.NET.DisableStandardFrameworkResolution.targets”中的目标“GetReferenceAssemblyPaths”重写项目“C:\Program Files\dotnet\sdk\10.0.103\Microsoft.Common.CurrentVersion.targets”中的目标“GetReferenceAssemblyPaths”。
       正在使用项目“C:\Program Files\dotnet\sdk\10.0.103\Sdks\Microsoft.NET.Sdk\targets\Microsoft.NET.DisableStandardFrameworkResolution.targets”中的目标“GetFrameworkPaths”重写项目“C:\Program Files\dotnet\sdk\10.0.103\Microsoft.Common.CurrentVersion.targets”中的目标“GetFrameworkPaths”。
       正在使用项目“C:\Program Files\dotnet\sdk\10.0.103\Sdks\Microsoft.NET.Sdk\targets\Microsoft.NET.DesignerSupport.targets”中的目标“DesignerRuntimeImplementationProjectOutputGroup”重写项目“C:\Program Files\dotnet\sdk\10.0.103\Microsoft.Common.CurrentVersion.targets”中的目标“DesignerRuntimeImplementationProjectOutputGroup”。
       正在使用项目“C:\Program Files\dotnet\sdk\10.0.103\Sdks\Microsoft.NET.Sdk\targets\Microsoft.NET.Publish.targets”中的目标“Publish”重写项目“C:\Program Files\dotnet\sdk\10.0.103\Microsoft.Common.CurrentVersion.targets”中的目标“Publish”。
       正在使用项目“C:\Program Files\dotnet\sdk\10.0.103\Sdks\Microsoft.NET.Sdk\targets\Microsoft.NET.Publish.targets”中的目标“ResolveReadyToRunCompilers”重写项目“C:\Program Files\dotnet\sdk\10.0.103\Sdks\Microsoft.NET.Sdk\targets\Microsoft.NET.CrossGen.targets”中的目标“ResolveReadyToRunCompilers”。
       正在使用项目“C:\Program Files\dotnet\sdk\10.0.103\Sdks\Microsoft.NET.Sdk\targets\Microsoft.NET.Publish.targets”中的目标“GetCopyToPublishDirectoryItems”重写项目“C:\Program Files\dotnet\sdk\10.0.103\Microsoft.Common.CurrentVersion.targets”中的目标“GetCopyToPublishDirectoryItems”。
       正在使用项目“C:\Program Files\dotnet\sdk\10.0.103\Sdks\Microsoft.NET.Sdk\targets\Microsoft.NET.Sdk.targets”中的目标“Run”重写项目“C:\Program Files\dotnet\sdk\10.0.103\Microsoft.Common.CurrentVersion.targets”中的目标“Run”。
       正在使用项目“C:\Program Files\dotnet\sdk\10.0.103\Sdks\Microsoft.NET.Sdk.WindowsDesktop\targets\Microsoft.WinFX.targets”中的目标“SatelliteDllsProjectOutputGroup”重写项目“C:\Program Files\dotnet\sdk\10.0.103\Microsoft.Common.CurrentVersion.targets”中的目标“SatelliteDllsProjectOutputGroup”。
     1>项目“E:\ProjectMy\WebViewHub\WebViewHub.csproj”(1)正在节点 1 上生成“E:\ProjectMy\WebViewHub\WebViewHub.csproj”(1:2) (_IsProjectRestoreSupported 个目标)。
   1:2>来自项目“E:\ProjectMy\WebViewHub\WebViewHub.csproj”的文件“C:\Program Files\dotnet\sdk\10.0.103\NuGet.targets”中的目标“_IsProjectRestoreSupported”(入口点):
   1:2>已完成在项目“WebViewHub.csproj”中生成目标“_IsProjectRestoreSupported”的操作。
   1:2>已完成生成项目“E:\ProjectMy\WebViewHub\WebViewHub.csproj”(_IsProjectRestoreSupported 个目标)的操作。
     1>已完成执行任务“MSBuild”的操作。
       在 TaskRun 期间加载的程序集: NuGet.Build.Tasks, Version=7.0.2.0, Culture=neutral, PublicKeyToken=31bf3856ad364e35 (位置: C:\Program Files\dotnet\sdk\10.0.103\NuGet.Build.Tasks.dll，MVID: c55bf910-9abe-4187-805d-dad3881bc30c，AssemblyLoadContext: MSBuild plugin C:\Program Files\dotnet\sdk\10.0.103\NuGet.Build.Tasks.dll)
       在 TaskRun 期间加载的程序集: NuGet.Common, Version=7.0.2.0, Culture=neutral, PublicKeyToken=31bf3856ad364e35 (位置: C:\Program Files\dotnet\sdk\10.0.103\NuGet.Common.dll，MVID: 9a75e9a2-ebcf-4c20-863c-86b8d21a910c，AssemblyLoadContext: MSBuild plugin C:\Program Files\dotnet\sdk\10.0.103\NuGet.Build.Tasks.dll)
       在 TaskRun 期间加载的程序集: NuGet.Commands, Version=7.0.2.0, Culture=neutral, PublicKeyToken=31bf3856ad364e35 (位置: C:\Program Files\dotnet\sdk\10.0.103\NuGet.Commands.dll，MVID: 678affb3-c99b-4423-9cb9-5b8405af771f，AssemblyLoadContext: MSBuild plugin C:\Program Files\dotnet\sdk\10.0.103\NuGet.Build.Tasks.dll)
       在 TaskRun 期间加载的程序集: NuGet.ProjectModel, Version=7.0.2.0, Culture=neutral, PublicKeyToken=31bf3856ad364e35 (位置: C:\Program Files\dotnet\sdk\10.0.103\NuGet.ProjectModel.dll，MVID: 186e02d1-69bd-4fe8-b063-002229001751，AssemblyLoadContext: MSBuild plugin C:\Program Files\dotnet\sdk\10.0.103\NuGet.Build.Tasks.dll)
       正在使用程序集“C:\Program Files\dotnet\sdk\10.0.103\NuGet.Build.Tasks.dll”中的“WarnForInvalidProjectsTask”任务。
       任务“WarnForInvalidProjectsTask”
       已完成执行任务“WarnForInvalidProjectsTask”的操作。
     1>已完成在项目“WebViewHub.csproj”中生成目标“_FilterRestoreGraphProjectInputItems”的操作。
       已跳过目标“_FilterRestoreGraphProjectInputItems”。以前的生成已成功。
     1>来自项目“E:\ProjectMy\WebViewHub\WebViewHub.csproj”的文件“C:\Program Files\dotnet\sdk\10.0.103\NuGet.targets”中的目标“_GetAllRestoreProjectPathItems”(目标“_GenerateRestoreGraph”依赖于它):
       正在使用程序集“C:\Program Files\dotnet\sdk\10.0.103\NuGet.Build.Tasks.dll”中的“NuGetMessageTask”任务。
       任务“NuGetMessageTask”
         在 TaskRun (NuGet.Build.Tasks.NuGetMessageTask) 期间加载的程序集: NuGet.Build.Tasks.resources, Version=7.0.2.0, Culture=zh-Hans, PublicKeyToken=31bf3856ad364e35 (位置: C:\Program Files\dotnet\sdk\10.0.103\zh-Hans\NuGet.Build.Tasks.resources.dll，MVID: cdb5d73c-2c26-43e5-b10a-c0a1f363686b，AssemblyLoadContext: MSBuild plugin C:\Program Files\dotnet\sdk\10.0.103\NuGet.Build.Tasks.dll)
         正在确定要还原的项目…
       已完成执行任务“NuGetMessageTask”的操作。
       任务“MSBuild”
         全局属性:
           ExcludeRestorePackageImports=true
     1>项目“E:\ProjectMy\WebViewHub\WebViewHub.csproj”(1)正在节点 1 上生成“E:\ProjectMy\WebViewHub\WebViewHub.csproj”(1:3) (_GenerateRestoreProjectPathWalk 个目标)。
   1:3>来自项目“E:\ProjectMy\WebViewHub\WebViewHub.csproj”的文件“C:\Program Files\dotnet\sdk\10.0.103\NuGet.targets”中的目标“_GenerateRestoreProjectPathItemsPerFramework”(目标“_GenerateRestoreProjectPathItemsCurrentProject”依赖于它):
   1:3>正在使用程序集“Microsoft.Build.Tasks.Core, Version=15.1.0.0, Culture=neutral, PublicKeyToken=b03f5f7f11d50a3a”中的“ConvertToAbsolutePath”任务。
       任务“ConvertToAbsolutePath”
       已完成执行任务“ConvertToAbsolutePath”的操作。
   1:3>已完成在项目“WebViewHub.csproj”中生成目标“_GenerateRestoreProjectPathItemsPerFramework”的操作。
   1:3>来自项目“E:\ProjectMy\WebViewHub\WebViewHub.csproj”的文件“C:\Program Files\dotnet\sdk\10.0.103\NuGet.targets”中的目标“_GenerateRestoreProjectPathItemsCurrentProject”(目标“_GenerateRestoreProjectPathItems”依赖于它):
   1:3>已完成在项目“WebViewHub.csproj”中生成目标“_GenerateRestoreProjectPathItemsCurrentProject”的操作。
   1:3>来自项目“E:\ProjectMy\WebViewHub\WebViewHub.csproj”的文件“C:\Program Files\dotnet\sdk\10.0.103\NuGet.targets”中的目标“_GenerateRestoreProjectPathItems”(目标“_GenerateRestoreProjectPathWalk”依赖于它):
       任务“RemoveDuplicates”
       已完成执行任务“RemoveDuplicates”的操作。
   1:3>已完成在项目“WebViewHub.csproj”中生成目标“_GenerateRestoreProjectPathItems”的操作。
   1:3>来自项目“E:\ProjectMy\WebViewHub\WebViewHub.csproj”的文件“C:\Program Files\dotnet\sdk\10.0.103\NuGet.targets”中的目标“_GenerateRestoreProjectPathWalk”(入口点):
       任务“MSBuild”
       已完成执行任务“MSBuild”的操作。
       任务“RemoveDuplicates”
       已完成执行任务“RemoveDuplicates”的操作。
   1:3>已完成在项目“WebViewHub.csproj”中生成目标“_GenerateRestoreProjectPathWalk”的操作。
   1:3>已完成生成项目“E:\ProjectMy\WebViewHub\WebViewHub.csproj”(_GenerateRestoreProjectPathWalk 个目标)的操作。
     1>已完成执行任务“MSBuild”的操作。
       任务“RemoveDuplicates”
       已完成执行任务“RemoveDuplicates”的操作。
       任务“MSBuild”
         全局属性:
           ExcludeRestorePackageImports=true
     1>项目“E:\ProjectMy\WebViewHub\WebViewHub.csproj”(1)正在节点 1 上生成“E:\ProjectMy\WebViewHub\WebViewHub.csproj”(1:4) (_IsProjectRestoreSupported 个目标)。
   1:4>已跳过目标“_IsProjectRestoreSupported”。以前的生成已成功。
   1:4>已完成生成项目“E:\ProjectMy\WebViewHub\WebViewHub.csproj”(_IsProjectRestoreSupported 个目标)的操作。
     1>已完成执行任务“MSBuild”的操作。
     1>已完成在项目“WebViewHub.csproj”中生成目标“_GetAllRestoreProjectPathItems”的操作。
     1>来自项目“E:\ProjectMy\WebViewHub\WebViewHub.csproj”的文件“C:\Program Files\dotnet\sdk\10.0.103\NuGet.targets”中的目标“_GenerateRestoreGraph”(目标“Restore”依赖于它):
       正在使用程序集“Microsoft.Build.Tasks.Core, Version=15.1.0.0, Culture=neutral, PublicKeyToken=b03f5f7f11d50a3a”中的“Message”任务。
       任务“Message”
         Generating dg file
       已完成执行任务“Message”的操作。
       任务“Message”
         E:\ProjectMy\WebViewHub\WebViewHub.csproj
       已完成执行任务“Message”的操作。
       任务“MSBuild”
         全局属性:
           ExcludeRestorePackageImports=true
     1>项目“E:\ProjectMy\WebViewHub\WebViewHub.csproj”(1)正在节点 1 上生成“E:\ProjectMy\WebViewHub\WebViewHub.csproj”(1:5) (_GenerateRestoreGraphProjectEntry 个目标)。
   1:5>来自项目“E:\ProjectMy\WebViewHub\WebViewHub.csproj”的文件“C:\Program Files\dotnet\sdk\10.0.103\Sdks\Microsoft.NET.Sdk\targets\Microsoft.NET.TargetFrameworkInference.targets”中的目标“_CheckForUnsupportedTargetPlatformIdentifier”(目标“CollectPackageReferences”依赖于它):
   1:5>已完成在项目“WebViewHub.csproj”中生成目标“_CheckForUnsupportedTargetPlatformIdentifier”的操作。
   1:5>来自项目“E:\ProjectMy\WebViewHub\WebViewHub.csproj”的文件“C:\Program Files\dotnet\sdk\10.0.103\Sdks\Microsoft.NET.Sdk\targets\Microsoft.NET.TargetFrameworkInference.targets”中的目标“_CheckForUnsupportedNETCoreVersion”(目标“CollectPackageReferences”依赖于它):
   1:5>已完成在项目“WebViewHub.csproj”中生成目标“_CheckForUnsupportedNETCoreVersion”的操作。
   1:5>来自项目“E:\ProjectMy\WebViewHub\WebViewHub.csproj”的文件“C:\Program Files\dotnet\sdk\10.0.103\Sdks\Microsoft.NET.Sdk\targets\Microsoft.NET.TargetFrameworkInference.targets”中的目标“_CheckForUnsupportedCppNETCoreVersion”(目标“CollectPackageReferences”依赖于它):
   1:5>已完成在项目“WebViewHub.csproj”中生成目标“_CheckForUnsupportedCppNETCoreVersion”的操作。
   1:5>来自项目“E:\ProjectMy\WebViewHub\WebViewHub.csproj”的文件“C:\Program Files\dotnet\sdk\10.0.103\Sdks\Microsoft.NET.Sdk\targets\Microsoft.NET.Sdk.DefaultItems.Shared.targets”中的目标“UpdateAspNetToFrameworkReference”(目标“ApplyImplicitVersions”依赖于它):
       正在使用程序集“C:\Program Files\dotnet\sdk\10.0.103\Sdks\Microsoft.NET.Sdk\targets\..\tools\net10.0\Microsoft.NET.Build.Tasks.dll”中的“CheckIfPackageReferenceShouldBeFrameworkReference”任务。
       任务“CheckIfPackageReferenceShouldBeFrameworkReference”
       已完成执行任务“CheckIfPackageReferenceShouldBeFrameworkReference”的操作。
       任务“CheckIfPackageReferenceShouldBeFrameworkReference”
       已完成执行任务“CheckIfPackageReferenceShouldBeFrameworkReference”的操作。
   1:5>已完成在项目“WebViewHub.csproj”中生成目标“UpdateAspNetToFrameworkReference”的操作。
   1:5>来自项目“E:\ProjectMy\WebViewHub\WebViewHub.csproj”的文件“C:\Program Files\dotnet\sdk\10.0.103\Sdks\Microsoft.NET.Sdk\targets\Microsoft.NET.Sdk.DefaultItems.Shared.targets”中的目标“CheckForImplicitPackageReferenceOverrides”(目标“ApplyImplicitVersions”依赖于它):
       正在使用程序集“C:\Program Files\dotnet\sdk\10.0.103\Sdks\Microsoft.NET.Sdk\targets\..\tools\net10.0\Microsoft.NET.Build.Tasks.dll”中的“CheckForImplicitPackageReferenceOverrides”任务。
       任务“CheckForImplicitPackageReferenceOverrides”
       已完成执行任务“CheckForImplicitPackageReferenceOverrides”的操作。
   1:5>已完成在项目“WebViewHub.csproj”中生成目标“CheckForImplicitPackageReferenceOverrides”的操作。
   1:5>来自项目“E:\ProjectMy\WebViewHub\WebViewHub.csproj”的文件“C:\Program Files\dotnet\sdk\10.0.103\Sdks\Microsoft.NET.Sdk\targets\Microsoft.NET.Sdk.DefaultItems.Shared.targets”中的目标“ApplyImplicitVersions”(目标“CollectPackageReferences”依赖于它):
       正在使用程序集“C:\Program Files\dotnet\sdk\10.0.103\Sdks\Microsoft.NET.Sdk\targets\..\tools\net10.0\Microsoft.NET.Build.Tasks.dll”中的“ApplyImplicitVersions”任务。
       任务“ApplyImplicitVersions”
       已完成执行任务“ApplyImplicitVersions”的操作。
   1:5>已完成在项目“WebViewHub.csproj”中生成目标“ApplyImplicitVersions”的操作。
       已跳过目标“CheckForImplicitPackageReferenceOverrides”。以前的生成已成功。
   1:5>来自项目“E:\ProjectMy\WebViewHub\WebViewHub.csproj”的文件“C:\Program Files\dotnet\sdk\10.0.103\Sdks\Microsoft.NET.Sdk\targets\Microsoft.NET.Sdk.FrameworkReferenceResolution.targets”中的目标“AddWindowsSdkKnownFrameworkReferences”(目标“ProcessFrameworkReferences”依赖于它):
       正在使用程序集“C:\Program Files\dotnet\sdk\10.0.103\Sdks\Microsoft.NET.Sdk\targets\..\tools\net10.0\Microsoft.NET.Build.Tasks.dll”中的“CreateWindowsSdkKnownFrameworkReferences”任务。
       任务“CreateWindowsSdkKnownFrameworkReferences”
       已完成执行任务“CreateWindowsSdkKnownFrameworkReferences”的操作。
   1:5>已完成在项目“WebViewHub.csproj”中生成目标“AddWindowsSdkKnownFrameworkReferences”的操作。
   1:5>来自项目“E:\ProjectMy\WebViewHub\WebViewHub.csproj”的文件“C:\Program Files\dotnet\sdk\10.0.103\Sdks\Microsoft.NET.Sdk\targets\Microsoft.NET.TargetFrameworkInference.targets”中的目标“_NormalizeTargetPlatformVersion”(目标“ProcessFrameworkReferences”依赖于它):
   1:5>已完成在项目“WebViewHub.csproj”中生成目标“_NormalizeTargetPlatformVersion”的操作。
   1:5>来自项目“E:\ProjectMy\WebViewHub\WebViewHub.csproj”的文件“C:\Program Files\dotnet\sdk\10.0.103\Sdks\Microsoft.NET.Sdk\targets\Microsoft.NET.RuntimeIdentifierInference.targets”中的目标“_CheckForLanguageAndFeatureCombinationSupport”(目标“ProcessFrameworkReferences”依赖于它):
   1:5>已完成在项目“WebViewHub.csproj”中生成目标“_CheckForLanguageAndFeatureCombinationSupport”的操作。
   1:5>来自项目“E:\ProjectMy\WebViewHub\WebViewHub.csproj”的文件“C:\Program Files\dotnet\sdk\10.0.103\Sdks\Microsoft.NET.Sdk\targets\Microsoft.NET.Publish.targets”中的目标“_ComputeToolPackInputsToProcessFrameworkReferences”(目标“ProcessFrameworkReferences”依赖于它):
   1:5>已完成在项目“WebViewHub.csproj”中生成目标“_ComputeToolPackInputsToProcessFrameworkReferences”的操作。
   1:5>来自项目“E:\ProjectMy\WebViewHub\WebViewHub.csproj”的文件“C:\Program Files\dotnet\sdk\10.0.103\Sdks\Microsoft.NET.Sdk\targets\Microsoft.NET.Sdk.FrameworkReferenceResolution.targets”中的目标“ProcessFrameworkReferences”(目标“CollectPackageReferences”依赖于它):
       正在使用程序集“C:\Program Files\dotnet\sdk\10.0.103\Sdks\Microsoft.NET.Sdk\targets\..\tools\net10.0\Microsoft.NET.Build.Tasks.dll”中的“CheckForDuplicateFrameworkReferences”任务。
       任务“CheckForDuplicateFrameworkReferences”
       已完成执行任务“CheckForDuplicateFrameworkReferences”的操作。
       正在使用程序集“C:\Program Files\dotnet\sdk\10.0.103\Sdks\Microsoft.NET.Sdk\targets\..\tools\net10.0\Microsoft.NET.Build.Tasks.dll”中的“ProcessFrameworkReferences”任务。
       任务“ProcessFrameworkReferences”
         Found 2 known framework references for target framework .NETCoreApp
         Found 5 known runtime packs for target framework .NETCoreApp
         Selected Microsoft.NETCore.App with RIDs 'linux-arm;linux-arm64;linux-musl-arm64;linux-musl-x64;linux-x64;osx-x64;tizen.4.0.0-armel;tizen.5.0.0-armel;win-arm64;win-x64;win-x86;linux-musl-arm;osx-arm64;linux-s390x;linux-loongarch64;linux-bionic-arm;linux-bionic-arm64;linux-bionic-x64;linux-bionic-x86;linux-ppc64le;freebsd-x64;freebsd-arm64'
         Selected targeting pack 'Microsoft.NETCore.App@8.0.24'
         Added runtime framework 'Microsoft.NETCore.App@8.0.0'
         Selected Microsoft.WindowsDesktop.App with RIDs 'win-x64;win-x86;win-arm64'
         Selected targeting pack 'Microsoft.WindowsDesktop.App@8.0.24'
         Added runtime framework 'Microsoft.WindowsDesktop.App@8.0.0'
         Selected Microsoft.WindowsDesktop.App with RIDs 'win-x64;win-x86;win-arm64'
         Selected targeting pack 'Microsoft.WindowsDesktop.App.WPF@8.0.24'
         Added runtime framework 'Microsoft.WindowsDesktop.App@8.0.0'
         Selected Microsoft.WindowsDesktop.App with RIDs 'win-x64;win-x86;win-arm64'
         Selected targeting pack 'Microsoft.WindowsDesktop.App.WindowsForms@8.0.24'
         Added runtime framework 'Microsoft.WindowsDesktop.App@8.0.0'
         Selected Microsoft.AspNetCore.App with RIDs 'win-x64;win-x86;osx-x64;linux-musl-x64;linux-musl-arm64;linux-x64;linux-arm;linux-arm64;linux-musl-arm;win-arm64;osx-arm64;linux-s390x;linux-loongarch64;linux-ppc64le;freebsd-x64;freebsd-arm64'
         Selected targeting pack 'Microsoft.AspNetCore.App@8.0.24'
         Added runtime framework 'Microsoft.AspNetCore.App@8.0.0'
       已完成执行任务“ProcessFrameworkReferences”的操作。
       正在使用程序集“C:\Program Files\dotnet\sdk\10.0.103\Sdks\Microsoft.NET.Sdk\targets\..\tools\net10.0\Microsoft.NET.Build.Tasks.dll”中的“ResolveAppHosts”任务。
       任务“ResolveAppHosts”
       已完成执行任务“ResolveAppHosts”的操作。
   1:5>已完成在项目“WebViewHub.csproj”中生成目标“ProcessFrameworkReferences”的操作。
   1:5>来自项目“E:\ProjectMy\WebViewHub\WebViewHub.csproj”的文件“C:\Program Files\dotnet\sdk\10.0.103\Sdks\Microsoft.NET.Sdk\targets\Microsoft.NET.ObsoleteReferences.targets”中的目标“_CheckForObsoleteDotNetCliToolReferences”(目标“CollectPackageReferences”依赖于它):
   1:5>已完成在项目“WebViewHub.csproj”中生成目标“_CheckForObsoleteDotNetCliToolReferences”的操作。
   1:5>来自项目“E:\ProjectMy\WebViewHub\WebViewHub.csproj”的文件“C:\Program Files\dotnet\sdk\10.0.103\NuGet.targets”中的目标“CollectPackageReferences”(目标“_GetRestoreProjectStyle”依赖于它):
       正在使用程序集“C:\Program Files\dotnet\sdk\10.0.103\NuGet.Build.Tasks.dll”中的“CheckForDuplicateNuGetItemsTask”任务。
       任务“CheckForDuplicateNuGetItemsTask”
       已完成执行任务“CheckForDuplicateNuGetItemsTask”的操作。
   1:5>已完成在项目“WebViewHub.csproj”中生成目标“CollectPackageReferences”的操作。
   1:5>来自项目“E:\ProjectMy\WebViewHub\WebViewHub.csproj”的文件“C:\Program Files\dotnet\sdk\10.0.103\NuGet.targets”中的目标“_GetRestoreProjectStyle”(目标“_GenerateRestoreSpecs”依赖于它):
       正在使用程序集“C:\Program Files\dotnet\sdk\10.0.103\NuGet.Build.Tasks.dll”中的“GetRestoreProjectStyleTask”任务。
       任务“GetRestoreProjectStyleTask”
       已完成执行任务“GetRestoreProjectStyleTask”的操作。
   1:5>已完成在项目“WebViewHub.csproj”中生成目标“_GetRestoreProjectStyle”的操作。
   1:5>来自项目“E:\ProjectMy\WebViewHub\WebViewHub.csproj”的文件“C:\Program Files\dotnet\sdk\10.0.103\NuGet.targets”中的目标“_GenerateRestoreSpecs”(目标“_GenerateRestoreGraphProjectEntry”依赖于它):
       任务“Message”
         Restore entry point E:\ProjectMy\WebViewHub\WebViewHub.csproj
       已完成执行任务“Message”的操作。
   1:5>已完成在项目“WebViewHub.csproj”中生成目标“_GenerateRestoreSpecs”的操作。
   1:5>来自项目“E:\ProjectMy\WebViewHub\WebViewHub.csproj”的文件“C:\Program Files\dotnet\sdk\10.0.103\NuGet.targets”中的目标“_GetRestoreSettingsOverrides”(目标“_GetRestoreSettings”依赖于它):
   1:5>已完成在项目“WebViewHub.csproj”中生成目标“_GetRestoreSettingsOverrides”的操作。
   1:5>来自项目“E:\ProjectMy\WebViewHub\WebViewHub.csproj”的文件“C:\Program Files\dotnet\sdk\10.0.103\NuGet.targets”中的目标“_GetRestoreSettingsPerFramework”(目标“_GetRestoreSettingsCurrentProject”依赖于它):
   1:5>已完成在项目“WebViewHub.csproj”中生成目标“_GetRestoreSettingsPerFramework”的操作。
   1:5>来自项目“E:\ProjectMy\WebViewHub\WebViewHub.csproj”的文件“C:\Program Files\dotnet\sdk\10.0.103\NuGet.targets”中的目标“_GetRestoreSettingsCurrentProject”(目标“_GetRestoreSettings”依赖于它):
   1:5>已完成在项目“WebViewHub.csproj”中生成目标“_GetRestoreSettingsCurrentProject”的操作。
   1:5>来自项目“E:\ProjectMy\WebViewHub\WebViewHub.csproj”的文件“C:\Program Files\dotnet\sdk\10.0.103\NuGet.targets”中的目标“_GetRestoreSettings”(目标“_GenerateDotnetCliToolReferenceSpecs”依赖于它):
       正在使用程序集“C:\Program Files\dotnet\sdk\10.0.103\NuGet.Build.Tasks.dll”中的“GetRestoreSettingsTask”任务。
       任务“GetRestoreSettingsTask”
         在 TaskRun (NuGet.Build.Tasks.GetRestoreSettingsTask) 期间加载的程序集: NuGet.Configuration, Version=7.0.2.0, Culture=neutral, PublicKeyToken=31bf3856ad364e35 (位置: C:\Program Files\dotnet\sdk\10.0.103\NuGet.Configuration.dll，MVID: 522ba7e1-ae9d-4267-926f-e81ab189d75f，AssemblyLoadContext: MSBuild plugin C:\Program Files\dotnet\sdk\10.0.103\NuGet.Build.Tasks.dll)
       已完成执行任务“GetRestoreSettingsTask”的操作。
   1:5>已完成在项目“WebViewHub.csproj”中生成目标“_GetRestoreSettings”的操作。
   1:5>来自项目“E:\ProjectMy\WebViewHub\WebViewHub.csproj”的文件“C:\Program Files\dotnet\sdk\10.0.103\NuGet.targets”中的目标“_GenerateDotnetCliToolReferenceSpecs”(目标“_GenerateRestoreGraphProjectEntry”依赖于它):
       正在使用程序集“C:\Program Files\dotnet\sdk\10.0.103\NuGet.Build.Tasks.dll”中的“GetRestoreDotnetCliToolsTask”任务。
       任务“GetRestoreDotnetCliToolsTask”
       已完成执行任务“GetRestoreDotnetCliToolsTask”的操作。
   1:5>已完成在项目“WebViewHub.csproj”中生成目标“_GenerateDotnetCliToolReferenceSpecs”的操作。
   1:5>来自项目“E:\ProjectMy\WebViewHub\WebViewHub.csproj”的文件“C:\Program Files\dotnet\sdk\10.0.103\NuGet.targets”中的目标“_GenerateRestoreGraphProjectEntry”(入口点):
   1:5>已完成在项目“WebViewHub.csproj”中生成目标“_GenerateRestoreGraphProjectEntry”的操作。
   1:5>已完成生成项目“E:\ProjectMy\WebViewHub\WebViewHub.csproj”(_GenerateRestoreGraphProjectEntry 个目标)的操作。
     1>已完成执行任务“MSBuild”的操作。
       任务“MSBuild”
         全局属性:
           ExcludeRestorePackageImports=true
     1>项目“E:\ProjectMy\WebViewHub\WebViewHub.csproj”(1)正在节点 1 上生成“E:\ProjectMy\WebViewHub\WebViewHub.csproj”(1:6) (_GenerateProjectRestoreGraph 个目标)。
   1:6>已跳过目标“_GetRestoreProjectStyle”。以前的生成已成功。
       已跳过目标“_GetRestoreProjectStyle”。以前的生成已成功。
       已跳过目标“_GetRestoreProjectStyle”。以前的生成已成功。
   1:6>来自项目“E:\ProjectMy\WebViewHub\WebViewHub.csproj”的文件“C:\Program Files\dotnet\sdk\10.0.103\NuGet.targets”中的目标“_GetRestoreTargetFrameworkOverride”(目标“_GetRestoreTargetFrameworksOutput”依赖于它):
   1:6>已完成在项目“WebViewHub.csproj”中生成目标“_GetRestoreTargetFrameworkOverride”的操作。
   1:6>来自项目“E:\ProjectMy\WebViewHub\WebViewHub.csproj”的文件“C:\Program Files\dotnet\sdk\10.0.103\NuGet.targets”中的目标“_GetRestoreTargetFrameworksOutput”(目标“_GenerateRestoreProjectSpec”依赖于它):
       正在使用程序集“C:\Program Files\dotnet\sdk\10.0.103\NuGet.Build.Tasks.dll”中的“GetProjectTargetFrameworksTask”任务。
       任务“GetProjectTargetFrameworksTask”
       已完成执行任务“GetProjectTargetFrameworksTask”的操作。
   1:6>已完成在项目“WebViewHub.csproj”中生成目标“_GetRestoreTargetFrameworksOutput”的操作。
       已跳过目标“_GetRestoreSettings”。以前的生成已成功。
   1:6>来自项目“E:\ProjectMy\WebViewHub\WebViewHub.csproj”的文件“C:\Program Files\dotnet\sdk\10.0.103\NuGet.targets”中的目标“_GenerateRestoreProjectSpec”(目标“_GenerateProjectRestoreGraph”依赖于它):
       任务“ConvertToAbsolutePath”
       已完成执行任务“ConvertToAbsolutePath”的操作。
   1:6>已完成在项目“WebViewHub.csproj”中生成目标“_GenerateRestoreProjectSpec”的操作。
       已跳过目标“_GetRestoreProjectStyle”。以前的生成已成功。
       已跳过目标“CollectPackageReferences”。以前的生成已成功。
   1:6>来自项目“E:\ProjectMy\WebViewHub\WebViewHub.csproj”的文件“C:\Program Files\dotnet\sdk\10.0.103\NuGet.targets”中的目标“CollectPackageDownloads”(目标“_CollectRestoreInputs”依赖于它):
       任务“CheckForDuplicateNuGetItemsTask”
       已完成执行任务“CheckForDuplicateNuGetItemsTask”的操作。
   1:6>已完成在项目“WebViewHub.csproj”中生成目标“CollectPackageDownloads”的操作。
   1:6>来自项目“E:\ProjectMy\WebViewHub\WebViewHub.csproj”的文件“C:\Program Files\dotnet\sdk\10.0.103\NuGet.targets”中的目标“CollectFrameworkReferences”(目标“_CollectRestoreInputs”依赖于它):
   1:6>已完成在项目“WebViewHub.csproj”中生成目标“CollectFrameworkReferences”的操作。
   1:6>来自项目“E:\ProjectMy\WebViewHub\WebViewHub.csproj”的文件“C:\Program Files\dotnet\sdk\10.0.103\NuGet.targets”中的目标“CollectCentralPackageVersions”(目标“_CollectRestoreInputs”依赖于它):
       任务“CheckForDuplicateNuGetItemsTask”
       已完成执行任务“CheckForDuplicateNuGetItemsTask”的操作。
   1:6>已完成在项目“WebViewHub.csproj”中生成目标“CollectCentralPackageVersions”的操作。
   1:6>来自项目“E:\ProjectMy\WebViewHub\WebViewHub.csproj”的文件“C:\Program Files\dotnet\sdk\10.0.103\NuGet.targets”中的目标“CollectNuGetAuditSuppressions”(目标“_CollectRestoreInputs”依赖于它):
       任务“CheckForDuplicateNuGetItemsTask”
       已完成执行任务“CheckForDuplicateNuGetItemsTask”的操作。
   1:6>已完成在项目“WebViewHub.csproj”中生成目标“CollectNuGetAuditSuppressions”的操作。
   1:6>来自项目“E:\ProjectMy\WebViewHub\WebViewHub.csproj”的文件“C:\Program Files\dotnet\sdk\10.0.103\NuGet.targets”中的目标“CollectPrunePackageReferences”(目标“_CollectRestoreInputs”依赖于它):
       任务“CheckForDuplicateNuGetItemsTask”
       已完成执行任务“CheckForDuplicateNuGetItemsTask”的操作。
   1:6>已完成在项目“WebViewHub.csproj”中生成目标“CollectPrunePackageReferences”的操作。
   1:6>来自项目“E:\ProjectMy\WebViewHub\WebViewHub.csproj”的文件“C:\Program Files\dotnet\sdk\10.0.103\NuGet.targets”中的目标“_CollectRestoreInputs”(目标“_GenerateProjectRestoreGraphPerFramework”依赖于它):
   1:6>已完成在项目“WebViewHub.csproj”中生成目标“_CollectRestoreInputs”的操作。
   1:6>来自项目“E:\ProjectMy\WebViewHub\WebViewHub.csproj”的文件“C:\Program Files\dotnet\sdk\10.0.103\NuGet.targets”中的目标“_GenerateProjectRestoreGraphPerFramework”(目标“_GenerateProjectRestoreGraphCurrentProject”依赖于它):
       正在使用程序集“C:\Program Files\dotnet\sdk\10.0.103\NuGet.Build.Tasks.dll”中的“GetRestoreProjectReferencesTask”任务。
       任务“GetRestoreProjectReferencesTask”
       已完成执行任务“GetRestoreProjectReferencesTask”的操作。
       正在使用程序集“C:\Program Files\dotnet\sdk\10.0.103\NuGet.Build.Tasks.dll”中的“GetRestorePackageReferencesTask”任务。
       任务“GetRestorePackageReferencesTask”
       已完成执行任务“GetRestorePackageReferencesTask”的操作。
       正在使用程序集“C:\Program Files\dotnet\sdk\10.0.103\NuGet.Build.Tasks.dll”中的“GetRestorePackageDownloadsTask”任务。
       任务“GetRestorePackageDownloadsTask”
       已完成执行任务“GetRestorePackageDownloadsTask”的操作。
       正在使用程序集“C:\Program Files\dotnet\sdk\10.0.103\NuGet.Build.Tasks.dll”中的“GetRestoreFrameworkReferencesTask”任务。
       任务“GetRestoreFrameworkReferencesTask”
       已完成执行任务“GetRestoreFrameworkReferencesTask”的操作。
       正在使用程序集“C:\Program Files\dotnet\sdk\10.0.103\NuGet.Build.Tasks.dll”中的“GetRestoreNuGetAuditSuppressionsTask”任务。
       任务“GetRestoreNuGetAuditSuppressionsTask”
       已完成执行任务“GetRestoreNuGetAuditSuppressionsTask”的操作。
       正在使用程序集“C:\Program Files\dotnet\sdk\10.0.103\NuGet.Build.Tasks.dll”中的“GetRestorePrunePackageReferencesTask”任务。
       任务“GetRestorePrunePackageReferencesTask”
       已完成执行任务“GetRestorePrunePackageReferencesTask”的操作。
   1:6>已完成在项目“WebViewHub.csproj”中生成目标“_GenerateProjectRestoreGraphPerFramework”的操作。
   1:6>来自项目“E:\ProjectMy\WebViewHub\WebViewHub.csproj”的文件“C:\Program Files\dotnet\sdk\10.0.103\NuGet.targets”中的目标“_GenerateProjectRestoreGraphCurrentProject”(目标“_GenerateRestoreDependencies”依赖于它):
   1:6>已完成在项目“WebViewHub.csproj”中生成目标“_GenerateProjectRestoreGraphCurrentProject”的操作。
   1:6>来自项目“E:\ProjectMy\WebViewHub\WebViewHub.csproj”的文件“C:\Program Files\dotnet\sdk\10.0.103\NuGet.targets”中的目标“_GenerateRestoreDependencies”(目标“_GenerateProjectRestoreGraph”依赖于它):
   1:6>已完成在项目“WebViewHub.csproj”中生成目标“_GenerateRestoreDependencies”的操作。
   1:6>来自项目“E:\ProjectMy\WebViewHub\WebViewHub.csproj”的文件“C:\Program Files\dotnet\sdk\10.0.103\NuGet.targets”中的目标“_GenerateProjectRestoreGraph”(入口点):
   1:6>已完成在项目“WebViewHub.csproj”中生成目标“_GenerateProjectRestoreGraph”的操作。
   1:6>已完成生成项目“E:\ProjectMy\WebViewHub\WebViewHub.csproj”(_GenerateProjectRestoreGraph 个目标)的操作。
     1>已完成执行任务“MSBuild”的操作。
     1>已完成在项目“WebViewHub.csproj”中生成目标“_GenerateRestoreGraph”的操作。
     1>来自项目“E:\ProjectMy\WebViewHub\WebViewHub.csproj”的文件“C:\Program Files\dotnet\sdk\10.0.103\Sdks\Microsoft.NET.Sdk\targets\Microsoft.NET.TargetFrameworkInference.targets”中的目标“_CollectTargetFrameworkForTelemetry”(目标“Restore”依赖于它):
       正在使用程序集“C:\Program Files\dotnet\sdk\10.0.103\Sdks\Microsoft.NET.Sdk\targets\..\tools\net10.0\Microsoft.NET.Build.Tasks.dll”中的“AllowEmptyTelemetry”任务。
       任务“AllowEmptyTelemetry”
       已完成执行任务“AllowEmptyTelemetry”的操作。
     1>已完成在项目“WebViewHub.csproj”中生成目标“_CollectTargetFrameworkForTelemetry”的操作。
     1>来自项目“E:\ProjectMy\WebViewHub\WebViewHub.csproj”的文件“C:\Program Files\dotnet\sdk\10.0.103\Sdks\Microsoft.NET.Sdk\targets\Microsoft.NET.TargetFrameworkInference.targets”中的目标“_CheckForUnsupportedNETCoreVersion”(目标“Restore”依赖于它):
     1>已完成在项目“WebViewHub.csproj”中生成目标“_CheckForUnsupportedNETCoreVersion”的操作。
     1>来自项目“E:\ProjectMy\WebViewHub\WebViewHub.csproj”的文件“C:\Program Files\dotnet\sdk\10.0.103\Sdks\Microsoft.NET.Sdk\targets\Microsoft.NET.TargetFrameworkInference.targets”中的目标“_CheckForUnsupportedCppNETCoreVersion”(目标“Restore”依赖于它):
     1>已完成在项目“WebViewHub.csproj”中生成目标“_CheckForUnsupportedCppNETCoreVersion”的操作。
     1>来自项目“E:\ProjectMy\WebViewHub\WebViewHub.csproj”的文件“C:\Program Files\dotnet\sdk\10.0.103\NuGet.targets”中的目标“Restore”(入口点):
       任务“RemoveDuplicates”
       已完成执行任务“RemoveDuplicates”的操作。
       正在使用程序集“C:\Program Files\dotnet\sdk\10.0.103\NuGet.Build.Tasks.dll”中的“RestoreTask”任务。
       任务“RestoreTask”
         在 TaskRun (NuGet.Build.Tasks.RestoreTask) 期间加载的程序集: NuGet.Packaging, Version=7.0.2.0, Culture=neutral, PublicKeyToken=31bf3856ad364e35 (位置: C:\Program Files\dotnet\sdk\10.0.103\NuGet.Packaging.dll，MVID: 691fbee5-b36c-46fd-a673-db79d3c14051，AssemblyLoadContext: MSBuild plugin C:\Program Files\dotnet\sdk\10.0.103\NuGet.Build.Tasks.dll)
         在 TaskRun (NuGet.Build.Tasks.RestoreTask) 期间加载的程序集: NuGet.LibraryModel, Version=7.0.2.0, Culture=neutral, PublicKeyToken=31bf3856ad364e35 (位置: C:\Program Files\dotnet\sdk\10.0.103\NuGet.LibraryModel.dll，MVID: a6bbad50-9e54-4ecf-9ee6-06659d261f87，AssemblyLoadContext: MSBuild plugin C:\Program Files\dotnet\sdk\10.0.103\NuGet.Build.Tasks.dll)
         在 TaskRun (NuGet.Build.Tasks.RestoreTask) 期间加载的程序集: NuGet.Versioning, Version=7.0.2.0, Culture=neutral, PublicKeyToken=31bf3856ad364e35 (位置: C:\Program Files\dotnet\sdk\10.0.103\NuGet.Versioning.dll，MVID: 3f1bd844-829c-40f0-b7b2-db643543649c，AssemblyLoadContext: MSBuild plugin C:\Program Files\dotnet\sdk\10.0.103\NuGet.Build.Tasks.dll)
         在 TaskRun (NuGet.Build.Tasks.RestoreTask) 期间加载的程序集: NuGet.Frameworks, Version=7.0.2.0, Culture=neutral, PublicKeyToken=31bf3856ad364e35 (位置: C:\Program Files\dotnet\sdk\10.0.103\NuGet.Frameworks.dll，MVID: 1b7b49ca-9945-4cfa-824f-5d73c248e8d6，AssemblyLoadContext: MSBuild plugin C:\Program Files\dotnet\sdk\10.0.103\NuGet.Build.Tasks.dll)
         在 TaskRun (NuGet.Build.Tasks.RestoreTask) 期间加载的程序集: NuGet.Protocol, Version=7.0.2.0, Culture=neutral, PublicKeyToken=31bf3856ad364e35 (位置: C:\Program Files\dotnet\sdk\10.0.103\NuGet.Protocol.dll，MVID: f9fea46b-5e46-4ce0-a20f-e4253f7ea121，AssemblyLoadContext: MSBuild plugin C:\Program Files\dotnet\sdk\10.0.103\NuGet.Build.Tasks.dll)
         在 TaskRun (NuGet.Build.Tasks.RestoreTask) 期间加载的程序集: NuGet.Credentials, Version=7.0.2.0, Culture=neutral, PublicKeyToken=31bf3856ad364e35 (位置: C:\Program Files\dotnet\sdk\10.0.103\NuGet.Credentials.dll，MVID: 3086496a-ea04-4486-96b4-8a3e90687378，AssemblyLoadContext: MSBuild plugin C:\Program Files\dotnet\sdk\10.0.103\NuGet.Build.Tasks.dll)
         在 TaskRun (NuGet.Build.Tasks.RestoreTask) 期间加载的程序集: NuGet.Packaging.resources, Version=7.0.2.0, Culture=zh-Hans, PublicKeyToken=31bf3856ad364e35 (位置: C:\Program Files\dotnet\sdk\10.0.103\zh-Hans\NuGet.Packaging.resources.dll，MVID: 38c5e61d-b352-4cc2-983c-98c1dca54e1b，AssemblyLoadContext: MSBuild plugin C:\Program Files\dotnet\sdk\10.0.103\NuGet.Build.Tasks.dll)
         X.509 证书链验证将使用 .NET 选择的默认信任存储进行代码签名。
         X.509 证书链验证将使用 .NET 选择的默认信任存储进行时间戳。
         在 TaskRun (NuGet.Build.Tasks.RestoreTask) 期间加载的程序集: NuGet.DependencyResolver.Core, Version=7.0.2.0, Culture=neutral, PublicKeyToken=31bf3856ad364e35 (位置: C:\Program Files\dotnet\sdk\10.0.103\NuGet.DependencyResolver.Core.dll，MVID: 8b34e545-21b0-4590-be6b-6b43bfa1968c，AssemblyLoadContext: MSBuild plugin C:\Program Files\dotnet\sdk\10.0.103\NuGet.Build.Tasks.dll)
         在 TaskRun (NuGet.Build.Tasks.RestoreTask) 期间加载的程序集: NuGet.Commands.resources, Version=7.0.2.0, Culture=zh-Hans, PublicKeyToken=31bf3856ad364e35 (位置: C:\Program Files\dotnet\sdk\10.0.103\zh-Hans\NuGet.Commands.resources.dll，MVID: cc4a978c-8fcd-47d8-ba03-5fb13666187e，AssemblyLoadContext: MSBuild plugin C:\Program Files\dotnet\sdk\10.0.103\NuGet.Build.Tasks.dll)
         正在使用 12 并行作业运行还原。
         正在读取项目文件 E:\ProjectMy\WebViewHub\WebViewHub.csproj。
         在 TaskRun (NuGet.Build.Tasks.RestoreTask) 期间加载的程序集: Newtonsoft.Json, Version=13.0.0.0, Culture=neutral, PublicKeyToken=30ad4fe6b2a6aeed (位置: C:\Program Files\dotnet\sdk\10.0.103\Newtonsoft.Json.dll，MVID: 7e62198b-eab2-4380-bbac-29171862d1d8，AssemblyLoadContext: MSBuild plugin C:\Program Files\dotnet\sdk\10.0.103\NuGet.Build.Tasks.dll)
         在 TaskRun (NuGet.Build.Tasks.RestoreTask) 期间加载的程序集: System.Runtime.Serialization.Primitives, Version=10.0.0.0, Culture=neutral, PublicKeyToken=b03f5f7f11d50a3a (位置: C:\Program Files\dotnet\shared\Microsoft.NETCore.App\10.0.3\System.Runtime.Serialization.Primitives.dll，MVID: 9bc74e02-881b-4bc0-82b9-d2a9156b6d41，AssemblyLoadContext: Default)
         在 TaskRun (NuGet.Build.Tasks.RestoreTask) 期间加载的程序集: System.Runtime.Numerics, Version=10.0.0.0, Culture=neutral, PublicKeyToken=b03f5f7f11d50a3a (位置: C:\Program Files\dotnet\shared\Microsoft.NETCore.App\10.0.3\System.Runtime.Numerics.dll，MVID: a1d287c5-84bc-4499-8e90-494a1a3f9350，AssemblyLoadContext: Default)
         在 TaskRun (NuGet.Build.Tasks.RestoreTask) 期间加载的程序集: System.Text.Encodings.Web, Version=10.0.0.0, Culture=neutral, PublicKeyToken=cc7b13ffcd2ddd51 (位置: C:\Program Files\dotnet\shared\Microsoft.NETCore.App\10.0.3\System.Text.Encodings.Web.dll，MVID: abb4e65f-0f42-4a32-8c87-f5432ece4212，AssemblyLoadContext: Default)
         在 TaskRun (NuGet.Build.Tasks.RestoreTask) 期间加载的程序集: System.Reflection.Emit.Lightweight, Version=10.0.0.0, Culture=neutral, PublicKeyToken=b03f5f7f11d50a3a (位置: C:\Program Files\dotnet\shared\Microsoft.NETCore.App\10.0.3\System.Reflection.Emit.Lightweight.dll，MVID: e4d954ed-5d75-4fe6-a4d9-f4b99d304032，AssemblyLoadContext: Default)
         在 TaskRun (NuGet.Build.Tasks.RestoreTask) 期间加载的程序集: System.Reflection.Primitives, Version=10.0.0.0, Culture=neutral, PublicKeyToken=b03f5f7f11d50a3a (位置: C:\Program Files\dotnet\shared\Microsoft.NETCore.App\10.0.3\System.Reflection.Primitives.dll，MVID: 1ad3fb70-2485-42ce-8aab-38b4cb8fa126，AssemblyLoadContext: Default)
         在 TaskRun (NuGet.Build.Tasks.RestoreTask) 期间加载的程序集: System.Reflection.Emit.ILGeneration, Version=10.0.0.0, Culture=neutral, PublicKeyToken=b03f5f7f11d50a3a (位置: C:\Program Files\dotnet\shared\Microsoft.NETCore.App\10.0.3\System.Reflection.Emit.ILGeneration.dll，MVID: a06ff280-33aa-4509-8f4c-098c866bb75a，AssemblyLoadContext: Default)
         “WebViewHub”的还原输入未改变。完成此还原不需要再进行进一步的操作。
         正在提交还原...
         资产文件未改变。跳过资产文件写入。路径: E:\ProjectMy\WebViewHub\obj\project.assets.json
         No-Op 还原。缓存不会更新。路径: E:\ProjectMy\WebViewHub\obj\project.nuget.cache
         在 TaskRun (NuGet.Build.Tasks.RestoreTask) 期间加载的程序集: NuGet.Common.resources, Version=7.0.2.0, Culture=zh-Hans, PublicKeyToken=31bf3856ad364e35 (位置: C:\Program Files\dotnet\sdk\10.0.103\zh-Hans\NuGet.Common.resources.dll，MVID: 2c772498-8ee7-4816-9a52-35eb251257ec，AssemblyLoadContext: MSBuild plugin C:\Program Files\dotnet\sdk\10.0.103\NuGet.Build.Tasks.dll)
         已还原 E:\ProjectMy\WebViewHub\WebViewHub.csproj (用时 41 毫秒)。
         
         使用的 NuGet 配置文件:
             C:\Users\Administrator\AppData\Roaming\NuGet\NuGet.Config
             C:\Program Files (x86)\NuGet\Config\Microsoft.VisualStudio.FallbackLocation.config
         
         使用的源:
             https://api.nuget.org/v3/index.json
         所有项目均是最新的，无法还原。
       已完成执行任务“RestoreTask”的操作。
     1>已完成在项目“WebViewHub.csproj”中生成目标“Restore”的操作。
     1>已完成生成项目“E:\ProjectMy\WebViewHub\WebViewHub.csproj”(Restore 个目标)的操作。
     0>SDK“Microsoft.NET.Sdk”已由“DefaultSdkResolver”解析程序成功解析为位置“C:\Program Files\dotnet\sdk\10.0.103\Sdks\Microsoft.NET.Sdk\Sdk”和版本“”。
       C:\Program Files\dotnet\sdk\10.0.103\Sdks\Microsoft.NET.Sdk\Sdk\Sdk.props(49,11): message : 值为“C:\Program Files\dotnet\sdk\10.0.103\”的属性“MSBuildExtensionsPath”从环境中展开。
       C:\Program Files\dotnet\sdk\10.0.103\Current\Microsoft.Common.props(60,5): message : 在 C:\Program Files\dotnet\sdk\10.0.103\Current\Microsoft.Common.props (60,5) 处重新分配属性: $(MSBuildProjectExtensionsPath)=“E:\ProjectMy\WebViewHub\obj\”(先前值:“obj\”)
       E:\ProjectMy\WebViewHub\obj\WebViewHub.csproj.nuget.g.props(7,5): message : 值为“C:\Users\Administrator”的属性“USERPROFILE”从环境中展开。
       C:\Program Files\dotnet\sdk\10.0.103\Current\Microsoft.Common.props(84,119): message : 值为“C:\Users\Administrator\AppData\Local\Microsoft\MSBuild”的属性“MSBuildUserExtensionsPath”从环境中展开。
       C:\Program Files\dotnet\sdk\10.0.103\Sdks\Microsoft.NET.Sdk\targets\Microsoft.NET.Sdk.props(90,5): message : 在 C:\Program Files\dotnet\sdk\10.0.103\Sdks\Microsoft.NET.Sdk\targets\Microsoft.NET.Sdk.props (90,5) 处重新分配属性: $(AssemblySearchPaths)=“{CandidateAssemblyFiles};{HintPathFromItem}”(先前值:“{CandidateAssemblyFiles}”)
       C:\Program Files\dotnet\sdk\10.0.103\Sdks\Microsoft.NET.Sdk\targets\Microsoft.NET.Sdk.props(91,5): message : 在 C:\Program Files\dotnet\sdk\10.0.103\Sdks\Microsoft.NET.Sdk\targets\Microsoft.NET.Sdk.props (91,5) 处重新分配属性: $(AssemblySearchPaths)=“{CandidateAssemblyFiles};{HintPathFromItem};{TargetFrameworkDirectory}”(先前值:“{CandidateAssemblyFiles};{HintPathFromItem}”)
       C:\Program Files\dotnet\sdk\10.0.103\Sdks\Microsoft.NET.Sdk\targets\Microsoft.NET.Sdk.props(92,5): message : 在 C:\Program Files\dotnet\sdk\10.0.103\Sdks\Microsoft.NET.Sdk\targets\Microsoft.NET.Sdk.props (92,5) 处重新分配属性: $(AssemblySearchPaths)=“{CandidateAssemblyFiles};{HintPathFromItem};{TargetFrameworkDirectory};{RawFileName}”(先前值:“{CandidateAssemblyFiles};{HintPathFromItem};{TargetFrameworkDirectory}”)
       “DefaultSdkResolver”解析程序已尝试解析 SDK“Microsoft.NET.SDK.WorkloadAutoImportPropsLocator”。
       警告: null
       错误: MSB4276: 默认 SDK 解析程序解析 SDK“Microsoft.NET.SDK.WorkloadAutoImportPropsLocator”失败，因为目录“C:\Program Files\dotnet\sdk\10.0.103\Sdks\Microsoft.NET.SDK.WorkloadAutoImportPropsLocator\Sdk”不存在。
       SDK“Microsoft.NET.SDK.WorkloadAutoImportPropsLocator”已由“Microsoft.DotNet.MSBuildWorkloadSdkResolver”解析程序成功解析为位置“null”和版本“null”。
       E:\ProjectMy\WebViewHub\WebViewHub.csproj(4,5): message : 在 E:\ProjectMy\WebViewHub\WebViewHub.csproj (4,5) 处重新分配属性: $(OutputType)=“WinExe”(先前值:“Library”)
       C:\Program Files\dotnet\sdk\10.0.103\Sdks\Microsoft.NET.Sdk\targets\Microsoft.NET.Sdk.ImportPublishProfile.targets(28,5): message : 在 C:\Program Files\dotnet\sdk\10.0.103\Sdks\Microsoft.NET.Sdk\targets\Microsoft.NET.Sdk.ImportPublishProfile.targets (28,5) 处重新分配属性: $(PublishProfileImported)=“false”(先前值:“true”)
       C:\Program Files\dotnet\sdk\10.0.103\Sdks\Microsoft.NET.Sdk\targets\Microsoft.NET.TargetFrameworkInference.targets(80,5): message : 在 C:\Program Files\dotnet\sdk\10.0.103\Sdks\Microsoft.NET.Sdk\targets\Microsoft.NET.TargetFrameworkInference.targets (80,5) 处重新分配属性: $(TargetPlatformVersion)=“0.0”(先前值:“0.0.0.0”)
       C:\Program Files\dotnet\sdk\10.0.103\Sdks\Microsoft.NET.Sdk\targets\Microsoft.NET.TargetFrameworkInference.targets(81,5): message : 在 C:\Program Files\dotnet\sdk\10.0.103\Sdks\Microsoft.NET.Sdk\targets\Microsoft.NET.TargetFrameworkInference.targets (81,5) 处重新分配属性: $(TargetPlatformVersion)=“”(先前值:“0.0”)
       C:\Program Files\dotnet\sdk\10.0.103\Sdks\Microsoft.NET.Sdk\targets\Microsoft.NET.TargetFrameworkInference.targets(84,5): message : 在 C:\Program Files\dotnet\sdk\10.0.103\Sdks\Microsoft.NET.Sdk\targets\Microsoft.NET.TargetFrameworkInference.targets (84,5) 处重新分配属性: $(TargetPlatformIdentifier)=“Windows”(先前值:“windows”)
       C:\Program Files\dotnet\sdk\10.0.103\Sdks\Microsoft.NET.Sdk\targets\Microsoft.NET.DefaultOutputPaths.targets(127,5): message : 在 C:\Program Files\dotnet\sdk\10.0.103\Sdks\Microsoft.NET.Sdk\targets\Microsoft.NET.DefaultOutputPaths.targets (127,5) 处重新分配属性: $(DefaultItemExcludes)=“;bin\Debug\/**;obj\Debug\/**”(先前值:“;bin\Debug\/**”)
       C:\Program Files\dotnet\sdk\10.0.103\Sdks\Microsoft.NET.Sdk\targets\Microsoft.NET.DefaultOutputPaths.targets(142,5): message : 在 C:\Program Files\dotnet\sdk\10.0.103\Sdks\Microsoft.NET.Sdk\targets\Microsoft.NET.DefaultOutputPaths.targets (142,5) 处重新分配属性: $(OutputPath)=“bin\Debug\net8.0-windows\”(先前值:“bin\Debug\”)
       C:\Program Files\dotnet\sdk\10.0.103\Sdks\Microsoft.NET.Sdk\targets\Microsoft.NET.DefaultOutputPaths.targets(147,5): message : 在 C:\Program Files\dotnet\sdk\10.0.103\Sdks\Microsoft.NET.Sdk\targets\Microsoft.NET.DefaultOutputPaths.targets (147,5) 处重新分配属性: $(IntermediateOutputPath)=“obj\Debug\net8.0-windows\”(先前值:“obj\Debug\”)
       “DefaultSdkResolver”解析程序已尝试解析 SDK“Microsoft.NET.SDK.WorkloadManifestTargetsLocator”。
       警告: null
       错误: MSB4276: 默认 SDK 解析程序解析 SDK“Microsoft.NET.SDK.WorkloadManifestTargetsLocator”失败，因为目录“C:\Program Files\dotnet\sdk\10.0.103\Sdks\Microsoft.NET.SDK.WorkloadManifestTargetsLocator\Sdk”不存在。
       SDK“Microsoft.NET.SDK.WorkloadManifestTargetsLocator”已由“Microsoft.DotNet.MSBuildWorkloadSdkResolver”解析程序成功解析为位置“C:\Program Files\dotnet\sdk-manifests\10.0.100\microsoft.net.sdk.android\36.1.2”和版本“null”。
       C:\Program Files\dotnet\sdk\10.0.103\Sdks\Microsoft.NET.Sdk\targets\Microsoft.NET.Sdk.BeforeCommon.targets(371,5): message : 在 C:\Program Files\dotnet\sdk\10.0.103\Sdks\Microsoft.NET.Sdk\targets\Microsoft.NET.Sdk.BeforeCommon.targets (371,5) 处重新分配属性: $(RoslynTargetsPath)=“C:\Program Files\dotnet\sdk\10.0.103\Sdks\Microsoft.NET.Sdk\targets\..\..\..\Roslyn”(先前值:“C:\Program Files\dotnet\sdk\10.0.103\Roslyn”)
       C:\Program Files\dotnet\sdk\10.0.103\Roslyn\Microsoft.Managed.Core.targets(6,5): message : 在 C:\Program Files\dotnet\sdk\10.0.103\Roslyn\Microsoft.Managed.Core.targets (6,5) 处重新分配属性: $(_BuildTasksDirectory)=“C:\Program Files\dotnet\sdk\10.0.103\Sdks\Microsoft.NET.Sdk\targets\..\..\..\Roslyn\”(先前值:“C:\Program Files\dotnet\sdk\10.0.103\Roslyn\”)
       C:\Program Files\dotnet\sdk\10.0.103\Roslyn\Microsoft.CSharp.Core.targets(200,5): message : 在 C:\Program Files\dotnet\sdk\10.0.103\Roslyn\Microsoft.CSharp.Core.targets (200,5) 处重新分配属性: $(CommandLineArgsForDesignTimeEvaluation)=“-langversion:12.0 -define:TRACE”(先前值:“-langversion:12.0”)
       C:\Program Files\dotnet\sdk\10.0.103\Microsoft.Common.CurrentVersion.targets(175,5): message : 在 C:\Program Files\dotnet\sdk\10.0.103\Microsoft.Common.CurrentVersion.targets (175,5) 处重新分配属性: $(_DebugSymbolsProduced)=“true”(先前值:“false”)
       C:\Program Files\dotnet\sdk\10.0.103\Microsoft.Common.CurrentVersion.targets(185,5): message : 在 C:\Program Files\dotnet\sdk\10.0.103\Microsoft.Common.CurrentVersion.targets (185,5) 处重新分配属性: $(_DocumentationFileProduced)=“false”(先前值:“true”)
       C:\Program Files\dotnet\sdk\10.0.103\Microsoft.Common.CurrentVersion.targets(393,5): message : 在 C:\Program Files\dotnet\sdk\10.0.103\Microsoft.Common.CurrentVersion.targets (393,5) 处重新分配属性: $(MSBuildCopyMarkerName)=“WebViewHub.csproj.Up2Date”(先前值:“WebViewHub.csproj”)
       C:\Program Files\dotnet\sdk\10.0.103\Microsoft.Common.CurrentVersion.targets(541,5): message : 在 C:\Program Files\dotnet\sdk\10.0.103\Microsoft.Common.CurrentVersion.targets (541,5) 处重新分配属性: $(ProcessorArchitecture)=“msil”(先前值:“”)
       C:\Program Files\dotnet\sdk\10.0.103\Microsoft.Common.CurrentVersion.targets(580,5): message : 在 C:\Program Files\dotnet\sdk\10.0.103\Microsoft.Common.CurrentVersion.targets (580,5) 处重新分配属性: $(DelaySign)=“”(先前值:“false”)
       C:\Program Files\dotnet\sdk\10.0.103\Microsoft.Common.CurrentVersion.targets(2606,5): message : 值为“C:\Users\Administrator\AppData\Local”的属性“LOCALAPPDATA”从环境中展开。
       C:\Program Files\dotnet\sdk\10.0.103\Microsoft.Common.CurrentVersion.targets(3934,5): message : 在 C:\Program Files\dotnet\sdk\10.0.103\Microsoft.Common.CurrentVersion.targets (3934,5) 处重新分配属性: $(_SGenGenerateSerializationAssembliesConfig)=“Auto”(先前值:“”)
       C:\Program Files\dotnet\sdk\10.0.103\Microsoft.Common.CurrentVersion.targets(3935,5): message : 在 C:\Program Files\dotnet\sdk\10.0.103\Microsoft.Common.CurrentVersion.targets (3935,5) 处重新分配属性: $(_SGenGenerateSerializationAssembliesConfig)=“Off”(先前值:“Auto”)
       C:\Program Files\dotnet\sdk\10.0.103\Microsoft.Common.CurrentVersion.targets(5146,5): message : 在 C:\Program Files\dotnet\sdk\10.0.103\Microsoft.Common.CurrentVersion.targets (5146,5) 处重新分配属性: $(_TargetsThatPrepareProjectReferences)=“
       C:\Program Files\dotnet\sdk\10.0.103\Microsoft.Common.CurrentVersion.targets(5146,5): message :       AssignProjectConfiguration;
       C:\Program Files\dotnet\sdk\10.0.103\Microsoft.Common.CurrentVersion.targets(5146,5): message :       _SplitProjectReferencesByFileExistence
       C:\Program Files\dotnet\sdk\10.0.103\Microsoft.Common.CurrentVersion.targets(5146,5): message :     ”(先前值:“_SplitProjectReferencesByFileExistence”)
       C:\Program Files\dotnet\sdk\10.0.103\Microsoft.Common.CurrentVersion.targets(6959,5): message : 值为“C:\Program Files\dotnet\sdk\10.0.103”的属性“MSBuildExtensionsPath32”从环境中展开。
       “NuGetInteractive”属性是全局属性，不能修改。
       C:\Users\Administrator\.nuget\packages\microsoft.web.webview2\1.0.2849.39\build\Common.targets(37,5): message : 在 C:\Users\Administrator\.nuget\packages\microsoft.web.webview2\1.0.2849.39\build\Common.targets (37,5) 处重新分配属性: $(EffectivePlatform)=“x86”(先前值:“AnyCPU”)
       C:\Users\Administrator\.nuget\packages\microsoft.web.webview2\1.0.2849.39\build\Common.targets(39,5): message : 在 C:\Users\Administrator\.nuget\packages\microsoft.web.webview2\1.0.2849.39\build\Common.targets (39,5) 处重新分配属性: $(EffectivePlatform)=“x64”(先前值:“x86”)
       C:\Users\Administrator\.nuget\packages\microsoft.web.webview2\1.0.2849.39\build\Common.targets(60,5): message : 在 C:\Users\Administrator\.nuget\packages\microsoft.web.webview2\1.0.2849.39\build\Common.targets (60,5) 处重新分配属性: $(EffectivePlatform)=“x86”(先前值:“x64”)
       C:\Program Files\dotnet\sdk\10.0.103\Sdks\Microsoft.NET.Sdk\targets\Microsoft.PackageDependencyResolution.targets(29,5): message : 在 C:\Program Files\dotnet\sdk\10.0.103\Sdks\Microsoft.NET.Sdk\targets\Microsoft.PackageDependencyResolution.targets (29,5) 处重新分配属性: $(ProjectAssetsCacheFile)=“E:\ProjectMy\WebViewHub\obj\Debug\net8.0-windows\WebViewHub.assets.cache”(先前值:“obj\Debug\net8.0-windows\WebViewHub.assets.cache”)
       C:\Program Files\dotnet\sdk\10.0.103\Sdks\Microsoft.NET.Sdk\targets\Microsoft.PackageDependencyResolution.targets(80,5): message : 在 C:\Program Files\dotnet\sdk\10.0.103\Sdks\Microsoft.NET.Sdk\targets\Microsoft.PackageDependencyResolution.targets (80,5) 处重新分配属性: $(ResolveAssemblyReferencesDependsOn)=“
       C:\Program Files\dotnet\sdk\10.0.103\Sdks\Microsoft.NET.Sdk\targets\Microsoft.PackageDependencyResolution.targets(80,5): message :       
       C:\Program Files\dotnet\sdk\10.0.103\Sdks\Microsoft.NET.Sdk\targets\Microsoft.PackageDependencyResolution.targets(80,5): message :       ResolveProjectReferences;
       C:\Program Files\dotnet\sdk\10.0.103\Sdks\Microsoft.NET.Sdk\targets\Microsoft.PackageDependencyResolution.targets(80,5): message :       FindInvalidProjectReferences;
       C:\Program Files\dotnet\sdk\10.0.103\Sdks\Microsoft.NET.Sdk\targets\Microsoft.PackageDependencyResolution.targets(80,5): message :       GetFrameworkPaths;
       C:\Program Files\dotnet\sdk\10.0.103\Sdks\Microsoft.NET.Sdk\targets\Microsoft.PackageDependencyResolution.targets(80,5): message :       GetReferenceAssemblyPaths;
       C:\Program Files\dotnet\sdk\10.0.103\Sdks\Microsoft.NET.Sdk\targets\Microsoft.PackageDependencyResolution.targets(80,5): message :       PrepareForBuild;
       C:\Program Files\dotnet\sdk\10.0.103\Sdks\Microsoft.NET.Sdk\targets\Microsoft.PackageDependencyResolution.targets(80,5): message :       ResolveSDKReferences;
       C:\Program Files\dotnet\sdk\10.0.103\Sdks\Microsoft.NET.Sdk\targets\Microsoft.PackageDependencyResolution.targets(80,5): message :       ExpandSDKReferences;
       C:\Program Files\dotnet\sdk\10.0.103\Sdks\Microsoft.NET.Sdk\targets\Microsoft.PackageDependencyResolution.targets(80,5): message :     ;
       C:\Program Files\dotnet\sdk\10.0.103\Sdks\Microsoft.NET.Sdk\targets\Microsoft.PackageDependencyResolution.targets(80,5): message :       ResolvePackageDependenciesForBuild;
       C:\Program Files\dotnet\sdk\10.0.103\Sdks\Microsoft.NET.Sdk\targets\Microsoft.PackageDependencyResolution.targets(80,5): message :       _HandlePackageFileConflicts;
       C:\Program Files\dotnet\sdk\10.0.103\Sdks\Microsoft.NET.Sdk\targets\Microsoft.PackageDependencyResolution.targets(80,5): message :     ”(先前值:“
       C:\Program Files\dotnet\sdk\10.0.103\Sdks\Microsoft.NET.Sdk\targets\Microsoft.PackageDependencyResolution.targets(80,5): message :       ResolveProjectReferences;
       C:\Program Files\dotnet\sdk\10.0.103\Sdks\Microsoft.NET.Sdk\targets\Microsoft.PackageDependencyResolution.targets(80,5): message :       FindInvalidProjectReferences;
       C:\Program Files\dotnet\sdk\10.0.103\Sdks\Microsoft.NET.Sdk\targets\Microsoft.PackageDependencyResolution.targets(80,5): message :       GetFrameworkPaths;
       C:\Program Files\dotnet\sdk\10.0.103\Sdks\Microsoft.NET.Sdk\targets\Microsoft.PackageDependencyResolution.targets(80,5): message :       GetReferenceAssemblyPaths;
       C:\Program Files\dotnet\sdk\10.0.103\Sdks\Microsoft.NET.Sdk\targets\Microsoft.PackageDependencyResolution.targets(80,5): message :       PrepareForBuild;
       C:\Program Files\dotnet\sdk\10.0.103\Sdks\Microsoft.NET.Sdk\targets\Microsoft.PackageDependencyResolution.targets(80,5): message :       ResolveSDKReferences;
       C:\Program Files\dotnet\sdk\10.0.103\Sdks\Microsoft.NET.Sdk\targets\Microsoft.PackageDependencyResolution.targets(80,5): message :       ExpandSDKReferences;
       C:\Program Files\dotnet\sdk\10.0.103\Sdks\Microsoft.NET.Sdk\targets\Microsoft.PackageDependencyResolution.targets(80,5): message :     ”)
       C:\Program Files\dotnet\sdk\10.0.103\Sdks\Microsoft.NET.Sdk\targets\Microsoft.PackageDependencyResolution.targets(86,5): message : 在 C:\Program Files\dotnet\sdk\10.0.103\Sdks\Microsoft.NET.Sdk\targets\Microsoft.PackageDependencyResolution.targets (86,5) 处重新分配属性: $(PrepareResourcesDependsOn)=“
       C:\Program Files\dotnet\sdk\10.0.103\Sdks\Microsoft.NET.Sdk\targets\Microsoft.PackageDependencyResolution.targets(86,5): message :       ResolvePackageDependenciesForBuild;
       C:\Program Files\dotnet\sdk\10.0.103\Sdks\Microsoft.NET.Sdk\targets\Microsoft.PackageDependencyResolution.targets(86,5): message :       _HandlePackageFileConflicts;
       C:\Program Files\dotnet\sdk\10.0.103\Sdks\Microsoft.NET.Sdk\targets\Microsoft.PackageDependencyResolution.targets(86,5): message :       
       C:\Program Files\dotnet\sdk\10.0.103\Sdks\Microsoft.NET.Sdk\targets\Microsoft.PackageDependencyResolution.targets(86,5): message :       ;
       C:\Program Files\dotnet\sdk\10.0.103\Sdks\Microsoft.NET.Sdk\targets\Microsoft.PackageDependencyResolution.targets(86,5): message :       PrepareResourceNames;
       C:\Program Files\dotnet\sdk\10.0.103\Sdks\Microsoft.NET.Sdk\targets\Microsoft.PackageDependencyResolution.targets(86,5): message :       ResGen;
       C:\Program Files\dotnet\sdk\10.0.103\Sdks\Microsoft.NET.Sdk\targets\Microsoft.PackageDependencyResolution.targets(86,5): message :       CompileLicxFiles
       C:\Program Files\dotnet\sdk\10.0.103\Sdks\Microsoft.NET.Sdk\targets\Microsoft.PackageDependencyResolution.targets(86,5): message :     
       C:\Program Files\dotnet\sdk\10.0.103\Sdks\Microsoft.NET.Sdk\targets\Microsoft.PackageDependencyResolution.targets(86,5): message :     ”(先前值:“
       C:\Program Files\dotnet\sdk\10.0.103\Sdks\Microsoft.NET.Sdk\targets\Microsoft.PackageDependencyResolution.targets(86,5): message :       ;
       C:\Program Files\dotnet\sdk\10.0.103\Sdks\Microsoft.NET.Sdk\targets\Microsoft.PackageDependencyResolution.targets(86,5): message :       PrepareResourceNames;
       C:\Program Files\dotnet\sdk\10.0.103\Sdks\Microsoft.NET.Sdk\targets\Microsoft.PackageDependencyResolution.targets(86,5): message :       ResGen;
       C:\Program Files\dotnet\sdk\10.0.103\Sdks\Microsoft.NET.Sdk\targets\Microsoft.PackageDependencyResolution.targets(86,5): message :       CompileLicxFiles
       C:\Program Files\dotnet\sdk\10.0.103\Sdks\Microsoft.NET.Sdk\targets\Microsoft.PackageDependencyResolution.targets(86,5): message :     ”)
       C:\Program Files\dotnet\sdk\10.0.103\Sdks\Microsoft.NET.Sdk\targets\Microsoft.NET.Sdk.DefaultItems.targets(35,5): message : 在 C:\Program Files\dotnet\sdk\10.0.103\Sdks\Microsoft.NET.Sdk\targets\Microsoft.NET.Sdk.DefaultItems.targets (35,5) 处重新分配属性: $(DefaultItemExcludes)=“;bin\Debug\/**;obj\Debug\/**;bin\/**”(先前值:“;bin\Debug\/**;obj\Debug\/**”)
       C:\Program Files\dotnet\sdk\10.0.103\Sdks\Microsoft.NET.Sdk\targets\Microsoft.NET.Sdk.DefaultItems.targets(37,5): message : 在 C:\Program Files\dotnet\sdk\10.0.103\Sdks\Microsoft.NET.Sdk\targets\Microsoft.NET.Sdk.DefaultItems.targets (37,5) 处重新分配属性: $(DefaultItemExcludes)=“;bin\Debug\/**;obj\Debug\/**;bin\/**;obj\/**”(先前值:“;bin\Debug\/**;obj\Debug\/**;bin\/**”)
       C:\Program Files\dotnet\sdk\10.0.103\Sdks\Microsoft.NET.Sdk\targets\Microsoft.NET.Sdk.DefaultItems.targets(40,5): message : 在 C:\Program Files\dotnet\sdk\10.0.103\Sdks\Microsoft.NET.Sdk\targets\Microsoft.NET.Sdk.DefaultItems.targets (40,5) 处重新分配属性: $(DefaultItemExcludes)=“;bin\Debug\/**;obj\Debug\/**;bin\/**;obj\/**;**/*.user”(先前值:“;bin\Debug\/**;obj\Debug\/**;bin\/**;obj\/**”)
       C:\Program Files\dotnet\sdk\10.0.103\Sdks\Microsoft.NET.Sdk\targets\Microsoft.NET.Sdk.DefaultItems.targets(41,5): message : 在 C:\Program Files\dotnet\sdk\10.0.103\Sdks\Microsoft.NET.Sdk\targets\Microsoft.NET.Sdk.DefaultItems.targets (41,5) 处重新分配属性: $(DefaultItemExcludes)=“;bin\Debug\/**;obj\Debug\/**;bin\/**;obj\/**;**/*.user;**/*.*proj”(先前值:“;bin\Debug\/**;obj\Debug\/**;bin\/**;obj\/**;**/*.user”)
       C:\Program Files\dotnet\sdk\10.0.103\Sdks\Microsoft.NET.Sdk\targets\Microsoft.NET.Sdk.DefaultItems.targets(42,5): message : 在 C:\Program Files\dotnet\sdk\10.0.103\Sdks\Microsoft.NET.Sdk\targets\Microsoft.NET.Sdk.DefaultItems.targets (42,5) 处重新分配属性: $(DefaultItemExcludes)=“;bin\Debug\/**;obj\Debug\/**;bin\/**;obj\/**;**/*.user;**/*.*proj;**/*.sln”(先前值:“;bin\Debug\/**;obj\Debug\/**;bin\/**;obj\/**;**/*.user;**/*.*proj”)
       C:\Program Files\dotnet\sdk\10.0.103\Sdks\Microsoft.NET.Sdk\targets\Microsoft.NET.Sdk.DefaultItems.targets(43,5): message : 在 C:\Program Files\dotnet\sdk\10.0.103\Sdks\Microsoft.NET.Sdk\targets\Microsoft.NET.Sdk.DefaultItems.targets (43,5) 处重新分配属性: $(DefaultItemExcludes)=“;bin\Debug\/**;obj\Debug\/**;bin\/**;obj\/**;**/*.user;**/*.*proj;**/*.sln;**/*.slnx”(先前值:“;bin\Debug\/**;obj\Debug\/**;bin\/**;obj\/**;**/*.user;**/*.*proj;**/*.sln”)
       C:\Program Files\dotnet\sdk\10.0.103\Sdks\Microsoft.NET.Sdk\targets\Microsoft.NET.Sdk.DefaultItems.targets(44,5): message : 在 C:\Program Files\dotnet\sdk\10.0.103\Sdks\Microsoft.NET.Sdk\targets\Microsoft.NET.Sdk.DefaultItems.targets (44,5) 处重新分配属性: $(DefaultItemExcludes)=“;bin\Debug\/**;obj\Debug\/**;bin\/**;obj\/**;**/*.user;**/*.*proj;**/*.sln;**/*.slnx;**/*.vssscc”(先前值:“;bin\Debug\/**;obj\Debug\/**;bin\/**;obj\/**;**/*.user;**/*.*proj;**/*.sln;**/*.slnx”)
       C:\Program Files\dotnet\sdk\10.0.103\Sdks\Microsoft.NET.Sdk\targets\Microsoft.NET.Sdk.DefaultItems.targets(45,5): message : 在 C:\Program Files\dotnet\sdk\10.0.103\Sdks\Microsoft.NET.Sdk\targets\Microsoft.NET.Sdk.DefaultItems.targets (45,5) 处重新分配属性: $(DefaultItemExcludes)=“;bin\Debug\/**;obj\Debug\/**;bin\/**;obj\/**;**/*.user;**/*.*proj;**/*.sln;**/*.slnx;**/*.vssscc;**/.DS_Store”(先前值:“;bin\Debug\/**;obj\Debug\/**;bin\/**;obj\/**;**/*.user;**/*.*proj;**/*.sln;**/*.slnx;**/*.vssscc”)
       C:\Program Files\dotnet\sdk\10.0.103\Sdks\Microsoft.NET.Sdk\targets\Microsoft.NET.Sdk.FrameworkReferenceResolution.targets(14,5): message : 在 C:\Program Files\dotnet\sdk\10.0.103\Sdks\Microsoft.NET.Sdk\targets\Microsoft.NET.Sdk.FrameworkReferenceResolution.targets (14,5) 处重新分配属性: $(ResolveAssemblyReferencesDependsOn)=“
       C:\Program Files\dotnet\sdk\10.0.103\Sdks\Microsoft.NET.Sdk\targets\Microsoft.NET.Sdk.FrameworkReferenceResolution.targets(14,5): message :       
       C:\Program Files\dotnet\sdk\10.0.103\Sdks\Microsoft.NET.Sdk\targets\Microsoft.NET.Sdk.FrameworkReferenceResolution.targets(14,5): message :       
       C:\Program Files\dotnet\sdk\10.0.103\Sdks\Microsoft.NET.Sdk\targets\Microsoft.NET.Sdk.FrameworkReferenceResolution.targets(14,5): message :       ResolveProjectReferences;
       C:\Program Files\dotnet\sdk\10.0.103\Sdks\Microsoft.NET.Sdk\targets\Microsoft.NET.Sdk.FrameworkReferenceResolution.targets(14,5): message :       FindInvalidProjectReferences;
       C:\Program Files\dotnet\sdk\10.0.103\Sdks\Microsoft.NET.Sdk\targets\Microsoft.NET.Sdk.FrameworkReferenceResolution.targets(14,5): message :       GetFrameworkPaths;
       C:\Program Files\dotnet\sdk\10.0.103\Sdks\Microsoft.NET.Sdk\targets\Microsoft.NET.Sdk.FrameworkReferenceResolution.targets(14,5): message :       GetReferenceAssemblyPaths;
       C:\Program Files\dotnet\sdk\10.0.103\Sdks\Microsoft.NET.Sdk\targets\Microsoft.NET.Sdk.FrameworkReferenceResolution.targets(14,5): message :       PrepareForBuild;
       C:\Program Files\dotnet\sdk\10.0.103\Sdks\Microsoft.NET.Sdk\targets\Microsoft.NET.Sdk.FrameworkReferenceResolution.targets(14,5): message :       ResolveSDKReferences;
       C:\Program Files\dotnet\sdk\10.0.103\Sdks\Microsoft.NET.Sdk\targets\Microsoft.NET.Sdk.FrameworkReferenceResolution.targets(14,5): message :       ExpandSDKReferences;
       C:\Program Files\dotnet\sdk\10.0.103\Sdks\Microsoft.NET.Sdk\targets\Microsoft.NET.Sdk.FrameworkReferenceResolution.targets(14,5): message :     ;
       C:\Program Files\dotnet\sdk\10.0.103\Sdks\Microsoft.NET.Sdk\targets\Microsoft.NET.Sdk.FrameworkReferenceResolution.targets(14,5): message :       ResolvePackageDependenciesForBuild;
       C:\Program Files\dotnet\sdk\10.0.103\Sdks\Microsoft.NET.Sdk\targets\Microsoft.NET.Sdk.FrameworkReferenceResolution.targets(14,5): message :       _HandlePackageFileConflicts;
       C:\Program Files\dotnet\sdk\10.0.103\Sdks\Microsoft.NET.Sdk\targets\Microsoft.NET.Sdk.FrameworkReferenceResolution.targets(14,5): message :     ;
       C:\Program Files\dotnet\sdk\10.0.103\Sdks\Microsoft.NET.Sdk\targets\Microsoft.NET.Sdk.FrameworkReferenceResolution.targets(14,5): message :       ResolveTargetingPackAssets;
       C:\Program Files\dotnet\sdk\10.0.103\Sdks\Microsoft.NET.Sdk\targets\Microsoft.NET.Sdk.FrameworkReferenceResolution.targets(14,5): message :     ”(先前值:“
       C:\Program Files\dotnet\sdk\10.0.103\Sdks\Microsoft.NET.Sdk\targets\Microsoft.NET.Sdk.FrameworkReferenceResolution.targets(14,5): message :       
       C:\Program Files\dotnet\sdk\10.0.103\Sdks\Microsoft.NET.Sdk\targets\Microsoft.NET.Sdk.FrameworkReferenceResolution.targets(14,5): message :       ResolveProjectReferences;
       C:\Program Files\dotnet\sdk\10.0.103\Sdks\Microsoft.NET.Sdk\targets\Microsoft.NET.Sdk.FrameworkReferenceResolution.targets(14,5): message :       FindInvalidProjectReferences;
       C:\Program Files\dotnet\sdk\10.0.103\Sdks\Microsoft.NET.Sdk\targets\Microsoft.NET.Sdk.FrameworkReferenceResolution.targets(14,5): message :       GetFrameworkPaths;
       C:\Program Files\dotnet\sdk\10.0.103\Sdks\Microsoft.NET.Sdk\targets\Microsoft.NET.Sdk.FrameworkReferenceResolution.targets(14,5): message :       GetReferenceAssemblyPaths;
       C:\Program Files\dotnet\sdk\10.0.103\Sdks\Microsoft.NET.Sdk\targets\Microsoft.NET.Sdk.FrameworkReferenceResolution.targets(14,5): message :       PrepareForBuild;
       C:\Program Files\dotnet\sdk\10.0.103\Sdks\Microsoft.NET.Sdk\targets\Microsoft.NET.Sdk.FrameworkReferenceResolution.targets(14,5): message :       ResolveSDKReferences;
       C:\Program Files\dotnet\sdk\10.0.103\Sdks\Microsoft.NET.Sdk\targets\Microsoft.NET.Sdk.FrameworkReferenceResolution.targets(14,5): message :       ExpandSDKReferences;
       C:\Program Files\dotnet\sdk\10.0.103\Sdks\Microsoft.NET.Sdk\targets\Microsoft.NET.Sdk.FrameworkReferenceResolution.targets(14,5): message :     ;
       C:\Program Files\dotnet\sdk\10.0.103\Sdks\Microsoft.NET.Sdk\targets\Microsoft.NET.Sdk.FrameworkReferenceResolution.targets(14,5): message :       ResolvePackageDependenciesForBuild;
       C:\Program Files\dotnet\sdk\10.0.103\Sdks\Microsoft.NET.Sdk\targets\Microsoft.NET.Sdk.FrameworkReferenceResolution.targets(14,5): message :       _HandlePackageFileConflicts;
       C:\Program Files\dotnet\sdk\10.0.103\Sdks\Microsoft.NET.Sdk\targets\Microsoft.NET.Sdk.FrameworkReferenceResolution.targets(14,5): message :     ”)
       C:\Program Files\dotnet\sdk\10.0.103\Sdks\Microsoft.NET.Sdk\targets\Microsoft.NET.Sdk.targets(44,5): message : 在 C:\Program Files\dotnet\sdk\10.0.103\Sdks\Microsoft.NET.Sdk\targets\Microsoft.NET.Sdk.targets (44,5) 处重新分配属性: $(_GenerateRuntimeConfigurationPropertyInputsCache)=“E:\ProjectMy\WebViewHub\obj\Debug\net8.0-windows\WebViewHub.genruntimeconfig.cache”(先前值:“obj\Debug\net8.0-windows\WebViewHub.genruntimeconfig.cache”)
       C:\Program Files\dotnet\sdk\10.0.103\Sdks\Microsoft.NET.Sdk\targets\Microsoft.NET.Sdk.targets(46,5): message : 在 C:\Program Files\dotnet\sdk\10.0.103\Sdks\Microsoft.NET.Sdk\targets\Microsoft.NET.Sdk.targets (46,5) 处重新分配属性: $(_GeneratePublishDependencyFilePropertyInputsCache)=“E:\ProjectMy\WebViewHub\obj\Debug\net8.0-windows\WebViewHub.genpublishdeps.cache”(先前值:“obj\Debug\net8.0-windows\WebViewHub.genpublishdeps.cache”)
       C:\Program Files\dotnet\sdk\10.0.103\Sdks\Microsoft.NET.Sdk\targets\Microsoft.NET.Sdk.targets(48,5): message : 在 C:\Program Files\dotnet\sdk\10.0.103\Sdks\Microsoft.NET.Sdk\targets\Microsoft.NET.Sdk.targets (48,5) 处重新分配属性: $(_GenerateSingleFileBundlePropertyInputsCache)=“E:\ProjectMy\WebViewHub\obj\Debug\net8.0-windows\WebViewHub.genbundle.cache”(先前值:“obj\Debug\net8.0-windows\WebViewHub.genbundle.cache”)
       C:\Program Files\dotnet\sdk\10.0.103\Sdks\Microsoft.NET.Sdk\targets\Microsoft.NET.Sdk.targets(81,5): message : 在 C:\Program Files\dotnet\sdk\10.0.103\Sdks\Microsoft.NET.Sdk\targets\Microsoft.NET.Sdk.targets (81,5) 处重新分配属性: $(GenerateRuntimeConfigDevFile)=“false”(先前值:“true”)
       C:\Program Files\dotnet\sdk\10.0.103\Sdks\Microsoft.NET.Sdk\targets\Microsoft.NET.Sdk.targets(98,5): message : 在 C:\Program Files\dotnet\sdk\10.0.103\Sdks\Microsoft.NET.Sdk\targets\Microsoft.NET.Sdk.targets (98,5) 处重新分配属性: $(_DefaultUserProfileRuntimeStorePath)=“C:\Users\Administrator”(先前值:“”)
       C:\Program Files\dotnet\sdk\10.0.103\Sdks\Microsoft.NET.Sdk\targets\Microsoft.NET.Sdk.targets(99,5): message : 在 C:\Program Files\dotnet\sdk\10.0.103\Sdks\Microsoft.NET.Sdk\targets\Microsoft.NET.Sdk.targets (99,5) 处重新分配属性: $(_DefaultUserProfileRuntimeStorePath)=“C:\Users\Administrator\.dotnet\store”(先前值:“C:\Users\Administrator”)
       C:\Program Files\dotnet\sdk\10.0.103\Sdks\Microsoft.NET.Sdk\targets\Microsoft.NET.Sdk.targets(144,5): message : 在 C:\Program Files\dotnet\sdk\10.0.103\Sdks\Microsoft.NET.Sdk\targets\Microsoft.NET.Sdk.targets (144,5) 处重新分配属性: $(AvailablePlatforms)=“Any CPU,x86,x64,ARM32”(先前值:“Any CPU,x86,x64”)
       C:\Program Files\dotnet\sdk\10.0.103\Sdks\Microsoft.NET.Sdk\targets\Microsoft.NET.Sdk.targets(148,5): message : 在 C:\Program Files\dotnet\sdk\10.0.103\Sdks\Microsoft.NET.Sdk\targets\Microsoft.NET.Sdk.targets (148,5) 处重新分配属性: $(AvailablePlatforms)=“Any CPU,x86,x64,ARM32,ARM64”(先前值:“Any CPU,x86,x64,ARM32”)
       C:\Program Files\dotnet\sdk\10.0.103\Sdks\Microsoft.NET.Sdk\targets\Microsoft.NET.Sdk.targets(204,5): message : 在 C:\Program Files\dotnet\sdk\10.0.103\Sdks\Microsoft.NET.Sdk\targets\Microsoft.NET.Sdk.targets (204,5) 处重新分配属性: $(CoreBuildDependsOn)=“
       C:\Program Files\dotnet\sdk\10.0.103\Sdks\Microsoft.NET.Sdk\targets\Microsoft.NET.Sdk.targets(204,5): message :       _CheckForBuildWithNoBuild;
       C:\Program Files\dotnet\sdk\10.0.103\Sdks\Microsoft.NET.Sdk\targets\Microsoft.NET.Sdk.targets(204,5): message :       
       C:\Program Files\dotnet\sdk\10.0.103\Sdks\Microsoft.NET.Sdk\targets\Microsoft.NET.Sdk.targets(204,5): message :       BuildOnlySettings;
       C:\Program Files\dotnet\sdk\10.0.103\Sdks\Microsoft.NET.Sdk\targets\Microsoft.NET.Sdk.targets(204,5): message :       PrepareForBuild;
       C:\Program Files\dotnet\sdk\10.0.103\Sdks\Microsoft.NET.Sdk\targets\Microsoft.NET.Sdk.targets(204,5): message :       PreBuildEvent;
       C:\Program Files\dotnet\sdk\10.0.103\Sdks\Microsoft.NET.Sdk\targets\Microsoft.NET.Sdk.targets(204,5): message :       ResolveReferences;
       C:\Program Files\dotnet\sdk\10.0.103\Sdks\Microsoft.NET.Sdk\targets\Microsoft.NET.Sdk.targets(204,5): message :       PrepareResources;
       C:\Program Files\dotnet\sdk\10.0.103\Sdks\Microsoft.NET.Sdk\targets\Microsoft.NET.Sdk.targets(204,5): message :       ResolveKeySource;
       C:\Program Files\dotnet\sdk\10.0.103\Sdks\Microsoft.NET.Sdk\targets\Microsoft.NET.Sdk.targets(204,5): message :       Compile;
       C:\Program Files\dotnet\sdk\10.0.103\Sdks\Microsoft.NET.Sdk\targets\Microsoft.NET.Sdk.targets(204,5): message :       ExportWindowsMDFile;
       C:\Program Files\dotnet\sdk\10.0.103\Sdks\Microsoft.NET.Sdk\targets\Microsoft.NET.Sdk.targets(204,5): message :       UnmanagedUnregistration;
       C:\Program Files\dotnet\sdk\10.0.103\Sdks\Microsoft.NET.Sdk\targets\Microsoft.NET.Sdk.targets(204,5): message :       GenerateSerializationAssemblies;
       C:\Program Files\dotnet\sdk\10.0.103\Sdks\Microsoft.NET.Sdk\targets\Microsoft.NET.Sdk.targets(204,5): message :       CreateSatelliteAssemblies;
       C:\Program Files\dotnet\sdk\10.0.103\Sdks\Microsoft.NET.Sdk\targets\Microsoft.NET.Sdk.targets(204,5): message :       GenerateManifests;
       C:\Program Files\dotnet\sdk\10.0.103\Sdks\Microsoft.NET.Sdk\targets\Microsoft.NET.Sdk.targets(204,5): message :       GetTargetPath;
       C:\Program Files\dotnet\sdk\10.0.103\Sdks\Microsoft.NET.Sdk\targets\Microsoft.NET.Sdk.targets(204,5): message :       PrepareForRun;
       C:\Program Files\dotnet\sdk\10.0.103\Sdks\Microsoft.NET.Sdk\targets\Microsoft.NET.Sdk.targets(204,5): message :       UnmanagedRegistration;
       C:\Program Files\dotnet\sdk\10.0.103\Sdks\Microsoft.NET.Sdk\targets\Microsoft.NET.Sdk.targets(204,5): message :       IncrementalClean;
       C:\Program Files\dotnet\sdk\10.0.103\Sdks\Microsoft.NET.Sdk\targets\Microsoft.NET.Sdk.targets(204,5): message :       PostBuildEvent
       C:\Program Files\dotnet\sdk\10.0.103\Sdks\Microsoft.NET.Sdk\targets\Microsoft.NET.Sdk.targets(204,5): message :     ;
       C:\Program Files\dotnet\sdk\10.0.103\Sdks\Microsoft.NET.Sdk\targets\Microsoft.NET.Sdk.targets(204,5): message :       GenerateBuildDependencyFile;
       C:\Program Files\dotnet\sdk\10.0.103\Sdks\Microsoft.NET.Sdk\targets\Microsoft.NET.Sdk.targets(204,5): message :       GenerateBuildRuntimeConfigurationFiles
       C:\Program Files\dotnet\sdk\10.0.103\Sdks\Microsoft.NET.Sdk\targets\Microsoft.NET.Sdk.targets(204,5): message :     ”(先前值:“
       C:\Program Files\dotnet\sdk\10.0.103\Sdks\Microsoft.NET.Sdk\targets\Microsoft.NET.Sdk.targets(204,5): message :       BuildOnlySettings;
       C:\Program Files\dotnet\sdk\10.0.103\Sdks\Microsoft.NET.Sdk\targets\Microsoft.NET.Sdk.targets(204,5): message :       PrepareForBuild;
       C:\Program Files\dotnet\sdk\10.0.103\Sdks\Microsoft.NET.Sdk\targets\Microsoft.NET.Sdk.targets(204,5): message :       PreBuildEvent;
       C:\Program Files\dotnet\sdk\10.0.103\Sdks\Microsoft.NET.Sdk\targets\Microsoft.NET.Sdk.targets(204,5): message :       ResolveReferences;
       C:\Program Files\dotnet\sdk\10.0.103\Sdks\Microsoft.NET.Sdk\targets\Microsoft.NET.Sdk.targets(204,5): message :       PrepareResources;
       C:\Program Files\dotnet\sdk\10.0.103\Sdks\Microsoft.NET.Sdk\targets\Microsoft.NET.Sdk.targets(204,5): message :       ResolveKeySource;
       C:\Program Files\dotnet\sdk\10.0.103\Sdks\Microsoft.NET.Sdk\targets\Microsoft.NET.Sdk.targets(204,5): message :       Compile;
       C:\Program Files\dotnet\sdk\10.0.103\Sdks\Microsoft.NET.Sdk\targets\Microsoft.NET.Sdk.targets(204,5): message :       ExportWindowsMDFile;
       C:\Program Files\dotnet\sdk\10.0.103\Sdks\Microsoft.NET.Sdk\targets\Microsoft.NET.Sdk.targets(204,5): message :       UnmanagedUnregistration;
       C:\Program Files\dotnet\sdk\10.0.103\Sdks\Microsoft.NET.Sdk\targets\Microsoft.NET.Sdk.targets(204,5): message :       GenerateSerializationAssemblies;
       C:\Program Files\dotnet\sdk\10.0.103\Sdks\Microsoft.NET.Sdk\targets\Microsoft.NET.Sdk.targets(204,5): message :       CreateSatelliteAssemblies;
       C:\Program Files\dotnet\sdk\10.0.103\Sdks\Microsoft.NET.Sdk\targets\Microsoft.NET.Sdk.targets(204,5): message :       GenerateManifests;
       C:\Program Files\dotnet\sdk\10.0.103\Sdks\Microsoft.NET.Sdk\targets\Microsoft.NET.Sdk.targets(204,5): message :       GetTargetPath;
       C:\Program Files\dotnet\sdk\10.0.103\Sdks\Microsoft.NET.Sdk\targets\Microsoft.NET.Sdk.targets(204,5): message :       PrepareForRun;
       C:\Program Files\dotnet\sdk\10.0.103\Sdks\Microsoft.NET.Sdk\targets\Microsoft.NET.Sdk.targets(204,5): message :       UnmanagedRegistration;
       C:\Program Files\dotnet\sdk\10.0.103\Sdks\Microsoft.NET.Sdk\targets\Microsoft.NET.Sdk.targets(204,5): message :       IncrementalClean;
       C:\Program Files\dotnet\sdk\10.0.103\Sdks\Microsoft.NET.Sdk\targets\Microsoft.NET.Sdk.targets(204,5): message :       PostBuildEvent
       C:\Program Files\dotnet\sdk\10.0.103\Sdks\Microsoft.NET.Sdk\targets\Microsoft.NET.Sdk.targets(204,5): message :     ”)
       C:\Program Files\dotnet\sdk\10.0.103\Sdks\Microsoft.NET.Sdk\targets\Microsoft.NET.Sdk.targets(213,5): message : 在 C:\Program Files\dotnet\sdk\10.0.103\Sdks\Microsoft.NET.Sdk\targets\Microsoft.NET.Sdk.targets (213,5) 处重新分配属性: $(CoreCleanDependsOn)=“
       C:\Program Files\dotnet\sdk\10.0.103\Sdks\Microsoft.NET.Sdk\targets\Microsoft.NET.Sdk.targets(213,5): message :       _SdkBeforeClean;
       C:\Program Files\dotnet\sdk\10.0.103\Sdks\Microsoft.NET.Sdk\targets\Microsoft.NET.Sdk.targets(213,5): message :       
       C:\Program Files\dotnet\sdk\10.0.103\Sdks\Microsoft.NET.Sdk\targets\Microsoft.NET.Sdk.targets(213,5): message :     ”(先前值:“”)
       C:\Program Files\dotnet\sdk\10.0.103\Sdks\Microsoft.NET.Sdk\targets\Microsoft.NET.Sdk.targets(220,5): message : 在 C:\Program Files\dotnet\sdk\10.0.103\Sdks\Microsoft.NET.Sdk\targets\Microsoft.NET.Sdk.targets (220,5) 处重新分配属性: $(RebuildDependsOn)=“
       C:\Program Files\dotnet\sdk\10.0.103\Sdks\Microsoft.NET.Sdk\targets\Microsoft.NET.Sdk.targets(220,5): message :       _SdkBeforeRebuild;
       C:\Program Files\dotnet\sdk\10.0.103\Sdks\Microsoft.NET.Sdk\targets\Microsoft.NET.Sdk.targets(220,5): message :       
       C:\Program Files\dotnet\sdk\10.0.103\Sdks\Microsoft.NET.Sdk\targets\Microsoft.NET.Sdk.targets(220,5): message :       BeforeRebuild;
       C:\Program Files\dotnet\sdk\10.0.103\Sdks\Microsoft.NET.Sdk\targets\Microsoft.NET.Sdk.targets(220,5): message :       Clean;
       C:\Program Files\dotnet\sdk\10.0.103\Sdks\Microsoft.NET.Sdk\targets\Microsoft.NET.Sdk.targets(220,5): message :       Build;
       C:\Program Files\dotnet\sdk\10.0.103\Sdks\Microsoft.NET.Sdk\targets\Microsoft.NET.Sdk.targets(220,5): message :       AfterRebuild;
       C:\Program Files\dotnet\sdk\10.0.103\Sdks\Microsoft.NET.Sdk\targets\Microsoft.NET.Sdk.targets(220,5): message :     
       C:\Program Files\dotnet\sdk\10.0.103\Sdks\Microsoft.NET.Sdk\targets\Microsoft.NET.Sdk.targets(220,5): message :     ”(先前值:“
       C:\Program Files\dotnet\sdk\10.0.103\Sdks\Microsoft.NET.Sdk\targets\Microsoft.NET.Sdk.targets(220,5): message :       BeforeRebuild;
       C:\Program Files\dotnet\sdk\10.0.103\Sdks\Microsoft.NET.Sdk\targets\Microsoft.NET.Sdk.targets(220,5): message :       Clean;
       C:\Program Files\dotnet\sdk\10.0.103\Sdks\Microsoft.NET.Sdk\targets\Microsoft.NET.Sdk.targets(220,5): message :       Build;
       C:\Program Files\dotnet\sdk\10.0.103\Sdks\Microsoft.NET.Sdk\targets\Microsoft.NET.Sdk.targets(220,5): message :       AfterRebuild;
       C:\Program Files\dotnet\sdk\10.0.103\Sdks\Microsoft.NET.Sdk\targets\Microsoft.NET.Sdk.targets(220,5): message :     ”)
       C:\Program Files\dotnet\sdk\10.0.103\Sdks\Microsoft.NET.Sdk\targets\Microsoft.NET.Sdk.targets(799,5): message : 在 C:\Program Files\dotnet\sdk\10.0.103\Sdks\Microsoft.NET.Sdk\targets\Microsoft.NET.Sdk.targets (799,5) 处重新分配属性: $(CompileDependsOn)=“
       C:\Program Files\dotnet\sdk\10.0.103\Sdks\Microsoft.NET.Sdk\targets\Microsoft.NET.Sdk.targets(799,5): message :       
       C:\Program Files\dotnet\sdk\10.0.103\Sdks\Microsoft.NET.Sdk\targets\Microsoft.NET.Sdk.targets(799,5): message :       ResolveReferences;
       C:\Program Files\dotnet\sdk\10.0.103\Sdks\Microsoft.NET.Sdk\targets\Microsoft.NET.Sdk.targets(799,5): message :       ResolveKeySource;
       C:\Program Files\dotnet\sdk\10.0.103\Sdks\Microsoft.NET.Sdk\targets\Microsoft.NET.Sdk.targets(799,5): message :       SetWin32ManifestProperties;
       C:\Program Files\dotnet\sdk\10.0.103\Sdks\Microsoft.NET.Sdk\targets\Microsoft.NET.Sdk.targets(799,5): message :       _SetPreferNativeArm64Win32ManifestProperties;
       C:\Program Files\dotnet\sdk\10.0.103\Sdks\Microsoft.NET.Sdk\targets\Microsoft.NET.Sdk.targets(799,5): message :       FindReferenceAssembliesForReferences;
       C:\Program Files\dotnet\sdk\10.0.103\Sdks\Microsoft.NET.Sdk\targets\Microsoft.NET.Sdk.targets(799,5): message :       _GenerateCompileInputs;
       C:\Program Files\dotnet\sdk\10.0.103\Sdks\Microsoft.NET.Sdk\targets\Microsoft.NET.Sdk.targets(799,5): message :       BeforeCompile;
       C:\Program Files\dotnet\sdk\10.0.103\Sdks\Microsoft.NET.Sdk\targets\Microsoft.NET.Sdk.targets(799,5): message :       _TimeStampBeforeCompile;
       C:\Program Files\dotnet\sdk\10.0.103\Sdks\Microsoft.NET.Sdk\targets\Microsoft.NET.Sdk.targets(799,5): message :       _GenerateCompileDependencyCache;
       C:\Program Files\dotnet\sdk\10.0.103\Sdks\Microsoft.NET.Sdk\targets\Microsoft.NET.Sdk.targets(799,5): message :       CoreCompile;
       C:\Program Files\dotnet\sdk\10.0.103\Sdks\Microsoft.NET.Sdk\targets\Microsoft.NET.Sdk.targets(799,5): message :       _TimeStampAfterCompile;
       C:\Program Files\dotnet\sdk\10.0.103\Sdks\Microsoft.NET.Sdk\targets\Microsoft.NET.Sdk.targets(799,5): message :       AfterCompile;
       C:\Program Files\dotnet\sdk\10.0.103\Sdks\Microsoft.NET.Sdk\targets\Microsoft.NET.Sdk.targets(799,5): message :     ;
       C:\Program Files\dotnet\sdk\10.0.103\Sdks\Microsoft.NET.Sdk\targets\Microsoft.NET.Sdk.targets(799,5): message :       _CreateAppHost;
       C:\Program Files\dotnet\sdk\10.0.103\Sdks\Microsoft.NET.Sdk\targets\Microsoft.NET.Sdk.targets(799,5): message :       _CreateComHost;
       C:\Program Files\dotnet\sdk\10.0.103\Sdks\Microsoft.NET.Sdk\targets\Microsoft.NET.Sdk.targets(799,5): message :       _GetIjwHostPaths;
       C:\Program Files\dotnet\sdk\10.0.103\Sdks\Microsoft.NET.Sdk\targets\Microsoft.NET.Sdk.targets(799,5): message :     ”(先前值:“
       C:\Program Files\dotnet\sdk\10.0.103\Sdks\Microsoft.NET.Sdk\targets\Microsoft.NET.Sdk.targets(799,5): message :       ResolveReferences;
       C:\Program Files\dotnet\sdk\10.0.103\Sdks\Microsoft.NET.Sdk\targets\Microsoft.NET.Sdk.targets(799,5): message :       ResolveKeySource;
       C:\Program Files\dotnet\sdk\10.0.103\Sdks\Microsoft.NET.Sdk\targets\Microsoft.NET.Sdk.targets(799,5): message :       SetWin32ManifestProperties;
       C:\Program Files\dotnet\sdk\10.0.103\Sdks\Microsoft.NET.Sdk\targets\Microsoft.NET.Sdk.targets(799,5): message :       _SetPreferNativeArm64Win32ManifestProperties;
       C:\Program Files\dotnet\sdk\10.0.103\Sdks\Microsoft.NET.Sdk\targets\Microsoft.NET.Sdk.targets(799,5): message :       FindReferenceAssembliesForReferences;
       C:\Program Files\dotnet\sdk\10.0.103\Sdks\Microsoft.NET.Sdk\targets\Microsoft.NET.Sdk.targets(799,5): message :       _GenerateCompileInputs;
       C:\Program Files\dotnet\sdk\10.0.103\Sdks\Microsoft.NET.Sdk\targets\Microsoft.NET.Sdk.targets(799,5): message :       BeforeCompile;
       C:\Program Files\dotnet\sdk\10.0.103\Sdks\Microsoft.NET.Sdk\targets\Microsoft.NET.Sdk.targets(799,5): message :       _TimeStampBeforeCompile;
       C:\Program Files\dotnet\sdk\10.0.103\Sdks\Microsoft.NET.Sdk\targets\Microsoft.NET.Sdk.targets(799,5): message :       _GenerateCompileDependencyCache;
       C:\Program Files\dotnet\sdk\10.0.103\Sdks\Microsoft.NET.Sdk\targets\Microsoft.NET.Sdk.targets(799,5): message :       CoreCompile;
       C:\Program Files\dotnet\sdk\10.0.103\Sdks\Microsoft.NET.Sdk\targets\Microsoft.NET.Sdk.targets(799,5): message :       _TimeStampAfterCompile;
       C:\Program Files\dotnet\sdk\10.0.103\Sdks\Microsoft.NET.Sdk\targets\Microsoft.NET.Sdk.targets(799,5): message :       AfterCompile;
       C:\Program Files\dotnet\sdk\10.0.103\Sdks\Microsoft.NET.Sdk\targets\Microsoft.NET.Sdk.targets(799,5): message :     ”)
       C:\Program Files\dotnet\sdk\10.0.103\Sdks\Microsoft.NET.Sdk\targets\Microsoft.NET.Sdk.targets(1131,5): message : 在 C:\Program Files\dotnet\sdk\10.0.103\Sdks\Microsoft.NET.Sdk\targets\Microsoft.NET.Sdk.targets (1131,5) 处重新分配属性: $(CreateSatelliteAssembliesDependsOn)=“
       C:\Program Files\dotnet\sdk\10.0.103\Sdks\Microsoft.NET.Sdk\targets\Microsoft.NET.Sdk.targets(1131,5): message :       
       C:\Program Files\dotnet\sdk\10.0.103\Sdks\Microsoft.NET.Sdk\targets\Microsoft.NET.Sdk.targets(1131,5): message :       ;
       C:\Program Files\dotnet\sdk\10.0.103\Sdks\Microsoft.NET.Sdk\targets\Microsoft.NET.Sdk.targets(1131,5): message :       _GenerateSatelliteAssemblyInputs;
       C:\Program Files\dotnet\sdk\10.0.103\Sdks\Microsoft.NET.Sdk\targets\Microsoft.NET.Sdk.targets(1131,5): message :       ComputeIntermediateSatelliteAssemblies;
       C:\Program Files\dotnet\sdk\10.0.103\Sdks\Microsoft.NET.Sdk\targets\Microsoft.NET.Sdk.targets(1131,5): message :       GenerateSatelliteAssemblies
       C:\Program Files\dotnet\sdk\10.0.103\Sdks\Microsoft.NET.Sdk\targets\Microsoft.NET.Sdk.targets(1131,5): message :     ;
       C:\Program Files\dotnet\sdk\10.0.103\Sdks\Microsoft.NET.Sdk\targets\Microsoft.NET.Sdk.targets(1131,5): message :       CoreGenerateSatelliteAssemblies
       C:\Program Files\dotnet\sdk\10.0.103\Sdks\Microsoft.NET.Sdk\targets\Microsoft.NET.Sdk.targets(1131,5): message :     ”(先前值:“
       C:\Program Files\dotnet\sdk\10.0.103\Sdks\Microsoft.NET.Sdk\targets\Microsoft.NET.Sdk.targets(1131,5): message :       ;
       C:\Program Files\dotnet\sdk\10.0.103\Sdks\Microsoft.NET.Sdk\targets\Microsoft.NET.Sdk.targets(1131,5): message :       _GenerateSatelliteAssemblyInputs;
       C:\Program Files\dotnet\sdk\10.0.103\Sdks\Microsoft.NET.Sdk\targets\Microsoft.NET.Sdk.targets(1131,5): message :       ComputeIntermediateSatelliteAssemblies;
       C:\Program Files\dotnet\sdk\10.0.103\Sdks\Microsoft.NET.Sdk\targets\Microsoft.NET.Sdk.targets(1131,5): message :       GenerateSatelliteAssemblies
       C:\Program Files\dotnet\sdk\10.0.103\Sdks\Microsoft.NET.Sdk\targets\Microsoft.NET.Sdk.targets(1131,5): message :     ”)
       C:\Program Files\dotnet\sdk\10.0.103\Sdks\Microsoft.SourceLink.GitLab\build\Microsoft.SourceLink.GitLab.targets(12,5): message : 在 C:\Program Files\dotnet\sdk\10.0.103\Sdks\Microsoft.SourceLink.GitLab\build\Microsoft.SourceLink.GitLab.targets (12,5) 处重新分配属性: $(SourceLinkUrlInitializerTargets)=“;_InitializeGitHubSourceLinkUrl;_InitializeGitLabSourceLinkUrl”(先前值:“;_InitializeGitHubSourceLinkUrl”)
       C:\Program Files\dotnet\sdk\10.0.103\Sdks\Microsoft.SourceLink.GitLab\build\Microsoft.SourceLink.GitLab.targets(13,5): message : 在 C:\Program Files\dotnet\sdk\10.0.103\Sdks\Microsoft.SourceLink.GitLab\build\Microsoft.SourceLink.GitLab.targets (13,5) 处重新分配属性: $(SourceControlManagerUrlTranslationTargets)=“;TranslateGitHubUrlsInSourceControlInformation;TranslateGitLabUrlsInSourceControlInformation”(先前值:“;TranslateGitHubUrlsInSourceControlInformation”)
       C:\Program Files\dotnet\sdk\10.0.103\Sdks\Microsoft.SourceLink.AzureRepos.Git\build\Microsoft.SourceLink.AzureRepos.Git.targets(12,5): message : 在 C:\Program Files\dotnet\sdk\10.0.103\Sdks\Microsoft.SourceLink.AzureRepos.Git\build\Microsoft.SourceLink.AzureRepos.Git.targets (12,5) 处重新分配属性: $(SourceLinkUrlInitializerTargets)=“;_InitializeGitHubSourceLinkUrl;_InitializeGitLabSourceLinkUrl;_InitializeAzureReposGitSourceLinkUrl”(先前值:“;_InitializeGitHubSourceLinkUrl;_InitializeGitLabSourceLinkUrl”)
       C:\Program Files\dotnet\sdk\10.0.103\Sdks\Microsoft.SourceLink.AzureRepos.Git\build\Microsoft.SourceLink.AzureRepos.Git.targets(13,5): message : 在 C:\Program Files\dotnet\sdk\10.0.103\Sdks\Microsoft.SourceLink.AzureRepos.Git\build\Microsoft.SourceLink.AzureRepos.Git.targets (13,5) 处重新分配属性: $(SourceControlManagerUrlTranslationTargets)=“;TranslateGitHubUrlsInSourceControlInformation;TranslateGitLabUrlsInSourceControlInformation;TranslateAzureReposGitUrlsInSourceControlInformation”(先前值:“;TranslateGitHubUrlsInSourceControlInformation;TranslateGitLabUrlsInSourceControlInformation”)
       C:\Program Files\dotnet\sdk\10.0.103\Sdks\Microsoft.SourceLink.Bitbucket.Git\build\Microsoft.SourceLink.Bitbucket.Git.targets(12,5): message : 在 C:\Program Files\dotnet\sdk\10.0.103\Sdks\Microsoft.SourceLink.Bitbucket.Git\build\Microsoft.SourceLink.Bitbucket.Git.targets (12,5) 处重新分配属性: $(SourceLinkUrlInitializerTargets)=“;_InitializeGitHubSourceLinkUrl;_InitializeGitLabSourceLinkUrl;_InitializeAzureReposGitSourceLinkUrl;_InitializeBitbucketGitSourceLinkUrl”(先前值:“;_InitializeGitHubSourceLinkUrl;_InitializeGitLabSourceLinkUrl;_InitializeAzureReposGitSourceLinkUrl”)
       C:\Program Files\dotnet\sdk\10.0.103\Sdks\Microsoft.SourceLink.Bitbucket.Git\build\Microsoft.SourceLink.Bitbucket.Git.targets(13,5): message : 在 C:\Program Files\dotnet\sdk\10.0.103\Sdks\Microsoft.SourceLink.Bitbucket.Git\build\Microsoft.SourceLink.Bitbucket.Git.targets (13,5) 处重新分配属性: $(SourceControlManagerUrlTranslationTargets)=“;TranslateGitHubUrlsInSourceControlInformation;TranslateGitLabUrlsInSourceControlInformation;TranslateAzureReposGitUrlsInSourceControlInformation;TranslateBitbucketGitUrlsInSourceControlInformation”(先前值:“;TranslateGitHubUrlsInSourceControlInformation;TranslateGitLabUrlsInSourceControlInformation;TranslateAzureReposGitUrlsInSourceControlInformation”)
       C:\Program Files\dotnet\sdk\10.0.103\Sdks\Microsoft.NET.Sdk\targets\Microsoft.NET.DesignerSupport.targets(21,5): message : 在 C:\Program Files\dotnet\sdk\10.0.103\Sdks\Microsoft.NET.Sdk\targets\Microsoft.NET.DesignerSupport.targets (21,5) 处重新分配属性: $(DesignerRuntimeImplementationProjectOutputGroupDependsOn)=“
       C:\Program Files\dotnet\sdk\10.0.103\Sdks\Microsoft.NET.Sdk\targets\Microsoft.NET.DesignerSupport.targets(21,5): message :       
       C:\Program Files\dotnet\sdk\10.0.103\Sdks\Microsoft.NET.Sdk\targets\Microsoft.NET.DesignerSupport.targets(21,5): message :       ;
       C:\Program Files\dotnet\sdk\10.0.103\Sdks\Microsoft.NET.Sdk\targets\Microsoft.NET.DesignerSupport.targets(21,5): message :       
       C:\Program Files\dotnet\sdk\10.0.103\Sdks\Microsoft.NET.Sdk\targets\Microsoft.NET.DesignerSupport.targets(21,5): message :       ;
       C:\Program Files\dotnet\sdk\10.0.103\Sdks\Microsoft.NET.Sdk\targets\Microsoft.NET.DesignerSupport.targets(21,5): message :       BuildOnlySettings;
       C:\Program Files\dotnet\sdk\10.0.103\Sdks\Microsoft.NET.Sdk\targets\Microsoft.NET.DesignerSupport.targets(21,5): message :       PrepareForBuild;
       C:\Program Files\dotnet\sdk\10.0.103\Sdks\Microsoft.NET.Sdk\targets\Microsoft.NET.DesignerSupport.targets(21,5): message :       AssignTargetPaths;
       C:\Program Files\dotnet\sdk\10.0.103\Sdks\Microsoft.NET.Sdk\targets\Microsoft.NET.DesignerSupport.targets(21,5): message :       ResolveReferences
       C:\Program Files\dotnet\sdk\10.0.103\Sdks\Microsoft.NET.Sdk\targets\Microsoft.NET.DesignerSupport.targets(21,5): message :     
       C:\Program Files\dotnet\sdk\10.0.103\Sdks\Microsoft.NET.Sdk\targets\Microsoft.NET.DesignerSupport.targets(21,5): message :     ;
       C:\Program Files\dotnet\sdk\10.0.103\Sdks\Microsoft.NET.Sdk\targets\Microsoft.NET.DesignerSupport.targets(21,5): message :       _GenerateDesignerDepsFile;
       C:\Program Files\dotnet\sdk\10.0.103\Sdks\Microsoft.NET.Sdk\targets\Microsoft.NET.DesignerSupport.targets(21,5): message :       _GenerateDesignerRuntimeConfigFile;
       C:\Program Files\dotnet\sdk\10.0.103\Sdks\Microsoft.NET.Sdk\targets\Microsoft.NET.DesignerSupport.targets(21,5): message :       GetCopyToOutputDirectoryItems;
       C:\Program Files\dotnet\sdk\10.0.103\Sdks\Microsoft.NET.Sdk\targets\Microsoft.NET.DesignerSupport.targets(21,5): message :       _GatherDesignerShadowCopyFiles;
       C:\Program Files\dotnet\sdk\10.0.103\Sdks\Microsoft.NET.Sdk\targets\Microsoft.NET.DesignerSupport.targets(21,5): message :     ”(先前值:“
       C:\Program Files\dotnet\sdk\10.0.103\Sdks\Microsoft.NET.Sdk\targets\Microsoft.NET.DesignerSupport.targets(21,5): message :       ;
       C:\Program Files\dotnet\sdk\10.0.103\Sdks\Microsoft.NET.Sdk\targets\Microsoft.NET.DesignerSupport.targets(21,5): message :       
       C:\Program Files\dotnet\sdk\10.0.103\Sdks\Microsoft.NET.Sdk\targets\Microsoft.NET.DesignerSupport.targets(21,5): message :       ;
       C:\Program Files\dotnet\sdk\10.0.103\Sdks\Microsoft.NET.Sdk\targets\Microsoft.NET.DesignerSupport.targets(21,5): message :       BuildOnlySettings;
       C:\Program Files\dotnet\sdk\10.0.103\Sdks\Microsoft.NET.Sdk\targets\Microsoft.NET.DesignerSupport.targets(21,5): message :       PrepareForBuild;
       C:\Program Files\dotnet\sdk\10.0.103\Sdks\Microsoft.NET.Sdk\targets\Microsoft.NET.DesignerSupport.targets(21,5): message :       AssignTargetPaths;
       C:\Program Files\dotnet\sdk\10.0.103\Sdks\Microsoft.NET.Sdk\targets\Microsoft.NET.DesignerSupport.targets(21,5): message :       ResolveReferences
       C:\Program Files\dotnet\sdk\10.0.103\Sdks\Microsoft.NET.Sdk\targets\Microsoft.NET.DesignerSupport.targets(21,5): message :     
       C:\Program Files\dotnet\sdk\10.0.103\Sdks\Microsoft.NET.Sdk\targets\Microsoft.NET.DesignerSupport.targets(21,5): message :     ”)
       C:\Program Files\dotnet\sdk\10.0.103\Sdks\Microsoft.NET.Sdk\targets\Microsoft.NET.Sdk.CSharp.targets(31,5): message : 在 C:\Program Files\dotnet\sdk\10.0.103\Sdks\Microsoft.NET.Sdk\targets\Microsoft.NET.Sdk.CSharp.targets (31,5) 处重新分配属性: $(DefineConstants)=“TRACE;DEBUG”(先前值:“TRACE”)
       C:\Program Files\dotnet\sdk\10.0.103\Sdks\Microsoft.NET.Sdk\targets\Microsoft.NET.Sdk.CSharp.targets(45,5): message : 在 C:\Program Files\dotnet\sdk\10.0.103\Sdks\Microsoft.NET.Sdk\targets\Microsoft.NET.Sdk.CSharp.targets (45,5) 处重新分配属性: $(WarningsAsErrors)=“;NU1605;SYSLIB0011”(先前值:“;NU1605”)
       C:\Program Files\dotnet\sdk\10.0.103\Sdks\Microsoft.NET.Sdk\targets\Microsoft.NET.Windows.targets(49,5): message : 在 C:\Program Files\dotnet\sdk\10.0.103\Sdks\Microsoft.NET.Sdk\targets\Microsoft.NET.Windows.targets (49,5) 处重新分配属性: $(TargetPlatformVersion)=“7.0”(先前值:“”)
       C:\Program Files\dotnet\sdk\10.0.103\Sdks\Microsoft.NET.Sdk\targets\Microsoft.NET.Windows.targets(50,5): message : 在 C:\Program Files\dotnet\sdk\10.0.103\Sdks\Microsoft.NET.Sdk\targets\Microsoft.NET.Windows.targets (50,5) 处重新分配属性: $(EffectiveTargetPlatformVersion)=“7.0”(先前值:“”)
       C:\Program Files\dotnet\sdk\10.0.103\Sdks\Microsoft.NET.Sdk\targets\Microsoft.NET.Windows.targets(60,5): message : 在 C:\Program Files\dotnet\sdk\10.0.103\Sdks\Microsoft.NET.Sdk\targets\Microsoft.NET.Windows.targets (60,5) 处重新分配属性: $(SupportedOSPlatformVersion)=“7.0”(先前值:“”)
       C:\Program Files\dotnet\sdk\10.0.103\Sdks\Microsoft.NET.Sdk\targets\Microsoft.NET.Windows.targets(61,5): message : 在 C:\Program Files\dotnet\sdk\10.0.103\Sdks\Microsoft.NET.Sdk\targets\Microsoft.NET.Windows.targets (61,5) 处重新分配属性: $(TargetPlatformMinVersion)=“7.0”(先前值:“”)
       C:\Program Files\dotnet\sdk\10.0.103\Sdks\Microsoft.NET.Sdk\targets\Microsoft.NET.Windows.targets(239,5): message : 在 C:\Program Files\dotnet\sdk\10.0.103\Sdks\Microsoft.NET.Sdk\targets\Microsoft.NET.Windows.targets (239,5) 处重新分配属性: $(_RunCsWinRTGeneratorPropertyInputsCachePath)=“E:\ProjectMy\WebViewHub\obj\Debug\net8.0-windows\WebViewHub.cswinrtgen.cache”(先前值:“obj\Debug\net8.0-windows\WebViewHub.cswinrtgen.cache”)
       C:\Program Files\dotnet\sdk\10.0.103\Sdks\Microsoft.NET.Sdk\targets\Microsoft.NET.Sdk.targets(1497,5): message : 在 C:\Program Files\dotnet\sdk\10.0.103\Sdks\Microsoft.NET.Sdk\targets\Microsoft.NET.Sdk.targets (1497,5) 处重新分配属性: $(TargetPlatformDisplayName)=“Windows 7.0”(先前值:“Windows ”)
       C:\Program Files\dotnet\sdk\10.0.103\Sdks\Microsoft.NET.Sdk.WindowsDesktop\targets\Microsoft.NET.Sdk.WindowsDesktop.targets(51,5): message : 在 C:\Program Files\dotnet\sdk\10.0.103\Sdks\Microsoft.NET.Sdk.WindowsDesktop\targets\Microsoft.NET.Sdk.WindowsDesktop.targets (51,5) 处重新分配属性: $(_TargetFrameworkVersionValue)=“8.0”(先前值:“0.0”)
       C:\Program Files\dotnet\sdk\10.0.103\Sdks\Microsoft.NET.Sdk.WindowsDesktop\targets\Microsoft.WinFX.targets(61,7): message : 在 C:\Program Files\dotnet\sdk\10.0.103\Sdks\Microsoft.NET.Sdk.WindowsDesktop\targets\Microsoft.WinFX.targets (61,7) 处重新分配属性: $(PrepareResourceNamesDependsOn)=“
       C:\Program Files\dotnet\sdk\10.0.103\Sdks\Microsoft.NET.Sdk.WindowsDesktop\targets\Microsoft.WinFX.targets(61,7): message :                     AssignWinFXEmbeddedResource;
       C:\Program Files\dotnet\sdk\10.0.103\Sdks\Microsoft.NET.Sdk.WindowsDesktop\targets\Microsoft.WinFX.targets(61,7): message :                     
       C:\Program Files\dotnet\sdk\10.0.103\Sdks\Microsoft.NET.Sdk.WindowsDesktop\targets\Microsoft.WinFX.targets(61,7): message :       AssignTargetPaths;
       C:\Program Files\dotnet\sdk\10.0.103\Sdks\Microsoft.NET.Sdk.WindowsDesktop\targets\Microsoft.WinFX.targets(61,7): message :       SplitResourcesByCulture;
       C:\Program Files\dotnet\sdk\10.0.103\Sdks\Microsoft.NET.Sdk.WindowsDesktop\targets\Microsoft.WinFX.targets(61,7): message :       CreateManifestResourceNames;
       C:\Program Files\dotnet\sdk\10.0.103\Sdks\Microsoft.NET.Sdk.WindowsDesktop\targets\Microsoft.WinFX.targets(61,7): message :       CreateCustomManifestResourceNames
       C:\Program Files\dotnet\sdk\10.0.103\Sdks\Microsoft.NET.Sdk.WindowsDesktop\targets\Microsoft.WinFX.targets(61,7): message :     
       C:\Program Files\dotnet\sdk\10.0.103\Sdks\Microsoft.NET.Sdk.WindowsDesktop\targets\Microsoft.WinFX.targets(61,7): message :       ”(先前值:“
       C:\Program Files\dotnet\sdk\10.0.103\Sdks\Microsoft.NET.Sdk.WindowsDesktop\targets\Microsoft.WinFX.targets(61,7): message :       AssignTargetPaths;
       C:\Program Files\dotnet\sdk\10.0.103\Sdks\Microsoft.NET.Sdk.WindowsDesktop\targets\Microsoft.WinFX.targets(61,7): message :       SplitResourcesByCulture;
       C:\Program Files\dotnet\sdk\10.0.103\Sdks\Microsoft.NET.Sdk.WindowsDesktop\targets\Microsoft.WinFX.targets(61,7): message :       CreateManifestResourceNames;
       C:\Program Files\dotnet\sdk\10.0.103\Sdks\Microsoft.NET.Sdk.WindowsDesktop\targets\Microsoft.WinFX.targets(61,7): message :       CreateCustomManifestResourceNames
       C:\Program Files\dotnet\sdk\10.0.103\Sdks\Microsoft.NET.Sdk.WindowsDesktop\targets\Microsoft.WinFX.targets(61,7): message :     ”)
       C:\Program Files\dotnet\sdk\10.0.103\Sdks\Microsoft.NET.Sdk.WindowsDesktop\targets\Microsoft.WinFX.targets(69,7): message : 在 C:\Program Files\dotnet\sdk\10.0.103\Sdks\Microsoft.NET.Sdk.WindowsDesktop\targets\Microsoft.WinFX.targets (69,7) 处重新分配属性: $(PrepareResourcesDependsOn)=“
       C:\Program Files\dotnet\sdk\10.0.103\Sdks\Microsoft.NET.Sdk.WindowsDesktop\targets\Microsoft.WinFX.targets(69,7): message :                 MarkupCompilePass1;
       C:\Program Files\dotnet\sdk\10.0.103\Sdks\Microsoft.NET.Sdk.WindowsDesktop\targets\Microsoft.WinFX.targets(69,7): message :                 AfterMarkupCompilePass1;
       C:\Program Files\dotnet\sdk\10.0.103\Sdks\Microsoft.NET.Sdk.WindowsDesktop\targets\Microsoft.WinFX.targets(69,7): message :                 MarkupCompilePass2ForMainAssembly;
       C:\Program Files\dotnet\sdk\10.0.103\Sdks\Microsoft.NET.Sdk.WindowsDesktop\targets\Microsoft.WinFX.targets(69,7): message :                 FileClassification;
       C:\Program Files\dotnet\sdk\10.0.103\Sdks\Microsoft.NET.Sdk.WindowsDesktop\targets\Microsoft.WinFX.targets(69,7): message :                 MainResourcesGeneration;
       C:\Program Files\dotnet\sdk\10.0.103\Sdks\Microsoft.NET.Sdk.WindowsDesktop\targets\Microsoft.WinFX.targets(69,7): message :                 
       C:\Program Files\dotnet\sdk\10.0.103\Sdks\Microsoft.NET.Sdk.WindowsDesktop\targets\Microsoft.WinFX.targets(69,7): message :       ResolvePackageDependenciesForBuild;
       C:\Program Files\dotnet\sdk\10.0.103\Sdks\Microsoft.NET.Sdk.WindowsDesktop\targets\Microsoft.WinFX.targets(69,7): message :       _HandlePackageFileConflicts;
       C:\Program Files\dotnet\sdk\10.0.103\Sdks\Microsoft.NET.Sdk.WindowsDesktop\targets\Microsoft.WinFX.targets(69,7): message :       
       C:\Program Files\dotnet\sdk\10.0.103\Sdks\Microsoft.NET.Sdk.WindowsDesktop\targets\Microsoft.WinFX.targets(69,7): message :       ;
       C:\Program Files\dotnet\sdk\10.0.103\Sdks\Microsoft.NET.Sdk.WindowsDesktop\targets\Microsoft.WinFX.targets(69,7): message :       PrepareResourceNames;
       C:\Program Files\dotnet\sdk\10.0.103\Sdks\Microsoft.NET.Sdk.WindowsDesktop\targets\Microsoft.WinFX.targets(69,7): message :       ResGen;
       C:\Program Files\dotnet\sdk\10.0.103\Sdks\Microsoft.NET.Sdk.WindowsDesktop\targets\Microsoft.WinFX.targets(69,7): message :       CompileLicxFiles
       C:\Program Files\dotnet\sdk\10.0.103\Sdks\Microsoft.NET.Sdk.WindowsDesktop\targets\Microsoft.WinFX.targets(69,7): message :     
       C:\Program Files\dotnet\sdk\10.0.103\Sdks\Microsoft.NET.Sdk.WindowsDesktop\targets\Microsoft.WinFX.targets(69,7): message :     
       C:\Program Files\dotnet\sdk\10.0.103\Sdks\Microsoft.NET.Sdk.WindowsDesktop\targets\Microsoft.WinFX.targets(69,7): message :       ”(先前值:“
       C:\Program Files\dotnet\sdk\10.0.103\Sdks\Microsoft.NET.Sdk.WindowsDesktop\targets\Microsoft.WinFX.targets(69,7): message :       ResolvePackageDependenciesForBuild;
       C:\Program Files\dotnet\sdk\10.0.103\Sdks\Microsoft.NET.Sdk.WindowsDesktop\targets\Microsoft.WinFX.targets(69,7): message :       _HandlePackageFileConflicts;
       C:\Program Files\dotnet\sdk\10.0.103\Sdks\Microsoft.NET.Sdk.WindowsDesktop\targets\Microsoft.WinFX.targets(69,7): message :       
       C:\Program Files\dotnet\sdk\10.0.103\Sdks\Microsoft.NET.Sdk.WindowsDesktop\targets\Microsoft.WinFX.targets(69,7): message :       ;
       C:\Program Files\dotnet\sdk\10.0.103\Sdks\Microsoft.NET.Sdk.WindowsDesktop\targets\Microsoft.WinFX.targets(69,7): message :       PrepareResourceNames;
       C:\Program Files\dotnet\sdk\10.0.103\Sdks\Microsoft.NET.Sdk.WindowsDesktop\targets\Microsoft.WinFX.targets(69,7): message :       ResGen;
       C:\Program Files\dotnet\sdk\10.0.103\Sdks\Microsoft.NET.Sdk.WindowsDesktop\targets\Microsoft.WinFX.targets(69,7): message :       CompileLicxFiles
       C:\Program Files\dotnet\sdk\10.0.103\Sdks\Microsoft.NET.Sdk.WindowsDesktop\targets\Microsoft.WinFX.targets(69,7): message :     
       C:\Program Files\dotnet\sdk\10.0.103\Sdks\Microsoft.NET.Sdk.WindowsDesktop\targets\Microsoft.WinFX.targets(69,7): message :     ”)
       C:\Program Files\dotnet\sdk\10.0.103\Sdks\Microsoft.NET.Sdk.WindowsDesktop\targets\Microsoft.WinFX.targets(136,5): message : 在 C:\Program Files\dotnet\sdk\10.0.103\Sdks\Microsoft.NET.Sdk.WindowsDesktop\targets\Microsoft.WinFX.targets (136,5) 处重新分配属性: $(CompileDependsOn)=“
       C:\Program Files\dotnet\sdk\10.0.103\Sdks\Microsoft.NET.Sdk.WindowsDesktop\targets\Microsoft.WinFX.targets(136,5): message :         
       C:\Program Files\dotnet\sdk\10.0.103\Sdks\Microsoft.NET.Sdk.WindowsDesktop\targets\Microsoft.WinFX.targets(136,5): message :       
       C:\Program Files\dotnet\sdk\10.0.103\Sdks\Microsoft.NET.Sdk.WindowsDesktop\targets\Microsoft.WinFX.targets(136,5): message :       ResolveReferences;
       C:\Program Files\dotnet\sdk\10.0.103\Sdks\Microsoft.NET.Sdk.WindowsDesktop\targets\Microsoft.WinFX.targets(136,5): message :       ResolveKeySource;
       C:\Program Files\dotnet\sdk\10.0.103\Sdks\Microsoft.NET.Sdk.WindowsDesktop\targets\Microsoft.WinFX.targets(136,5): message :       SetWin32ManifestProperties;
       C:\Program Files\dotnet\sdk\10.0.103\Sdks\Microsoft.NET.Sdk.WindowsDesktop\targets\Microsoft.WinFX.targets(136,5): message :       _SetPreferNativeArm64Win32ManifestProperties;
       C:\Program Files\dotnet\sdk\10.0.103\Sdks\Microsoft.NET.Sdk.WindowsDesktop\targets\Microsoft.WinFX.targets(136,5): message :       FindReferenceAssembliesForReferences;
       C:\Program Files\dotnet\sdk\10.0.103\Sdks\Microsoft.NET.Sdk.WindowsDesktop\targets\Microsoft.WinFX.targets(136,5): message :       _GenerateCompileInputs;
       C:\Program Files\dotnet\sdk\10.0.103\Sdks\Microsoft.NET.Sdk.WindowsDesktop\targets\Microsoft.WinFX.targets(136,5): message :       BeforeCompile;
       C:\Program Files\dotnet\sdk\10.0.103\Sdks\Microsoft.NET.Sdk.WindowsDesktop\targets\Microsoft.WinFX.targets(136,5): message :       _TimeStampBeforeCompile;
       C:\Program Files\dotnet\sdk\10.0.103\Sdks\Microsoft.NET.Sdk.WindowsDesktop\targets\Microsoft.WinFX.targets(136,5): message :       _GenerateCompileDependencyCache;
       C:\Program Files\dotnet\sdk\10.0.103\Sdks\Microsoft.NET.Sdk.WindowsDesktop\targets\Microsoft.WinFX.targets(136,5): message :       CoreCompile;
       C:\Program Files\dotnet\sdk\10.0.103\Sdks\Microsoft.NET.Sdk.WindowsDesktop\targets\Microsoft.WinFX.targets(136,5): message :       _TimeStampAfterCompile;
       C:\Program Files\dotnet\sdk\10.0.103\Sdks\Microsoft.NET.Sdk.WindowsDesktop\targets\Microsoft.WinFX.targets(136,5): message :       AfterCompile;
       C:\Program Files\dotnet\sdk\10.0.103\Sdks\Microsoft.NET.Sdk.WindowsDesktop\targets\Microsoft.WinFX.targets(136,5): message :     ;
       C:\Program Files\dotnet\sdk\10.0.103\Sdks\Microsoft.NET.Sdk.WindowsDesktop\targets\Microsoft.WinFX.targets(136,5): message :       _CreateAppHost;
       C:\Program Files\dotnet\sdk\10.0.103\Sdks\Microsoft.NET.Sdk.WindowsDesktop\targets\Microsoft.WinFX.targets(136,5): message :       _CreateComHost;
       C:\Program Files\dotnet\sdk\10.0.103\Sdks\Microsoft.NET.Sdk.WindowsDesktop\targets\Microsoft.WinFX.targets(136,5): message :       _GetIjwHostPaths;
       C:\Program Files\dotnet\sdk\10.0.103\Sdks\Microsoft.NET.Sdk.WindowsDesktop\targets\Microsoft.WinFX.targets(136,5): message :     ;
       C:\Program Files\dotnet\sdk\10.0.103\Sdks\Microsoft.NET.Sdk.WindowsDesktop\targets\Microsoft.WinFX.targets(136,5): message :         _AfterCompileWinFXInternal
       C:\Program Files\dotnet\sdk\10.0.103\Sdks\Microsoft.NET.Sdk.WindowsDesktop\targets\Microsoft.WinFX.targets(136,5): message :     ”(先前值:“
       C:\Program Files\dotnet\sdk\10.0.103\Sdks\Microsoft.NET.Sdk.WindowsDesktop\targets\Microsoft.WinFX.targets(136,5): message :       
       C:\Program Files\dotnet\sdk\10.0.103\Sdks\Microsoft.NET.Sdk.WindowsDesktop\targets\Microsoft.WinFX.targets(136,5): message :       ResolveReferences;
       C:\Program Files\dotnet\sdk\10.0.103\Sdks\Microsoft.NET.Sdk.WindowsDesktop\targets\Microsoft.WinFX.targets(136,5): message :       ResolveKeySource;
       C:\Program Files\dotnet\sdk\10.0.103\Sdks\Microsoft.NET.Sdk.WindowsDesktop\targets\Microsoft.WinFX.targets(136,5): message :       SetWin32ManifestProperties;
       C:\Program Files\dotnet\sdk\10.0.103\Sdks\Microsoft.NET.Sdk.WindowsDesktop\targets\Microsoft.WinFX.targets(136,5): message :       _SetPreferNativeArm64Win32ManifestProperties;
       C:\Program Files\dotnet\sdk\10.0.103\Sdks\Microsoft.NET.Sdk.WindowsDesktop\targets\Microsoft.WinFX.targets(136,5): message :       FindReferenceAssembliesForReferences;
       C:\Program Files\dotnet\sdk\10.0.103\Sdks\Microsoft.NET.Sdk.WindowsDesktop\targets\Microsoft.WinFX.targets(136,5): message :       _GenerateCompileInputs;
       C:\Program Files\dotnet\sdk\10.0.103\Sdks\Microsoft.NET.Sdk.WindowsDesktop\targets\Microsoft.WinFX.targets(136,5): message :       BeforeCompile;
       C:\Program Files\dotnet\sdk\10.0.103\Sdks\Microsoft.NET.Sdk.WindowsDesktop\targets\Microsoft.WinFX.targets(136,5): message :       _TimeStampBeforeCompile;
       C:\Program Files\dotnet\sdk\10.0.103\Sdks\Microsoft.NET.Sdk.WindowsDesktop\targets\Microsoft.WinFX.targets(136,5): message :       _GenerateCompileDependencyCache;
       C:\Program Files\dotnet\sdk\10.0.103\Sdks\Microsoft.NET.Sdk.WindowsDesktop\targets\Microsoft.WinFX.targets(136,5): message :       CoreCompile;
       C:\Program Files\dotnet\sdk\10.0.103\Sdks\Microsoft.NET.Sdk.WindowsDesktop\targets\Microsoft.WinFX.targets(136,5): message :       _TimeStampAfterCompile;
       C:\Program Files\dotnet\sdk\10.0.103\Sdks\Microsoft.NET.Sdk.WindowsDesktop\targets\Microsoft.WinFX.targets(136,5): message :       AfterCompile;
       C:\Program Files\dotnet\sdk\10.0.103\Sdks\Microsoft.NET.Sdk.WindowsDesktop\targets\Microsoft.WinFX.targets(136,5): message :     ;
       C:\Program Files\dotnet\sdk\10.0.103\Sdks\Microsoft.NET.Sdk.WindowsDesktop\targets\Microsoft.WinFX.targets(136,5): message :       _CreateAppHost;
       C:\Program Files\dotnet\sdk\10.0.103\Sdks\Microsoft.NET.Sdk.WindowsDesktop\targets\Microsoft.WinFX.targets(136,5): message :       _CreateComHost;
       C:\Program Files\dotnet\sdk\10.0.103\Sdks\Microsoft.NET.Sdk.WindowsDesktop\targets\Microsoft.WinFX.targets(136,5): message :       _GetIjwHostPaths;
       C:\Program Files\dotnet\sdk\10.0.103\Sdks\Microsoft.NET.Sdk.WindowsDesktop\targets\Microsoft.WinFX.targets(136,5): message :     ”)
       C:\Program Files\dotnet\sdk\10.0.103\Sdks\Microsoft.NET.Sdk.WindowsDesktop\targets\Microsoft.WinFX.targets(803,9): message : 在 C:\Program Files\dotnet\sdk\10.0.103\Sdks\Microsoft.NET.Sdk.WindowsDesktop\targets\Microsoft.WinFX.targets (803,9) 处重新分配属性: $(PublishBuildDependsOn)=“
       C:\Program Files\dotnet\sdk\10.0.103\Sdks\Microsoft.NET.Sdk.WindowsDesktop\targets\Microsoft.WinFX.targets(803,9): message :             BuildOnlySettings;
       C:\Program Files\dotnet\sdk\10.0.103\Sdks\Microsoft.NET.Sdk.WindowsDesktop\targets\Microsoft.WinFX.targets(803,9): message :             PrepareForBuild;
       C:\Program Files\dotnet\sdk\10.0.103\Sdks\Microsoft.NET.Sdk.WindowsDesktop\targets\Microsoft.WinFX.targets(803,9): message :             ResolveReferences;
       C:\Program Files\dotnet\sdk\10.0.103\Sdks\Microsoft.NET.Sdk.WindowsDesktop\targets\Microsoft.WinFX.targets(803,9): message :             PrepareResources;
       C:\Program Files\dotnet\sdk\10.0.103\Sdks\Microsoft.NET.Sdk.WindowsDesktop\targets\Microsoft.WinFX.targets(803,9): message :             ResolveKeySource;
       C:\Program Files\dotnet\sdk\10.0.103\Sdks\Microsoft.NET.Sdk.WindowsDesktop\targets\Microsoft.WinFX.targets(803,9): message :             PrepareResourcesForSatelliteAssemblies;
       C:\Program Files\dotnet\sdk\10.0.103\Sdks\Microsoft.NET.Sdk.WindowsDesktop\targets\Microsoft.WinFX.targets(803,9): message :             GenerateSerializationAssemblies;
       C:\Program Files\dotnet\sdk\10.0.103\Sdks\Microsoft.NET.Sdk.WindowsDesktop\targets\Microsoft.WinFX.targets(803,9): message :             CreateSatelliteAssemblies;
       C:\Program Files\dotnet\sdk\10.0.103\Sdks\Microsoft.NET.Sdk.WindowsDesktop\targets\Microsoft.WinFX.targets(803,9): message :         ”(先前值:“
       C:\Program Files\dotnet\sdk\10.0.103\Sdks\Microsoft.NET.Sdk.WindowsDesktop\targets\Microsoft.WinFX.targets(803,9): message :       BuildOnlySettings;
       C:\Program Files\dotnet\sdk\10.0.103\Sdks\Microsoft.NET.Sdk.WindowsDesktop\targets\Microsoft.WinFX.targets(803,9): message :       PrepareForBuild;
       C:\Program Files\dotnet\sdk\10.0.103\Sdks\Microsoft.NET.Sdk.WindowsDesktop\targets\Microsoft.WinFX.targets(803,9): message :       ResolveReferences;
       C:\Program Files\dotnet\sdk\10.0.103\Sdks\Microsoft.NET.Sdk.WindowsDesktop\targets\Microsoft.WinFX.targets(803,9): message :       PrepareResources;
       C:\Program Files\dotnet\sdk\10.0.103\Sdks\Microsoft.NET.Sdk.WindowsDesktop\targets\Microsoft.WinFX.targets(803,9): message :       ResolveKeySource;
       C:\Program Files\dotnet\sdk\10.0.103\Sdks\Microsoft.NET.Sdk.WindowsDesktop\targets\Microsoft.WinFX.targets(803,9): message :       GenerateSerializationAssemblies;
       C:\Program Files\dotnet\sdk\10.0.103\Sdks\Microsoft.NET.Sdk.WindowsDesktop\targets\Microsoft.WinFX.targets(803,9): message :       CreateSatelliteAssemblies;
       C:\Program Files\dotnet\sdk\10.0.103\Sdks\Microsoft.NET.Sdk.WindowsDesktop\targets\Microsoft.WinFX.targets(803,9): message :     ”)
       C:\Program Files\dotnet\sdk\10.0.103\NuGet.Build.Tasks.Pack.targets(34,5): message : 在 C:\Program Files\dotnet\sdk\10.0.103\NuGet.Build.Tasks.Pack.targets (34,5) 处重新分配属性: $(PackageDescription)=“Package Description”(先前值:“”)
       C:\Program Files\dotnet\sdk\10.0.103\NuGet.Build.Tasks.Pack.targets(59,5): message : 在 C:\Program Files\dotnet\sdk\10.0.103\NuGet.Build.Tasks.Pack.targets (59,5) 处重新分配属性: $(GenerateNuspecDependsOn)=“Build;_LoadPackInputItems; _GetTargetFrameworksOutput; _WalkEachTargetPerFramework; _GetPackageFiles; ”(先前值:“_LoadPackInputItems; _GetTargetFrameworksOutput; _WalkEachTargetPerFramework; _GetPackageFiles; ”)
       C:\Program Files\dotnet\sdk\10.0.103\Sdks\Microsoft.NET.Sdk\Sdk\Sdk.targets(59,5): message : 在 C:\Program Files\dotnet\sdk\10.0.103\Sdks\Microsoft.NET.Sdk\Sdk\Sdk.targets (59,5) 处重新分配属性: $(_IsNotSetContainersTargetsDir)=“true”(先前值:“false”)
       C:\Program Files\dotnet\sdk\10.0.103\Containers\build\Microsoft.NET.Build.Containers.targets(5,5): message : 在 C:\Program Files\dotnet\sdk\10.0.103\Containers\build\Microsoft.NET.Build.Containers.targets (5,5) 处重新分配属性: $(_IsSDKContainerAllowedVersion)=“true”(先前值:“false”)
       C:\Program Files\dotnet\sdk\10.0.103\Containers\build\Microsoft.NET.Build.Containers.targets(15,5): message : 在 C:\Program Files\dotnet\sdk\10.0.103\Containers\build\Microsoft.NET.Build.Containers.targets (15,5) 处重新分配属性: $(_ContainerIsTargetingNet8TFM)=“true”(先前值:“false”)
       正在使用项目“C:\Program Files\dotnet\sdk\10.0.103\Sdks\Microsoft.NET.Sdk\targets\Microsoft.NET.Sdk.FrameworkReferenceResolution.targets”中的目标“ResolveFrameworkReferences”重写项目“C:\Program Files\dotnet\sdk\10.0.103\Microsoft.Common.CurrentVersion.targets”中的目标“ResolveFrameworkReferences”。
       正在使用项目“C:\Program Files\dotnet\sdk\10.0.103\Sdks\Microsoft.NET.Sdk\targets\Microsoft.NET.Sdk.targets”中的目标“GenerateSupportedTargetFrameworkAlias”重写项目“C:\Program Files\dotnet\sdk\10.0.103\Microsoft.Common.CurrentVersion.targets”中的目标“GenerateSupportedTargetFrameworkAlias”。
       正在使用项目“C:\Program Files\dotnet\sdk\10.0.103\Sdks\Microsoft.NET.Sdk\targets\Microsoft.NET.DisableStandardFrameworkResolution.targets”中的目标“GetReferenceAssemblyPaths”重写项目“C:\Program Files\dotnet\sdk\10.0.103\Microsoft.Common.CurrentVersion.targets”中的目标“GetReferenceAssemblyPaths”。
       正在使用项目“C:\Program Files\dotnet\sdk\10.0.103\Sdks\Microsoft.NET.Sdk\targets\Microsoft.NET.DisableStandardFrameworkResolution.targets”中的目标“GetFrameworkPaths”重写项目“C:\Program Files\dotnet\sdk\10.0.103\Microsoft.Common.CurrentVersion.targets”中的目标“GetFrameworkPaths”。
       正在使用项目“C:\Program Files\dotnet\sdk\10.0.103\Sdks\Microsoft.NET.Sdk\targets\Microsoft.NET.DesignerSupport.targets”中的目标“DesignerRuntimeImplementationProjectOutputGroup”重写项目“C:\Program Files\dotnet\sdk\10.0.103\Microsoft.Common.CurrentVersion.targets”中的目标“DesignerRuntimeImplementationProjectOutputGroup”。
       正在使用项目“C:\Program Files\dotnet\sdk\10.0.103\Sdks\Microsoft.NET.Sdk\targets\Microsoft.NET.Publish.targets”中的目标“Publish”重写项目“C:\Program Files\dotnet\sdk\10.0.103\Microsoft.Common.CurrentVersion.targets”中的目标“Publish”。
       正在使用项目“C:\Program Files\dotnet\sdk\10.0.103\Sdks\Microsoft.NET.Sdk\targets\Microsoft.NET.Publish.targets”中的目标“ResolveReadyToRunCompilers”重写项目“C:\Program Files\dotnet\sdk\10.0.103\Sdks\Microsoft.NET.Sdk\targets\Microsoft.NET.CrossGen.targets”中的目标“ResolveReadyToRunCompilers”。
       正在使用项目“C:\Program Files\dotnet\sdk\10.0.103\Sdks\Microsoft.NET.Sdk\targets\Microsoft.NET.Publish.targets”中的目标“GetCopyToPublishDirectoryItems”重写项目“C:\Program Files\dotnet\sdk\10.0.103\Microsoft.Common.CurrentVersion.targets”中的目标“GetCopyToPublishDirectoryItems”。
       正在使用项目“C:\Program Files\dotnet\sdk\10.0.103\Sdks\Microsoft.NET.Sdk\targets\Microsoft.NET.Sdk.targets”中的目标“Run”重写项目“C:\Program Files\dotnet\sdk\10.0.103\Microsoft.Common.CurrentVersion.targets”中的目标“Run”。
       正在使用项目“C:\Program Files\dotnet\sdk\10.0.103\Sdks\Microsoft.NET.Sdk.WindowsDesktop\targets\Microsoft.WinFX.targets”中的目标“SatelliteDllsProjectOutputGroup”重写项目“C:\Program Files\dotnet\sdk\10.0.103\Microsoft.Common.CurrentVersion.targets”中的目标“SatelliteDllsProjectOutputGroup”。
       项目中不存在 AfterTargets 特性中的“C:\Users\Administrator\.nuget\packages\system.text.json\9.0.0\buildTransitive\net8.0\System.Text.Json.targets (11,11)”位置列出的目标“ResolveNuGetPackageAssets”，将忽略该目标。
       项目中不存在 AfterTargets 特性中的“C:\Users\Administrator\.nuget\packages\system.text.json\9.0.0\buildTransitive\net8.0\System.Text.Json.targets (23,11)”位置列出的目标“ResolveNuGetPackageAssets”，将忽略该目标。
       项目中不存在 AfterTargets 特性中的“C:\Users\Administrator\.nuget\packages\communitytoolkit.mvvm\8.4.0\buildTransitive\CommunityToolkit.Mvvm.SourceGenerators.targets (13,11)”位置列出的目标“ResolveNuGetPackageAssets”，将忽略该目标。
       项目中不存在 AfterTargets 特性中的“C:\Users\Administrator\.nuget\packages\communitytoolkit.mvvm\8.4.0\buildTransitive\CommunityToolkit.Mvvm.SourceGenerators.targets (25,11)”位置列出的目标“ResolveNuGetPackageAssets”，将忽略该目标。
       项目中不存在 AfterTargets 特性中的“C:\Users\Administrator\.nuget\packages\communitytoolkit.mvvm\8.4.0\buildTransitive\CommunityToolkit.Mvvm.SourceGenerators.targets (112,11)”位置列出的目标“ResolveNuGetPackageAssets”，将忽略该目标。
   1:7>节点 1 上的项目“E:\ProjectMy\WebViewHub\WebViewHub.csproj”(默认目标)。
   1:7>来自项目“E:\ProjectMy\WebViewHub\WebViewHub.csproj”的文件“C:\Program Files\dotnet\sdk\10.0.103\Sdks\Microsoft.NET.Sdk\targets\Microsoft.NET.TargetFrameworkInference.targets”中的目标“_CollectTargetFrameworkForTelemetry”(目标“_CheckForInvalidConfigurationAndPlatform”依赖于它):
   1:7>正在使用程序集“C:\Program Files\dotnet\sdk\10.0.103\Sdks\Microsoft.NET.Sdk\targets\..\tools\net10.0\Microsoft.NET.Build.Tasks.dll”中的“AllowEmptyTelemetry”任务。
       任务“AllowEmptyTelemetry”
       已完成执行任务“AllowEmptyTelemetry”的操作。
   1:7>已完成在项目“WebViewHub.csproj”中生成目标“_CollectTargetFrameworkForTelemetry”的操作。
   1:7>来自项目“E:\ProjectMy\WebViewHub\WebViewHub.csproj”的文件“C:\Program Files\dotnet\sdk\10.0.103\Sdks\Microsoft.NET.Sdk\targets\Microsoft.NET.TargetFrameworkInference.targets”中的目标“_CheckForUnsupportedTargetPlatformIdentifier”(目标“_CheckForInvalidConfigurationAndPlatform”依赖于它):
   1:7>已完成在项目“WebViewHub.csproj”中生成目标“_CheckForUnsupportedTargetPlatformIdentifier”的操作。
   1:7>来自项目“E:\ProjectMy\WebViewHub\WebViewHub.csproj”的文件“C:\Program Files\dotnet\sdk\10.0.103\Sdks\Microsoft.NET.Sdk\targets\Microsoft.NET.TargetFrameworkInference.targets”中的目标“_CheckForUnsupportedNETCoreVersion”(目标“_CheckForInvalidConfigurationAndPlatform”依赖于它):
   1:7>已完成在项目“WebViewHub.csproj”中生成目标“_CheckForUnsupportedNETCoreVersion”的操作。
   1:7>来自项目“E:\ProjectMy\WebViewHub\WebViewHub.csproj”的文件“C:\Program Files\dotnet\sdk\10.0.103\Sdks\Microsoft.NET.Sdk\targets\Microsoft.NET.TargetFrameworkInference.targets”中的目标“_CheckForUnsupportedCppNETCoreVersion”(目标“_CheckForInvalidConfigurationAndPlatform”依赖于它):
   1:7>已完成在项目“WebViewHub.csproj”中生成目标“_CheckForUnsupportedCppNETCoreVersion”的操作。
   1:7>来自项目“E:\ProjectMy\WebViewHub\WebViewHub.csproj”的文件“C:\Program Files\dotnet\sdk\10.0.103\Sdks\Microsoft.NET.Sdk\targets\Microsoft.NET.TargetFrameworkInference.targets”中的目标“_CheckForSupportedOSPlatformVersionHigherThanTargetPlatformVersion”(目标“_CheckForInvalidConfigurationAndPlatform”依赖于它):
   1:7>已完成在项目“WebViewHub.csproj”中生成目标“_CheckForSupportedOSPlatformVersionHigherThanTargetPlatformVersion”的操作。
   1:7>来自项目“E:\ProjectMy\WebViewHub\WebViewHub.csproj”的文件“C:\Program Files\dotnet\sdk\10.0.103\Sdks\Microsoft.NET.Sdk\targets\Microsoft.NET.TargetFrameworkInference.targets”中的目标“_NormalizeTargetPlatformVersion”(目标“_CheckForInvalidTargetPlatformVersion”依赖于它):
   1:7>已完成在项目“WebViewHub.csproj”中生成目标“_NormalizeTargetPlatformVersion”的操作。
   1:7>来自项目“E:\ProjectMy\WebViewHub\WebViewHub.csproj”的文件“C:\Program Files\dotnet\sdk\10.0.103\Sdks\Microsoft.NET.Sdk\targets\Microsoft.NET.TargetFrameworkInference.targets”中的目标“_CheckForInvalidTargetPlatformVersion”(目标“_CheckForInvalidConfigurationAndPlatform”依赖于它):
   1:7>已完成在项目“WebViewHub.csproj”中生成目标“_CheckForInvalidTargetPlatformVersion”的操作。
   1:7>来自项目“E:\ProjectMy\WebViewHub\WebViewHub.csproj”的文件“C:\Program Files\dotnet\sdk\10.0.103\Sdks\Microsoft.NET.Sdk\targets\Microsoft.NET.DefaultOutputPaths.targets”中的目标“_CheckForUnsupportedArtifactsPath”(目标“_CheckForInvalidConfigurationAndPlatform”依赖于它):
   1:7>已完成在项目“WebViewHub.csproj”中生成目标“_CheckForUnsupportedArtifactsPath”的操作。
   1:7>来自项目“E:\ProjectMy\WebViewHub\WebViewHub.csproj”的文件“C:\Program Files\dotnet\sdk\10.0.103\Sdks\Microsoft.NET.Sdk\targets\Microsoft.NET.RuntimeIdentifierInference.targets”中的目标“_CheckRIDAsserts”(目标“_CheckForUnsupportedAppHostUsage”依赖于它):
   1:7>已完成在项目“WebViewHub.csproj”中生成目标“_CheckRIDAsserts”的操作。
   1:7>来自项目“E:\ProjectMy\WebViewHub\WebViewHub.csproj”的文件“C:\Program Files\dotnet\sdk\10.0.103\Sdks\Microsoft.NET.Sdk\targets\Microsoft.NET.RuntimeIdentifierInference.targets”中的目标“_CheckForUnsupportedAppHostUsage”(目标“_CheckForInvalidConfigurationAndPlatform”依赖于它):
   1:7>已完成在项目“WebViewHub.csproj”中生成目标“_CheckForUnsupportedAppHostUsage”的操作。
   1:7>来自项目“E:\ProjectMy\WebViewHub\WebViewHub.csproj”的文件“C:\Program Files\dotnet\sdk\10.0.103\Sdks\Microsoft.NET.Sdk\targets\Microsoft.NET.RuntimeIdentifierInference.targets”中的目标“_CheckForUnsupportedHostingUsage”(目标“_CheckForInvalidConfigurationAndPlatform”依赖于它):
   1:7>已完成在项目“WebViewHub.csproj”中生成目标“_CheckForUnsupportedHostingUsage”的操作。
   1:7>来自项目“E:\ProjectMy\WebViewHub\WebViewHub.csproj”的文件“C:\Program Files\dotnet\sdk\10.0.103\Sdks\Microsoft.NET.Sdk\targets\Microsoft.NET.RuntimeIdentifierInference.targets”中的目标“_CheckAndUnsetUnsupportedPrefer32Bit”(目标“_CheckForInvalidConfigurationAndPlatform”依赖于它):
   1:7>已完成在项目“WebViewHub.csproj”中生成目标“_CheckAndUnsetUnsupportedPrefer32Bit”的操作。
   1:7>来自项目“E:\ProjectMy\WebViewHub\WebViewHub.csproj”的文件“C:\Program Files\dotnet\sdk\10.0.103\Sdks\Microsoft.NET.Sdk\targets\Microsoft.NET.RuntimeIdentifierInference.targets”中的目标“_CheckForLanguageAndFeatureCombinationSupport”(目标“_CheckForInvalidConfigurationAndPlatform”依赖于它):
   1:7>已完成在项目“WebViewHub.csproj”中生成目标“_CheckForLanguageAndFeatureCombinationSupport”的操作。
   1:7>来自项目“E:\ProjectMy\WebViewHub\WebViewHub.csproj”的文件“C:\Program Files\dotnet\sdk\10.0.103\Sdks\Microsoft.NET.Sdk\targets\Microsoft.NET.Sdk.DefaultItems.Shared.targets”中的目标“UpdateAspNetToFrameworkReference”(目标“ApplyImplicitVersions”依赖于它):
       正在使用程序集“C:\Program Files\dotnet\sdk\10.0.103\Sdks\Microsoft.NET.Sdk\targets\..\tools\net10.0\Microsoft.NET.Build.Tasks.dll”中的“CheckIfPackageReferenceShouldBeFrameworkReference”任务。
       任务“CheckIfPackageReferenceShouldBeFrameworkReference”
       已完成执行任务“CheckIfPackageReferenceShouldBeFrameworkReference”的操作。
       任务“CheckIfPackageReferenceShouldBeFrameworkReference”
       已完成执行任务“CheckIfPackageReferenceShouldBeFrameworkReference”的操作。
   1:7>已完成在项目“WebViewHub.csproj”中生成目标“UpdateAspNetToFrameworkReference”的操作。
   1:7>来自项目“E:\ProjectMy\WebViewHub\WebViewHub.csproj”的文件“C:\Program Files\dotnet\sdk\10.0.103\Sdks\Microsoft.NET.Sdk\targets\Microsoft.NET.Sdk.DefaultItems.Shared.targets”中的目标“CheckForImplicitPackageReferenceOverrides”(目标“ApplyImplicitVersions”依赖于它):
       正在使用程序集“C:\Program Files\dotnet\sdk\10.0.103\Sdks\Microsoft.NET.Sdk\targets\..\tools\net10.0\Microsoft.NET.Build.Tasks.dll”中的“CheckForImplicitPackageReferenceOverrides”任务。
       任务“CheckForImplicitPackageReferenceOverrides”
       已完成执行任务“CheckForImplicitPackageReferenceOverrides”的操作。
   1:7>已完成在项目“WebViewHub.csproj”中生成目标“CheckForImplicitPackageReferenceOverrides”的操作。
   1:7>来自项目“E:\ProjectMy\WebViewHub\WebViewHub.csproj”的文件“C:\Program Files\dotnet\sdk\10.0.103\Sdks\Microsoft.NET.Sdk\targets\Microsoft.NET.Sdk.DefaultItems.Shared.targets”中的目标“ApplyImplicitVersions”(目标“CollectPackageReferences”依赖于它):
       正在使用程序集“C:\Program Files\dotnet\sdk\10.0.103\Sdks\Microsoft.NET.Sdk\targets\..\tools\net10.0\Microsoft.NET.Build.Tasks.dll”中的“ApplyImplicitVersions”任务。
       任务“ApplyImplicitVersions”
       已完成执行任务“ApplyImplicitVersions”的操作。
   1:7>已完成在项目“WebViewHub.csproj”中生成目标“ApplyImplicitVersions”的操作。
       已跳过目标“CheckForImplicitPackageReferenceOverrides”。以前的生成已成功。
   1:7>来自项目“E:\ProjectMy\WebViewHub\WebViewHub.csproj”的文件“C:\Program Files\dotnet\sdk\10.0.103\Sdks\Microsoft.NET.Sdk\targets\Microsoft.NET.Sdk.FrameworkReferenceResolution.targets”中的目标“AddWindowsSdkKnownFrameworkReferences”(目标“ProcessFrameworkReferences”依赖于它):
       正在使用程序集“C:\Program Files\dotnet\sdk\10.0.103\Sdks\Microsoft.NET.Sdk\targets\..\tools\net10.0\Microsoft.NET.Build.Tasks.dll”中的“CreateWindowsSdkKnownFrameworkReferences”任务。
       任务“CreateWindowsSdkKnownFrameworkReferences”
       已完成执行任务“CreateWindowsSdkKnownFrameworkReferences”的操作。
   1:7>已完成在项目“WebViewHub.csproj”中生成目标“AddWindowsSdkKnownFrameworkReferences”的操作。
   1:7>来自项目“E:\ProjectMy\WebViewHub\WebViewHub.csproj”的文件“C:\Program Files\dotnet\sdk\10.0.103\Sdks\Microsoft.NET.Sdk\targets\Microsoft.NET.Publish.targets”中的目标“_ComputeToolPackInputsToProcessFrameworkReferences”(目标“ProcessFrameworkReferences”依赖于它):
   1:7>已完成在项目“WebViewHub.csproj”中生成目标“_ComputeToolPackInputsToProcessFrameworkReferences”的操作。
   1:7>来自项目“E:\ProjectMy\WebViewHub\WebViewHub.csproj”的文件“C:\Program Files\dotnet\sdk\10.0.103\Sdks\Microsoft.NET.Sdk\targets\Microsoft.NET.Sdk.FrameworkReferenceResolution.targets”中的目标“ProcessFrameworkReferences”(目标“CollectPackageReferences”依赖于它):
       正在使用程序集“C:\Program Files\dotnet\sdk\10.0.103\Sdks\Microsoft.NET.Sdk\targets\..\tools\net10.0\Microsoft.NET.Build.Tasks.dll”中的“CheckForDuplicateFrameworkReferences”任务。
       任务“CheckForDuplicateFrameworkReferences”
       已完成执行任务“CheckForDuplicateFrameworkReferences”的操作。
       正在使用程序集“C:\Program Files\dotnet\sdk\10.0.103\Sdks\Microsoft.NET.Sdk\targets\..\tools\net10.0\Microsoft.NET.Build.Tasks.dll”中的“ProcessFrameworkReferences”任务。
       任务“ProcessFrameworkReferences”
         Found 2 known framework references for target framework .NETCoreApp
         Found 5 known runtime packs for target framework .NETCoreApp
         Selected Microsoft.NETCore.App with RIDs 'linux-arm;linux-arm64;linux-musl-arm64;linux-musl-x64;linux-x64;osx-x64;tizen.4.0.0-armel;tizen.5.0.0-armel;win-arm64;win-x64;win-x86;linux-musl-arm;osx-arm64;linux-s390x;linux-loongarch64;linux-bionic-arm;linux-bionic-arm64;linux-bionic-x64;linux-bionic-x86;linux-ppc64le;freebsd-x64;freebsd-arm64'
         Selected targeting pack 'Microsoft.NETCore.App@8.0.24'
         Added runtime framework 'Microsoft.NETCore.App@8.0.0'
         Selected Microsoft.WindowsDesktop.App with RIDs 'win-x64;win-x86;win-arm64'
         Selected targeting pack 'Microsoft.WindowsDesktop.App@8.0.24'
         Added runtime framework 'Microsoft.WindowsDesktop.App@8.0.0'
         Selected Microsoft.WindowsDesktop.App with RIDs 'win-x64;win-x86;win-arm64'
         Selected targeting pack 'Microsoft.WindowsDesktop.App.WPF@8.0.24'
         Added runtime framework 'Microsoft.WindowsDesktop.App@8.0.0'
         Selected Microsoft.WindowsDesktop.App with RIDs 'win-x64;win-x86;win-arm64'
         Selected targeting pack 'Microsoft.WindowsDesktop.App.WindowsForms@8.0.24'
         Added runtime framework 'Microsoft.WindowsDesktop.App@8.0.0'
         Selected Microsoft.AspNetCore.App with RIDs 'win-x64;win-x86;osx-x64;linux-musl-x64;linux-musl-arm64;linux-x64;linux-arm;linux-arm64;linux-musl-arm;win-arm64;osx-arm64;linux-s390x;linux-loongarch64;linux-ppc64le;freebsd-x64;freebsd-arm64'
         Selected targeting pack 'Microsoft.AspNetCore.App@8.0.24'
         Added runtime framework 'Microsoft.AspNetCore.App@8.0.0'
       已完成执行任务“ProcessFrameworkReferences”的操作。
       正在使用程序集“C:\Program Files\dotnet\sdk\10.0.103\Sdks\Microsoft.NET.Sdk\targets\..\tools\net10.0\Microsoft.NET.Build.Tasks.dll”中的“ResolveAppHosts”任务。
       任务“ResolveAppHosts”
       已完成执行任务“ResolveAppHosts”的操作。
   1:7>已完成在项目“WebViewHub.csproj”中生成目标“ProcessFrameworkReferences”的操作。
   1:7>来自项目“E:\ProjectMy\WebViewHub\WebViewHub.csproj”的文件“C:\Program Files\dotnet\sdk\10.0.103\Sdks\Microsoft.NET.Sdk\targets\Microsoft.NET.ObsoleteReferences.targets”中的目标“_CheckForObsoleteDotNetCliToolReferences”(目标“CollectPackageReferences”依赖于它):
   1:7>已完成在项目“WebViewHub.csproj”中生成目标“_CheckForObsoleteDotNetCliToolReferences”的操作。
   1:7>来自项目“E:\ProjectMy\WebViewHub\WebViewHub.csproj”的文件“C:\Program Files\dotnet\sdk\10.0.103\NuGet.targets”中的目标“CollectPackageReferences”(目标“_GetRestoreProjectStyle”依赖于它):
       正在使用程序集“C:\Program Files\dotnet\sdk\10.0.103\NuGet.Build.Tasks.dll”中的“CheckForDuplicateNuGetItemsTask”任务。
       任务“CheckForDuplicateNuGetItemsTask”
       已完成执行任务“CheckForDuplicateNuGetItemsTask”的操作。
   1:7>已完成在项目“WebViewHub.csproj”中生成目标“CollectPackageReferences”的操作。
   1:7>来自项目“E:\ProjectMy\WebViewHub\WebViewHub.csproj”的文件“C:\Program Files\dotnet\sdk\10.0.103\NuGet.targets”中的目标“_GetRestoreProjectStyle”(目标“EnableIntermediateOutputPathMismatchWarning”依赖于它):
       正在使用程序集“C:\Program Files\dotnet\sdk\10.0.103\NuGet.Build.Tasks.dll”中的“GetRestoreProjectStyleTask”任务。
       任务“GetRestoreProjectStyleTask”
       已完成执行任务“GetRestoreProjectStyleTask”的操作。
   1:7>已完成在项目“WebViewHub.csproj”中生成目标“_GetRestoreProjectStyle”的操作。
   1:7>来自项目“E:\ProjectMy\WebViewHub\WebViewHub.csproj”的文件“C:\Program Files\dotnet\sdk\10.0.103\NuGet.targets”中的目标“EnableIntermediateOutputPathMismatchWarning”(目标“_CheckForInvalidConfigurationAndPlatform”依赖于它):
   1:7>已完成在项目“WebViewHub.csproj”中生成目标“EnableIntermediateOutputPathMismatchWarning”的操作。
       已跳过目标“ApplyImplicitVersions”。以前的生成已成功。
       已跳过目标“CheckForImplicitPackageReferenceOverrides”。以前的生成已成功。
   1:7>来自项目“E:\ProjectMy\WebViewHub\WebViewHub.csproj”的文件“C:\Program Files\dotnet\sdk\10.0.103\Sdks\Microsoft.NET.Sdk\targets\Microsoft.NET.Sdk.DefaultItems.Shared.targets”中的目标“CheckForDuplicateItems”(目标“_CheckForInvalidConfigurationAndPlatform”依赖于它):
       正在使用程序集“C:\Program Files\dotnet\sdk\10.0.103\Sdks\Microsoft.NET.Sdk\targets\..\tools\net10.0\Microsoft.NET.Build.Tasks.dll”中的“CheckForDuplicateItems”任务。
       任务“CheckForDuplicateItems”
       已完成执行任务“CheckForDuplicateItems”的操作。
       任务“CheckForDuplicateItems”
       已完成执行任务“CheckForDuplicateItems”的操作。
       任务“CheckForDuplicateItems”
       已完成执行任务“CheckForDuplicateItems”的操作。
   1:7>已完成在项目“WebViewHub.csproj”中生成目标“CheckForDuplicateItems”的操作。
   1:7>来自项目“E:\ProjectMy\WebViewHub\WebViewHub.csproj”的文件“C:\Program Files\dotnet\sdk\10.0.103\Sdks\Microsoft.NET.Sdk\targets\Microsoft.NET.Sdk.DefaultItems.targets”中的目标“_CheckForInvalidWindowsDesktopTargetingConfiguration”(目标“_CheckForInvalidConfigurationAndPlatform”依赖于它):
   1:7>已完成在项目“WebViewHub.csproj”中生成目标“_CheckForInvalidWindowsDesktopTargetingConfiguration”的操作。
       已跳过目标“ProcessFrameworkReferences”。以前的生成已成功。
       已跳过目标“CheckForDuplicateItems”。以前的生成已成功。
   1:7>来自项目“E:\ProjectMy\WebViewHub\WebViewHub.csproj”的文件“C:\Program Files\dotnet\sdk\10.0.103\Sdks\Microsoft.NET.Sdk.WindowsDesktop\targets\Microsoft.NET.Sdk.WindowsDesktop.targets”中的目标“CheckForDuplicatePageItems”(目标“_CheckForInvalidConfigurationAndPlatform”依赖于它):
       任务“CheckForDuplicateItems”
       已完成执行任务“CheckForDuplicateItems”的操作。
   1:7>已完成在项目“WebViewHub.csproj”中生成目标“CheckForDuplicatePageItems”的操作。
   1:7>来自项目“E:\ProjectMy\WebViewHub\WebViewHub.csproj”的文件“C:\Program Files\dotnet\sdk\10.0.103\Sdks\Microsoft.NET.Sdk.WindowsDesktop\targets\Microsoft.NET.Sdk.WindowsDesktop.targets”中的目标“_WindowsDesktopFrameworkRequiresUseWpfOrUseWindowsForms”(目标“_CheckForInvalidConfigurationAndPlatform”依赖于它):
   1:7>已完成在项目“WebViewHub.csproj”中生成目标“_WindowsDesktopFrameworkRequiresUseWpfOrUseWindowsForms”的操作。
   1:7>来自项目“E:\ProjectMy\WebViewHub\WebViewHub.csproj”的文件“C:\Program Files\dotnet\sdk\10.0.103\Microsoft.Common.CurrentVersion.targets”中的目标“_CheckForInvalidConfigurationAndPlatform”(目标“BeforeBuild”依赖于它):
       任务“Message”
         Configuration=Debug
       已完成执行任务“Message”的操作。
       任务“Message”
         Platform=AnyCPU
       已完成执行任务“Message”的操作。
   1:7>已完成在项目“WebViewHub.csproj”中生成目标“_CheckForInvalidConfigurationAndPlatform”的操作。
   1:7>来自项目“E:\ProjectMy\WebViewHub\WebViewHub.csproj”的文件“C:\Program Files\dotnet\sdk\10.0.103\Sdks\Microsoft.NET.Sdk\targets\Microsoft.NET.Sdk.targets”中的目标“ValidateCommandLineProperties”(目标“BeforeBuild”依赖于它):
   1:7>已完成在项目“WebViewHub.csproj”中生成目标“ValidateCommandLineProperties”的操作。
   1:7>来自项目“E:\ProjectMy\WebViewHub\WebViewHub.csproj”的文件“C:\Program Files\dotnet\sdk\10.0.103\Microsoft.Common.CurrentVersion.targets”中的目标“BeforeBuild”(目标“Build”依赖于它):
   1:7>已完成在项目“WebViewHub.csproj”中生成目标“BeforeBuild”的操作。
   1:7>来自项目“E:\ProjectMy\WebViewHub\WebViewHub.csproj”的文件“C:\Program Files\dotnet\sdk\10.0.103\Microsoft.Common.CurrentVersion.targets”中的目标“BuildOnlySettings”(目标“CoreBuild”依赖于它):
       C:\Program Files\dotnet\sdk\10.0.103\Microsoft.Common.CurrentVersion.targets(1168,7): message : 在 C:\Program Files\dotnet\sdk\10.0.103\Microsoft.Common.CurrentVersion.targets (1168,7) 处重新分配属性: $(BuildingProject)=“true”(先前值:“false”) [E:\ProjectMy\WebViewHub\WebViewHub.csproj]
   1:7>已完成在项目“WebViewHub.csproj”中生成目标“BuildOnlySettings”的操作。
   1:7>来自项目“E:\ProjectMy\WebViewHub\WebViewHub.csproj”的文件“C:\Program Files\dotnet\sdk\10.0.103\Sdks\Microsoft.NET.Sdk\targets\Microsoft.NET.DisableStandardFrameworkResolution.targets”中的目标“GetFrameworkPaths”(目标“PrepareForBuild”依赖于它):
   1:7>已完成在项目“WebViewHub.csproj”中生成目标“GetFrameworkPaths”的操作。
   1:7>来自项目“E:\ProjectMy\WebViewHub\WebViewHub.csproj”的文件“C:\Program Files\dotnet\sdk\10.0.103\Sdks\Microsoft.NET.Sdk\targets\Microsoft.NET.DisableStandardFrameworkResolution.targets”中的目标“GetReferenceAssemblyPaths”(目标“PrepareForBuild”依赖于它):
   1:7>已完成在项目“WebViewHub.csproj”中生成目标“GetReferenceAssemblyPaths”的操作。
   1:7>来自项目“E:\ProjectMy\WebViewHub\WebViewHub.csproj”的文件“C:\Program Files\dotnet\sdk\10.0.103\Microsoft.Common.CurrentVersion.targets”中的目标“PrepareForBuild”(目标“CoreBuild”依赖于它):
       正在使用程序集“Microsoft.Build.Tasks.Core, Version=15.1.0.0, Culture=neutral, PublicKeyToken=b03f5f7f11d50a3a”中的“FindAppConfigFile”任务。
       任务“FindAppConfigFile”
       已完成执行任务“FindAppConfigFile”的操作。
       正在使用程序集“Microsoft.Build.Tasks.Core, Version=15.1.0.0, Culture=neutral, PublicKeyToken=b03f5f7f11d50a3a”中的“MakeDir”任务。
       任务“MakeDir”
       已完成执行任务“MakeDir”的操作。
   1:7>已完成在项目“WebViewHub.csproj”中生成目标“PrepareForBuild”的操作。
   1:7>来自项目“E:\ProjectMy\WebViewHub\WebViewHub.csproj”的文件“C:\Program Files\dotnet\sdk\10.0.103\Sdks\Microsoft.NET.Sdk\targets\Microsoft.NET.Sdk.BeforeCommon.targets”中的目标“GenerateTargetFrameworkDefineConstants”(目标“AddImplicitDefineConstants”依赖于它):
   1:7>已完成在项目“WebViewHub.csproj”中生成目标“GenerateTargetFrameworkDefineConstants”的操作。
   1:7>来自项目“E:\ProjectMy\WebViewHub\WebViewHub.csproj”的文件“C:\Program Files\dotnet\sdk\10.0.103\Sdks\Microsoft.NET.Sdk\targets\Microsoft.NET.Sdk.BeforeCommon.targets”中的目标“GenerateTargetPlatformDefineConstants”(目标“AddImplicitDefineConstants”依赖于它):
   1:7>已完成在项目“WebViewHub.csproj”中生成目标“GenerateTargetPlatformDefineConstants”的操作。
   1:7>来自项目“E:\ProjectMy\WebViewHub\WebViewHub.csproj”的文件“C:\Program Files\dotnet\sdk\10.0.103\Sdks\Microsoft.NET.Sdk\targets\Microsoft.NET.Sdk.BeforeCommon.targets”中的目标“GenerateNETCompatibleDefineConstants”(目标“AddImplicitDefineConstants”依赖于它):
   1:7>已完成在项目“WebViewHub.csproj”中生成目标“GenerateNETCompatibleDefineConstants”的操作。
   1:7>来自项目“E:\ProjectMy\WebViewHub\WebViewHub.csproj”的文件“C:\Program Files\dotnet\sdk\10.0.103\Sdks\Microsoft.NET.Sdk\targets\Microsoft.NET.Sdk.BeforeCommon.targets”中的目标“GeneratePlatformCompatibleDefineConstants”(目标“AddImplicitDefineConstants”依赖于它):
   1:7>已完成在项目“WebViewHub.csproj”中生成目标“GeneratePlatformCompatibleDefineConstants”的操作。
   1:7>来自项目“E:\ProjectMy\WebViewHub\WebViewHub.csproj”的文件“C:\Program Files\dotnet\sdk\10.0.103\Sdks\Microsoft.NET.Sdk\targets\Microsoft.NET.Sdk.BeforeCommon.targets”中的目标“AddImplicitDefineConstants”(目标“CoreBuild”依赖于它):
       C:\Program Files\dotnet\sdk\10.0.103\Sdks\Microsoft.NET.Sdk\targets\Microsoft.NET.Sdk.BeforeCommon.targets(295,7): message : 在 C:\Program Files\dotnet\sdk\10.0.103\Sdks\Microsoft.NET.Sdk\targets\Microsoft.NET.Sdk.BeforeCommon.targets (295,7) 处重新分配属性: $(DefineConstants)=“TRACE;DEBUG;NET;NET8_0;NETCOREAPP;WINDOWS;WINDOWS7_0;NET5_0_OR_GREATER;NET6_0_OR_GREATER;NET7_0_OR_GREATER;NET8_0_OR_GREATER;NETCOREAPP3_0_OR_GREATER;NETCOREAPP3_1_OR_GREATER;WINDOWS7_0_OR_GREATER”(先前值:“TRACE;DEBUG”) [E:\ProjectMy\WebViewHub\WebViewHub.csproj]
   1:7>已完成在项目“WebViewHub.csproj”中生成目标“AddImplicitDefineConstants”的操作。
   1:7>来自项目“E:\ProjectMy\WebViewHub\WebViewHub.csproj”的文件“C:\Program Files\dotnet\sdk\10.0.103\Microsoft.Common.CurrentVersion.targets”中的目标“BeforeResolveReferences”(目标“ResolveReferences”依赖于它):
   1:7>已完成在项目“WebViewHub.csproj”中生成目标“BeforeResolveReferences”的操作。
   1:7>来自项目“E:\ProjectMy\WebViewHub\WebViewHub.csproj”的文件“C:\Program Files\dotnet\sdk\10.0.103\Microsoft.Common.CurrentVersion.targets”中的目标“IgnoreJavaScriptOutputAssembly”(目标“AssignProjectConfiguration”依赖于它):
   1:7>已完成在项目“WebViewHub.csproj”中生成目标“IgnoreJavaScriptOutputAssembly”的操作。
       已跳过目标“ProcessFrameworkReferences”。以前的生成已成功。
   1:7>来自项目“E:\ProjectMy\WebViewHub\WebViewHub.csproj”的文件“C:\Program Files\dotnet\sdk\10.0.103\Sdks\Microsoft.NET.Sdk\targets\Microsoft.NET.Sdk.Shared.targets”中的目标“_DefaultMicrosoftNETPlatformLibrary”(目标“ResolvePackageAssets”依赖于它):
   1:7>已完成在项目“WebViewHub.csproj”中生成目标“_DefaultMicrosoftNETPlatformLibrary”的操作。
   1:7>来自项目“E:\ProjectMy\WebViewHub\WebViewHub.csproj”的文件“C:\Program Files\dotnet\sdk\10.0.103\Sdks\Microsoft.NET.Sdk\targets\Microsoft.NET.Sdk.Shared.targets”中的目标“_ComputePackageReferencePublish”(目标“ResolvePackageAssets”依赖于它):
   1:7>已完成在项目“WebViewHub.csproj”中生成目标“_ComputePackageReferencePublish”的操作。
   1:7>来自项目“E:\ProjectMy\WebViewHub\WebViewHub.csproj”的文件“C:\Program Files\dotnet\sdk\10.0.103\Sdks\Microsoft.NET.Sdk\targets\Microsoft.PackageDependencyResolution.targets”中的目标“ResolvePackageAssets”(目标“ResolveLockFileReferences”依赖于它):
       正在使用程序集“C:\Program Files\dotnet\sdk\10.0.103\Sdks\Microsoft.NET.Sdk\targets\..\tools\net10.0\Microsoft.NET.Build.Tasks.dll”中的“ResolvePackageAssets”任务。
       任务“ResolvePackageAssets”
       已完成执行任务“ResolvePackageAssets”的操作。
   1:7>已完成在项目“WebViewHub.csproj”中生成目标“ResolvePackageAssets”的操作。
   1:7>来自项目“E:\ProjectMy\WebViewHub\WebViewHub.csproj”的文件“C:\Program Files\dotnet\sdk\10.0.103\Sdks\Microsoft.NET.Sdk\targets\Microsoft.NET.Sdk.FrameworkReferenceResolution.targets”中的目标“AddTransitiveFrameworkReferences”(目标“ResolveLockFileReferences”依赖于它):
   1:7>已完成在项目“WebViewHub.csproj”中生成目标“AddTransitiveFrameworkReferences”的操作。
   1:7>来自项目“E:\ProjectMy\WebViewHub\WebViewHub.csproj”的文件“C:\Program Files\dotnet\sdk\10.0.103\Sdks\Microsoft.NET.Sdk\targets\Microsoft.NET.Windows.targets”中的目标“_CheckForTransitiveWindowsSDKFullDependencies”(目标“ResolveLockFileReferences”依赖于它):
   1:7>已完成在项目“WebViewHub.csproj”中生成目标“_CheckForTransitiveWindowsSDKFullDependencies”的操作。
   1:7>来自项目“E:\ProjectMy\WebViewHub\WebViewHub.csproj”的文件“C:\Program Files\dotnet\sdk\10.0.103\Sdks\Microsoft.NET.Sdk\targets\Microsoft.PackageDependencyResolution.targets”中的目标“ResolveLockFileReferences”(目标“ResolvePackageDependenciesForBuild”依赖于它):
       正在使用程序集“C:\Program Files\dotnet\sdk\10.0.103\Sdks\Microsoft.NET.Sdk\targets\..\tools\net10.0\Microsoft.NET.Build.Tasks.dll”中的“JoinItems”任务。
       任务“JoinItems”
       已完成执行任务“JoinItems”的操作。
   1:7>已完成在项目“WebViewHub.csproj”中生成目标“ResolveLockFileReferences”的操作。
       已跳过目标“ResolvePackageAssets”。以前的生成已成功。
   1:7>来自项目“E:\ProjectMy\WebViewHub\WebViewHub.csproj”的文件“C:\Program Files\dotnet\sdk\10.0.103\Sdks\Microsoft.NET.Sdk\targets\Microsoft.PackageDependencyResolution.targets”中的目标“ResolveLockFileAnalyzers”(目标“ResolvePackageDependenciesForBuild”依赖于它):
   1:7>已完成在项目“WebViewHub.csproj”中生成目标“ResolveLockFileAnalyzers”的操作。
       已跳过目标“ResolvePackageAssets”。以前的生成已成功。
   1:7>来自项目“E:\ProjectMy\WebViewHub\WebViewHub.csproj”的文件“C:\Program Files\dotnet\sdk\10.0.103\Sdks\Microsoft.NET.Sdk\targets\Microsoft.PackageDependencyResolution.targets”中的目标“ResolveLockFileCopyLocalFiles”(目标“ResolvePackageDependenciesForBuild”依赖于它):
   1:7>已完成在项目“WebViewHub.csproj”中生成目标“ResolveLockFileCopyLocalFiles”的操作。
       已跳过目标“ResolvePackageAssets”。以前的生成已成功。
   1:7>来自项目“E:\ProjectMy\WebViewHub\WebViewHub.csproj”的文件“C:\Program Files\dotnet\sdk\10.0.103\Sdks\Microsoft.NET.Sdk\targets\Microsoft.PackageDependencyResolution.targets”中的目标“IncludeTransitiveProjectReferences”(目标“ResolvePackageDependenciesForBuild”依赖于它):
   1:7>已完成在项目“WebViewHub.csproj”中生成目标“IncludeTransitiveProjectReferences”的操作。
   1:7>来自项目“E:\ProjectMy\WebViewHub\WebViewHub.csproj”的文件“C:\Program Files\dotnet\sdk\10.0.103\Sdks\Microsoft.NET.Sdk\targets\Microsoft.PackageDependencyResolution.targets”中的目标“ResolvePackageDependenciesForBuild”(目标“AssignProjectConfiguration”依赖于它):
   1:7>已完成在项目“WebViewHub.csproj”中生成目标“ResolvePackageDependenciesForBuild”的操作。
   1:7>来自项目“E:\ProjectMy\WebViewHub\WebViewHub.csproj”的文件“C:\Users\Administrator\.nuget\packages\communitytoolkit.mvvm\8.4.0\buildTransitive\CommunityToolkit.Mvvm.SourceGenerators.targets”中的目标“MVVMToolkitGatherAnalyzers”(目标“MVVMToolkitRemoveAnalyzersForRoslyn3”依赖于它):
   1:7>已完成在项目“WebViewHub.csproj”中生成目标“MVVMToolkitGatherAnalyzers”的操作。
   1:7>来自项目“E:\ProjectMy\WebViewHub\WebViewHub.csproj”的文件“C:\Users\Administrator\.nuget\packages\communitytoolkit.mvvm\8.4.0\buildTransitive\CommunityToolkit.Mvvm.SourceGenerators.targets”中的目标“MVVMToolkitRemoveAnalyzersForRoslyn3”(目标“AssignProjectConfiguration”依赖于它):
       正在使用程序集“Microsoft.Build.Tasks.Core, Version=15.1.0.0, Culture=neutral, PublicKeyToken=b03f5f7f11d50a3a”中的“GetAssemblyIdentity”任务。
       任务“GetAssemblyIdentity”
       已完成执行任务“GetAssemblyIdentity”的操作。
   1:7>已完成在项目“WebViewHub.csproj”中生成目标“MVVMToolkitRemoveAnalyzersForRoslyn3”的操作。
   1:7>来自项目“E:\ProjectMy\WebViewHub\WebViewHub.csproj”的文件“C:\Program Files\dotnet\sdk\10.0.103\Microsoft.Common.CurrentVersion.targets”中的目标“_SplitProjectReferencesByFileExistence”(目标“PrepareProjectReferences”依赖于它):
   1:7>已完成在项目“WebViewHub.csproj”中生成目标“_SplitProjectReferencesByFileExistence”的操作。
   1:7>来自项目“E:\ProjectMy\WebViewHub\WebViewHub.csproj”的文件“C:\Program Files\dotnet\sdk\10.0.103\Microsoft.Common.CurrentVersion.targets”中的目标“_AddOutputPathToGlobalPropertiesToRemove”(目标“_GetProjectReferenceTargetFrameworkProperties”依赖于它):
   1:7>已完成在项目“WebViewHub.csproj”中生成目标“_AddOutputPathToGlobalPropertiesToRemove”的操作。
   1:7>来自项目“E:\ProjectMy\WebViewHub\WebViewHub.csproj”的文件“C:\Program Files\dotnet\sdk\10.0.103\Microsoft.Common.CurrentVersion.targets”中的目标“_GetProjectReferenceTargetFrameworkProperties”(目标“PrepareProjectReferences”依赖于它):
       任务“MSBuild”
       已完成执行任务“MSBuild”的操作。
       正在使用程序集“Microsoft.Build.Tasks.Core, Version=15.1.0.0, Culture=neutral, PublicKeyToken=b03f5f7f11d50a3a”中的“SetRidAgnosticValueForProjects”任务。
       任务“SetRidAgnosticValueForProjects”
       已完成执行任务“SetRidAgnosticValueForProjects”的操作。
   1:7>已完成在项目“WebViewHub.csproj”中生成目标“_GetProjectReferenceTargetFrameworkProperties”的操作。
   1:7>来自项目“E:\ProjectMy\WebViewHub\WebViewHub.csproj”的文件“C:\Program Files\dotnet\sdk\10.0.103\Sdks\Microsoft.NET.Sdk\targets\Microsoft.NET.Sdk.targets”中的目标“_CalculateIsVSTestTestProject”(目标“ValidateExecutableReferences”依赖于它):
   1:7>已完成在项目“WebViewHub.csproj”中生成目标“_CalculateIsVSTestTestProject”的操作。
   1:7>来自项目“E:\ProjectMy\WebViewHub\WebViewHub.csproj”的文件“C:\Program Files\dotnet\sdk\10.0.103\Sdks\Microsoft.NET.Sdk\targets\Microsoft.NET.Sdk.targets”中的目标“ValidateExecutableReferences”(目标“PrepareProjectReferences”依赖于它):
       正在使用程序集“C:\Program Files\dotnet\sdk\10.0.103\Sdks\Microsoft.NET.Sdk\targets\..\tools\net10.0\Microsoft.NET.Build.Tasks.dll”中的“ValidateExecutableReferences”任务。
       任务“ValidateExecutableReferences”
       已完成执行任务“ValidateExecutableReferences”的操作。
   1:7>已完成在项目“WebViewHub.csproj”中生成目标“ValidateExecutableReferences”的操作。
   1:7>来自项目“E:\ProjectMy\WebViewHub\WebViewHub.csproj”的文件“C:\Program Files\dotnet\sdk\10.0.103\Microsoft.Common.CurrentVersion.targets”中的目标“PrepareProjectReferences”(目标“ResolveProjectReferences”依赖于它):
   1:7>已完成在项目“WebViewHub.csproj”中生成目标“PrepareProjectReferences”的操作。
   1:7>来自项目“E:\ProjectMy\WebViewHub\WebViewHub.csproj”的文件“C:\Program Files\dotnet\sdk\10.0.103\Microsoft.Common.CurrentVersion.targets”中的目标“ResolveProjectReferences”(目标“ResolveReferences”依赖于它):
   1:7>已完成在项目“WebViewHub.csproj”中生成目标“ResolveProjectReferences”的操作。
   1:7>来自项目“E:\ProjectMy\WebViewHub\WebViewHub.csproj”的文件“C:\Program Files\dotnet\sdk\10.0.103\Sdks\Microsoft.NET.Sdk\targets\Microsoft.NET.Windows.targets”中的目标“RemoveManagedWinRTComponentWinMDReferences”(目标“ResolveReferences”依赖于它):
   1:7>已完成在项目“WebViewHub.csproj”中生成目标“RemoveManagedWinRTComponentWinMDReferences”的操作。
       已跳过目标“ResolveProjectReferences”。以前的生成已成功。
       已跳过目标“GetFrameworkPaths”。以前的生成已成功。
       已跳过目标“GetReferenceAssemblyPaths”。以前的生成已成功。
       已跳过目标“PrepareForBuild”。以前的生成已成功。
   1:7>来自项目“E:\ProjectMy\WebViewHub\WebViewHub.csproj”的文件“C:\Program Files\dotnet\sdk\10.0.103\Microsoft.Common.CurrentVersion.targets”中的目标“ResolveSDKReferences”(目标“ResolveAssemblyReferences”依赖于它):
   1:7>已完成在项目“WebViewHub.csproj”中生成目标“ResolveSDKReferences”的操作。
       已跳过目标“ResolveSDKReferences”。以前的生成已成功。
   1:7>来自项目“E:\ProjectMy\WebViewHub\WebViewHub.csproj”的文件“C:\Program Files\dotnet\sdk\10.0.103\Microsoft.Common.CurrentVersion.targets”中的目标“ExpandSDKReferences”(目标“ResolveAssemblyReferences”依赖于它):
   1:7>已完成在项目“WebViewHub.csproj”中生成目标“ExpandSDKReferences”的操作。
       已跳过目标“ResolvePackageDependenciesForBuild”。以前的生成已成功。
       已跳过目标“GetFrameworkPaths”。以前的生成已成功。
       已跳过目标“GetReferenceAssemblyPaths”。以前的生成已成功。
       已跳过目标“ProcessFrameworkReferences”。以前的生成已成功。
       已跳过目标“ResolvePackageAssets”。以前的生成已成功。
   1:7>来自项目“E:\ProjectMy\WebViewHub\WebViewHub.csproj”的文件“C:\Program Files\dotnet\sdk\10.0.103\Sdks\Microsoft.NET.Sdk\targets\Microsoft.NET.Sdk.FrameworkReferenceResolution.targets”中的目标“ResolveFrameworkReferences”(目标“ResolveTargetingPackAssets”依赖于它):
       正在使用程序集“C:\Program Files\dotnet\sdk\10.0.103\Sdks\Microsoft.NET.Sdk\targets\..\tools\net10.0\Microsoft.NET.Build.Tasks.dll”中的“GetPackageDirectory”任务。
       任务“GetPackageDirectory”
       已完成执行任务“GetPackageDirectory”的操作。
       任务“GetPackageDirectory”
       已完成执行任务“GetPackageDirectory”的操作。
       任务“GetPackageDirectory”
       已完成执行任务“GetPackageDirectory”的操作。
       任务“GetPackageDirectory”
       已完成执行任务“GetPackageDirectory”的操作。
       任务“GetPackageDirectory”
       已完成执行任务“GetPackageDirectory”的操作。
       任务“GetPackageDirectory”
       已完成执行任务“GetPackageDirectory”的操作。
       任务“GetPackageDirectory”
       已完成执行任务“GetPackageDirectory”的操作。
       任务“GetPackageDirectory”
       已完成执行任务“GetPackageDirectory”的操作。
       任务“GetPackageDirectory”
       已完成执行任务“GetPackageDirectory”的操作。
       任务“GetPackageDirectory”
       已完成执行任务“GetPackageDirectory”的操作。
       正在使用程序集“C:\Program Files\dotnet\sdk\10.0.103\Sdks\Microsoft.NET.Sdk\targets\..\tools\net10.0\Microsoft.NET.Build.Tasks.dll”中的“ResolveFrameworkReferences”任务。
       任务“ResolveFrameworkReferences”
       已完成执行任务“ResolveFrameworkReferences”的操作。
   1:7>已完成在项目“WebViewHub.csproj”中生成目标“ResolveFrameworkReferences”的操作。
   1:7>来自项目“E:\ProjectMy\WebViewHub\WebViewHub.csproj”的文件“C:\Program Files\dotnet\sdk\10.0.103\Sdks\Microsoft.NET.Sdk\targets\Microsoft.NET.Sdk.FrameworkReferenceResolution.targets”中的目标“ResolveTargetingPackAssets”(目标“_HandlePackageFileConflicts”依赖于它):
       正在使用程序集“C:\Program Files\dotnet\sdk\10.0.103\Sdks\Microsoft.NET.Sdk\targets\..\tools\net10.0\Microsoft.NET.Build.Tasks.dll”中的“ResolveTargetingPackAssets”任务。
       任务“ResolveTargetingPackAssets”
       已完成执行任务“ResolveTargetingPackAssets”的操作。
   1:7>已完成在项目“WebViewHub.csproj”中生成目标“ResolveTargetingPackAssets”的操作。
   1:7>来自项目“E:\ProjectMy\WebViewHub\WebViewHub.csproj”的文件“C:\Program Files\dotnet\sdk\10.0.103\Sdks\Microsoft.NET.Sdk\targets\Microsoft.NET.Sdk.FrameworkReferenceResolution.targets”中的目标“ResolveOffByDefaultAnalyzers”(目标“_HandlePackageFileConflicts”依赖于它):
   1:7>已完成在项目“WebViewHub.csproj”中生成目标“ResolveOffByDefaultAnalyzers”的操作。
   1:7>来自项目“E:\ProjectMy\WebViewHub\WebViewHub.csproj”的文件“C:\Program Files\dotnet\sdk\10.0.103\Sdks\Microsoft.NET.Sdk\targets\Microsoft.NET.ConflictResolution.targets”中的目标“_HandlePackageFileConflicts”(目标“ResolveAssemblyReferences”依赖于它):
       正在使用程序集“C:\Program Files\dotnet\sdk\10.0.103\Sdks\Microsoft.NET.Sdk\targets\..\tools\net10.0\Microsoft.NET.Build.Tasks.dll”中的“ResolvePackageFileConflicts”任务。
       任务“ResolvePackageFileConflicts”
         “Reference:C:\Users\Administrator\.nuget\packages\system.text.encodings.web\9.0.0\lib\net8.0\System.Text.Encodings.Web.dll”和“Reference:C:\Users\Administrator\.nuget\packages\microsoft.netcore.app.ref\8.0.24\ref/net8.0/System.Text.Encodings.Web.dll”之间存在冲突。 选择“Reference:C:\Users\Administrator\.nuget\packages\system.text.encodings.web\9.0.0\lib\net8.0\System.Text.Encodings.Web.dll”，因为 AssemblyVersion“9.0.0.0”高于“8.0.0.0”。
         “Reference:C:\Users\Administrator\.nuget\packages\system.text.json\9.0.0\lib\net8.0\System.Text.Json.dll”和“Reference:C:\Users\Administrator\.nuget\packages\microsoft.netcore.app.ref\8.0.24\ref/net8.0/System.Text.Json.dll”之间存在冲突。 选择“Reference:C:\Users\Administrator\.nuget\packages\system.text.json\9.0.0\lib\net8.0\System.Text.Json.dll”，因为 AssemblyVersion“9.0.0.0”高于“8.0.0.0”。
         “Reference:C:\Users\Administrator\.nuget\packages\microsoft.netcore.app.ref\8.0.24\ref/net8.0/WindowsBase.dll”和“Reference:C:\Users\Administrator\.nuget\packages\microsoft.windowsdesktop.app.ref\8.0.24\ref/net8.0/WindowsBase.dll”之间存在冲突。 选择“Reference:C:\Users\Administrator\.nuget\packages\microsoft.windowsdesktop.app.ref\8.0.24\ref/net8.0/WindowsBase.dll”，因为 AssemblyVersion“8.0.0.0”高于“4.0.0.0”。
         “Analyzer:C:\Users\Administrator\.nuget\packages\system.text.json\9.0.0\analyzers\dotnet\roslyn4.4\cs\System.Text.Json.SourceGeneration.dll”和“Analyzer:C:\Users\Administrator\.nuget\packages\microsoft.netcore.app.ref\8.0.24\analyzers/dotnet/cs/System.Text.Json.SourceGeneration.dll”之间存在冲突。 选择“Analyzer:C:\Users\Administrator\.nuget\packages\system.text.json\9.0.0\analyzers\dotnet\roslyn4.4\cs\System.Text.Json.SourceGeneration.dll”，因为 AssemblyVersion“9.0.11.2809”高于“8.0.14.7010”。
         “Platform:Microsoft.VisualBasic.dll”和“Platform:Microsoft.VisualBasic.dll”之间存在冲突。 选择“Platform:Microsoft.VisualBasic.dll”，因为 AssemblyVersion“10.1.0.0”高于“10.0.0.0”。
         “Platform:Microsoft.VisualBasic.dll”和“Platform:Microsoft.VisualBasic.dll”之间存在冲突。 选择“Platform:Microsoft.VisualBasic.dll”，因为 AssemblyVersion“10.1.0.0”高于“10.0.0.0”。
         “Platform:System.Drawing.dll”和“Platform:System.Drawing.dll”之间存在冲突。 选择“Platform:System.Drawing.dll”，因为 AssemblyVersion“8.0.0.0”高于“4.0.0.0”。
         “Platform:System.Drawing.dll”和“Platform:System.Drawing.dll”之间存在冲突。 选择“Platform:System.Drawing.dll”，因为 AssemblyVersion“8.0.0.0”高于“4.0.0.0”。
         “Platform:WindowsBase.dll”和“Platform:WindowsBase.dll”之间存在冲突。 选择“Platform:WindowsBase.dll”，因为 AssemblyVersion“8.0.0.0”高于“4.0.0.0”。
         “Platform:WindowsBase.dll”和“Platform:WindowsBase.dll”之间存在冲突。 选择“Platform:WindowsBase.dll”，因为 AssemblyVersion“8.0.0.0”高于“4.0.0.0”。
         “Platform:System.Text.Encodings.Web.dll”和“CopyLocal:C:\Users\Administrator\.nuget\packages\system.text.encodings.web\9.0.0\lib\net8.0\System.Text.Encodings.Web.dll”之间存在冲突。 选择“CopyLocal:C:\Users\Administrator\.nuget\packages\system.text.encodings.web\9.0.0\lib\net8.0\System.Text.Encodings.Web.dll”，因为 AssemblyVersion“9.0.0.0”高于“8.0.0.0”。
         “Platform:System.Text.Json.dll”和“CopyLocal:C:\Users\Administrator\.nuget\packages\system.text.json\9.0.0\lib\net8.0\System.Text.Json.dll”之间存在冲突。 选择“CopyLocal:C:\Users\Administrator\.nuget\packages\system.text.json\9.0.0\lib\net8.0\System.Text.Json.dll”，因为 AssemblyVersion“9.0.0.0”高于“8.0.0.0”。
         “Platform:mscorlib.dll”和“Platform:mscorlib.dll”之间存在冲突。 文件和程序集版本相等，因此无法确定优胜者。
         “Platform:System.dll”和“Platform:System.dll”之间存在冲突。 文件和程序集版本相等，因此无法确定优胜者。
         “Platform:System.ComponentModel.DataAnnotations.dll”和“Platform:System.ComponentModel.DataAnnotations.dll”之间存在冲突。 文件和程序集版本相等，因此无法确定优胜者。
         “Platform:System.Configuration.dll”和“Platform:System.Configuration.dll”之间存在冲突。 文件和程序集版本相等，因此无法确定优胜者。
         “Platform:System.Core.dll”和“Platform:System.Core.dll”之间存在冲突。 文件和程序集版本相等，因此无法确定优胜者。
         “Platform:System.Data.dll”和“Platform:System.Data.dll”之间存在冲突。 文件和程序集版本相等，因此无法确定优胜者。
         “Platform:System.IO.Compression.FileSystem.dll”和“Platform:System.IO.Compression.FileSystem.dll”之间存在冲突。 文件和程序集版本相等，因此无法确定优胜者。
         “Platform:System.Net.dll”和“Platform:System.Net.dll”之间存在冲突。 文件和程序集版本相等，因此无法确定优胜者。
         “Platform:System.Numerics.dll”和“Platform:System.Numerics.dll”之间存在冲突。 文件和程序集版本相等，因此无法确定优胜者。
         “Platform:System.Runtime.Serialization.dll”和“Platform:System.Runtime.Serialization.dll”之间存在冲突。 文件和程序集版本相等，因此无法确定优胜者。
         “Platform:System.Security.dll”和“Platform:System.Security.dll”之间存在冲突。 文件和程序集版本相等，因此无法确定优胜者。
         “Platform:System.ServiceProcess.dll”和“Platform:System.ServiceProcess.dll”之间存在冲突。 文件和程序集版本相等，因此无法确定优胜者。
         “Platform:System.ServiceModel.Web.dll”和“Platform:System.ServiceModel.Web.dll”之间存在冲突。 文件和程序集版本相等，因此无法确定优胜者。
         “Platform:System.Transactions.dll”和“Platform:System.Transactions.dll”之间存在冲突。 文件和程序集版本相等，因此无法确定优胜者。
         “Platform:System.Web.dll”和“Platform:System.Web.dll”之间存在冲突。 文件和程序集版本相等，因此无法确定优胜者。
         “Platform:System.Windows.dll”和“Platform:System.Windows.dll”之间存在冲突。 文件和程序集版本相等，因此无法确定优胜者。
         “Platform:System.Xml.dll”和“Platform:System.Xml.dll”之间存在冲突。 文件和程序集版本相等，因此无法确定优胜者。
         “Platform:System.Xml.Serialization.dll”和“Platform:System.Xml.Serialization.dll”之间存在冲突。 文件和程序集版本相等，因此无法确定优胜者。
         “Platform:System.Xml.Linq.dll”和“Platform:System.Xml.Linq.dll”之间存在冲突。 文件和程序集版本相等，因此无法确定优胜者。
         “Platform:netstandard.dll”和“Platform:netstandard.dll”之间存在冲突。 文件和程序集版本相等，因此无法确定优胜者。
         “Platform:System.Private.CoreLib.dll”和“Platform:System.Private.CoreLib.dll”之间存在冲突。 文件和程序集版本相等，因此无法确定优胜者。
         “Platform:System.Private.DataContractSerialization.dll”和“Platform:System.Private.DataContractSerialization.dll”之间存在冲突。 文件和程序集版本相等，因此无法确定优胜者。
         “Platform:System.Private.Uri.dll”和“Platform:System.Private.Uri.dll”之间存在冲突。 文件和程序集版本相等，因此无法确定优胜者。
         “Platform:System.Private.Xml.dll”和“Platform:System.Private.Xml.dll”之间存在冲突。 文件和程序集版本相等，因此无法确定优胜者。
         “Platform:System.Private.Xml.Linq.dll”和“Platform:System.Private.Xml.Linq.dll”之间存在冲突。 文件和程序集版本相等，因此无法确定优胜者。
         “Platform:mscordaccore_amd64_amd64_8.0.2426.7010.dll”和“Platform:mscordaccore_amd64_amd64_8.0.2426.7010.dll”之间存在冲突。 文件和程序集版本相等，因此无法确定优胜者。
       已完成执行任务“ResolvePackageFileConflicts”的操作。
   1:7>已完成在项目“WebViewHub.csproj”中生成目标“_HandlePackageFileConflicts”的操作。
       已跳过目标“ResolveTargetingPackAssets”。以前的生成已成功。
   1:7>来自项目“E:\ProjectMy\WebViewHub\WebViewHub.csproj”的文件“C:\Program Files\dotnet\sdk\10.0.103\Microsoft.Common.CurrentVersion.targets”中的目标“ResolveAssemblyReferences”(目标“ResolveReferences”依赖于它):
       正在使用程序集“Microsoft.Build.Tasks.Core, Version=15.1.0.0, Culture=neutral, PublicKeyToken=b03f5f7f11d50a3a”中的“ResolveAssemblyReference”任务。
       任务“ResolveAssemblyReference”
         TargetFrameworkMoniker:
             .NETCoreApp,Version=v8.0
         TargetFrameworkMonikerDisplayName:
             .NET 8.0
         TargetedRuntimeVersion:
             
         Assemblies:
             C:\Users\Administrator\.nuget\packages\microsoft.web.webview2\1.0.2849.39\buildTransitive\..\\lib_manual\netcoreapp3.0\Microsoft.Web.WebView2.Core.dll
             C:\Users\Administrator\.nuget\packages\microsoft.web.webview2\1.0.2849.39\buildTransitive\..\\lib_manual\netcoreapp3.0\Microsoft.Web.WebView2.WinForms.dll
             C:\Users\Administrator\.nuget\packages\microsoft.web.webview2\1.0.2849.39\buildTransitive\..\\lib_manual\net5.0-windows10.0.17763.0\Microsoft.Web.WebView2.Wpf.dll
             C:\Users\Administrator\.nuget\packages\communitytoolkit.mvvm\8.4.0\lib\net8.0\CommunityToolkit.Mvvm.dll
                 Private =“false”
                 HintPath =“C:\Users\Administrator\.nuget\packages\communitytoolkit.mvvm\8.4.0\lib\net8.0\CommunityToolkit.Mvvm.dll”
             C:\Users\Administrator\.nuget\packages\markdig\0.22.0\lib\netcoreapp3.1\Markdig.dll
                 Private =“false”
                 HintPath =“C:\Users\Administrator\.nuget\packages\markdig\0.22.0\lib\netcoreapp3.1\Markdig.dll”
             C:\Users\Administrator\.nuget\packages\markdig.wpf\0.5.0.1\lib\net5.0-windows7.0\Markdig.Wpf.dll
                 Private =“false”
                 HintPath =“C:\Users\Administrator\.nuget\packages\markdig.wpf\0.5.0.1\lib\net5.0-windows7.0\Markdig.Wpf.dll”
             C:\Users\Administrator\.nuget\packages\microsoft.data.sqlite.core\9.0.0\lib\net8.0\Microsoft.Data.Sqlite.dll
                 Private =“false”
                 HintPath =“C:\Users\Administrator\.nuget\packages\microsoft.data.sqlite.core\9.0.0\lib\net8.0\Microsoft.Data.Sqlite.dll”
             C:\Users\Administrator\.nuget\packages\sqlitepclraw.bundle_e_sqlite3\2.1.10\lib\netstandard2.0\SQLitePCLRaw.batteries_v2.dll
                 Private =“false”
                 HintPath =“C:\Users\Administrator\.nuget\packages\sqlitepclraw.bundle_e_sqlite3\2.1.10\lib\netstandard2.0\SQLitePCLRaw.batteries_v2.dll”
             C:\Users\Administrator\.nuget\packages\sqlitepclraw.core\2.1.10\lib\netstandard2.0\SQLitePCLRaw.core.dll
                 Private =“false”
                 HintPath =“C:\Users\Administrator\.nuget\packages\sqlitepclraw.core\2.1.10\lib\netstandard2.0\SQLitePCLRaw.core.dll”
             C:\Users\Administrator\.nuget\packages\sqlitepclraw.provider.e_sqlite3\2.1.10\lib\net6.0-windows7.0\SQLitePCLRaw.provider.e_sqlite3.dll
                 Private =“false”
                 HintPath =“C:\Users\Administrator\.nuget\packages\sqlitepclraw.provider.e_sqlite3\2.1.10\lib\net6.0-windows7.0\SQLitePCLRaw.provider.e_sqlite3.dll”
             C:\Users\Administrator\.nuget\packages\system.io.pipelines\9.0.0\lib\net8.0\System.IO.Pipelines.dll
                 Private =“false”
                 HintPath =“C:\Users\Administrator\.nuget\packages\system.io.pipelines\9.0.0\lib\net8.0\System.IO.Pipelines.dll”
             C:\Users\Administrator\.nuget\packages\system.text.encodings.web\9.0.0\lib\net8.0\System.Text.Encodings.Web.dll
                 Private =“false”
                 HintPath =“C:\Users\Administrator\.nuget\packages\system.text.encodings.web\9.0.0\lib\net8.0\System.Text.Encodings.Web.dll”
             C:\Users\Administrator\.nuget\packages\system.text.json\9.0.0\lib\net8.0\System.Text.Json.dll
                 Private =“false”
                 HintPath =“C:\Users\Administrator\.nuget\packages\system.text.json\9.0.0\lib\net8.0\System.Text.Json.dll”
             C:\Users\Administrator\.nuget\packages\microsoft.netcore.app.ref\8.0.24\ref/net8.0/Microsoft.CSharp.dll
                 Private =“false”
             C:\Users\Administrator\.nuget\packages\microsoft.netcore.app.ref\8.0.24\ref/net8.0/Microsoft.VisualBasic.Core.dll
                 Private =“false”
             C:\Users\Administrator\.nuget\packages\microsoft.netcore.app.ref\8.0.24\ref/net8.0/Microsoft.VisualBasic.dll
                 Private =“false”
             C:\Users\Administrator\.nuget\packages\microsoft.netcore.app.ref\8.0.24\ref/net8.0/Microsoft.Win32.Primitives.dll
                 Private =“false”
             C:\Users\Administrator\.nuget\packages\microsoft.netcore.app.ref\8.0.24\ref/net8.0/Microsoft.Win32.Registry.dll
                 Private =“false”
             C:\Users\Administrator\.nuget\packages\microsoft.netcore.app.ref\8.0.24\ref/net8.0/System.AppContext.dll
                 Private =“false”
             C:\Users\Administrator\.nuget\packages\microsoft.netcore.app.ref\8.0.24\ref/net8.0/System.Buffers.dll
                 Private =“false”
             C:\Users\Administrator\.nuget\packages\microsoft.netcore.app.ref\8.0.24\ref/net8.0/System.Collections.Concurrent.dll
                 Private =“false”
             C:\Users\Administrator\.nuget\packages\microsoft.netcore.app.ref\8.0.24\ref/net8.0/System.Collections.Immutable.dll
                 Private =“false”
             C:\Users\Administrator\.nuget\packages\microsoft.netcore.app.ref\8.0.24\ref/net8.0/System.Collections.NonGeneric.dll
                 Private =“false”
             C:\Users\Administrator\.nuget\packages\microsoft.netcore.app.ref\8.0.24\ref/net8.0/System.Collections.Specialized.dll
                 Private =“false”
             C:\Users\Administrator\.nuget\packages\microsoft.netcore.app.ref\8.0.24\ref/net8.0/System.Collections.dll
                 Private =“false”
             C:\Users\Administrator\.nuget\packages\microsoft.netcore.app.ref\8.0.24\ref/net8.0/System.ComponentModel.Annotations.dll
                 Private =“false”
             C:\Users\Administrator\.nuget\packages\microsoft.netcore.app.ref\8.0.24\ref/net8.0/System.ComponentModel.DataAnnotations.dll
                 Private =“false”
             C:\Users\Administrator\.nuget\packages\microsoft.netcore.app.ref\8.0.24\ref/net8.0/System.ComponentModel.EventBasedAsync.dll
                 Private =“false”
             C:\Users\Administrator\.nuget\packages\microsoft.netcore.app.ref\8.0.24\ref/net8.0/System.ComponentModel.Primitives.dll
                 Private =“false”
             C:\Users\Administrator\.nuget\packages\microsoft.netcore.app.ref\8.0.24\ref/net8.0/System.ComponentModel.TypeConverter.dll
                 Private =“false”
             C:\Users\Administrator\.nuget\packages\microsoft.netcore.app.ref\8.0.24\ref/net8.0/System.ComponentModel.dll
                 Private =“false”
             C:\Users\Administrator\.nuget\packages\microsoft.netcore.app.ref\8.0.24\ref/net8.0/System.Configuration.dll
                 Private =“false”
             C:\Users\Administrator\.nuget\packages\microsoft.netcore.app.ref\8.0.24\ref/net8.0/System.Console.dll
                 Private =“false”
             C:\Users\Administrator\.nuget\packages\microsoft.netcore.app.ref\8.0.24\ref/net8.0/System.Core.dll
                 Private =“false”
             C:\Users\Administrator\.nuget\packages\microsoft.netcore.app.ref\8.0.24\ref/net8.0/System.Data.Common.dll
                 Private =“false”
             C:\Users\Administrator\.nuget\packages\microsoft.netcore.app.ref\8.0.24\ref/net8.0/System.Data.DataSetExtensions.dll
                 Private =“false”
             C:\Users\Administrator\.nuget\packages\microsoft.netcore.app.ref\8.0.24\ref/net8.0/System.Data.dll
                 Private =“false”
             C:\Users\Administrator\.nuget\packages\microsoft.netcore.app.ref\8.0.24\ref/net8.0/System.Diagnostics.Contracts.dll
                 Private =“false”
             C:\Users\Administrator\.nuget\packages\microsoft.netcore.app.ref\8.0.24\ref/net8.0/System.Diagnostics.Debug.dll
                 Private =“false”
             C:\Users\Administrator\.nuget\packages\microsoft.netcore.app.ref\8.0.24\ref/net8.0/System.Diagnostics.DiagnosticSource.dll
                 Private =“false”
             C:\Users\Administrator\.nuget\packages\microsoft.netcore.app.ref\8.0.24\ref/net8.0/System.Diagnostics.FileVersionInfo.dll
                 Private =“false”
             C:\Users\Administrator\.nuget\packages\microsoft.netcore.app.ref\8.0.24\ref/net8.0/System.Diagnostics.Process.dll
                 Private =“false”
             C:\Users\Administrator\.nuget\packages\microsoft.netcore.app.ref\8.0.24\ref/net8.0/System.Diagnostics.StackTrace.dll
                 Private =“false”
             C:\Users\Administrator\.nuget\packages\microsoft.netcore.app.ref\8.0.24\ref/net8.0/System.Diagnostics.TextWriterTraceListener.dll
                 Private =“false”
             C:\Users\Administrator\.nuget\packages\microsoft.netcore.app.ref\8.0.24\ref/net8.0/System.Diagnostics.Tools.dll
                 Private =“false”
             C:\Users\Administrator\.nuget\packages\microsoft.netcore.app.ref\8.0.24\ref/net8.0/System.Diagnostics.TraceSource.dll
                 Private =“false”
             C:\Users\Administrator\.nuget\packages\microsoft.netcore.app.ref\8.0.24\ref/net8.0/System.Diagnostics.Tracing.dll
                 Private =“false”
             C:\Users\Administrator\.nuget\packages\microsoft.netcore.app.ref\8.0.24\ref/net8.0/System.Drawing.Primitives.dll
                 Private =“false”
             C:\Users\Administrator\.nuget\packages\microsoft.netcore.app.ref\8.0.24\ref/net8.0/System.Drawing.dll
                 Private =“false”
             C:\Users\Administrator\.nuget\packages\microsoft.netcore.app.ref\8.0.24\ref/net8.0/System.Dynamic.Runtime.dll
                 Private =“false”
             C:\Users\Administrator\.nuget\packages\microsoft.netcore.app.ref\8.0.24\ref/net8.0/System.Formats.Asn1.dll
                 Private =“false”
             C:\Users\Administrator\.nuget\packages\microsoft.netcore.app.ref\8.0.24\ref/net8.0/System.Formats.Tar.dll
                 Private =“false”
             C:\Users\Administrator\.nuget\packages\microsoft.netcore.app.ref\8.0.24\ref/net8.0/System.Globalization.Calendars.dll
                 Private =“false”
             C:\Users\Administrator\.nuget\packages\microsoft.netcore.app.ref\8.0.24\ref/net8.0/System.Globalization.Extensions.dll
                 Private =“false”
             C:\Users\Administrator\.nuget\packages\microsoft.netcore.app.ref\8.0.24\ref/net8.0/System.Globalization.dll
                 Private =“false”
             C:\Users\Administrator\.nuget\packages\microsoft.netcore.app.ref\8.0.24\ref/net8.0/System.IO.Compression.Brotli.dll
                 Private =“false”
             C:\Users\Administrator\.nuget\packages\microsoft.netcore.app.ref\8.0.24\ref/net8.0/System.IO.Compression.FileSystem.dll
                 Private =“false”
             C:\Users\Administrator\.nuget\packages\microsoft.netcore.app.ref\8.0.24\ref/net8.0/System.IO.Compression.ZipFile.dll
                 Private =“false”
             C:\Users\Administrator\.nuget\packages\microsoft.netcore.app.ref\8.0.24\ref/net8.0/System.IO.Compression.dll
                 Private =“false”
             C:\Users\Administrator\.nuget\packages\microsoft.netcore.app.ref\8.0.24\ref/net8.0/System.IO.FileSystem.AccessControl.dll
                 Private =“false”
             C:\Users\Administrator\.nuget\packages\microsoft.netcore.app.ref\8.0.24\ref/net8.0/System.IO.FileSystem.DriveInfo.dll
                 Private =“false”
             C:\Users\Administrator\.nuget\packages\microsoft.netcore.app.ref\8.0.24\ref/net8.0/System.IO.FileSystem.Primitives.dll
                 Private =“false”
             C:\Users\Administrator\.nuget\packages\microsoft.netcore.app.ref\8.0.24\ref/net8.0/System.IO.FileSystem.Watcher.dll
                 Private =“false”
             C:\Users\Administrator\.nuget\packages\microsoft.netcore.app.ref\8.0.24\ref/net8.0/System.IO.FileSystem.dll
                 Private =“false”
             C:\Users\Administrator\.nuget\packages\microsoft.netcore.app.ref\8.0.24\ref/net8.0/System.IO.IsolatedStorage.dll
                 Private =“false”
             C:\Users\Administrator\.nuget\packages\microsoft.netcore.app.ref\8.0.24\ref/net8.0/System.IO.MemoryMappedFiles.dll
                 Private =“false”
             C:\Users\Administrator\.nuget\packages\microsoft.netcore.app.ref\8.0.24\ref/net8.0/System.IO.Pipes.AccessControl.dll
                 Private =“false”
             C:\Users\Administrator\.nuget\packages\microsoft.netcore.app.ref\8.0.24\ref/net8.0/System.IO.Pipes.dll
                 Private =“false”
             C:\Users\Administrator\.nuget\packages\microsoft.netcore.app.ref\8.0.24\ref/net8.0/System.IO.UnmanagedMemoryStream.dll
                 Private =“false”
             C:\Users\Administrator\.nuget\packages\microsoft.netcore.app.ref\8.0.24\ref/net8.0/System.IO.dll
                 Private =“false”
             C:\Users\Administrator\.nuget\packages\microsoft.netcore.app.ref\8.0.24\ref/net8.0/System.Linq.Expressions.dll
                 Private =“false”
             C:\Users\Administrator\.nuget\packages\microsoft.netcore.app.ref\8.0.24\ref/net8.0/System.Linq.Parallel.dll
                 Private =“false”
             C:\Users\Administrator\.nuget\packages\microsoft.netcore.app.ref\8.0.24\ref/net8.0/System.Linq.Queryable.dll
                 Private =“false”
             C:\Users\Administrator\.nuget\packages\microsoft.netcore.app.ref\8.0.24\ref/net8.0/System.Linq.dll
                 Private =“false”
             C:\Users\Administrator\.nuget\packages\microsoft.netcore.app.ref\8.0.24\ref/net8.0/System.Memory.dll
                 Private =“false”
             C:\Users\Administrator\.nuget\packages\microsoft.netcore.app.ref\8.0.24\ref/net8.0/System.Net.Http.Json.dll
                 Private =“false”
             C:\Users\Administrator\.nuget\packages\microsoft.netcore.app.ref\8.0.24\ref/net8.0/System.Net.Http.dll
                 Private =“false”
             C:\Users\Administrator\.nuget\packages\microsoft.netcore.app.ref\8.0.24\ref/net8.0/System.Net.HttpListener.dll
                 Private =“false”
             C:\Users\Administrator\.nuget\packages\microsoft.netcore.app.ref\8.0.24\ref/net8.0/System.Net.Mail.dll
                 Private =“false”
             C:\Users\Administrator\.nuget\packages\microsoft.netcore.app.ref\8.0.24\ref/net8.0/System.Net.NameResolution.dll
                 Private =“false”
             C:\Users\Administrator\.nuget\packages\microsoft.netcore.app.ref\8.0.24\ref/net8.0/System.Net.NetworkInformation.dll
                 Private =“false”
             C:\Users\Administrator\.nuget\packages\microsoft.netcore.app.ref\8.0.24\ref/net8.0/System.Net.Ping.dll
                 Private =“false”
             C:\Users\Administrator\.nuget\packages\microsoft.netcore.app.ref\8.0.24\ref/net8.0/System.Net.Primitives.dll
                 Private =“false”
             C:\Users\Administrator\.nuget\packages\microsoft.netcore.app.ref\8.0.24\ref/net8.0/System.Net.Quic.dll
                 Private =“false”
             C:\Users\Administrator\.nuget\packages\microsoft.netcore.app.ref\8.0.24\ref/net8.0/System.Net.Requests.dll
                 Private =“false”
             C:\Users\Administrator\.nuget\packages\microsoft.netcore.app.ref\8.0.24\ref/net8.0/System.Net.Security.dll
                 Private =“false”
             C:\Users\Administrator\.nuget\packages\microsoft.netcore.app.ref\8.0.24\ref/net8.0/System.Net.ServicePoint.dll
                 Private =“false”
             C:\Users\Administrator\.nuget\packages\microsoft.netcore.app.ref\8.0.24\ref/net8.0/System.Net.Sockets.dll
                 Private =“false”
             C:\Users\Administrator\.nuget\packages\microsoft.netcore.app.ref\8.0.24\ref/net8.0/System.Net.WebClient.dll
                 Private =“false”
             C:\Users\Administrator\.nuget\packages\microsoft.netcore.app.ref\8.0.24\ref/net8.0/System.Net.WebHeaderCollection.dll
                 Private =“false”
             C:\Users\Administrator\.nuget\packages\microsoft.netcore.app.ref\8.0.24\ref/net8.0/System.Net.WebProxy.dll
                 Private =“false”
             C:\Users\Administrator\.nuget\packages\microsoft.netcore.app.ref\8.0.24\ref/net8.0/System.Net.WebSockets.Client.dll
                 Private =“false”
             C:\Users\Administrator\.nuget\packages\microsoft.netcore.app.ref\8.0.24\ref/net8.0/System.Net.WebSockets.dll
                 Private =“false”
             C:\Users\Administrator\.nuget\packages\microsoft.netcore.app.ref\8.0.24\ref/net8.0/System.Net.dll
                 Private =“false”
             C:\Users\Administrator\.nuget\packages\microsoft.netcore.app.ref\8.0.24\ref/net8.0/System.Numerics.Vectors.dll
                 Private =“false”
             C:\Users\Administrator\.nuget\packages\microsoft.netcore.app.ref\8.0.24\ref/net8.0/System.Numerics.dll
                 Private =“false”
             C:\Users\Administrator\.nuget\packages\microsoft.netcore.app.ref\8.0.24\ref/net8.0/System.ObjectModel.dll
                 Private =“false”
             C:\Users\Administrator\.nuget\packages\microsoft.netcore.app.ref\8.0.24\ref/net8.0/System.Reflection.DispatchProxy.dll
                 Private =“false”
             C:\Users\Administrator\.nuget\packages\microsoft.netcore.app.ref\8.0.24\ref/net8.0/System.Reflection.Emit.ILGeneration.dll
                 Private =“false”
             C:\Users\Administrator\.nuget\packages\microsoft.netcore.app.ref\8.0.24\ref/net8.0/System.Reflection.Emit.Lightweight.dll
                 Private =“false”
             C:\Users\Administrator\.nuget\packages\microsoft.netcore.app.ref\8.0.24\ref/net8.0/System.Reflection.Emit.dll
                 Private =“false”
             C:\Users\Administrator\.nuget\packages\microsoft.netcore.app.ref\8.0.24\ref/net8.0/System.Reflection.Extensions.dll
                 Private =“false”
             C:\Users\Administrator\.nuget\packages\microsoft.netcore.app.ref\8.0.24\ref/net8.0/System.Reflection.Metadata.dll
                 Private =“false”
             C:\Users\Administrator\.nuget\packages\microsoft.netcore.app.ref\8.0.24\ref/net8.0/System.Reflection.Primitives.dll
                 Private =“false”
             C:\Users\Administrator\.nuget\packages\microsoft.netcore.app.ref\8.0.24\ref/net8.0/System.Reflection.TypeExtensions.dll
                 Private =“false”
             C:\Users\Administrator\.nuget\packages\microsoft.netcore.app.ref\8.0.24\ref/net8.0/System.Reflection.dll
                 Private =“false”
             C:\Users\Administrator\.nuget\packages\microsoft.netcore.app.ref\8.0.24\ref/net8.0/System.Resources.Reader.dll
                 Private =“false”
             C:\Users\Administrator\.nuget\packages\microsoft.netcore.app.ref\8.0.24\ref/net8.0/System.Resources.ResourceManager.dll
                 Private =“false”
             C:\Users\Administrator\.nuget\packages\microsoft.netcore.app.ref\8.0.24\ref/net8.0/System.Resources.Writer.dll
                 Private =“false”
             C:\Users\Administrator\.nuget\packages\microsoft.netcore.app.ref\8.0.24\ref/net8.0/System.Runtime.CompilerServices.Unsafe.dll
                 Private =“false”
             C:\Users\Administrator\.nuget\packages\microsoft.netcore.app.ref\8.0.24\ref/net8.0/System.Runtime.CompilerServices.VisualC.dll
                 Private =“false”
             C:\Users\Administrator\.nuget\packages\microsoft.netcore.app.ref\8.0.24\ref/net8.0/System.Runtime.Extensions.dll
                 Private =“false”
             C:\Users\Administrator\.nuget\packages\microsoft.netcore.app.ref\8.0.24\ref/net8.0/System.Runtime.Handles.dll
                 Private =“false”
             C:\Users\Administrator\.nuget\packages\microsoft.netcore.app.ref\8.0.24\ref/net8.0/System.Runtime.InteropServices.JavaScript.dll
                 Private =“false”
             C:\Users\Administrator\.nuget\packages\microsoft.netcore.app.ref\8.0.24\ref/net8.0/System.Runtime.InteropServices.RuntimeInformation.dll
                 Private =“false”
             C:\Users\Administrator\.nuget\packages\microsoft.netcore.app.ref\8.0.24\ref/net8.0/System.Runtime.InteropServices.dll
                 Private =“false”
             C:\Users\Administrator\.nuget\packages\microsoft.netcore.app.ref\8.0.24\ref/net8.0/System.Runtime.Intrinsics.dll
                 Private =“false”
             C:\Users\Administrator\.nuget\packages\microsoft.netcore.app.ref\8.0.24\ref/net8.0/System.Runtime.Loader.dll
                 Private =“false”
             C:\Users\Administrator\.nuget\packages\microsoft.netcore.app.ref\8.0.24\ref/net8.0/System.Runtime.Numerics.dll
                 Private =“false”
             C:\Users\Administrator\.nuget\packages\microsoft.netcore.app.ref\8.0.24\ref/net8.0/System.Runtime.Serialization.Formatters.dll
                 Private =“false”
             C:\Users\Administrator\.nuget\packages\microsoft.netcore.app.ref\8.0.24\ref/net8.0/System.Runtime.Serialization.Json.dll
                 Private =“false”
             C:\Users\Administrator\.nuget\packages\microsoft.netcore.app.ref\8.0.24\ref/net8.0/System.Runtime.Serialization.Primitives.dll
                 Private =“false”
             C:\Users\Administrator\.nuget\packages\microsoft.netcore.app.ref\8.0.24\ref/net8.0/System.Runtime.Serialization.Xml.dll
                 Private =“false”
             C:\Users\Administrator\.nuget\packages\microsoft.netcore.app.ref\8.0.24\ref/net8.0/System.Runtime.Serialization.dll
                 Private =“false”
             C:\Users\Administrator\.nuget\packages\microsoft.netcore.app.ref\8.0.24\ref/net8.0/System.Runtime.dll
                 Private =“false”
             C:\Users\Administrator\.nuget\packages\microsoft.netcore.app.ref\8.0.24\ref/net8.0/System.Security.AccessControl.dll
                 Private =“false”
             C:\Users\Administrator\.nuget\packages\microsoft.netcore.app.ref\8.0.24\ref/net8.0/System.Security.Claims.dll
                 Private =“false”
             C:\Users\Administrator\.nuget\packages\microsoft.netcore.app.ref\8.0.24\ref/net8.0/System.Security.Cryptography.Algorithms.dll
                 Private =“false”
             C:\Users\Administrator\.nuget\packages\microsoft.netcore.app.ref\8.0.24\ref/net8.0/System.Security.Cryptography.Cng.dll
                 Private =“false”
             C:\Users\Administrator\.nuget\packages\microsoft.netcore.app.ref\8.0.24\ref/net8.0/System.Security.Cryptography.Csp.dll
                 Private =“false”
             C:\Users\Administrator\.nuget\packages\microsoft.netcore.app.ref\8.0.24\ref/net8.0/System.Security.Cryptography.Encoding.dll
                 Private =“false”
             C:\Users\Administrator\.nuget\packages\microsoft.netcore.app.ref\8.0.24\ref/net8.0/System.Security.Cryptography.OpenSsl.dll
                 Private =“false”
             C:\Users\Administrator\.nuget\packages\microsoft.netcore.app.ref\8.0.24\ref/net8.0/System.Security.Cryptography.Primitives.dll
                 Private =“false”
             C:\Users\Administrator\.nuget\packages\microsoft.netcore.app.ref\8.0.24\ref/net8.0/System.Security.Cryptography.X509Certificates.dll
                 Private =“false”
             C:\Users\Administrator\.nuget\packages\microsoft.netcore.app.ref\8.0.24\ref/net8.0/System.Security.Cryptography.dll
                 Private =“false”
             C:\Users\Administrator\.nuget\packages\microsoft.netcore.app.ref\8.0.24\ref/net8.0/System.Security.Principal.Windows.dll
                 Private =“false”
             C:\Users\Administrator\.nuget\packages\microsoft.netcore.app.ref\8.0.24\ref/net8.0/System.Security.Principal.dll
                 Private =“false”
             C:\Users\Administrator\.nuget\packages\microsoft.netcore.app.ref\8.0.24\ref/net8.0/System.Security.SecureString.dll
                 Private =“false”
             C:\Users\Administrator\.nuget\packages\microsoft.netcore.app.ref\8.0.24\ref/net8.0/System.Security.dll
                 Private =“false”
             C:\Users\Administrator\.nuget\packages\microsoft.netcore.app.ref\8.0.24\ref/net8.0/System.ServiceModel.Web.dll
                 Private =“false”
             C:\Users\Administrator\.nuget\packages\microsoft.netcore.app.ref\8.0.24\ref/net8.0/System.ServiceProcess.dll
                 Private =“false”
             C:\Users\Administrator\.nuget\packages\microsoft.netcore.app.ref\8.0.24\ref/net8.0/System.Text.Encoding.CodePages.dll
                 Private =“false”
             C:\Users\Administrator\.nuget\packages\microsoft.netcore.app.ref\8.0.24\ref/net8.0/System.Text.Encoding.Extensions.dll
                 Private =“false”
             C:\Users\Administrator\.nuget\packages\microsoft.netcore.app.ref\8.0.24\ref/net8.0/System.Text.Encoding.dll
                 Private =“false”
             C:\Users\Administrator\.nuget\packages\microsoft.netcore.app.ref\8.0.24\ref/net8.0/System.Text.RegularExpressions.dll
                 Private =“false”
             C:\Users\Administrator\.nuget\packages\microsoft.netcore.app.ref\8.0.24\ref/net8.0/System.Threading.Channels.dll
                 Private =“false”
             C:\Users\Administrator\.nuget\packages\microsoft.netcore.app.ref\8.0.24\ref/net8.0/System.Threading.Overlapped.dll
                 Private =“false”
             C:\Users\Administrator\.nuget\packages\microsoft.netcore.app.ref\8.0.24\ref/net8.0/System.Threading.Tasks.Dataflow.dll
                 Private =“false”
             C:\Users\Administrator\.nuget\packages\microsoft.netcore.app.ref\8.0.24\ref/net8.0/System.Threading.Tasks.Extensions.dll
                 Private =“false”
             C:\Users\Administrator\.nuget\packages\microsoft.netcore.app.ref\8.0.24\ref/net8.0/System.Threading.Tasks.Parallel.dll
                 Private =“false”
             C:\Users\Administrator\.nuget\packages\microsoft.netcore.app.ref\8.0.24\ref/net8.0/System.Threading.Tasks.dll
                 Private =“false”
             C:\Users\Administrator\.nuget\packages\microsoft.netcore.app.ref\8.0.24\ref/net8.0/System.Threading.Thread.dll
                 Private =“false”
             C:\Users\Administrator\.nuget\packages\microsoft.netcore.app.ref\8.0.24\ref/net8.0/System.Threading.ThreadPool.dll
                 Private =“false”
             C:\Users\Administrator\.nuget\packages\microsoft.netcore.app.ref\8.0.24\ref/net8.0/System.Threading.Timer.dll
                 Private =“false”
             C:\Users\Administrator\.nuget\packages\microsoft.netcore.app.ref\8.0.24\ref/net8.0/System.Threading.dll
                 Private =“false”
             C:\Users\Administrator\.nuget\packages\microsoft.netcore.app.ref\8.0.24\ref/net8.0/System.Transactions.Local.dll
                 Private =“false”
             C:\Users\Administrator\.nuget\packages\microsoft.netcore.app.ref\8.0.24\ref/net8.0/System.Transactions.dll
                 Private =“false”
             C:\Users\Administrator\.nuget\packages\microsoft.netcore.app.ref\8.0.24\ref/net8.0/System.ValueTuple.dll
                 Private =“false”
             C:\Users\Administrator\.nuget\packages\microsoft.netcore.app.ref\8.0.24\ref/net8.0/System.Web.HttpUtility.dll
                 Private =“false”
             C:\Users\Administrator\.nuget\packages\microsoft.netcore.app.ref\8.0.24\ref/net8.0/System.Web.dll
                 Private =“false”
             C:\Users\Administrator\.nuget\packages\microsoft.netcore.app.ref\8.0.24\ref/net8.0/System.Windows.dll
                 Private =“false”
             C:\Users\Administrator\.nuget\packages\microsoft.netcore.app.ref\8.0.24\ref/net8.0/System.Xml.Linq.dll
                 Private =“false”
             C:\Users\Administrator\.nuget\packages\microsoft.netcore.app.ref\8.0.24\ref/net8.0/System.Xml.ReaderWriter.dll
                 Private =“false”
             C:\Users\Administrator\.nuget\packages\microsoft.netcore.app.ref\8.0.24\ref/net8.0/System.Xml.Serialization.dll
                 Private =“false”
             C:\Users\Administrator\.nuget\packages\microsoft.netcore.app.ref\8.0.24\ref/net8.0/System.Xml.XDocument.dll
                 Private =“false”
             C:\Users\Administrator\.nuget\packages\microsoft.netcore.app.ref\8.0.24\ref/net8.0/System.Xml.XPath.XDocument.dll
                 Private =“false”
             C:\Users\Administrator\.nuget\packages\microsoft.netcore.app.ref\8.0.24\ref/net8.0/System.Xml.XPath.dll
                 Private =“false”
             C:\Users\Administrator\.nuget\packages\microsoft.netcore.app.ref\8.0.24\ref/net8.0/System.Xml.XmlDocument.dll
                 Private =“false”
             C:\Users\Administrator\.nuget\packages\microsoft.netcore.app.ref\8.0.24\ref/net8.0/System.Xml.XmlSerializer.dll
                 Private =“false”
             C:\Users\Administrator\.nuget\packages\microsoft.netcore.app.ref\8.0.24\ref/net8.0/System.Xml.dll
                 Private =“false”
             C:\Users\Administrator\.nuget\packages\microsoft.netcore.app.ref\8.0.24\ref/net8.0/System.dll
                 Private =“false”
             C:\Users\Administrator\.nuget\packages\microsoft.netcore.app.ref\8.0.24\ref/net8.0/mscorlib.dll
                 Private =“false”
             C:\Users\Administrator\.nuget\packages\microsoft.netcore.app.ref\8.0.24\ref/net8.0/netstandard.dll
                 Private =“false”
             C:\Users\Administrator\.nuget\packages\microsoft.windowsdesktop.app.ref\8.0.24\ref/net8.0/Accessibility.dll
                 Private =“false”
             C:\Users\Administrator\.nuget\packages\microsoft.windowsdesktop.app.ref\8.0.24\ref/net8.0/Microsoft.Win32.Registry.AccessControl.dll
                 Private =“false”
             C:\Users\Administrator\.nuget\packages\microsoft.windowsdesktop.app.ref\8.0.24\ref/net8.0/Microsoft.Win32.SystemEvents.dll
                 Private =“false”
             C:\Users\Administrator\.nuget\packages\microsoft.windowsdesktop.app.ref\8.0.24\ref/net8.0/PresentationCore.dll
                 Private =“false”
             C:\Users\Administrator\.nuget\packages\microsoft.windowsdesktop.app.ref\8.0.24\ref/net8.0/PresentationFramework.Aero.dll
                 Private =“false”
             C:\Users\Administrator\.nuget\packages\microsoft.windowsdesktop.app.ref\8.0.24\ref/net8.0/PresentationFramework.Aero2.dll
                 Private =“false”
             C:\Users\Administrator\.nuget\packages\microsoft.windowsdesktop.app.ref\8.0.24\ref/net8.0/PresentationFramework.AeroLite.dll
                 Private =“false”
             C:\Users\Administrator\.nuget\packages\microsoft.windowsdesktop.app.ref\8.0.24\ref/net8.0/PresentationFramework.Classic.dll
                 Private =“false”
             C:\Users\Administrator\.nuget\packages\microsoft.windowsdesktop.app.ref\8.0.24\ref/net8.0/PresentationFramework.Luna.dll
                 Private =“false”
             C:\Users\Administrator\.nuget\packages\microsoft.windowsdesktop.app.ref\8.0.24\ref/net8.0/PresentationFramework.Royale.dll
                 Private =“false”
             C:\Users\Administrator\.nuget\packages\microsoft.windowsdesktop.app.ref\8.0.24\ref/net8.0/PresentationFramework.dll
                 Private =“false”
             C:\Users\Administrator\.nuget\packages\microsoft.windowsdesktop.app.ref\8.0.24\ref/net8.0/PresentationUI.dll
                 Private =“false”
             C:\Users\Administrator\.nuget\packages\microsoft.windowsdesktop.app.ref\8.0.24\ref/net8.0/ReachFramework.dll
                 Private =“false”
             C:\Users\Administrator\.nuget\packages\microsoft.windowsdesktop.app.ref\8.0.24\ref/net8.0/System.CodeDom.dll
                 Private =“false”
             C:\Users\Administrator\.nuget\packages\microsoft.windowsdesktop.app.ref\8.0.24\ref/net8.0/System.Configuration.ConfigurationManager.dll
                 Private =“false”
             C:\Users\Administrator\.nuget\packages\microsoft.windowsdesktop.app.ref\8.0.24\ref/net8.0/System.Diagnostics.EventLog.dll
                 Private =“false”
             C:\Users\Administrator\.nuget\packages\microsoft.windowsdesktop.app.ref\8.0.24\ref/net8.0/System.Diagnostics.PerformanceCounter.dll
                 Private =“false”
             C:\Users\Administrator\.nuget\packages\microsoft.windowsdesktop.app.ref\8.0.24\ref/net8.0/System.DirectoryServices.dll
                 Private =“false”
             C:\Users\Administrator\.nuget\packages\microsoft.windowsdesktop.app.ref\8.0.24\ref/net8.0/System.IO.Packaging.dll
                 Private =“false”
             C:\Users\Administrator\.nuget\packages\microsoft.windowsdesktop.app.ref\8.0.24\ref/net8.0/System.Printing.dll
                 Private =“false”
             C:\Users\Administrator\.nuget\packages\microsoft.windowsdesktop.app.ref\8.0.24\ref/net8.0/System.Resources.Extensions.dll
                 Private =“false”
             C:\Users\Administrator\.nuget\packages\microsoft.windowsdesktop.app.ref\8.0.24\ref/net8.0/System.Security.Cryptography.Pkcs.dll
                 Private =“false”
             C:\Users\Administrator\.nuget\packages\microsoft.windowsdesktop.app.ref\8.0.24\ref/net8.0/System.Security.Cryptography.ProtectedData.dll
                 Private =“false”
             C:\Users\Administrator\.nuget\packages\microsoft.windowsdesktop.app.ref\8.0.24\ref/net8.0/System.Security.Cryptography.Xml.dll
                 Private =“false”
             C:\Users\Administrator\.nuget\packages\microsoft.windowsdesktop.app.ref\8.0.24\ref/net8.0/System.Security.Permissions.dll
                 Private =“false”
             C:\Users\Administrator\.nuget\packages\microsoft.windowsdesktop.app.ref\8.0.24\ref/net8.0/System.Threading.AccessControl.dll
                 Private =“false”
             C:\Users\Administrator\.nuget\packages\microsoft.windowsdesktop.app.ref\8.0.24\ref/net8.0/System.Windows.Controls.Ribbon.dll
                 Private =“false”
             C:\Users\Administrator\.nuget\packages\microsoft.windowsdesktop.app.ref\8.0.24\ref/net8.0/System.Windows.Extensions.dll
                 Private =“false”
             C:\Users\Administrator\.nuget\packages\microsoft.windowsdesktop.app.ref\8.0.24\ref/net8.0/System.Windows.Input.Manipulations.dll
                 Private =“false”
             C:\Users\Administrator\.nuget\packages\microsoft.windowsdesktop.app.ref\8.0.24\ref/net8.0/System.Windows.Presentation.dll
                 Private =“false”
             C:\Users\Administrator\.nuget\packages\microsoft.windowsdesktop.app.ref\8.0.24\ref/net8.0/System.Xaml.dll
                 Private =“false”
             C:\Users\Administrator\.nuget\packages\microsoft.windowsdesktop.app.ref\8.0.24\ref/net8.0/UIAutomationClient.dll
                 Private =“false”
             C:\Users\Administrator\.nuget\packages\microsoft.windowsdesktop.app.ref\8.0.24\ref/net8.0/UIAutomationClientSideProviders.dll
                 Private =“false”
             C:\Users\Administrator\.nuget\packages\microsoft.windowsdesktop.app.ref\8.0.24\ref/net8.0/UIAutomationProvider.dll
                 Private =“false”
             C:\Users\Administrator\.nuget\packages\microsoft.windowsdesktop.app.ref\8.0.24\ref/net8.0/UIAutomationTypes.dll
                 Private =“false”
             C:\Users\Administrator\.nuget\packages\microsoft.windowsdesktop.app.ref\8.0.24\ref/net8.0/WindowsBase.dll
                 Private =“false”
         AssemblyFiles:
         CandidateAssemblyFiles:
             C:\Users\Administrator\.nuget\packages\microsoft.web.webview2\1.0.2849.39\build\\..\runtimes\win-x86\native\WebView2Loader.dll
             C:\Users\Administrator\.nuget\packages\microsoft.web.webview2\1.0.2849.39\build\\..\runtimes\win-x64\native\WebView2Loader.dll
             C:\Users\Administrator\.nuget\packages\microsoft.web.webview2\1.0.2849.39\build\\..\runtimes\win-arm64\native\WebView2Loader.dll
             installer\WebViewHub_Install_v1.0.0.exe
             publish-clean\D3DCompiler_47_cor3.dll
             publish-clean\e_sqlite3.dll
             publish-clean\PenImc_cor3.dll
             publish-clean\PresentationNative_cor3.dll
             publish-clean\runtimes\win-x64\native\WebView2Loader.dll
             publish-clean\vcruntime140_cor3.dll
             publish-clean\WebView2Loader.dll
             publish-clean\WebViewHub.exe
             publish-clean\wpfgfx_cor3.dll
             publish-sc\Accessibility.dll
             publish-sc\clretwrc.dll
             publish-sc\clrgc.dll
             publish-sc\clrjit.dll
             publish-sc\CommunityToolkit.Mvvm.dll
             publish-sc\coreclr.dll
             publish-sc\createdump.exe
             publish-sc\cs\Microsoft.VisualBasic.Forms.resources.dll
             publish-sc\cs\PresentationCore.resources.dll
             publish-sc\cs\PresentationFramework.resources.dll
             publish-sc\cs\PresentationUI.resources.dll
             publish-sc\cs\ReachFramework.resources.dll
             publish-sc\cs\System.Windows.Controls.Ribbon.resources.dll
             publish-sc\cs\System.Windows.Forms.Design.resources.dll
             publish-sc\cs\System.Windows.Forms.Primitives.resources.dll
             publish-sc\cs\System.Windows.Forms.resources.dll
             publish-sc\cs\System.Windows.Input.Manipulations.resources.dll
             publish-sc\cs\System.Xaml.resources.dll
             publish-sc\cs\UIAutomationClient.resources.dll
             publish-sc\cs\UIAutomationClientSideProviders.resources.dll
             publish-sc\cs\UIAutomationProvider.resources.dll
             publish-sc\cs\UIAutomationTypes.resources.dll
             publish-sc\cs\WindowsBase.resources.dll
             publish-sc\cs\WindowsFormsIntegration.resources.dll
             publish-sc\D3DCompiler_47_cor3.dll
             publish-sc\de\Microsoft.VisualBasic.Forms.resources.dll
             publish-sc\de\PresentationCore.resources.dll
             publish-sc\de\PresentationFramework.resources.dll
             publish-sc\de\PresentationUI.resources.dll
             publish-sc\de\ReachFramework.resources.dll
             publish-sc\de\System.Windows.Controls.Ribbon.resources.dll
             publish-sc\de\System.Windows.Forms.Design.resources.dll
             publish-sc\de\System.Windows.Forms.Primitives.resources.dll
             publish-sc\de\System.Windows.Forms.resources.dll
             publish-sc\de\System.Windows.Input.Manipulations.resources.dll
             publish-sc\de\System.Xaml.resources.dll
             publish-sc\de\UIAutomationClient.resources.dll
             publish-sc\de\UIAutomationClientSideProviders.resources.dll
             publish-sc\de\UIAutomationProvider.resources.dll
             publish-sc\de\UIAutomationTypes.resources.dll
             publish-sc\de\WindowsBase.resources.dll
             publish-sc\de\WindowsFormsIntegration.resources.dll
             publish-sc\DirectWriteForwarder.dll
             publish-sc\es\Microsoft.VisualBasic.Forms.resources.dll
             publish-sc\es\PresentationCore.resources.dll
             publish-sc\es\PresentationFramework.resources.dll
             publish-sc\es\PresentationUI.resources.dll
             publish-sc\es\ReachFramework.resources.dll
             publish-sc\es\System.Windows.Controls.Ribbon.resources.dll
             publish-sc\es\System.Windows.Forms.Design.resources.dll
             publish-sc\es\System.Windows.Forms.Primitives.resources.dll
             publish-sc\es\System.Windows.Forms.resources.dll
             publish-sc\es\System.Windows.Input.Manipulations.resources.dll
             publish-sc\es\System.Xaml.resources.dll
             publish-sc\es\UIAutomationClient.resources.dll
             publish-sc\es\UIAutomationClientSideProviders.resources.dll
             publish-sc\es\UIAutomationProvider.resources.dll
             publish-sc\es\UIAutomationTypes.resources.dll
             publish-sc\es\WindowsBase.resources.dll
             publish-sc\es\WindowsFormsIntegration.resources.dll
             publish-sc\e_sqlite3.dll
             publish-sc\fr\Microsoft.VisualBasic.Forms.resources.dll
             publish-sc\fr\PresentationCore.resources.dll
             publish-sc\fr\PresentationFramework.resources.dll
             publish-sc\fr\PresentationUI.resources.dll
             publish-sc\fr\ReachFramework.resources.dll
             publish-sc\fr\System.Windows.Controls.Ribbon.resources.dll
             publish-sc\fr\System.Windows.Forms.Design.resources.dll
             publish-sc\fr\System.Windows.Forms.Primitives.resources.dll
             publish-sc\fr\System.Windows.Forms.resources.dll
             publish-sc\fr\System.Windows.Input.Manipulations.resources.dll
             publish-sc\fr\System.Xaml.resources.dll
             publish-sc\fr\UIAutomationClient.resources.dll
             publish-sc\fr\UIAutomationClientSideProviders.resources.dll
             publish-sc\fr\UIAutomationProvider.resources.dll
             publish-sc\fr\UIAutomationTypes.resources.dll
             publish-sc\fr\WindowsBase.resources.dll
             publish-sc\fr\WindowsFormsIntegration.resources.dll
             publish-sc\hostfxr.dll
             publish-sc\hostpolicy.dll
             publish-sc\it\Microsoft.VisualBasic.Forms.resources.dll
             publish-sc\it\PresentationCore.resources.dll
             publish-sc\it\PresentationFramework.resources.dll
             publish-sc\it\PresentationUI.resources.dll
             publish-sc\it\ReachFramework.resources.dll
             publish-sc\it\System.Windows.Controls.Ribbon.resources.dll
             publish-sc\it\System.Windows.Forms.Design.resources.dll
             publish-sc\it\System.Windows.Forms.Primitives.resources.dll
             publish-sc\it\System.Windows.Forms.resources.dll
             publish-sc\it\System.Windows.Input.Manipulations.resources.dll
             publish-sc\it\System.Xaml.resources.dll
             publish-sc\it\UIAutomationClient.resources.dll
             publish-sc\it\UIAutomationClientSideProviders.resources.dll
             publish-sc\it\UIAutomationProvider.resources.dll
             publish-sc\it\UIAutomationTypes.resources.dll
             publish-sc\it\WindowsBase.resources.dll
             publish-sc\it\WindowsFormsIntegration.resources.dll
             publish-sc\ja\Microsoft.VisualBasic.Forms.resources.dll
             publish-sc\ja\PresentationCore.resources.dll
             publish-sc\ja\PresentationFramework.resources.dll
             publish-sc\ja\PresentationUI.resources.dll
             publish-sc\ja\ReachFramework.resources.dll
             publish-sc\ja\System.Windows.Controls.Ribbon.resources.dll
             publish-sc\ja\System.Windows.Forms.Design.resources.dll
             publish-sc\ja\System.Windows.Forms.Primitives.resources.dll
             publish-sc\ja\System.Windows.Forms.resources.dll
             publish-sc\ja\System.Windows.Input.Manipulations.resources.dll
             publish-sc\ja\System.Xaml.resources.dll
             publish-sc\ja\UIAutomationClient.resources.dll
             publish-sc\ja\UIAutomationClientSideProviders.resources.dll
             publish-sc\ja\UIAutomationProvider.resources.dll
             publish-sc\ja\UIAutomationTypes.resources.dll
             publish-sc\ja\WindowsBase.resources.dll
             publish-sc\ja\WindowsFormsIntegration.resources.dll
             publish-sc\ko\Microsoft.VisualBasic.Forms.resources.dll
             publish-sc\ko\PresentationCore.resources.dll
             publish-sc\ko\PresentationFramework.resources.dll
             publish-sc\ko\PresentationUI.resources.dll
             publish-sc\ko\ReachFramework.resources.dll
             publish-sc\ko\System.Windows.Controls.Ribbon.resources.dll
             publish-sc\ko\System.Windows.Forms.Design.resources.dll
             publish-sc\ko\System.Windows.Forms.Primitives.resources.dll
             publish-sc\ko\System.Windows.Forms.resources.dll
             publish-sc\ko\System.Windows.Input.Manipulations.resources.dll
             publish-sc\ko\System.Xaml.resources.dll
             publish-sc\ko\UIAutomationClient.resources.dll
             publish-sc\ko\UIAutomationClientSideProviders.resources.dll
             publish-sc\ko\UIAutomationProvider.resources.dll
             publish-sc\ko\UIAutomationTypes.resources.dll
             publish-sc\ko\WindowsBase.resources.dll
             publish-sc\ko\WindowsFormsIntegration.resources.dll
             publish-sc\Microsoft.CSharp.dll
             publish-sc\Microsoft.Data.Sqlite.dll
             publish-sc\Microsoft.DiaSymReader.Native.amd64.dll
             publish-sc\Microsoft.VisualBasic.Core.dll
             publish-sc\Microsoft.VisualBasic.dll
             publish-sc\Microsoft.VisualBasic.Forms.dll
             publish-sc\Microsoft.Web.WebView2.Core.dll
             publish-sc\Microsoft.Web.WebView2.WinForms.dll
             publish-sc\Microsoft.Web.WebView2.Wpf.dll
             publish-sc\Microsoft.Win32.Primitives.dll
             publish-sc\Microsoft.Win32.Registry.AccessControl.dll
             publish-sc\Microsoft.Win32.Registry.dll
             publish-sc\Microsoft.Win32.SystemEvents.dll
             publish-sc\mscordaccore.dll
             publish-sc\mscordaccore_amd64_amd64_8.0.2426.7010.dll
             publish-sc\mscordbi.dll
             publish-sc\mscorlib.dll
             publish-sc\mscorrc.dll
             publish-sc\msquic.dll
             publish-sc\netstandard.dll
             publish-sc\PenImc_cor3.dll
             publish-sc\pl\Microsoft.VisualBasic.Forms.resources.dll
             publish-sc\pl\PresentationCore.resources.dll
             publish-sc\pl\PresentationFramework.resources.dll
             publish-sc\pl\PresentationUI.resources.dll
             publish-sc\pl\ReachFramework.resources.dll
             publish-sc\pl\System.Windows.Controls.Ribbon.resources.dll
             publish-sc\pl\System.Windows.Forms.Design.resources.dll
             publish-sc\pl\System.Windows.Forms.Primitives.resources.dll
             publish-sc\pl\System.Windows.Forms.resources.dll
             publish-sc\pl\System.Windows.Input.Manipulations.resources.dll
             publish-sc\pl\System.Xaml.resources.dll
             publish-sc\pl\UIAutomationClient.resources.dll
             publish-sc\pl\UIAutomationClientSideProviders.resources.dll
             publish-sc\pl\UIAutomationProvider.resources.dll
             publish-sc\pl\UIAutomationTypes.resources.dll
             publish-sc\pl\WindowsBase.resources.dll
             publish-sc\pl\WindowsFormsIntegration.resources.dll
             publish-sc\PresentationCore.dll
             publish-sc\PresentationFramework-SystemCore.dll
             publish-sc\PresentationFramework-SystemData.dll
             publish-sc\PresentationFramework-SystemDrawing.dll
             publish-sc\PresentationFramework-SystemXml.dll
             publish-sc\PresentationFramework-SystemXmlLinq.dll
             publish-sc\PresentationFramework.Aero.dll
             publish-sc\PresentationFramework.Aero2.dll
             publish-sc\PresentationFramework.AeroLite.dll
             publish-sc\PresentationFramework.Classic.dll
             publish-sc\PresentationFramework.dll
             publish-sc\PresentationFramework.Luna.dll
             publish-sc\PresentationFramework.Royale.dll
             publish-sc\PresentationNative_cor3.dll
             publish-sc\PresentationUI.dll
             publish-sc\pt-BR\Microsoft.VisualBasic.Forms.resources.dll
             publish-sc\pt-BR\PresentationCore.resources.dll
             publish-sc\pt-BR\PresentationFramework.resources.dll
             publish-sc\pt-BR\PresentationUI.resources.dll
             publish-sc\pt-BR\ReachFramework.resources.dll
             publish-sc\pt-BR\System.Windows.Controls.Ribbon.resources.dll
             publish-sc\pt-BR\System.Windows.Forms.Design.resources.dll
             publish-sc\pt-BR\System.Windows.Forms.Primitives.resources.dll
             publish-sc\pt-BR\System.Windows.Forms.resources.dll
             publish-sc\pt-BR\System.Windows.Input.Manipulations.resources.dll
             publish-sc\pt-BR\System.Xaml.resources.dll
             publish-sc\pt-BR\UIAutomationClient.resources.dll
             publish-sc\pt-BR\UIAutomationClientSideProviders.resources.dll
             publish-sc\pt-BR\UIAutomationProvider.resources.dll
             publish-sc\pt-BR\UIAutomationTypes.resources.dll
             publish-sc\pt-BR\WindowsBase.resources.dll
             publish-sc\pt-BR\WindowsFormsIntegration.resources.dll
             publish-sc\ReachFramework.dll
             publish-sc\runtimes\win-x64\native\WebView2Loader.dll
             publish-sc\ru\Microsoft.VisualBasic.Forms.resources.dll
             publish-sc\ru\PresentationCore.resources.dll
             publish-sc\ru\PresentationFramework.resources.dll
             publish-sc\ru\PresentationUI.resources.dll
             publish-sc\ru\ReachFramework.resources.dll
             publish-sc\ru\System.Windows.Controls.Ribbon.resources.dll
             publish-sc\ru\System.Windows.Forms.Design.resources.dll
             publish-sc\ru\System.Windows.Forms.Primitives.resources.dll
             publish-sc\ru\System.Windows.Forms.resources.dll
             publish-sc\ru\System.Windows.Input.Manipulations.resources.dll
             publish-sc\ru\System.Xaml.resources.dll
             publish-sc\ru\UIAutomationClient.resources.dll
             publish-sc\ru\UIAutomationClientSideProviders.resources.dll
             publish-sc\ru\UIAutomationProvider.resources.dll
             publish-sc\ru\UIAutomationTypes.resources.dll
             publish-sc\ru\WindowsBase.resources.dll
             publish-sc\ru\WindowsFormsIntegration.resources.dll
             publish-sc\SQLitePCLRaw.batteries_v2.dll
             publish-sc\SQLitePCLRaw.core.dll
             publish-sc\SQLitePCLRaw.provider.e_sqlite3.dll
             publish-sc\System.AppContext.dll
             publish-sc\System.Buffers.dll
             publish-sc\System.CodeDom.dll
             publish-sc\System.Collections.Concurrent.dll
             publish-sc\System.Collections.dll
             publish-sc\System.Collections.Immutable.dll
             publish-sc\System.Collections.NonGeneric.dll
             publish-sc\System.Collections.Specialized.dll
             publish-sc\System.ComponentModel.Annotations.dll
             publish-sc\System.ComponentModel.DataAnnotations.dll
             publish-sc\System.ComponentModel.dll
             publish-sc\System.ComponentModel.EventBasedAsync.dll
             publish-sc\System.ComponentModel.Primitives.dll
             publish-sc\System.ComponentModel.TypeConverter.dll
             publish-sc\System.Configuration.ConfigurationManager.dll
             publish-sc\System.Configuration.dll
             publish-sc\System.Console.dll
             publish-sc\System.Core.dll
             publish-sc\System.Data.Common.dll
             publish-sc\System.Data.DataSetExtensions.dll
             publish-sc\System.Data.dll
             publish-sc\System.Design.dll
             publish-sc\System.Diagnostics.Contracts.dll
             publish-sc\System.Diagnostics.Debug.dll
             publish-sc\System.Diagnostics.DiagnosticSource.dll
             publish-sc\System.Diagnostics.EventLog.dll
             publish-sc\System.Diagnostics.EventLog.Messages.dll
             publish-sc\System.Diagnostics.FileVersionInfo.dll
             publish-sc\System.Diagnostics.PerformanceCounter.dll
             publish-sc\System.Diagnostics.Process.dll
             publish-sc\System.Diagnostics.StackTrace.dll
             publish-sc\System.Diagnostics.TextWriterTraceListener.dll
             publish-sc\System.Diagnostics.Tools.dll
             publish-sc\System.Diagnostics.TraceSource.dll
             publish-sc\System.Diagnostics.Tracing.dll
             publish-sc\System.DirectoryServices.dll
             publish-sc\System.dll
             publish-sc\System.Drawing.Common.dll
             publish-sc\System.Drawing.Design.dll
             publish-sc\System.Drawing.dll
             publish-sc\System.Drawing.Primitives.dll
             publish-sc\System.Dynamic.Runtime.dll
             publish-sc\System.Formats.Asn1.dll
             publish-sc\System.Formats.Tar.dll
             publish-sc\System.Globalization.Calendars.dll
             publish-sc\System.Globalization.dll
             publish-sc\System.Globalization.Extensions.dll
             publish-sc\System.IO.Compression.Brotli.dll
             publish-sc\System.IO.Compression.dll
             publish-sc\System.IO.Compression.FileSystem.dll
             publish-sc\System.IO.Compression.Native.dll
             publish-sc\System.IO.Compression.ZipFile.dll
             publish-sc\System.IO.dll
             publish-sc\System.IO.FileSystem.AccessControl.dll
             publish-sc\System.IO.FileSystem.dll
             publish-sc\System.IO.FileSystem.DriveInfo.dll
             publish-sc\System.IO.FileSystem.Primitives.dll
             publish-sc\System.IO.FileSystem.Watcher.dll
             publish-sc\System.IO.IsolatedStorage.dll
             publish-sc\System.IO.MemoryMappedFiles.dll
             publish-sc\System.IO.Packaging.dll
             publish-sc\System.IO.Pipelines.dll
             publish-sc\System.IO.Pipes.AccessControl.dll
             publish-sc\System.IO.Pipes.dll
             publish-sc\System.IO.UnmanagedMemoryStream.dll
             publish-sc\System.Linq.dll
             publish-sc\System.Linq.Expressions.dll
             publish-sc\System.Linq.Parallel.dll
             publish-sc\System.Linq.Queryable.dll
             publish-sc\System.Memory.dll
             publish-sc\System.Net.dll
             publish-sc\System.Net.Http.dll
             publish-sc\System.Net.Http.Json.dll
             publish-sc\System.Net.HttpListener.dll
             publish-sc\System.Net.Mail.dll
             publish-sc\System.Net.NameResolution.dll
             publish-sc\System.Net.NetworkInformation.dll
             publish-sc\System.Net.Ping.dll
             publish-sc\System.Net.Primitives.dll
             publish-sc\System.Net.Quic.dll
             publish-sc\System.Net.Requests.dll
             publish-sc\System.Net.Security.dll
             publish-sc\System.Net.ServicePoint.dll
             publish-sc\System.Net.Sockets.dll
             publish-sc\System.Net.WebClient.dll
             publish-sc\System.Net.WebHeaderCollection.dll
             publish-sc\System.Net.WebProxy.dll
             publish-sc\System.Net.WebSockets.Client.dll
             publish-sc\System.Net.WebSockets.dll
             publish-sc\System.Numerics.dll
             publish-sc\System.Numerics.Vectors.dll
             publish-sc\System.ObjectModel.dll
             publish-sc\System.Printing.dll
             publish-sc\System.Private.CoreLib.dll
             publish-sc\System.Private.DataContractSerialization.dll
             publish-sc\System.Private.Uri.dll
             publish-sc\System.Private.Xml.dll
             publish-sc\System.Private.Xml.Linq.dll
             publish-sc\System.Reflection.DispatchProxy.dll
             publish-sc\System.Reflection.dll
             publish-sc\System.Reflection.Emit.dll
             publish-sc\System.Reflection.Emit.ILGeneration.dll
             publish-sc\System.Reflection.Emit.Lightweight.dll
             publish-sc\System.Reflection.Extensions.dll
             publish-sc\System.Reflection.Metadata.dll
             publish-sc\System.Reflection.Primitives.dll
             publish-sc\System.Reflection.TypeExtensions.dll
             publish-sc\System.Resources.Extensions.dll
             publish-sc\System.Resources.Reader.dll
             publish-sc\System.Resources.ResourceManager.dll
             publish-sc\System.Resources.Writer.dll
             publish-sc\System.Runtime.CompilerServices.Unsafe.dll
             publish-sc\System.Runtime.CompilerServices.VisualC.dll
             publish-sc\System.Runtime.dll
             publish-sc\System.Runtime.Extensions.dll
             publish-sc\System.Runtime.Handles.dll
             publish-sc\System.Runtime.InteropServices.dll
             publish-sc\System.Runtime.InteropServices.JavaScript.dll
             publish-sc\System.Runtime.InteropServices.RuntimeInformation.dll
             publish-sc\System.Runtime.Intrinsics.dll
             publish-sc\System.Runtime.Loader.dll
             publish-sc\System.Runtime.Numerics.dll
             publish-sc\System.Runtime.Serialization.dll
             publish-sc\System.Runtime.Serialization.Formatters.dll
             publish-sc\System.Runtime.Serialization.Json.dll
             publish-sc\System.Runtime.Serialization.Primitives.dll
             publish-sc\System.Runtime.Serialization.Xml.dll
             publish-sc\System.Security.AccessControl.dll
             publish-sc\System.Security.Claims.dll
             publish-sc\System.Security.Cryptography.Algorithms.dll
             publish-sc\System.Security.Cryptography.Cng.dll
             publish-sc\System.Security.Cryptography.Csp.dll
             publish-sc\System.Security.Cryptography.dll
             publish-sc\System.Security.Cryptography.Encoding.dll
             publish-sc\System.Security.Cryptography.OpenSsl.dll
             publish-sc\System.Security.Cryptography.Pkcs.dll
             publish-sc\System.Security.Cryptography.Primitives.dll
             publish-sc\System.Security.Cryptography.ProtectedData.dll
             publish-sc\System.Security.Cryptography.X509Certificates.dll
             publish-sc\System.Security.Cryptography.Xml.dll
             publish-sc\System.Security.dll
             publish-sc\System.Security.Permissions.dll
             publish-sc\System.Security.Principal.dll
             publish-sc\System.Security.Principal.Windows.dll
             publish-sc\System.Security.SecureString.dll
             publish-sc\System.ServiceModel.Web.dll
             publish-sc\System.ServiceProcess.dll
             publish-sc\System.Text.Encoding.CodePages.dll
             publish-sc\System.Text.Encoding.dll
             publish-sc\System.Text.Encoding.Extensions.dll
             publish-sc\System.Text.Encodings.Web.dll
             publish-sc\System.Text.Json.dll
             publish-sc\System.Text.RegularExpressions.dll
             publish-sc\System.Threading.AccessControl.dll
             publish-sc\System.Threading.Channels.dll
             publish-sc\System.Threading.dll
             publish-sc\System.Threading.Overlapped.dll
             publish-sc\System.Threading.Tasks.Dataflow.dll
             publish-sc\System.Threading.Tasks.dll
             publish-sc\System.Threading.Tasks.Extensions.dll
             publish-sc\System.Threading.Tasks.Parallel.dll
             publish-sc\System.Threading.Thread.dll
             publish-sc\System.Threading.ThreadPool.dll
             publish-sc\System.Threading.Timer.dll
             publish-sc\System.Transactions.dll
             publish-sc\System.Transactions.Local.dll
             publish-sc\System.ValueTuple.dll
             publish-sc\System.Web.dll
             publish-sc\System.Web.HttpUtility.dll
             publish-sc\System.Windows.Controls.Ribbon.dll
             publish-sc\System.Windows.dll
             publish-sc\System.Windows.Extensions.dll
             publish-sc\System.Windows.Forms.Design.dll
             publish-sc\System.Windows.Forms.Design.Editors.dll
             publish-sc\System.Windows.Forms.dll
             publish-sc\System.Windows.Forms.Primitives.dll
             publish-sc\System.Windows.Input.Manipulations.dll
             publish-sc\System.Windows.Presentation.dll
             publish-sc\System.Xaml.dll
             publish-sc\System.Xml.dll
             publish-sc\System.Xml.Linq.dll
             publish-sc\System.Xml.ReaderWriter.dll
             publish-sc\System.Xml.Serialization.dll
             publish-sc\System.Xml.XDocument.dll
             publish-sc\System.Xml.XmlDocument.dll
             publish-sc\System.Xml.XmlSerializer.dll
             publish-sc\System.Xml.XPath.dll
             publish-sc\System.Xml.XPath.XDocument.dll
             publish-sc\tr\Microsoft.VisualBasic.Forms.resources.dll
             publish-sc\tr\PresentationCore.resources.dll
             publish-sc\tr\PresentationFramework.resources.dll
             publish-sc\tr\PresentationUI.resources.dll
             publish-sc\tr\ReachFramework.resources.dll
             publish-sc\tr\System.Windows.Controls.Ribbon.resources.dll
             publish-sc\tr\System.Windows.Forms.Design.resources.dll
             publish-sc\tr\System.Windows.Forms.Primitives.resources.dll
             publish-sc\tr\System.Windows.Forms.resources.dll
             publish-sc\tr\System.Windows.Input.Manipulations.resources.dll
             publish-sc\tr\System.Xaml.resources.dll
             publish-sc\tr\UIAutomationClient.resources.dll
             publish-sc\tr\UIAutomationClientSideProviders.resources.dll
             publish-sc\tr\UIAutomationProvider.resources.dll
             publish-sc\tr\UIAutomationTypes.resources.dll
             publish-sc\tr\WindowsBase.resources.dll
             publish-sc\tr\WindowsFormsIntegration.resources.dll
             publish-sc\UIAutomationClient.dll
             publish-sc\UIAutomationClientSideProviders.dll
             publish-sc\UIAutomationProvider.dll
             publish-sc\UIAutomationTypes.dll
             publish-sc\vcruntime140_cor3.dll
             publish-sc\WebView2Loader.dll
             publish-sc\WebViewHub.dll
             publish-sc\WebViewHub.exe
             publish-sc\WindowsBase.dll
             publish-sc\WindowsFormsIntegration.dll
             publish-sc\wpfgfx_cor3.dll
             publish-sc\zh-Hans\Microsoft.VisualBasic.Forms.resources.dll
             publish-sc\zh-Hans\PresentationCore.resources.dll
             publish-sc\zh-Hans\PresentationFramework.resources.dll
             publish-sc\zh-Hans\PresentationUI.resources.dll
             publish-sc\zh-Hans\ReachFramework.resources.dll
             publish-sc\zh-Hans\System.Windows.Controls.Ribbon.resources.dll
             publish-sc\zh-Hans\System.Windows.Forms.Design.resources.dll
             publish-sc\zh-Hans\System.Windows.Forms.Primitives.resources.dll
             publish-sc\zh-Hans\System.Windows.Forms.resources.dll
             publish-sc\zh-Hans\System.Windows.Input.Manipulations.resources.dll
             publish-sc\zh-Hans\System.Xaml.resources.dll
             publish-sc\zh-Hans\UIAutomationClient.resources.dll
             publish-sc\zh-Hans\UIAutomationClientSideProviders.resources.dll
             publish-sc\zh-Hans\UIAutomationProvider.resources.dll
             publish-sc\zh-Hans\UIAutomationTypes.resources.dll
             publish-sc\zh-Hans\WindowsBase.resources.dll
             publish-sc\zh-Hans\WindowsFormsIntegration.resources.dll
             publish-sc\zh-Hant\Microsoft.VisualBasic.Forms.resources.dll
             publish-sc\zh-Hant\PresentationCore.resources.dll
             publish-sc\zh-Hant\PresentationFramework.resources.dll
             publish-sc\zh-Hant\PresentationUI.resources.dll
             publish-sc\zh-Hant\ReachFramework.resources.dll
             publish-sc\zh-Hant\System.Windows.Controls.Ribbon.resources.dll
             publish-sc\zh-Hant\System.Windows.Forms.Design.resources.dll
             publish-sc\zh-Hant\System.Windows.Forms.Primitives.resources.dll
             publish-sc\zh-Hant\System.Windows.Forms.resources.dll
             publish-sc\zh-Hant\System.Windows.Input.Manipulations.resources.dll
             publish-sc\zh-Hant\System.Xaml.resources.dll
             publish-sc\zh-Hant\UIAutomationClient.resources.dll
             publish-sc\zh-Hant\UIAutomationClientSideProviders.resources.dll
             publish-sc\zh-Hant\UIAutomationProvider.resources.dll
             publish-sc\zh-Hant\UIAutomationTypes.resources.dll
             publish-sc\zh-Hant\WindowsBase.resources.dll
             publish-sc\zh-Hant\WindowsFormsIntegration.resources.dll
             publish\CommunityToolkit.Mvvm.dll
             publish\e_sqlite3.dll
             publish\Microsoft.Data.Sqlite.dll
             publish\Microsoft.Web.WebView2.Core.dll
             publish\Microsoft.Web.WebView2.WinForms.dll
             publish\Microsoft.Web.WebView2.Wpf.dll
             publish\runtimes\win-x64\native\WebView2Loader.dll
             publish\SQLitePCLRaw.batteries_v2.dll
             publish\SQLitePCLRaw.core.dll
             publish\SQLitePCLRaw.provider.e_sqlite3.dll
             publish\System.IO.Pipelines.dll
             publish\System.Text.Encodings.Web.dll
             publish\System.Text.Json.dll
             publish\WebView2Loader.dll
             publish\WebViewHub.dll
             publish\WebViewHub.exe
         TargetFrameworkDirectories:
             
         NonCultureResourceDirectories:
             
         InstalledAssemblyTables:
         IgnoreInstalledAssemblyTable:
             False
         SearchPaths:
             {CandidateAssemblyFiles}
             {HintPathFromItem}
             {TargetFrameworkDirectory}
             {RawFileName}
         AllowedAssemblyExtensions:
             .winmd
             .dll
             .exe
         AllowedRelatedFileExtensions:
             .pdb
             .xml
             .pri
             .dll.config
             .exe.config
         AppConfigFile:
             
         AutoUnify:
             True
         EnableCustomCulture:
             False
         EnableCustomCulture:
             False
         CopyLocalDependenciesWhenParentReferenceInGac:
             True
         FindDependencies:
             True
         TargetProcessorArchitecture:
             msil
         StateFile:
             obj\Debug\net8.0-windows\WebViewHub.csproj.AssemblyReference.cache
         InstalledAssemblySubsetTables:
         IgnoreInstalledAssemblySubsetTable:
             False
         TargetFrameworkSubsets:
         FullTargetFrameworkSubsetNames:
             Full
         ProfileName:
             
         FullFrameworkFolders:
         LatestTargetFrameworkDirectories:
         ProfileTablesLocation:
         主引用“Microsoft.Web.WebView2.Core, Version=1.0.2849.39, Culture=neutral, PublicKeyToken=2a8ab48044d2601e”。
             解析的文件路径为“C:\Users\Administrator\.nuget\packages\microsoft.web.webview2\1.0.2849.39\lib_manual\netcoreapp3.0\Microsoft.Web.WebView2.Core.dll”。
             在搜索路径位置“{RawFileName}”找到引用。
             找到相关文件“C:\Users\Administrator\.nuget\packages\microsoft.web.webview2\1.0.2849.39\lib_manual\netcoreapp3.0\Microsoft.Web.WebView2.Core.xml”。
         主引用“Microsoft.Web.WebView2.WinForms, Version=1.0.2849.39, Culture=neutral, PublicKeyToken=2a8ab48044d2601e”。
             解析的文件路径为“C:\Users\Administrator\.nuget\packages\microsoft.web.webview2\1.0.2849.39\lib_manual\netcoreapp3.0\Microsoft.Web.WebView2.WinForms.dll”。
             在搜索路径位置“{RawFileName}”找到引用。
             找到相关文件“C:\Users\Administrator\.nuget\packages\microsoft.web.webview2\1.0.2849.39\lib_manual\netcoreapp3.0\Microsoft.Web.WebView2.WinForms.xml”。
         主引用“Microsoft.Web.WebView2.Wpf, Version=1.0.2849.39, Culture=neutral, PublicKeyToken=2a8ab48044d2601e”。
             解析的文件路径为“C:\Users\Administrator\.nuget\packages\microsoft.web.webview2\1.0.2849.39\lib_manual\net5.0-windows10.0.17763.0\Microsoft.Web.WebView2.Wpf.dll”。
             在搜索路径位置“{RawFileName}”找到引用。
             找到相关文件“C:\Users\Administrator\.nuget\packages\microsoft.web.webview2\1.0.2849.39\lib_manual\net5.0-windows10.0.17763.0\Microsoft.Web.WebView2.Wpf.xml”。
         主引用“CommunityToolkit.Mvvm, Version=8.4.0.0, Culture=neutral, PublicKeyToken=4aff67a105548ee2”。
             解析的文件路径为“C:\Users\Administrator\.nuget\packages\communitytoolkit.mvvm\8.4.0\lib\net8.0\CommunityToolkit.Mvvm.dll”。
             在搜索路径位置“{HintPathFromItem}”找到引用。
             此引用不是“CopyLocal”，因为至少有一个源项将“Private”设置为“false”，而没有源项将“Private”设置为“true”。
         主引用“Markdig, Version=0.22.0.0, Culture=neutral, PublicKeyToken=null”。
             解析的文件路径为“C:\Users\Administrator\.nuget\packages\markdig\0.22.0\lib\netcoreapp3.1\Markdig.dll”。
             在搜索路径位置“{HintPathFromItem}”找到引用。
             此引用不是“CopyLocal”，因为至少有一个源项将“Private”设置为“false”，而没有源项将“Private”设置为“true”。
         主引用“Markdig.Wpf, Version=0.5.0.1, Culture=neutral, PublicKeyToken=null”。
             解析的文件路径为“C:\Users\Administrator\.nuget\packages\markdig.wpf\0.5.0.1\lib\net5.0-windows7.0\Markdig.Wpf.dll”。
             在搜索路径位置“{HintPathFromItem}”找到引用。
             此引用不是“CopyLocal”，因为至少有一个源项将“Private”设置为“false”，而没有源项将“Private”设置为“true”。
         主引用“Microsoft.Data.Sqlite, Version=9.0.0.0, Culture=neutral, PublicKeyToken=adb9793829ddae60”。
             解析的文件路径为“C:\Users\Administrator\.nuget\packages\microsoft.data.sqlite.core\9.0.0\lib\net8.0\Microsoft.Data.Sqlite.dll”。
             在搜索路径位置“{HintPathFromItem}”找到引用。
             此引用不是“CopyLocal”，因为至少有一个源项将“Private”设置为“false”，而没有源项将“Private”设置为“true”。
         主引用“SQLitePCLRaw.batteries_v2, Version=2.1.10.2445, Culture=neutral, PublicKeyToken=8226ea5df37bcae9”。
             解析的文件路径为“C:\Users\Administrator\.nuget\packages\sqlitepclraw.bundle_e_sqlite3\2.1.10\lib\netstandard2.0\SQLitePCLRaw.batteries_v2.dll”。
             在搜索路径位置“{HintPathFromItem}”找到引用。
             此引用不是“CopyLocal”，因为至少有一个源项将“Private”设置为“false”，而没有源项将“Private”设置为“true”。
         主引用“SQLitePCLRaw.core, Version=2.1.10.2445, Culture=neutral, PublicKeyToken=1488e028ca7ab535”。
             解析的文件路径为“C:\Users\Administrator\.nuget\packages\sqlitepclraw.core\2.1.10\lib\netstandard2.0\SQLitePCLRaw.core.dll”。
             在搜索路径位置“{HintPathFromItem}”找到引用。
             此引用不是“CopyLocal”，因为至少有一个源项将“Private”设置为“false”，而没有源项将“Private”设置为“true”。
         主引用“SQLitePCLRaw.provider.e_sqlite3, Version=2.1.10.2445, Culture=neutral, PublicKeyToken=9c301db686d0bd12”。
             解析的文件路径为“C:\Users\Administrator\.nuget\packages\sqlitepclraw.provider.e_sqlite3\2.1.10\lib\net6.0-windows7.0\SQLitePCLRaw.provider.e_sqlite3.dll”。
             在搜索路径位置“{HintPathFromItem}”找到引用。
             此引用不是“CopyLocal”，因为至少有一个源项将“Private”设置为“false”，而没有源项将“Private”设置为“true”。
         主引用“System.IO.Pipelines, Version=9.0.0.0, Culture=neutral, PublicKeyToken=cc7b13ffcd2ddd51”。
             解析的文件路径为“C:\Users\Administrator\.nuget\packages\system.io.pipelines\9.0.0\lib\net8.0\System.IO.Pipelines.dll”。
             在搜索路径位置“{HintPathFromItem}”找到引用。
             此引用不是“CopyLocal”，因为至少有一个源项将“Private”设置为“false”，而没有源项将“Private”设置为“true”。
         主引用“System.Text.Encodings.Web, Version=9.0.0.0, Culture=neutral, PublicKeyToken=cc7b13ffcd2ddd51”。
             解析的文件路径为“C:\Users\Administrator\.nuget\packages\system.text.encodings.web\9.0.0\lib\net8.0\System.Text.Encodings.Web.dll”。
             在搜索路径位置“{HintPathFromItem}”找到引用。
             此引用不是“CopyLocal”，因为至少有一个源项将“Private”设置为“false”，而没有源项将“Private”设置为“true”。
         主引用“System.Text.Json, Version=9.0.0.0, Culture=neutral, PublicKeyToken=cc7b13ffcd2ddd51”。
             解析的文件路径为“C:\Users\Administrator\.nuget\packages\system.text.json\9.0.0\lib\net8.0\System.Text.Json.dll”。
             在搜索路径位置“{HintPathFromItem}”找到引用。
             此引用不是“CopyLocal”，因为至少有一个源项将“Private”设置为“false”，而没有源项将“Private”设置为“true”。
         主引用“Microsoft.CSharp, Version=8.0.0.0, Culture=neutral, PublicKeyToken=b03f5f7f11d50a3a”。
             解析的文件路径为“C:\Users\Administrator\.nuget\packages\microsoft.netcore.app.ref\8.0.24\ref\net8.0\Microsoft.CSharp.dll”。
             在搜索路径位置“{RawFileName}”找到引用。
             此引用不是“CopyLocal”，因为至少有一个源项将“Private”设置为“false”，而没有源项将“Private”设置为“true”。
         主引用“Microsoft.VisualBasic.Core, Version=13.0.0.0, Culture=neutral, PublicKeyToken=b03f5f7f11d50a3a”。
             解析的文件路径为“C:\Users\Administrator\.nuget\packages\microsoft.netcore.app.ref\8.0.24\ref\net8.0\Microsoft.VisualBasic.Core.dll”。
             在搜索路径位置“{RawFileName}”找到引用。
             此引用不是“CopyLocal”，因为至少有一个源项将“Private”设置为“false”，而没有源项将“Private”设置为“true”。
         主引用“Microsoft.VisualBasic, Version=10.0.0.0, Culture=neutral, PublicKeyToken=b03f5f7f11d50a3a”。
             解析的文件路径为“C:\Users\Administrator\.nuget\packages\microsoft.netcore.app.ref\8.0.24\ref\net8.0\Microsoft.VisualBasic.dll”。
             在搜索路径位置“{RawFileName}”找到引用。
             此引用不是“CopyLocal”，因为至少有一个源项将“Private”设置为“false”，而没有源项将“Private”设置为“true”。
         主引用“Microsoft.Win32.Primitives, Version=8.0.0.0, Culture=neutral, PublicKeyToken=b03f5f7f11d50a3a”。
             解析的文件路径为“C:\Users\Administrator\.nuget\packages\microsoft.netcore.app.ref\8.0.24\ref\net8.0\Microsoft.Win32.Primitives.dll”。
             在搜索路径位置“{RawFileName}”找到引用。
             此引用不是“CopyLocal”，因为至少有一个源项将“Private”设置为“false”，而没有源项将“Private”设置为“true”。
         主引用“Microsoft.Win32.Registry, Version=8.0.0.0, Culture=neutral, PublicKeyToken=b03f5f7f11d50a3a”。
             解析的文件路径为“C:\Users\Administrator\.nuget\packages\microsoft.netcore.app.ref\8.0.24\ref\net8.0\Microsoft.Win32.Registry.dll”。
             在搜索路径位置“{RawFileName}”找到引用。
             此引用不是“CopyLocal”，因为至少有一个源项将“Private”设置为“false”，而没有源项将“Private”设置为“true”。
         主引用“System.AppContext, Version=8.0.0.0, Culture=neutral, PublicKeyToken=b03f5f7f11d50a3a”。
             解析的文件路径为“C:\Users\Administrator\.nuget\packages\microsoft.netcore.app.ref\8.0.24\ref\net8.0\System.AppContext.dll”。
             在搜索路径位置“{RawFileName}”找到引用。
             此引用不是“CopyLocal”，因为至少有一个源项将“Private”设置为“false”，而没有源项将“Private”设置为“true”。
         主引用“System.Buffers, Version=8.0.0.0, Culture=neutral, PublicKeyToken=cc7b13ffcd2ddd51”。
             解析的文件路径为“C:\Users\Administrator\.nuget\packages\microsoft.netcore.app.ref\8.0.24\ref\net8.0\System.Buffers.dll”。
             在搜索路径位置“{RawFileName}”找到引用。
             此引用不是“CopyLocal”，因为至少有一个源项将“Private”设置为“false”，而没有源项将“Private”设置为“true”。
         主引用“System.Collections.Concurrent, Version=8.0.0.0, Culture=neutral, PublicKeyToken=b03f5f7f11d50a3a”。
             解析的文件路径为“C:\Users\Administrator\.nuget\packages\microsoft.netcore.app.ref\8.0.24\ref\net8.0\System.Collections.Concurrent.dll”。
             在搜索路径位置“{RawFileName}”找到引用。
             此引用不是“CopyLocal”，因为至少有一个源项将“Private”设置为“false”，而没有源项将“Private”设置为“true”。
         主引用“System.Collections.Immutable, Version=8.0.0.0, Culture=neutral, PublicKeyToken=b03f5f7f11d50a3a”。
             解析的文件路径为“C:\Users\Administrator\.nuget\packages\microsoft.netcore.app.ref\8.0.24\ref\net8.0\System.Collections.Immutable.dll”。
             在搜索路径位置“{RawFileName}”找到引用。
             此引用不是“CopyLocal”，因为至少有一个源项将“Private”设置为“false”，而没有源项将“Private”设置为“true”。
         主引用“System.Collections.NonGeneric, Version=8.0.0.0, Culture=neutral, PublicKeyToken=b03f5f7f11d50a3a”。
             解析的文件路径为“C:\Users\Administrator\.nuget\packages\microsoft.netcore.app.ref\8.0.24\ref\net8.0\System.Collections.NonGeneric.dll”。
             在搜索路径位置“{RawFileName}”找到引用。
             此引用不是“CopyLocal”，因为至少有一个源项将“Private”设置为“false”，而没有源项将“Private”设置为“true”。
         主引用“System.Collections.Specialized, Version=8.0.0.0, Culture=neutral, PublicKeyToken=b03f5f7f11d50a3a”。
             解析的文件路径为“C:\Users\Administrator\.nuget\packages\microsoft.netcore.app.ref\8.0.24\ref\net8.0\System.Collections.Specialized.dll”。
             在搜索路径位置“{RawFileName}”找到引用。
             此引用不是“CopyLocal”，因为至少有一个源项将“Private”设置为“false”，而没有源项将“Private”设置为“true”。
         统一主引用“System.Collections, Version=8.0.0.0, Culture=neutral, PublicKeyToken=b03f5f7f11d50a3a”。
             使用此版本而不是“C:\Users\Administrator\.nuget\packages\microsoft.web.webview2\1.0.2849.39\lib_manual\netcoreapp3.0\Microsoft.Web.WebView2.WinForms.dll”中的原始版本“4.1.1.0”，因为 AutoUnify 为“true”。
             使用此版本而不是“C:\Users\Administrator\.nuget\packages\microsoft.web.webview2\1.0.2849.39\lib_manual\net5.0-windows10.0.17763.0\Microsoft.Web.WebView2.Wpf.dll”中的原始版本“5.0.0.0”，因为 AutoUnify 为“true”。
             解析的文件路径为“C:\Users\Administrator\.nuget\packages\microsoft.netcore.app.ref\8.0.24\ref\net8.0\System.Collections.dll”。
             在搜索路径位置“{RawFileName}”找到引用。
             此引用不是“CopyLocal”，因为至少有一个源项将“Private”设置为“false”，而没有源项将“Private”设置为“true”。
         主引用“System.ComponentModel.Annotations, Version=8.0.0.0, Culture=neutral, PublicKeyToken=b03f5f7f11d50a3a”。
             解析的文件路径为“C:\Users\Administrator\.nuget\packages\microsoft.netcore.app.ref\8.0.24\ref\net8.0\System.ComponentModel.Annotations.dll”。
             在搜索路径位置“{RawFileName}”找到引用。
             此引用不是“CopyLocal”，因为至少有一个源项将“Private”设置为“false”，而没有源项将“Private”设置为“true”。
         主引用“System.ComponentModel.DataAnnotations, Version=4.0.0.0, Culture=neutral, PublicKeyToken=31bf3856ad364e35”。
             解析的文件路径为“C:\Users\Administrator\.nuget\packages\microsoft.netcore.app.ref\8.0.24\ref\net8.0\System.ComponentModel.DataAnnotations.dll”。
             在搜索路径位置“{RawFileName}”找到引用。
             此引用不是“CopyLocal”，因为至少有一个源项将“Private”设置为“false”，而没有源项将“Private”设置为“true”。
         主引用“System.ComponentModel.EventBasedAsync, Version=8.0.0.0, Culture=neutral, PublicKeyToken=b03f5f7f11d50a3a”。
             解析的文件路径为“C:\Users\Administrator\.nuget\packages\microsoft.netcore.app.ref\8.0.24\ref\net8.0\System.ComponentModel.EventBasedAsync.dll”。
             在搜索路径位置“{RawFileName}”找到引用。
             此引用不是“CopyLocal”，因为至少有一个源项将“Private”设置为“false”，而没有源项将“Private”设置为“true”。
         统一主引用“System.ComponentModel.Primitives, Version=8.0.0.0, Culture=neutral, PublicKeyToken=b03f5f7f11d50a3a”。
             使用此版本而不是“C:\Users\Administrator\.nuget\packages\microsoft.web.webview2\1.0.2849.39\lib_manual\netcoreapp3.0\Microsoft.Web.WebView2.WinForms.dll”中的原始版本“4.2.1.0”，因为 AutoUnify 为“true”。
             使用此版本而不是“C:\Users\Administrator\.nuget\packages\microsoft.web.webview2\1.0.2849.39\lib_manual\net5.0-windows10.0.17763.0\Microsoft.Web.WebView2.Wpf.dll”中的原始版本“5.0.0.0”，因为 AutoUnify 为“true”。
             解析的文件路径为“C:\Users\Administrator\.nuget\packages\microsoft.netcore.app.ref\8.0.24\ref\net8.0\System.ComponentModel.Primitives.dll”。
             在搜索路径位置“{RawFileName}”找到引用。
             此引用不是“CopyLocal”，因为至少有一个源项将“Private”设置为“false”，而没有源项将“Private”设置为“true”。
         统一主引用“System.ComponentModel.TypeConverter, Version=8.0.0.0, Culture=neutral, PublicKeyToken=b03f5f7f11d50a3a”。
             使用此版本而不是“C:\Users\Administrator\.nuget\packages\microsoft.web.webview2\1.0.2849.39\lib_manual\netcoreapp3.0\Microsoft.Web.WebView2.WinForms.dll”中的原始版本“4.2.1.0”，因为 AutoUnify 为“true”。
             使用此版本而不是“C:\Users\Administrator\.nuget\packages\microsoft.web.webview2\1.0.2849.39\lib_manual\net5.0-windows10.0.17763.0\Microsoft.Web.WebView2.Wpf.dll”中的原始版本“5.0.0.0”，因为 AutoUnify 为“true”。
             解析的文件路径为“C:\Users\Administrator\.nuget\packages\microsoft.netcore.app.ref\8.0.24\ref\net8.0\System.ComponentModel.TypeConverter.dll”。
             在搜索路径位置“{RawFileName}”找到引用。
             此引用不是“CopyLocal”，因为至少有一个源项将“Private”设置为“false”，而没有源项将“Private”设置为“true”。
         主引用“System.ComponentModel, Version=8.0.0.0, Culture=neutral, PublicKeyToken=b03f5f7f11d50a3a”。
             解析的文件路径为“C:\Users\Administrator\.nuget\packages\microsoft.netcore.app.ref\8.0.24\ref\net8.0\System.ComponentModel.dll”。
             在搜索路径位置“{RawFileName}”找到引用。
             此引用不是“CopyLocal”，因为至少有一个源项将“Private”设置为“false”，而没有源项将“Private”设置为“true”。
         主引用“System.Configuration, Version=4.0.0.0, Culture=neutral, PublicKeyToken=b03f5f7f11d50a3a”。
             解析的文件路径为“C:\Users\Administrator\.nuget\packages\microsoft.netcore.app.ref\8.0.24\ref\net8.0\System.Configuration.dll”。
             在搜索路径位置“{RawFileName}”找到引用。
             此引用不是“CopyLocal”，因为至少有一个源项将“Private”设置为“false”，而没有源项将“Private”设置为“true”。
         主引用“System.Console, Version=8.0.0.0, Culture=neutral, PublicKeyToken=b03f5f7f11d50a3a”。
             解析的文件路径为“C:\Users\Administrator\.nuget\packages\microsoft.netcore.app.ref\8.0.24\ref\net8.0\System.Console.dll”。
             在搜索路径位置“{RawFileName}”找到引用。
             此引用不是“CopyLocal”，因为至少有一个源项将“Private”设置为“false”，而没有源项将“Private”设置为“true”。
         主引用“System.Core, Version=4.0.0.0, Culture=neutral, PublicKeyToken=b77a5c561934e089”。
             解析的文件路径为“C:\Users\Administrator\.nuget\packages\microsoft.netcore.app.ref\8.0.24\ref\net8.0\System.Core.dll”。
             在搜索路径位置“{RawFileName}”找到引用。
             此引用不是“CopyLocal”，因为至少有一个源项将“Private”设置为“false”，而没有源项将“Private”设置为“true”。
         主引用“System.Data.Common, Version=8.0.0.0, Culture=neutral, PublicKeyToken=b03f5f7f11d50a3a”。
             解析的文件路径为“C:\Users\Administrator\.nuget\packages\microsoft.netcore.app.ref\8.0.24\ref\net8.0\System.Data.Common.dll”。
             在搜索路径位置“{RawFileName}”找到引用。
             此引用不是“CopyLocal”，因为至少有一个源项将“Private”设置为“false”，而没有源项将“Private”设置为“true”。
         主引用“System.Data.DataSetExtensions, Version=8.0.0.0, Culture=neutral, PublicKeyToken=b77a5c561934e089”。
             解析的文件路径为“C:\Users\Administrator\.nuget\packages\microsoft.netcore.app.ref\8.0.24\ref\net8.0\System.Data.DataSetExtensions.dll”。
             在搜索路径位置“{RawFileName}”找到引用。
             此引用不是“CopyLocal”，因为至少有一个源项将“Private”设置为“false”，而没有源项将“Private”设置为“true”。
         主引用“System.Data, Version=4.0.0.0, Culture=neutral, PublicKeyToken=b77a5c561934e089”。
             解析的文件路径为“C:\Users\Administrator\.nuget\packages\microsoft.netcore.app.ref\8.0.24\ref\net8.0\System.Data.dll”。
             在搜索路径位置“{RawFileName}”找到引用。
             此引用不是“CopyLocal”，因为至少有一个源项将“Private”设置为“false”，而没有源项将“Private”设置为“true”。
         主引用“System.Diagnostics.Contracts, Version=8.0.0.0, Culture=neutral, PublicKeyToken=b03f5f7f11d50a3a”。
             解析的文件路径为“C:\Users\Administrator\.nuget\packages\microsoft.netcore.app.ref\8.0.24\ref\net8.0\System.Diagnostics.Contracts.dll”。
             在搜索路径位置“{RawFileName}”找到引用。
             此引用不是“CopyLocal”，因为至少有一个源项将“Private”设置为“false”，而没有源项将“Private”设置为“true”。
         统一主引用“System.Diagnostics.Debug, Version=8.0.0.0, Culture=neutral, PublicKeyToken=b03f5f7f11d50a3a”。
             使用此版本而不是“C:\Users\Administrator\.nuget\packages\microsoft.web.webview2\1.0.2849.39\lib_manual\netcoreapp3.0\Microsoft.Web.WebView2.WinForms.dll”中的原始版本“4.1.1.0”，因为 AutoUnify 为“true”。
             解析的文件路径为“C:\Users\Administrator\.nuget\packages\microsoft.netcore.app.ref\8.0.24\ref\net8.0\System.Diagnostics.Debug.dll”。
             在搜索路径位置“{RawFileName}”找到引用。
             此引用不是“CopyLocal”，因为至少有一个源项将“Private”设置为“false”，而没有源项将“Private”设置为“true”。
         主引用“System.Diagnostics.DiagnosticSource, Version=8.0.0.0, Culture=neutral, PublicKeyToken=cc7b13ffcd2ddd51”。
             解析的文件路径为“C:\Users\Administrator\.nuget\packages\microsoft.netcore.app.ref\8.0.24\ref\net8.0\System.Diagnostics.DiagnosticSource.dll”。
             在搜索路径位置“{RawFileName}”找到引用。
             此引用不是“CopyLocal”，因为至少有一个源项将“Private”设置为“false”，而没有源项将“Private”设置为“true”。
         主引用“System.Diagnostics.FileVersionInfo, Version=8.0.0.0, Culture=neutral, PublicKeyToken=b03f5f7f11d50a3a”。
             解析的文件路径为“C:\Users\Administrator\.nuget\packages\microsoft.netcore.app.ref\8.0.24\ref\net8.0\System.Diagnostics.FileVersionInfo.dll”。
             在搜索路径位置“{RawFileName}”找到引用。
             此引用不是“CopyLocal”，因为至少有一个源项将“Private”设置为“false”，而没有源项将“Private”设置为“true”。
         主引用“System.Diagnostics.Process, Version=8.0.0.0, Culture=neutral, PublicKeyToken=b03f5f7f11d50a3a”。
             解析的文件路径为“C:\Users\Administrator\.nuget\packages\microsoft.netcore.app.ref\8.0.24\ref\net8.0\System.Diagnostics.Process.dll”。
             在搜索路径位置“{RawFileName}”找到引用。
             此引用不是“CopyLocal”，因为至少有一个源项将“Private”设置为“false”，而没有源项将“Private”设置为“true”。
         主引用“System.Diagnostics.StackTrace, Version=8.0.0.0, Culture=neutral, PublicKeyToken=b03f5f7f11d50a3a”。
             解析的文件路径为“C:\Users\Administrator\.nuget\packages\microsoft.netcore.app.ref\8.0.24\ref\net8.0\System.Diagnostics.StackTrace.dll”。
             在搜索路径位置“{RawFileName}”找到引用。
             此引用不是“CopyLocal”，因为至少有一个源项将“Private”设置为“false”，而没有源项将“Private”设置为“true”。
         主引用“System.Diagnostics.TextWriterTraceListener, Version=8.0.0.0, Culture=neutral, PublicKeyToken=b03f5f7f11d50a3a”。
             解析的文件路径为“C:\Users\Administrator\.nuget\packages\microsoft.netcore.app.ref\8.0.24\ref\net8.0\System.Diagnostics.TextWriterTraceListener.dll”。
             在搜索路径位置“{RawFileName}”找到引用。
             此引用不是“CopyLocal”，因为至少有一个源项将“Private”设置为“false”，而没有源项将“Private”设置为“true”。
         主引用“System.Diagnostics.Tools, Version=8.0.0.0, Culture=neutral, PublicKeyToken=b03f5f7f11d50a3a”。
             解析的文件路径为“C:\Users\Administrator\.nuget\packages\microsoft.netcore.app.ref\8.0.24\ref\net8.0\System.Diagnostics.Tools.dll”。
             在搜索路径位置“{RawFileName}”找到引用。
             此引用不是“CopyLocal”，因为至少有一个源项将“Private”设置为“false”，而没有源项将“Private”设置为“true”。
         统一主引用“System.Diagnostics.TraceSource, Version=8.0.0.0, Culture=neutral, PublicKeyToken=b03f5f7f11d50a3a”。
             使用此版本而不是“C:\Users\Administrator\.nuget\packages\microsoft.web.webview2\1.0.2849.39\lib_manual\net5.0-windows10.0.17763.0\Microsoft.Web.WebView2.Wpf.dll”中的原始版本“5.0.0.0”，因为 AutoUnify 为“true”。
             解析的文件路径为“C:\Users\Administrator\.nuget\packages\microsoft.netcore.app.ref\8.0.24\ref\net8.0\System.Diagnostics.TraceSource.dll”。
             在搜索路径位置“{RawFileName}”找到引用。
             此引用不是“CopyLocal”，因为至少有一个源项将“Private”设置为“false”，而没有源项将“Private”设置为“true”。
         主引用“System.Diagnostics.Tracing, Version=8.0.0.0, Culture=neutral, PublicKeyToken=b03f5f7f11d50a3a”。
             解析的文件路径为“C:\Users\Administrator\.nuget\packages\microsoft.netcore.app.ref\8.0.24\ref\net8.0\System.Diagnostics.Tracing.dll”。
             在搜索路径位置“{RawFileName}”找到引用。
             此引用不是“CopyLocal”，因为至少有一个源项将“Private”设置为“false”，而没有源项将“Private”设置为“true”。
         统一主引用“System.Drawing.Primitives, Version=8.0.0.0, Culture=neutral, PublicKeyToken=b03f5f7f11d50a3a”。
             使用此版本而不是“C:\Users\Administrator\.nuget\packages\microsoft.web.webview2\1.0.2849.39\lib_manual\netcoreapp3.0\Microsoft.Web.WebView2.WinForms.dll”中的原始版本“4.2.0.0”，因为 AutoUnify 为“true”。
             使用此版本而不是“C:\Users\Administrator\.nuget\packages\microsoft.web.webview2\1.0.2849.39\lib_manual\net5.0-windows10.0.17763.0\Microsoft.Web.WebView2.Wpf.dll”中的原始版本“5.0.0.0”，因为 AutoUnify 为“true”。
             解析的文件路径为“C:\Users\Administrator\.nuget\packages\microsoft.netcore.app.ref\8.0.24\ref\net8.0\System.Drawing.Primitives.dll”。
             在搜索路径位置“{RawFileName}”找到引用。
             此引用不是“CopyLocal”，因为至少有一个源项将“Private”设置为“false”，而没有源项将“Private”设置为“true”。
         主引用“System.Drawing, Version=4.0.0.0, Culture=neutral, PublicKeyToken=b03f5f7f11d50a3a”。
             解析的文件路径为“C:\Users\Administrator\.nuget\packages\microsoft.netcore.app.ref\8.0.24\ref\net8.0\System.Drawing.dll”。
             在搜索路径位置“{RawFileName}”找到引用。
             此引用不是“CopyLocal”，因为至少有一个源项将“Private”设置为“false”，而没有源项将“Private”设置为“true”。
         主引用“System.Dynamic.Runtime, Version=8.0.0.0, Culture=neutral, PublicKeyToken=b03f5f7f11d50a3a”。
             解析的文件路径为“C:\Users\Administrator\.nuget\packages\microsoft.netcore.app.ref\8.0.24\ref\net8.0\System.Dynamic.Runtime.dll”。
             在搜索路径位置“{RawFileName}”找到引用。
             此引用不是“CopyLocal”，因为至少有一个源项将“Private”设置为“false”，而没有源项将“Private”设置为“true”。
         主引用“System.Formats.Asn1, Version=8.0.0.0, Culture=neutral, PublicKeyToken=cc7b13ffcd2ddd51”。
             解析的文件路径为“C:\Users\Administrator\.nuget\packages\microsoft.netcore.app.ref\8.0.24\ref\net8.0\System.Formats.Asn1.dll”。
             在搜索路径位置“{RawFileName}”找到引用。
             此引用不是“CopyLocal”，因为至少有一个源项将“Private”设置为“false”，而没有源项将“Private”设置为“true”。
         主引用“System.Formats.Tar, Version=8.0.0.0, Culture=neutral, PublicKeyToken=cc7b13ffcd2ddd51”。
             解析的文件路径为“C:\Users\Administrator\.nuget\packages\microsoft.netcore.app.ref\8.0.24\ref\net8.0\System.Formats.Tar.dll”。
             在搜索路径位置“{RawFileName}”找到引用。
             此引用不是“CopyLocal”，因为至少有一个源项将“Private”设置为“false”，而没有源项将“Private”设置为“true”。
         主引用“System.Globalization.Calendars, Version=8.0.0.0, Culture=neutral, PublicKeyToken=b03f5f7f11d50a3a”。
             解析的文件路径为“C:\Users\Administrator\.nuget\packages\microsoft.netcore.app.ref\8.0.24\ref\net8.0\System.Globalization.Calendars.dll”。
             在搜索路径位置“{RawFileName}”找到引用。
             此引用不是“CopyLocal”，因为至少有一个源项将“Private”设置为“false”，而没有源项将“Private”设置为“true”。
         主引用“System.Globalization.Extensions, Version=8.0.0.0, Culture=neutral, PublicKeyToken=b03f5f7f11d50a3a”。
             解析的文件路径为“C:\Users\Administrator\.nuget\packages\microsoft.netcore.app.ref\8.0.24\ref\net8.0\System.Globalization.Extensions.dll”。
             在搜索路径位置“{RawFileName}”找到引用。
             此引用不是“CopyLocal”，因为至少有一个源项将“Private”设置为“false”，而没有源项将“Private”设置为“true”。
         主引用“System.Globalization, Version=8.0.0.0, Culture=neutral, PublicKeyToken=b03f5f7f11d50a3a”。
             解析的文件路径为“C:\Users\Administrator\.nuget\packages\microsoft.netcore.app.ref\8.0.24\ref\net8.0\System.Globalization.dll”。
             在搜索路径位置“{RawFileName}”找到引用。
             此引用不是“CopyLocal”，因为至少有一个源项将“Private”设置为“false”，而没有源项将“Private”设置为“true”。
         主引用“System.IO.Compression.Brotli, Version=8.0.0.0, Culture=neutral, PublicKeyToken=b77a5c561934e089”。
             解析的文件路径为“C:\Users\Administrator\.nuget\packages\microsoft.netcore.app.ref\8.0.24\ref\net8.0\System.IO.Compression.Brotli.dll”。
             在搜索路径位置“{RawFileName}”找到引用。
             此引用不是“CopyLocal”，因为至少有一个源项将“Private”设置为“false”，而没有源项将“Private”设置为“true”。
         主引用“System.IO.Compression.FileSystem, Version=4.0.0.0, Culture=neutral, PublicKeyToken=b77a5c561934e089”。
             解析的文件路径为“C:\Users\Administrator\.nuget\packages\microsoft.netcore.app.ref\8.0.24\ref\net8.0\System.IO.Compression.FileSystem.dll”。
             在搜索路径位置“{RawFileName}”找到引用。
             此引用不是“CopyLocal”，因为至少有一个源项将“Private”设置为“false”，而没有源项将“Private”设置为“true”。
         主引用“System.IO.Compression.ZipFile, Version=8.0.0.0, Culture=neutral, PublicKeyToken=b77a5c561934e089”。
             解析的文件路径为“C:\Users\Administrator\.nuget\packages\microsoft.netcore.app.ref\8.0.24\ref\net8.0\System.IO.Compression.ZipFile.dll”。
             在搜索路径位置“{RawFileName}”找到引用。
             此引用不是“CopyLocal”，因为至少有一个源项将“Private”设置为“false”，而没有源项将“Private”设置为“true”。
         主引用“System.IO.Compression, Version=8.0.0.0, Culture=neutral, PublicKeyToken=b77a5c561934e089”。
             解析的文件路径为“C:\Users\Administrator\.nuget\packages\microsoft.netcore.app.ref\8.0.24\ref\net8.0\System.IO.Compression.dll”。
             在搜索路径位置“{RawFileName}”找到引用。
             此引用不是“CopyLocal”，因为至少有一个源项将“Private”设置为“false”，而没有源项将“Private”设置为“true”。
         主引用“System.IO.FileSystem.AccessControl, Version=8.0.0.0, Culture=neutral, PublicKeyToken=b03f5f7f11d50a3a”。
             解析的文件路径为“C:\Users\Administrator\.nuget\packages\microsoft.netcore.app.ref\8.0.24\ref\net8.0\System.IO.FileSystem.AccessControl.dll”。
             在搜索路径位置“{RawFileName}”找到引用。
             此引用不是“CopyLocal”，因为至少有一个源项将“Private”设置为“false”，而没有源项将“Private”设置为“true”。
         主引用“System.IO.FileSystem.DriveInfo, Version=8.0.0.0, Culture=neutral, PublicKeyToken=b03f5f7f11d50a3a”。
             解析的文件路径为“C:\Users\Administrator\.nuget\packages\microsoft.netcore.app.ref\8.0.24\ref\net8.0\System.IO.FileSystem.DriveInfo.dll”。
             在搜索路径位置“{RawFileName}”找到引用。
             此引用不是“CopyLocal”，因为至少有一个源项将“Private”设置为“false”，而没有源项将“Private”设置为“true”。
         主引用“System.IO.FileSystem.Primitives, Version=8.0.0.0, Culture=neutral, PublicKeyToken=b03f5f7f11d50a3a”。
             解析的文件路径为“C:\Users\Administrator\.nuget\packages\microsoft.netcore.app.ref\8.0.24\ref\net8.0\System.IO.FileSystem.Primitives.dll”。
             在搜索路径位置“{RawFileName}”找到引用。
             此引用不是“CopyLocal”，因为至少有一个源项将“Private”设置为“false”，而没有源项将“Private”设置为“true”。
         主引用“System.IO.FileSystem.Watcher, Version=8.0.0.0, Culture=neutral, PublicKeyToken=b03f5f7f11d50a3a”。
             解析的文件路径为“C:\Users\Administrator\.nuget\packages\microsoft.netcore.app.ref\8.0.24\ref\net8.0\System.IO.FileSystem.Watcher.dll”。
             在搜索路径位置“{RawFileName}”找到引用。
             此引用不是“CopyLocal”，因为至少有一个源项将“Private”设置为“false”，而没有源项将“Private”设置为“true”。
         主引用“System.IO.FileSystem, Version=8.0.0.0, Culture=neutral, PublicKeyToken=b03f5f7f11d50a3a”。
             解析的文件路径为“C:\Users\Administrator\.nuget\packages\microsoft.netcore.app.ref\8.0.24\ref\net8.0\System.IO.FileSystem.dll”。
             在搜索路径位置“{RawFileName}”找到引用。
             此引用不是“CopyLocal”，因为至少有一个源项将“Private”设置为“false”，而没有源项将“Private”设置为“true”。
         主引用“System.IO.IsolatedStorage, Version=8.0.0.0, Culture=neutral, PublicKeyToken=b03f5f7f11d50a3a”。
             解析的文件路径为“C:\Users\Administrator\.nuget\packages\microsoft.netcore.app.ref\8.0.24\ref\net8.0\System.IO.IsolatedStorage.dll”。
             在搜索路径位置“{RawFileName}”找到引用。
             此引用不是“CopyLocal”，因为至少有一个源项将“Private”设置为“false”，而没有源项将“Private”设置为“true”。
         主引用“System.IO.MemoryMappedFiles, Version=8.0.0.0, Culture=neutral, PublicKeyToken=b03f5f7f11d50a3a”。
             解析的文件路径为“C:\Users\Administrator\.nuget\packages\microsoft.netcore.app.ref\8.0.24\ref\net8.0\System.IO.MemoryMappedFiles.dll”。
             在搜索路径位置“{RawFileName}”找到引用。
             此引用不是“CopyLocal”，因为至少有一个源项将“Private”设置为“false”，而没有源项将“Private”设置为“true”。
         主引用“System.IO.Pipes.AccessControl, Version=8.0.0.0, Culture=neutral, PublicKeyToken=b03f5f7f11d50a3a”。
             解析的文件路径为“C:\Users\Administrator\.nuget\packages\microsoft.netcore.app.ref\8.0.24\ref\net8.0\System.IO.Pipes.AccessControl.dll”。
             在搜索路径位置“{RawFileName}”找到引用。
             此引用不是“CopyLocal”，因为至少有一个源项将“Private”设置为“false”，而没有源项将“Private”设置为“true”。
         主引用“System.IO.Pipes, Version=8.0.0.0, Culture=neutral, PublicKeyToken=b03f5f7f11d50a3a”。
             解析的文件路径为“C:\Users\Administrator\.nuget\packages\microsoft.netcore.app.ref\8.0.24\ref\net8.0\System.IO.Pipes.dll”。
             在搜索路径位置“{RawFileName}”找到引用。
             此引用不是“CopyLocal”，因为至少有一个源项将“Private”设置为“false”，而没有源项将“Private”设置为“true”。
         主引用“System.IO.UnmanagedMemoryStream, Version=8.0.0.0, Culture=neutral, PublicKeyToken=b03f5f7f11d50a3a”。
             解析的文件路径为“C:\Users\Administrator\.nuget\packages\microsoft.netcore.app.ref\8.0.24\ref\net8.0\System.IO.UnmanagedMemoryStream.dll”。
             在搜索路径位置“{RawFileName}”找到引用。
             此引用不是“CopyLocal”，因为至少有一个源项将“Private”设置为“false”，而没有源项将“Private”设置为“true”。
         主引用“System.IO, Version=8.0.0.0, Culture=neutral, PublicKeyToken=b03f5f7f11d50a3a”。
             解析的文件路径为“C:\Users\Administrator\.nuget\packages\microsoft.netcore.app.ref\8.0.24\ref\net8.0\System.IO.dll”。
             在搜索路径位置“{RawFileName}”找到引用。
             此引用不是“CopyLocal”，因为至少有一个源项将“Private”设置为“false”，而没有源项将“Private”设置为“true”。
         主引用“System.Linq.Expressions, Version=8.0.0.0, Culture=neutral, PublicKeyToken=b03f5f7f11d50a3a”。
             解析的文件路径为“C:\Users\Administrator\.nuget\packages\microsoft.netcore.app.ref\8.0.24\ref\net8.0\System.Linq.Expressions.dll”。
             在搜索路径位置“{RawFileName}”找到引用。
             此引用不是“CopyLocal”，因为至少有一个源项将“Private”设置为“false”，而没有源项将“Private”设置为“true”。
         主引用“System.Linq.Parallel, Version=8.0.0.0, Culture=neutral, PublicKeyToken=b03f5f7f11d50a3a”。
             解析的文件路径为“C:\Users\Administrator\.nuget\packages\microsoft.netcore.app.ref\8.0.24\ref\net8.0\System.Linq.Parallel.dll”。
             在搜索路径位置“{RawFileName}”找到引用。
             此引用不是“CopyLocal”，因为至少有一个源项将“Private”设置为“false”，而没有源项将“Private”设置为“true”。
         主引用“System.Linq.Queryable, Version=8.0.0.0, Culture=neutral, PublicKeyToken=b03f5f7f11d50a3a”。
             解析的文件路径为“C:\Users\Administrator\.nuget\packages\microsoft.netcore.app.ref\8.0.24\ref\net8.0\System.Linq.Queryable.dll”。
             在搜索路径位置“{RawFileName}”找到引用。
             此引用不是“CopyLocal”，因为至少有一个源项将“Private”设置为“false”，而没有源项将“Private”设置为“true”。
         主引用“System.Linq, Version=8.0.0.0, Culture=neutral, PublicKeyToken=b03f5f7f11d50a3a”。
             解析的文件路径为“C:\Users\Administrator\.nuget\packages\microsoft.netcore.app.ref\8.0.24\ref\net8.0\System.Linq.dll”。
             在搜索路径位置“{RawFileName}”找到引用。
             此引用不是“CopyLocal”，因为至少有一个源项将“Private”设置为“false”，而没有源项将“Private”设置为“true”。
         主引用“System.Memory, Version=8.0.0.0, Culture=neutral, PublicKeyToken=cc7b13ffcd2ddd51”。
             解析的文件路径为“C:\Users\Administrator\.nuget\packages\microsoft.netcore.app.ref\8.0.24\ref\net8.0\System.Memory.dll”。
             在搜索路径位置“{RawFileName}”找到引用。
             此引用不是“CopyLocal”，因为至少有一个源项将“Private”设置为“false”，而没有源项将“Private”设置为“true”。
         主引用“System.Net.Http.Json, Version=8.0.0.0, Culture=neutral, PublicKeyToken=cc7b13ffcd2ddd51”。
             解析的文件路径为“C:\Users\Administrator\.nuget\packages\microsoft.netcore.app.ref\8.0.24\ref\net8.0\System.Net.Http.Json.dll”。
             在搜索路径位置“{RawFileName}”找到引用。
             此引用不是“CopyLocal”，因为至少有一个源项将“Private”设置为“false”，而没有源项将“Private”设置为“true”。
         主引用“System.Net.Http, Version=8.0.0.0, Culture=neutral, PublicKeyToken=b03f5f7f11d50a3a”。
             解析的文件路径为“C:\Users\Administrator\.nuget\packages\microsoft.netcore.app.ref\8.0.24\ref\net8.0\System.Net.Http.dll”。
             在搜索路径位置“{RawFileName}”找到引用。
             此引用不是“CopyLocal”，因为至少有一个源项将“Private”设置为“false”，而没有源项将“Private”设置为“true”。
         主引用“System.Net.HttpListener, Version=8.0.0.0, Culture=neutral, PublicKeyToken=cc7b13ffcd2ddd51”。
             解析的文件路径为“C:\Users\Administrator\.nuget\packages\microsoft.netcore.app.ref\8.0.24\ref\net8.0\System.Net.HttpListener.dll”。
             在搜索路径位置“{RawFileName}”找到引用。
             此引用不是“CopyLocal”，因为至少有一个源项将“Private”设置为“false”，而没有源项将“Private”设置为“true”。
         主引用“System.Net.Mail, Version=8.0.0.0, Culture=neutral, PublicKeyToken=cc7b13ffcd2ddd51”。
             解析的文件路径为“C:\Users\Administrator\.nuget\packages\microsoft.netcore.app.ref\8.0.24\ref\net8.0\System.Net.Mail.dll”。
             在搜索路径位置“{RawFileName}”找到引用。
             此引用不是“CopyLocal”，因为至少有一个源项将“Private”设置为“false”，而没有源项将“Private”设置为“true”。
         主引用“System.Net.NameResolution, Version=8.0.0.0, Culture=neutral, PublicKeyToken=b03f5f7f11d50a3a”。
             解析的文件路径为“C:\Users\Administrator\.nuget\packages\microsoft.netcore.app.ref\8.0.24\ref\net8.0\System.Net.NameResolution.dll”。
             在搜索路径位置“{RawFileName}”找到引用。
             此引用不是“CopyLocal”，因为至少有一个源项将“Private”设置为“false”，而没有源项将“Private”设置为“true”。
         主引用“System.Net.NetworkInformation, Version=8.0.0.0, Culture=neutral, PublicKeyToken=b03f5f7f11d50a3a”。
             解析的文件路径为“C:\Users\Administrator\.nuget\packages\microsoft.netcore.app.ref\8.0.24\ref\net8.0\System.Net.NetworkInformation.dll”。
             在搜索路径位置“{RawFileName}”找到引用。
             此引用不是“CopyLocal”，因为至少有一个源项将“Private”设置为“false”，而没有源项将“Private”设置为“true”。
         主引用“System.Net.Ping, Version=8.0.0.0, Culture=neutral, PublicKeyToken=b03f5f7f11d50a3a”。
             解析的文件路径为“C:\Users\Administrator\.nuget\packages\microsoft.netcore.app.ref\8.0.24\ref\net8.0\System.Net.Ping.dll”。
             在搜索路径位置“{RawFileName}”找到引用。
             此引用不是“CopyLocal”，因为至少有一个源项将“Private”设置为“false”，而没有源项将“Private”设置为“true”。
         主引用“System.Net.Primitives, Version=8.0.0.0, Culture=neutral, PublicKeyToken=b03f5f7f11d50a3a”。
             解析的文件路径为“C:\Users\Administrator\.nuget\packages\microsoft.netcore.app.ref\8.0.24\ref\net8.0\System.Net.Primitives.dll”。
             在搜索路径位置“{RawFileName}”找到引用。
             此引用不是“CopyLocal”，因为至少有一个源项将“Private”设置为“false”，而没有源项将“Private”设置为“true”。
         主引用“System.Net.Quic, Version=8.0.0.0, Culture=neutral, PublicKeyToken=b03f5f7f11d50a3a”。
             解析的文件路径为“C:\Users\Administrator\.nuget\packages\microsoft.netcore.app.ref\8.0.24\ref\net8.0\System.Net.Quic.dll”。
             在搜索路径位置“{RawFileName}”找到引用。
             此引用不是“CopyLocal”，因为至少有一个源项将“Private”设置为“false”，而没有源项将“Private”设置为“true”。
         主引用“System.Net.Requests, Version=8.0.0.0, Culture=neutral, PublicKeyToken=b03f5f7f11d50a3a”。
             解析的文件路径为“C:\Users\Administrator\.nuget\packages\microsoft.netcore.app.ref\8.0.24\ref\net8.0\System.Net.Requests.dll”。
             在搜索路径位置“{RawFileName}”找到引用。
             此引用不是“CopyLocal”，因为至少有一个源项将“Private”设置为“false”，而没有源项将“Private”设置为“true”。
         主引用“System.Net.Security, Version=8.0.0.0, Culture=neutral, PublicKeyToken=b03f5f7f11d50a3a”。
             解析的文件路径为“C:\Users\Administrator\.nuget\packages\microsoft.netcore.app.ref\8.0.24\ref\net8.0\System.Net.Security.dll”。
             在搜索路径位置“{RawFileName}”找到引用。
             此引用不是“CopyLocal”，因为至少有一个源项将“Private”设置为“false”，而没有源项将“Private”设置为“true”。
         主引用“System.Net.ServicePoint, Version=8.0.0.0, Culture=neutral, PublicKeyToken=cc7b13ffcd2ddd51”。
             解析的文件路径为“C:\Users\Administrator\.nuget\packages\microsoft.netcore.app.ref\8.0.24\ref\net8.0\System.Net.ServicePoint.dll”。
             在搜索路径位置“{RawFileName}”找到引用。
             此引用不是“CopyLocal”，因为至少有一个源项将“Private”设置为“false”，而没有源项将“Private”设置为“true”。
         主引用“System.Net.Sockets, Version=8.0.0.0, Culture=neutral, PublicKeyToken=b03f5f7f11d50a3a”。
             解析的文件路径为“C:\Users\Administrator\.nuget\packages\microsoft.netcore.app.ref\8.0.24\ref\net8.0\System.Net.Sockets.dll”。
             在搜索路径位置“{RawFileName}”找到引用。
             此引用不是“CopyLocal”，因为至少有一个源项将“Private”设置为“false”，而没有源项将“Private”设置为“true”。
         主引用“System.Net.WebClient, Version=8.0.0.0, Culture=neutral, PublicKeyToken=cc7b13ffcd2ddd51”。
             解析的文件路径为“C:\Users\Administrator\.nuget\packages\microsoft.netcore.app.ref\8.0.24\ref\net8.0\System.Net.WebClient.dll”。
             在搜索路径位置“{RawFileName}”找到引用。
             此引用不是“CopyLocal”，因为至少有一个源项将“Private”设置为“false”，而没有源项将“Private”设置为“true”。
         主引用“System.Net.WebHeaderCollection, Version=8.0.0.0, Culture=neutral, PublicKeyToken=b03f5f7f11d50a3a”。
             解析的文件路径为“C:\Users\Administrator\.nuget\packages\microsoft.netcore.app.ref\8.0.24\ref\net8.0\System.Net.WebHeaderCollection.dll”。
             在搜索路径位置“{RawFileName}”找到引用。
             此引用不是“CopyLocal”，因为至少有一个源项将“Private”设置为“false”，而没有源项将“Private”设置为“true”。
         主引用“System.Net.WebProxy, Version=8.0.0.0, Culture=neutral, PublicKeyToken=cc7b13ffcd2ddd51”。
             解析的文件路径为“C:\Users\Administrator\.nuget\packages\microsoft.netcore.app.ref\8.0.24\ref\net8.0\System.Net.WebProxy.dll”。
             在搜索路径位置“{RawFileName}”找到引用。
             此引用不是“CopyLocal”，因为至少有一个源项将“Private”设置为“false”，而没有源项将“Private”设置为“true”。
         主引用“System.Net.WebSockets.Client, Version=8.0.0.0, Culture=neutral, PublicKeyToken=b03f5f7f11d50a3a”。
             解析的文件路径为“C:\Users\Administrator\.nuget\packages\microsoft.netcore.app.ref\8.0.24\ref\net8.0\System.Net.WebSockets.Client.dll”。
             在搜索路径位置“{RawFileName}”找到引用。
             此引用不是“CopyLocal”，因为至少有一个源项将“Private”设置为“false”，而没有源项将“Private”设置为“true”。
         主引用“System.Net.WebSockets, Version=8.0.0.0, Culture=neutral, PublicKeyToken=b03f5f7f11d50a3a”。
             解析的文件路径为“C:\Users\Administrator\.nuget\packages\microsoft.netcore.app.ref\8.0.24\ref\net8.0\System.Net.WebSockets.dll”。
             在搜索路径位置“{RawFileName}”找到引用。
             此引用不是“CopyLocal”，因为至少有一个源项将“Private”设置为“false”，而没有源项将“Private”设置为“true”。
         主引用“System.Net, Version=4.0.0.0, Culture=neutral, PublicKeyToken=b03f5f7f11d50a3a”。
             解析的文件路径为“C:\Users\Administrator\.nuget\packages\microsoft.netcore.app.ref\8.0.24\ref\net8.0\System.Net.dll”。
             在搜索路径位置“{RawFileName}”找到引用。
             此引用不是“CopyLocal”，因为至少有一个源项将“Private”设置为“false”，而没有源项将“Private”设置为“true”。
         主引用“System.Numerics.Vectors, Version=8.0.0.0, Culture=neutral, PublicKeyToken=b03f5f7f11d50a3a”。
             解析的文件路径为“C:\Users\Administrator\.nuget\packages\microsoft.netcore.app.ref\8.0.24\ref\net8.0\System.Numerics.Vectors.dll”。
             在搜索路径位置“{RawFileName}”找到引用。
             此引用不是“CopyLocal”，因为至少有一个源项将“Private”设置为“false”，而没有源项将“Private”设置为“true”。
         主引用“System.Numerics, Version=4.0.0.0, Culture=neutral, PublicKeyToken=b77a5c561934e089”。
             解析的文件路径为“C:\Users\Administrator\.nuget\packages\microsoft.netcore.app.ref\8.0.24\ref\net8.0\System.Numerics.dll”。
             在搜索路径位置“{RawFileName}”找到引用。
             此引用不是“CopyLocal”，因为至少有一个源项将“Private”设置为“false”，而没有源项将“Private”设置为“true”。
         主引用“System.ObjectModel, Version=8.0.0.0, Culture=neutral, PublicKeyToken=b03f5f7f11d50a3a”。
             解析的文件路径为“C:\Users\Administrator\.nuget\packages\microsoft.netcore.app.ref\8.0.24\ref\net8.0\System.ObjectModel.dll”。
             在搜索路径位置“{RawFileName}”找到引用。
             此引用不是“CopyLocal”，因为至少有一个源项将“Private”设置为“false”，而没有源项将“Private”设置为“true”。
         主引用“System.Reflection.DispatchProxy, Version=8.0.0.0, Culture=neutral, PublicKeyToken=b03f5f7f11d50a3a”。
             解析的文件路径为“C:\Users\Administrator\.nuget\packages\microsoft.netcore.app.ref\8.0.24\ref\net8.0\System.Reflection.DispatchProxy.dll”。
             在搜索路径位置“{RawFileName}”找到引用。
             此引用不是“CopyLocal”，因为至少有一个源项将“Private”设置为“false”，而没有源项将“Private”设置为“true”。
         主引用“System.Reflection.Emit.ILGeneration, Version=8.0.0.0, Culture=neutral, PublicKeyToken=b03f5f7f11d50a3a”。
             解析的文件路径为“C:\Users\Administrator\.nuget\packages\microsoft.netcore.app.ref\8.0.24\ref\net8.0\System.Reflection.Emit.ILGeneration.dll”。
             在搜索路径位置“{RawFileName}”找到引用。
             此引用不是“CopyLocal”，因为至少有一个源项将“Private”设置为“false”，而没有源项将“Private”设置为“true”。
         主引用“System.Reflection.Emit.Lightweight, Version=8.0.0.0, Culture=neutral, PublicKeyToken=b03f5f7f11d50a3a”。
             解析的文件路径为“C:\Users\Administrator\.nuget\packages\microsoft.netcore.app.ref\8.0.24\ref\net8.0\System.Reflection.Emit.Lightweight.dll”。
             在搜索路径位置“{RawFileName}”找到引用。
             此引用不是“CopyLocal”，因为至少有一个源项将“Private”设置为“false”，而没有源项将“Private”设置为“true”。
         主引用“System.Reflection.Emit, Version=8.0.0.0, Culture=neutral, PublicKeyToken=b03f5f7f11d50a3a”。
             解析的文件路径为“C:\Users\Administrator\.nuget\packages\microsoft.netcore.app.ref\8.0.24\ref\net8.0\System.Reflection.Emit.dll”。
             在搜索路径位置“{RawFileName}”找到引用。
             此引用不是“CopyLocal”，因为至少有一个源项将“Private”设置为“false”，而没有源项将“Private”设置为“true”。
         主引用“System.Reflection.Extensions, Version=8.0.0.0, Culture=neutral, PublicKeyToken=b03f5f7f11d50a3a”。
             解析的文件路径为“C:\Users\Administrator\.nuget\packages\microsoft.netcore.app.ref\8.0.24\ref\net8.0\System.Reflection.Extensions.dll”。
             在搜索路径位置“{RawFileName}”找到引用。
             此引用不是“CopyLocal”，因为至少有一个源项将“Private”设置为“false”，而没有源项将“Private”设置为“true”。
         主引用“System.Reflection.Metadata, Version=8.0.0.0, Culture=neutral, PublicKeyToken=b03f5f7f11d50a3a”。
             解析的文件路径为“C:\Users\Administrator\.nuget\packages\microsoft.netcore.app.ref\8.0.24\ref\net8.0\System.Reflection.Metadata.dll”。
             在搜索路径位置“{RawFileName}”找到引用。
             此引用不是“CopyLocal”，因为至少有一个源项将“Private”设置为“false”，而没有源项将“Private”设置为“true”。
         主引用“System.Reflection.Primitives, Version=8.0.0.0, Culture=neutral, PublicKeyToken=b03f5f7f11d50a3a”。
             解析的文件路径为“C:\Users\Administrator\.nuget\packages\microsoft.netcore.app.ref\8.0.24\ref\net8.0\System.Reflection.Primitives.dll”。
             在搜索路径位置“{RawFileName}”找到引用。
             此引用不是“CopyLocal”，因为至少有一个源项将“Private”设置为“false”，而没有源项将“Private”设置为“true”。
         主引用“System.Reflection.TypeExtensions, Version=8.0.0.0, Culture=neutral, PublicKeyToken=b03f5f7f11d50a3a”。
             解析的文件路径为“C:\Users\Administrator\.nuget\packages\microsoft.netcore.app.ref\8.0.24\ref\net8.0\System.Reflection.TypeExtensions.dll”。
             在搜索路径位置“{RawFileName}”找到引用。
             此引用不是“CopyLocal”，因为至少有一个源项将“Private”设置为“false”，而没有源项将“Private”设置为“true”。
         主引用“System.Reflection, Version=8.0.0.0, Culture=neutral, PublicKeyToken=b03f5f7f11d50a3a”。
             解析的文件路径为“C:\Users\Administrator\.nuget\packages\microsoft.netcore.app.ref\8.0.24\ref\net8.0\System.Reflection.dll”。
             在搜索路径位置“{RawFileName}”找到引用。
             此引用不是“CopyLocal”，因为至少有一个源项将“Private”设置为“false”，而没有源项将“Private”设置为“true”。
         主引用“System.Resources.Reader, Version=8.0.0.0, Culture=neutral, PublicKeyToken=b03f5f7f11d50a3a”。
             解析的文件路径为“C:\Users\Administrator\.nuget\packages\microsoft.netcore.app.ref\8.0.24\ref\net8.0\System.Resources.Reader.dll”。
             在搜索路径位置“{RawFileName}”找到引用。
             此引用不是“CopyLocal”，因为至少有一个源项将“Private”设置为“false”，而没有源项将“Private”设置为“true”。
         主引用“System.Resources.ResourceManager, Version=8.0.0.0, Culture=neutral, PublicKeyToken=b03f5f7f11d50a3a”。
             解析的文件路径为“C:\Users\Administrator\.nuget\packages\microsoft.netcore.app.ref\8.0.24\ref\net8.0\System.Resources.ResourceManager.dll”。
             在搜索路径位置“{RawFileName}”找到引用。
             此引用不是“CopyLocal”，因为至少有一个源项将“Private”设置为“false”，而没有源项将“Private”设置为“true”。
         主引用“System.Resources.Writer, Version=8.0.0.0, Culture=neutral, PublicKeyToken=b03f5f7f11d50a3a”。
             解析的文件路径为“C:\Users\Administrator\.nuget\packages\microsoft.netcore.app.ref\8.0.24\ref\net8.0\System.Resources.Writer.dll”。
             在搜索路径位置“{RawFileName}”找到引用。
             此引用不是“CopyLocal”，因为至少有一个源项将“Private”设置为“false”，而没有源项将“Private”设置为“true”。
         主引用“System.Runtime.CompilerServices.Unsafe, Version=8.0.0.0, Culture=neutral, PublicKeyToken=b03f5f7f11d50a3a”。
             解析的文件路径为“C:\Users\Administrator\.nuget\packages\microsoft.netcore.app.ref\8.0.24\ref\net8.0\System.Runtime.CompilerServices.Unsafe.dll”。
             在搜索路径位置“{RawFileName}”找到引用。
             此引用不是“CopyLocal”，因为至少有一个源项将“Private”设置为“false”，而没有源项将“Private”设置为“true”。
         主引用“System.Runtime.CompilerServices.VisualC, Version=8.0.0.0, Culture=neutral, PublicKeyToken=b03f5f7f11d50a3a”。
             解析的文件路径为“C:\Users\Administrator\.nuget\packages\microsoft.netcore.app.ref\8.0.24\ref\net8.0\System.Runtime.CompilerServices.VisualC.dll”。
             在搜索路径位置“{RawFileName}”找到引用。
             此引用不是“CopyLocal”，因为至少有一个源项将“Private”设置为“false”，而没有源项将“Private”设置为“true”。
         统一主引用“System.Runtime.Extensions, Version=8.0.0.0, Culture=neutral, PublicKeyToken=b03f5f7f11d50a3a”。
             使用此版本而不是“C:\Users\Administrator\.nuget\packages\microsoft.web.webview2\1.0.2849.39\lib_manual\netcoreapp3.0\Microsoft.Web.WebView2.WinForms.dll”中的原始版本“4.2.1.0”，因为 AutoUnify 为“true”。
             解析的文件路径为“C:\Users\Administrator\.nuget\packages\microsoft.netcore.app.ref\8.0.24\ref\net8.0\System.Runtime.Extensions.dll”。
             在搜索路径位置“{RawFileName}”找到引用。
             此引用不是“CopyLocal”，因为至少有一个源项将“Private”设置为“false”，而没有源项将“Private”设置为“true”。
         主引用“System.Runtime.Handles, Version=8.0.0.0, Culture=neutral, PublicKeyToken=b03f5f7f11d50a3a”。
             解析的文件路径为“C:\Users\Administrator\.nuget\packages\microsoft.netcore.app.ref\8.0.24\ref\net8.0\System.Runtime.Handles.dll”。
             在搜索路径位置“{RawFileName}”找到引用。
             此引用不是“CopyLocal”，因为至少有一个源项将“Private”设置为“false”，而没有源项将“Private”设置为“true”。
         主引用“System.Runtime.InteropServices.JavaScript, Version=8.0.0.0, Culture=neutral, PublicKeyToken=b03f5f7f11d50a3a”。
             解析的文件路径为“C:\Users\Administrator\.nuget\packages\microsoft.netcore.app.ref\8.0.24\ref\net8.0\System.Runtime.InteropServices.JavaScript.dll”。
             在搜索路径位置“{RawFileName}”找到引用。
             此引用不是“CopyLocal”，因为至少有一个源项将“Private”设置为“false”，而没有源项将“Private”设置为“true”。
         主引用“System.Runtime.InteropServices.RuntimeInformation, Version=8.0.0.0, Culture=neutral, PublicKeyToken=b03f5f7f11d50a3a”。
             解析的文件路径为“C:\Users\Administrator\.nuget\packages\microsoft.netcore.app.ref\8.0.24\ref\net8.0\System.Runtime.InteropServices.RuntimeInformation.dll”。
             在搜索路径位置“{RawFileName}”找到引用。
             此引用不是“CopyLocal”，因为至少有一个源项将“Private”设置为“false”，而没有源项将“Private”设置为“true”。
         统一主引用“System.Runtime.InteropServices, Version=8.0.0.0, Culture=neutral, PublicKeyToken=b03f5f7f11d50a3a”。
             使用此版本而不是“C:\Users\Administrator\.nuget\packages\microsoft.web.webview2\1.0.2849.39\lib_manual\net5.0-windows10.0.17763.0\Microsoft.Web.WebView2.Wpf.dll”中的原始版本“5.0.0.0”，因为 AutoUnify 为“true”。
             解析的文件路径为“C:\Users\Administrator\.nuget\packages\microsoft.netcore.app.ref\8.0.24\ref\net8.0\System.Runtime.InteropServices.dll”。
             在搜索路径位置“{RawFileName}”找到引用。
             此引用不是“CopyLocal”，因为至少有一个源项将“Private”设置为“false”，而没有源项将“Private”设置为“true”。
         主引用“System.Runtime.Intrinsics, Version=8.0.0.0, Culture=neutral, PublicKeyToken=cc7b13ffcd2ddd51”。
             解析的文件路径为“C:\Users\Administrator\.nuget\packages\microsoft.netcore.app.ref\8.0.24\ref\net8.0\System.Runtime.Intrinsics.dll”。
             在搜索路径位置“{RawFileName}”找到引用。
             此引用不是“CopyLocal”，因为至少有一个源项将“Private”设置为“false”，而没有源项将“Private”设置为“true”。
         主引用“System.Runtime.Loader, Version=8.0.0.0, Culture=neutral, PublicKeyToken=b03f5f7f11d50a3a”。
             解析的文件路径为“C:\Users\Administrator\.nuget\packages\microsoft.netcore.app.ref\8.0.24\ref\net8.0\System.Runtime.Loader.dll”。
             在搜索路径位置“{RawFileName}”找到引用。
             此引用不是“CopyLocal”，因为至少有一个源项将“Private”设置为“false”，而没有源项将“Private”设置为“true”。
         主引用“System.Runtime.Numerics, Version=8.0.0.0, Culture=neutral, PublicKeyToken=b03f5f7f11d50a3a”。
             解析的文件路径为“C:\Users\Administrator\.nuget\packages\microsoft.netcore.app.ref\8.0.24\ref\net8.0\System.Runtime.Numerics.dll”。
             在搜索路径位置“{RawFileName}”找到引用。
             此引用不是“CopyLocal”，因为至少有一个源项将“Private”设置为“false”，而没有源项将“Private”设置为“true”。
         主引用“System.Runtime.Serialization.Formatters, Version=8.0.0.0, Culture=neutral, PublicKeyToken=b03f5f7f11d50a3a”。
             解析的文件路径为“C:\Users\Administrator\.nuget\packages\microsoft.netcore.app.ref\8.0.24\ref\net8.0\System.Runtime.Serialization.Formatters.dll”。
             在搜索路径位置“{RawFileName}”找到引用。
             此引用不是“CopyLocal”，因为至少有一个源项将“Private”设置为“false”，而没有源项将“Private”设置为“true”。
         主引用“System.Runtime.Serialization.Json, Version=8.0.0.0, Culture=neutral, PublicKeyToken=b03f5f7f11d50a3a”。
             解析的文件路径为“C:\Users\Administrator\.nuget\packages\microsoft.netcore.app.ref\8.0.24\ref\net8.0\System.Runtime.Serialization.Json.dll”。
             在搜索路径位置“{RawFileName}”找到引用。
             此引用不是“CopyLocal”，因为至少有一个源项将“Private”设置为“false”，而没有源项将“Private”设置为“true”。
         主引用“System.Runtime.Serialization.Primitives, Version=8.0.0.0, Culture=neutral, PublicKeyToken=b03f5f7f11d50a3a”。
             解析的文件路径为“C:\Users\Administrator\.nuget\packages\microsoft.netcore.app.ref\8.0.24\ref\net8.0\System.Runtime.Serialization.Primitives.dll”。
             在搜索路径位置“{RawFileName}”找到引用。
             此引用不是“CopyLocal”，因为至少有一个源项将“Private”设置为“false”，而没有源项将“Private”设置为“true”。
         主引用“System.Runtime.Serialization.Xml, Version=8.0.0.0, Culture=neutral, PublicKeyToken=b03f5f7f11d50a3a”。
             解析的文件路径为“C:\Users\Administrator\.nuget\packages\microsoft.netcore.app.ref\8.0.24\ref\net8.0\System.Runtime.Serialization.Xml.dll”。
             在搜索路径位置“{RawFileName}”找到引用。
             此引用不是“CopyLocal”，因为至少有一个源项将“Private”设置为“false”，而没有源项将“Private”设置为“true”。
         主引用“System.Runtime.Serialization, Version=4.0.0.0, Culture=neutral, PublicKeyToken=b77a5c561934e089”。
             解析的文件路径为“C:\Users\Administrator\.nuget\packages\microsoft.netcore.app.ref\8.0.24\ref\net8.0\System.Runtime.Serialization.dll”。
             在搜索路径位置“{RawFileName}”找到引用。
             此引用不是“CopyLocal”，因为至少有一个源项将“Private”设置为“false”，而没有源项将“Private”设置为“true”。
         统一主引用“System.Runtime, Version=8.0.0.0, Culture=neutral, PublicKeyToken=b03f5f7f11d50a3a”。
             使用此版本而不是“C:\Users\Administrator\.nuget\packages\microsoft.web.webview2\1.0.2849.39\lib_manual\netcoreapp3.0\Microsoft.Web.WebView2.WinForms.dll”中的原始版本“4.2.1.0”，因为 AutoUnify 为“true”。
             使用此版本而不是“C:\Users\Administrator\.nuget\packages\microsoft.web.webview2\1.0.2849.39\lib_manual\net5.0-windows10.0.17763.0\Microsoft.Web.WebView2.Wpf.dll”中的原始版本“5.0.0.0”，因为 AutoUnify 为“true”。
             解析的文件路径为“C:\Users\Administrator\.nuget\packages\microsoft.netcore.app.ref\8.0.24\ref\net8.0\System.Runtime.dll”。
             在搜索路径位置“{RawFileName}”找到引用。
             此引用不是“CopyLocal”，因为至少有一个源项将“Private”设置为“false”，而没有源项将“Private”设置为“true”。
         主引用“System.Security.AccessControl, Version=8.0.0.0, Culture=neutral, PublicKeyToken=b03f5f7f11d50a3a”。
             解析的文件路径为“C:\Users\Administrator\.nuget\packages\microsoft.netcore.app.ref\8.0.24\ref\net8.0\System.Security.AccessControl.dll”。
             在搜索路径位置“{RawFileName}”找到引用。
             此引用不是“CopyLocal”，因为至少有一个源项将“Private”设置为“false”，而没有源项将“Private”设置为“true”。
         主引用“System.Security.Claims, Version=8.0.0.0, Culture=neutral, PublicKeyToken=b03f5f7f11d50a3a”。
             解析的文件路径为“C:\Users\Administrator\.nuget\packages\microsoft.netcore.app.ref\8.0.24\ref\net8.0\System.Security.Claims.dll”。
             在搜索路径位置“{RawFileName}”找到引用。
             此引用不是“CopyLocal”，因为至少有一个源项将“Private”设置为“false”，而没有源项将“Private”设置为“true”。
         主引用“System.Security.Cryptography.Algorithms, Version=8.0.0.0, Culture=neutral, PublicKeyToken=b03f5f7f11d50a3a”。
             解析的文件路径为“C:\Users\Administrator\.nuget\packages\microsoft.netcore.app.ref\8.0.24\ref\net8.0\System.Security.Cryptography.Algorithms.dll”。
             在搜索路径位置“{RawFileName}”找到引用。
             此引用不是“CopyLocal”，因为至少有一个源项将“Private”设置为“false”，而没有源项将“Private”设置为“true”。
         主引用“System.Security.Cryptography.Cng, Version=8.0.0.0, Culture=neutral, PublicKeyToken=b03f5f7f11d50a3a”。
             解析的文件路径为“C:\Users\Administrator\.nuget\packages\microsoft.netcore.app.ref\8.0.24\ref\net8.0\System.Security.Cryptography.Cng.dll”。
             在搜索路径位置“{RawFileName}”找到引用。
             此引用不是“CopyLocal”，因为至少有一个源项将“Private”设置为“false”，而没有源项将“Private”设置为“true”。
         主引用“System.Security.Cryptography.Csp, Version=8.0.0.0, Culture=neutral, PublicKeyToken=b03f5f7f11d50a3a”。
             解析的文件路径为“C:\Users\Administrator\.nuget\packages\microsoft.netcore.app.ref\8.0.24\ref\net8.0\System.Security.Cryptography.Csp.dll”。
             在搜索路径位置“{RawFileName}”找到引用。
             此引用不是“CopyLocal”，因为至少有一个源项将“Private”设置为“false”，而没有源项将“Private”设置为“true”。
         主引用“System.Security.Cryptography.Encoding, Version=8.0.0.0, Culture=neutral, PublicKeyToken=b03f5f7f11d50a3a”。
             解析的文件路径为“C:\Users\Administrator\.nuget\packages\microsoft.netcore.app.ref\8.0.24\ref\net8.0\System.Security.Cryptography.Encoding.dll”。
             在搜索路径位置“{RawFileName}”找到引用。
             此引用不是“CopyLocal”，因为至少有一个源项将“Private”设置为“false”，而没有源项将“Private”设置为“true”。
         主引用“System.Security.Cryptography.OpenSsl, Version=8.0.0.0, Culture=neutral, PublicKeyToken=b03f5f7f11d50a3a”。
             解析的文件路径为“C:\Users\Administrator\.nuget\packages\microsoft.netcore.app.ref\8.0.24\ref\net8.0\System.Security.Cryptography.OpenSsl.dll”。
             在搜索路径位置“{RawFileName}”找到引用。
             此引用不是“CopyLocal”，因为至少有一个源项将“Private”设置为“false”，而没有源项将“Private”设置为“true”。
         主引用“System.Security.Cryptography.Primitives, Version=8.0.0.0, Culture=neutral, PublicKeyToken=b03f5f7f11d50a3a”。
             解析的文件路径为“C:\Users\Administrator\.nuget\packages\microsoft.netcore.app.ref\8.0.24\ref\net8.0\System.Security.Cryptography.Primitives.dll”。
             在搜索路径位置“{RawFileName}”找到引用。
             此引用不是“CopyLocal”，因为至少有一个源项将“Private”设置为“false”，而没有源项将“Private”设置为“true”。
         主引用“System.Security.Cryptography.X509Certificates, Version=8.0.0.0, Culture=neutral, PublicKeyToken=b03f5f7f11d50a3a”。
             解析的文件路径为“C:\Users\Administrator\.nuget\packages\microsoft.netcore.app.ref\8.0.24\ref\net8.0\System.Security.Cryptography.X509Certificates.dll”。
             在搜索路径位置“{RawFileName}”找到引用。
             此引用不是“CopyLocal”，因为至少有一个源项将“Private”设置为“false”，而没有源项将“Private”设置为“true”。
         主引用“System.Security.Cryptography, Version=8.0.0.0, Culture=neutral, PublicKeyToken=b03f5f7f11d50a3a”。
             解析的文件路径为“C:\Users\Administrator\.nuget\packages\microsoft.netcore.app.ref\8.0.24\ref\net8.0\System.Security.Cryptography.dll”。
             在搜索路径位置“{RawFileName}”找到引用。
             此引用不是“CopyLocal”，因为至少有一个源项将“Private”设置为“false”，而没有源项将“Private”设置为“true”。
         主引用“System.Security.Principal.Windows, Version=8.0.0.0, Culture=neutral, PublicKeyToken=b03f5f7f11d50a3a”。
             解析的文件路径为“C:\Users\Administrator\.nuget\packages\microsoft.netcore.app.ref\8.0.24\ref\net8.0\System.Security.Principal.Windows.dll”。
             在搜索路径位置“{RawFileName}”找到引用。
             此引用不是“CopyLocal”，因为至少有一个源项将“Private”设置为“false”，而没有源项将“Private”设置为“true”。
         主引用“System.Security.Principal, Version=8.0.0.0, Culture=neutral, PublicKeyToken=b03f5f7f11d50a3a”。
             解析的文件路径为“C:\Users\Administrator\.nuget\packages\microsoft.netcore.app.ref\8.0.24\ref\net8.0\System.Security.Principal.dll”。
             在搜索路径位置“{RawFileName}”找到引用。
             此引用不是“CopyLocal”，因为至少有一个源项将“Private”设置为“false”，而没有源项将“Private”设置为“true”。
         主引用“System.Security.SecureString, Version=8.0.0.0, Culture=neutral, PublicKeyToken=b03f5f7f11d50a3a”。
             解析的文件路径为“C:\Users\Administrator\.nuget\packages\microsoft.netcore.app.ref\8.0.24\ref\net8.0\System.Security.SecureString.dll”。
             在搜索路径位置“{RawFileName}”找到引用。
             此引用不是“CopyLocal”，因为至少有一个源项将“Private”设置为“false”，而没有源项将“Private”设置为“true”。
         主引用“System.Security, Version=4.0.0.0, Culture=neutral, PublicKeyToken=b03f5f7f11d50a3a”。
             解析的文件路径为“C:\Users\Administrator\.nuget\packages\microsoft.netcore.app.ref\8.0.24\ref\net8.0\System.Security.dll”。
             在搜索路径位置“{RawFileName}”找到引用。
             此引用不是“CopyLocal”，因为至少有一个源项将“Private”设置为“false”，而没有源项将“Private”设置为“true”。
         主引用“System.ServiceModel.Web, Version=4.0.0.0, Culture=neutral, PublicKeyToken=31bf3856ad364e35”。
             解析的文件路径为“C:\Users\Administrator\.nuget\packages\microsoft.netcore.app.ref\8.0.24\ref\net8.0\System.ServiceModel.Web.dll”。
             在搜索路径位置“{RawFileName}”找到引用。
             此引用不是“CopyLocal”，因为至少有一个源项将“Private”设置为“false”，而没有源项将“Private”设置为“true”。
         主引用“System.ServiceProcess, Version=4.0.0.0, Culture=neutral, PublicKeyToken=b03f5f7f11d50a3a”。
             解析的文件路径为“C:\Users\Administrator\.nuget\packages\microsoft.netcore.app.ref\8.0.24\ref\net8.0\System.ServiceProcess.dll”。
             在搜索路径位置“{RawFileName}”找到引用。
             此引用不是“CopyLocal”，因为至少有一个源项将“Private”设置为“false”，而没有源项将“Private”设置为“true”。
         主引用“System.Text.Encoding.CodePages, Version=8.0.0.0, Culture=neutral, PublicKeyToken=b03f5f7f11d50a3a”。
             解析的文件路径为“C:\Users\Administrator\.nuget\packages\microsoft.netcore.app.ref\8.0.24\ref\net8.0\System.Text.Encoding.CodePages.dll”。
             在搜索路径位置“{RawFileName}”找到引用。
             此引用不是“CopyLocal”，因为至少有一个源项将“Private”设置为“false”，而没有源项将“Private”设置为“true”。
         主引用“System.Text.Encoding.Extensions, Version=8.0.0.0, Culture=neutral, PublicKeyToken=b03f5f7f11d50a3a”。
             解析的文件路径为“C:\Users\Administrator\.nuget\packages\microsoft.netcore.app.ref\8.0.24\ref\net8.0\System.Text.Encoding.Extensions.dll”。
             在搜索路径位置“{RawFileName}”找到引用。
             此引用不是“CopyLocal”，因为至少有一个源项将“Private”设置为“false”，而没有源项将“Private”设置为“true”。
         主引用“System.Text.Encoding, Version=8.0.0.0, Culture=neutral, PublicKeyToken=b03f5f7f11d50a3a”。
             解析的文件路径为“C:\Users\Administrator\.nuget\packages\microsoft.netcore.app.ref\8.0.24\ref\net8.0\System.Text.Encoding.dll”。
             在搜索路径位置“{RawFileName}”找到引用。
             此引用不是“CopyLocal”，因为至少有一个源项将“Private”设置为“false”，而没有源项将“Private”设置为“true”。
         主引用“System.Text.RegularExpressions, Version=8.0.0.0, Culture=neutral, PublicKeyToken=b03f5f7f11d50a3a”。
             解析的文件路径为“C:\Users\Administrator\.nuget\packages\microsoft.netcore.app.ref\8.0.24\ref\net8.0\System.Text.RegularExpressions.dll”。
             在搜索路径位置“{RawFileName}”找到引用。
             此引用不是“CopyLocal”，因为至少有一个源项将“Private”设置为“false”，而没有源项将“Private”设置为“true”。
         主引用“System.Threading.Channels, Version=8.0.0.0, Culture=neutral, PublicKeyToken=cc7b13ffcd2ddd51”。
             解析的文件路径为“C:\Users\Administrator\.nuget\packages\microsoft.netcore.app.ref\8.0.24\ref\net8.0\System.Threading.Channels.dll”。
             在搜索路径位置“{RawFileName}”找到引用。
             此引用不是“CopyLocal”，因为至少有一个源项将“Private”设置为“false”，而没有源项将“Private”设置为“true”。
         主引用“System.Threading.Overlapped, Version=8.0.0.0, Culture=neutral, PublicKeyToken=b03f5f7f11d50a3a”。
             解析的文件路径为“C:\Users\Administrator\.nuget\packages\microsoft.netcore.app.ref\8.0.24\ref\net8.0\System.Threading.Overlapped.dll”。
             在搜索路径位置“{RawFileName}”找到引用。
             此引用不是“CopyLocal”，因为至少有一个源项将“Private”设置为“false”，而没有源项将“Private”设置为“true”。
         主引用“System.Threading.Tasks.Dataflow, Version=8.0.0.0, Culture=neutral, PublicKeyToken=b03f5f7f11d50a3a”。
             解析的文件路径为“C:\Users\Administrator\.nuget\packages\microsoft.netcore.app.ref\8.0.24\ref\net8.0\System.Threading.Tasks.Dataflow.dll”。
             在搜索路径位置“{RawFileName}”找到引用。
             此引用不是“CopyLocal”，因为至少有一个源项将“Private”设置为“false”，而没有源项将“Private”设置为“true”。
         主引用“System.Threading.Tasks.Extensions, Version=8.0.0.0, Culture=neutral, PublicKeyToken=cc7b13ffcd2ddd51”。
             解析的文件路径为“C:\Users\Administrator\.nuget\packages\microsoft.netcore.app.ref\8.0.24\ref\net8.0\System.Threading.Tasks.Extensions.dll”。
             在搜索路径位置“{RawFileName}”找到引用。
             此引用不是“CopyLocal”，因为至少有一个源项将“Private”设置为“false”，而没有源项将“Private”设置为“true”。
         主引用“System.Threading.Tasks.Parallel, Version=8.0.0.0, Culture=neutral, PublicKeyToken=b03f5f7f11d50a3a”。
             解析的文件路径为“C:\Users\Administrator\.nuget\packages\microsoft.netcore.app.ref\8.0.24\ref\net8.0\System.Threading.Tasks.Parallel.dll”。
             在搜索路径位置“{RawFileName}”找到引用。
             此引用不是“CopyLocal”，因为至少有一个源项将“Private”设置为“false”，而没有源项将“Private”设置为“true”。
         统一主引用“System.Threading.Tasks, Version=8.0.0.0, Culture=neutral, PublicKeyToken=b03f5f7f11d50a3a”。
             使用此版本而不是“C:\Users\Administrator\.nuget\packages\microsoft.web.webview2\1.0.2849.39\lib_manual\netcoreapp3.0\Microsoft.Web.WebView2.WinForms.dll”中的原始版本“4.1.1.0”，因为 AutoUnify 为“true”。
             解析的文件路径为“C:\Users\Administrator\.nuget\packages\microsoft.netcore.app.ref\8.0.24\ref\net8.0\System.Threading.Tasks.dll”。
             在搜索路径位置“{RawFileName}”找到引用。
             此引用不是“CopyLocal”，因为至少有一个源项将“Private”设置为“false”，而没有源项将“Private”设置为“true”。
         主引用“System.Threading.Thread, Version=8.0.0.0, Culture=neutral, PublicKeyToken=b03f5f7f11d50a3a”。
             解析的文件路径为“C:\Users\Administrator\.nuget\packages\microsoft.netcore.app.ref\8.0.24\ref\net8.0\System.Threading.Thread.dll”。
             在搜索路径位置“{RawFileName}”找到引用。
             此引用不是“CopyLocal”，因为至少有一个源项将“Private”设置为“false”，而没有源项将“Private”设置为“true”。
         主引用“System.Threading.ThreadPool, Version=8.0.0.0, Culture=neutral, PublicKeyToken=b03f5f7f11d50a3a”。
             解析的文件路径为“C:\Users\Administrator\.nuget\packages\microsoft.netcore.app.ref\8.0.24\ref\net8.0\System.Threading.ThreadPool.dll”。
             在搜索路径位置“{RawFileName}”找到引用。
             此引用不是“CopyLocal”，因为至少有一个源项将“Private”设置为“false”，而没有源项将“Private”设置为“true”。
         主引用“System.Threading.Timer, Version=8.0.0.0, Culture=neutral, PublicKeyToken=b03f5f7f11d50a3a”。
             解析的文件路径为“C:\Users\Administrator\.nuget\packages\microsoft.netcore.app.ref\8.0.24\ref\net8.0\System.Threading.Timer.dll”。
             在搜索路径位置“{RawFileName}”找到引用。
             此引用不是“CopyLocal”，因为至少有一个源项将“Private”设置为“false”，而没有源项将“Private”设置为“true”。
         统一主引用“System.Threading, Version=8.0.0.0, Culture=neutral, PublicKeyToken=b03f5f7f11d50a3a”。
             使用此版本而不是“C:\Users\Administrator\.nuget\packages\microsoft.web.webview2\1.0.2849.39\lib_manual\netcoreapp3.0\Microsoft.Web.WebView2.WinForms.dll”中的原始版本“4.1.1.0”，因为 AutoUnify 为“true”。
             使用此版本而不是“C:\Users\Administrator\.nuget\packages\microsoft.web.webview2\1.0.2849.39\lib_manual\net5.0-windows10.0.17763.0\Microsoft.Web.WebView2.Wpf.dll”中的原始版本“5.0.0.0”，因为 AutoUnify 为“true”。
             解析的文件路径为“C:\Users\Administrator\.nuget\packages\microsoft.netcore.app.ref\8.0.24\ref\net8.0\System.Threading.dll”。
             在搜索路径位置“{RawFileName}”找到引用。
             此引用不是“CopyLocal”，因为至少有一个源项将“Private”设置为“false”，而没有源项将“Private”设置为“true”。
         主引用“System.Transactions.Local, Version=8.0.0.0, Culture=neutral, PublicKeyToken=cc7b13ffcd2ddd51”。
             解析的文件路径为“C:\Users\Administrator\.nuget\packages\microsoft.netcore.app.ref\8.0.24\ref\net8.0\System.Transactions.Local.dll”。
             在搜索路径位置“{RawFileName}”找到引用。
             此引用不是“CopyLocal”，因为至少有一个源项将“Private”设置为“false”，而没有源项将“Private”设置为“true”。
         主引用“System.Transactions, Version=4.0.0.0, Culture=neutral, PublicKeyToken=b77a5c561934e089”。
             解析的文件路径为“C:\Users\Administrator\.nuget\packages\microsoft.netcore.app.ref\8.0.24\ref\net8.0\System.Transactions.dll”。
             在搜索路径位置“{RawFileName}”找到引用。
             此引用不是“CopyLocal”，因为至少有一个源项将“Private”设置为“false”，而没有源项将“Private”设置为“true”。
         主引用“System.ValueTuple, Version=8.0.0.0, Culture=neutral, PublicKeyToken=cc7b13ffcd2ddd51”。
             解析的文件路径为“C:\Users\Administrator\.nuget\packages\microsoft.netcore.app.ref\8.0.24\ref\net8.0\System.ValueTuple.dll”。
             在搜索路径位置“{RawFileName}”找到引用。
             此引用不是“CopyLocal”，因为至少有一个源项将“Private”设置为“false”，而没有源项将“Private”设置为“true”。
         主引用“System.Web.HttpUtility, Version=8.0.0.0, Culture=neutral, PublicKeyToken=cc7b13ffcd2ddd51”。
             解析的文件路径为“C:\Users\Administrator\.nuget\packages\microsoft.netcore.app.ref\8.0.24\ref\net8.0\System.Web.HttpUtility.dll”。
             在搜索路径位置“{RawFileName}”找到引用。
             此引用不是“CopyLocal”，因为至少有一个源项将“Private”设置为“false”，而没有源项将“Private”设置为“true”。
         主引用“System.Web, Version=4.0.0.0, Culture=neutral, PublicKeyToken=b03f5f7f11d50a3a”。
             解析的文件路径为“C:\Users\Administrator\.nuget\packages\microsoft.netcore.app.ref\8.0.24\ref\net8.0\System.Web.dll”。
             在搜索路径位置“{RawFileName}”找到引用。
             此引用不是“CopyLocal”，因为至少有一个源项将“Private”设置为“false”，而没有源项将“Private”设置为“true”。
         主引用“System.Windows, Version=4.0.0.0, Culture=neutral, PublicKeyToken=b03f5f7f11d50a3a”。
             解析的文件路径为“C:\Users\Administrator\.nuget\packages\microsoft.netcore.app.ref\8.0.24\ref\net8.0\System.Windows.dll”。
             在搜索路径位置“{RawFileName}”找到引用。
             此引用不是“CopyLocal”，因为至少有一个源项将“Private”设置为“false”，而没有源项将“Private”设置为“true”。
         主引用“System.Xml.Linq, Version=4.0.0.0, Culture=neutral, PublicKeyToken=b77a5c561934e089”。
             解析的文件路径为“C:\Users\Administrator\.nuget\packages\microsoft.netcore.app.ref\8.0.24\ref\net8.0\System.Xml.Linq.dll”。
             在搜索路径位置“{RawFileName}”找到引用。
             此引用不是“CopyLocal”，因为至少有一个源项将“Private”设置为“false”，而没有源项将“Private”设置为“true”。
         主引用“System.Xml.ReaderWriter, Version=8.0.0.0, Culture=neutral, PublicKeyToken=b03f5f7f11d50a3a”。
             解析的文件路径为“C:\Users\Administrator\.nuget\packages\microsoft.netcore.app.ref\8.0.24\ref\net8.0\System.Xml.ReaderWriter.dll”。
             在搜索路径位置“{RawFileName}”找到引用。
             此引用不是“CopyLocal”，因为至少有一个源项将“Private”设置为“false”，而没有源项将“Private”设置为“true”。
         主引用“System.Xml.Serialization, Version=4.0.0.0, Culture=neutral, PublicKeyToken=b77a5c561934e089”。
             解析的文件路径为“C:\Users\Administrator\.nuget\packages\microsoft.netcore.app.ref\8.0.24\ref\net8.0\System.Xml.Serialization.dll”。
             在搜索路径位置“{RawFileName}”找到引用。
             此引用不是“CopyLocal”，因为至少有一个源项将“Private”设置为“false”，而没有源项将“Private”设置为“true”。
         主引用“System.Xml.XDocument, Version=8.0.0.0, Culture=neutral, PublicKeyToken=b03f5f7f11d50a3a”。
             解析的文件路径为“C:\Users\Administrator\.nuget\packages\microsoft.netcore.app.ref\8.0.24\ref\net8.0\System.Xml.XDocument.dll”。
             在搜索路径位置“{RawFileName}”找到引用。
             此引用不是“CopyLocal”，因为至少有一个源项将“Private”设置为“false”，而没有源项将“Private”设置为“true”。
         主引用“System.Xml.XPath.XDocument, Version=8.0.0.0, Culture=neutral, PublicKeyToken=b03f5f7f11d50a3a”。
             解析的文件路径为“C:\Users\Administrator\.nuget\packages\microsoft.netcore.app.ref\8.0.24\ref\net8.0\System.Xml.XPath.XDocument.dll”。
             在搜索路径位置“{RawFileName}”找到引用。
             此引用不是“CopyLocal”，因为至少有一个源项将“Private”设置为“false”，而没有源项将“Private”设置为“true”。
         主引用“System.Xml.XPath, Version=8.0.0.0, Culture=neutral, PublicKeyToken=b03f5f7f11d50a3a”。
             解析的文件路径为“C:\Users\Administrator\.nuget\packages\microsoft.netcore.app.ref\8.0.24\ref\net8.0\System.Xml.XPath.dll”。
             在搜索路径位置“{RawFileName}”找到引用。
             此引用不是“CopyLocal”，因为至少有一个源项将“Private”设置为“false”，而没有源项将“Private”设置为“true”。
         主引用“System.Xml.XmlDocument, Version=8.0.0.0, Culture=neutral, PublicKeyToken=b03f5f7f11d50a3a”。
             解析的文件路径为“C:\Users\Administrator\.nuget\packages\microsoft.netcore.app.ref\8.0.24\ref\net8.0\System.Xml.XmlDocument.dll”。
             在搜索路径位置“{RawFileName}”找到引用。
             此引用不是“CopyLocal”，因为至少有一个源项将“Private”设置为“false”，而没有源项将“Private”设置为“true”。
         主引用“System.Xml.XmlSerializer, Version=8.0.0.0, Culture=neutral, PublicKeyToken=b03f5f7f11d50a3a”。
             解析的文件路径为“C:\Users\Administrator\.nuget\packages\microsoft.netcore.app.ref\8.0.24\ref\net8.0\System.Xml.XmlSerializer.dll”。
             在搜索路径位置“{RawFileName}”找到引用。
             此引用不是“CopyLocal”，因为至少有一个源项将“Private”设置为“false”，而没有源项将“Private”设置为“true”。
         主引用“System.Xml, Version=4.0.0.0, Culture=neutral, PublicKeyToken=b77a5c561934e089”。
             解析的文件路径为“C:\Users\Administrator\.nuget\packages\microsoft.netcore.app.ref\8.0.24\ref\net8.0\System.Xml.dll”。
             在搜索路径位置“{RawFileName}”找到引用。
             此引用不是“CopyLocal”，因为至少有一个源项将“Private”设置为“false”，而没有源项将“Private”设置为“true”。
         主引用“System, Version=4.0.0.0, Culture=neutral, PublicKeyToken=b77a5c561934e089”。
             解析的文件路径为“C:\Users\Administrator\.nuget\packages\microsoft.netcore.app.ref\8.0.24\ref\net8.0\System.dll”。
             在搜索路径位置“{RawFileName}”找到引用。
             此引用不是“CopyLocal”，因为至少有一个源项将“Private”设置为“false”，而没有源项将“Private”设置为“true”。
         主引用“mscorlib, Version=4.0.0.0, Culture=neutral, PublicKeyToken=b77a5c561934e089”。
             解析的文件路径为“C:\Users\Administrator\.nuget\packages\microsoft.netcore.app.ref\8.0.24\ref\net8.0\mscorlib.dll”。
             在搜索路径位置“{RawFileName}”找到引用。
             此引用不是“CopyLocal”，因为至少有一个源项将“Private”设置为“false”，而没有源项将“Private”设置为“true”。
         主引用“netstandard, Version=2.1.0.0, Culture=neutral, PublicKeyToken=cc7b13ffcd2ddd51”。
             解析的文件路径为“C:\Users\Administrator\.nuget\packages\microsoft.netcore.app.ref\8.0.24\ref\net8.0\netstandard.dll”。
             在搜索路径位置“{RawFileName}”找到引用。
             此引用不是“CopyLocal”，因为至少有一个源项将“Private”设置为“false”，而没有源项将“Private”设置为“true”。
         主引用“Accessibility, Version=4.0.0.0, Culture=neutral, PublicKeyToken=31bf3856ad364e35”。
             解析的文件路径为“C:\Users\Administrator\.nuget\packages\microsoft.windowsdesktop.app.ref\8.0.24\ref\net8.0\Accessibility.dll”。
             在搜索路径位置“{RawFileName}”找到引用。
             此引用不是“CopyLocal”，因为至少有一个源项将“Private”设置为“false”，而没有源项将“Private”设置为“true”。
         主引用“Microsoft.Win32.Registry.AccessControl, Version=8.0.0.0, Culture=neutral, PublicKeyToken=b03f5f7f11d50a3a”。
             解析的文件路径为“C:\Users\Administrator\.nuget\packages\microsoft.windowsdesktop.app.ref\8.0.24\ref\net8.0\Microsoft.Win32.Registry.AccessControl.dll”。
             在搜索路径位置“{RawFileName}”找到引用。
             此引用不是“CopyLocal”，因为至少有一个源项将“Private”设置为“false”，而没有源项将“Private”设置为“true”。
         主引用“Microsoft.Win32.SystemEvents, Version=8.0.0.0, Culture=neutral, PublicKeyToken=cc7b13ffcd2ddd51”。
             解析的文件路径为“C:\Users\Administrator\.nuget\packages\microsoft.windowsdesktop.app.ref\8.0.24\ref\net8.0\Microsoft.Win32.SystemEvents.dll”。
             在搜索路径位置“{RawFileName}”找到引用。
             此引用不是“CopyLocal”，因为至少有一个源项将“Private”设置为“false”，而没有源项将“Private”设置为“true”。
         统一主引用“PresentationCore, Version=8.0.0.0, Culture=neutral, PublicKeyToken=31bf3856ad364e35”。
             使用此版本而不是“C:\Users\Administrator\.nuget\packages\microsoft.web.webview2\1.0.2849.39\lib_manual\net5.0-windows10.0.17763.0\Microsoft.Web.WebView2.Wpf.dll”中的原始版本“5.0.0.0”，因为 AutoUnify 为“true”。
             解析的文件路径为“C:\Users\Administrator\.nuget\packages\microsoft.windowsdesktop.app.ref\8.0.24\ref\net8.0\PresentationCore.dll”。
             在搜索路径位置“{RawFileName}”找到引用。
             此引用不是“CopyLocal”，因为至少有一个源项将“Private”设置为“false”，而没有源项将“Private”设置为“true”。
         主引用“PresentationFramework.Aero, Version=8.0.0.0, Culture=neutral, PublicKeyToken=31bf3856ad364e35”。
             解析的文件路径为“C:\Users\Administrator\.nuget\packages\microsoft.windowsdesktop.app.ref\8.0.24\ref\net8.0\PresentationFramework.Aero.dll”。
             在搜索路径位置“{RawFileName}”找到引用。
             此引用不是“CopyLocal”，因为至少有一个源项将“Private”设置为“false”，而没有源项将“Private”设置为“true”。
         主引用“PresentationFramework.Aero2, Version=8.0.0.0, Culture=neutral, PublicKeyToken=31bf3856ad364e35”。
             解析的文件路径为“C:\Users\Administrator\.nuget\packages\microsoft.windowsdesktop.app.ref\8.0.24\ref\net8.0\PresentationFramework.Aero2.dll”。
             在搜索路径位置“{RawFileName}”找到引用。
             此引用不是“CopyLocal”，因为至少有一个源项将“Private”设置为“false”，而没有源项将“Private”设置为“true”。
         主引用“PresentationFramework.AeroLite, Version=8.0.0.0, Culture=neutral, PublicKeyToken=31bf3856ad364e35”。
             解析的文件路径为“C:\Users\Administrator\.nuget\packages\microsoft.windowsdesktop.app.ref\8.0.24\ref\net8.0\PresentationFramework.AeroLite.dll”。
             在搜索路径位置“{RawFileName}”找到引用。
             此引用不是“CopyLocal”，因为至少有一个源项将“Private”设置为“false”，而没有源项将“Private”设置为“true”。
         主引用“PresentationFramework.Classic, Version=8.0.0.0, Culture=neutral, PublicKeyToken=31bf3856ad364e35”。
             解析的文件路径为“C:\Users\Administrator\.nuget\packages\microsoft.windowsdesktop.app.ref\8.0.24\ref\net8.0\PresentationFramework.Classic.dll”。
             在搜索路径位置“{RawFileName}”找到引用。
             此引用不是“CopyLocal”，因为至少有一个源项将“Private”设置为“false”，而没有源项将“Private”设置为“true”。
         主引用“PresentationFramework.Luna, Version=8.0.0.0, Culture=neutral, PublicKeyToken=31bf3856ad364e35”。
             解析的文件路径为“C:\Users\Administrator\.nuget\packages\microsoft.windowsdesktop.app.ref\8.0.24\ref\net8.0\PresentationFramework.Luna.dll”。
             在搜索路径位置“{RawFileName}”找到引用。
             此引用不是“CopyLocal”，因为至少有一个源项将“Private”设置为“false”，而没有源项将“Private”设置为“true”。
         主引用“PresentationFramework.Royale, Version=8.0.0.0, Culture=neutral, PublicKeyToken=31bf3856ad364e35”。
             解析的文件路径为“C:\Users\Administrator\.nuget\packages\microsoft.windowsdesktop.app.ref\8.0.24\ref\net8.0\PresentationFramework.Royale.dll”。
             在搜索路径位置“{RawFileName}”找到引用。
             此引用不是“CopyLocal”，因为至少有一个源项将“Private”设置为“false”，而没有源项将“Private”设置为“true”。
         统一主引用“PresentationFramework, Version=8.0.0.0, Culture=neutral, PublicKeyToken=31bf3856ad364e35”。
             使用此版本而不是“C:\Users\Administrator\.nuget\packages\microsoft.web.webview2\1.0.2849.39\lib_manual\net5.0-windows10.0.17763.0\Microsoft.Web.WebView2.Wpf.dll”中的原始版本“5.0.0.0”，因为 AutoUnify 为“true”。
             解析的文件路径为“C:\Users\Administrator\.nuget\packages\microsoft.windowsdesktop.app.ref\8.0.24\ref\net8.0\PresentationFramework.dll”。
             在搜索路径位置“{RawFileName}”找到引用。
             此引用不是“CopyLocal”，因为至少有一个源项将“Private”设置为“false”，而没有源项将“Private”设置为“true”。
         主引用“PresentationUI, Version=8.0.0.0, Culture=neutral, PublicKeyToken=b77a5c561934e089”。
             解析的文件路径为“C:\Users\Administrator\.nuget\packages\microsoft.windowsdesktop.app.ref\8.0.24\ref\net8.0\PresentationUI.dll”。
             在搜索路径位置“{RawFileName}”找到引用。
             此引用不是“CopyLocal”，因为至少有一个源项将“Private”设置为“false”，而没有源项将“Private”设置为“true”。
         主引用“ReachFramework, Version=8.0.0.0, Culture=neutral, PublicKeyToken=31bf3856ad364e35”。
             解析的文件路径为“C:\Users\Administrator\.nuget\packages\microsoft.windowsdesktop.app.ref\8.0.24\ref\net8.0\ReachFramework.dll”。
             在搜索路径位置“{RawFileName}”找到引用。
             此引用不是“CopyLocal”，因为至少有一个源项将“Private”设置为“false”，而没有源项将“Private”设置为“true”。
         主引用“System.CodeDom, Version=8.0.0.0, Culture=neutral, PublicKeyToken=cc7b13ffcd2ddd51”。
             解析的文件路径为“C:\Users\Administrator\.nuget\packages\microsoft.windowsdesktop.app.ref\8.0.24\ref\net8.0\System.CodeDom.dll”。
             在搜索路径位置“{RawFileName}”找到引用。
             此引用不是“CopyLocal”，因为至少有一个源项将“Private”设置为“false”，而没有源项将“Private”设置为“true”。
         主引用“System.Configuration.ConfigurationManager, Version=8.0.0.0, Culture=neutral, PublicKeyToken=cc7b13ffcd2ddd51”。
             解析的文件路径为“C:\Users\Administrator\.nuget\packages\microsoft.windowsdesktop.app.ref\8.0.24\ref\net8.0\System.Configuration.ConfigurationManager.dll”。
             在搜索路径位置“{RawFileName}”找到引用。
             此引用不是“CopyLocal”，因为至少有一个源项将“Private”设置为“false”，而没有源项将“Private”设置为“true”。
         主引用“System.Diagnostics.EventLog, Version=8.0.0.0, Culture=neutral, PublicKeyToken=cc7b13ffcd2ddd51”。
             解析的文件路径为“C:\Users\Administrator\.nuget\packages\microsoft.windowsdesktop.app.ref\8.0.24\ref\net8.0\System.Diagnostics.EventLog.dll”。
             在搜索路径位置“{RawFileName}”找到引用。
             此引用不是“CopyLocal”，因为至少有一个源项将“Private”设置为“false”，而没有源项将“Private”设置为“true”。
         主引用“System.Diagnostics.PerformanceCounter, Version=8.0.0.0, Culture=neutral, PublicKeyToken=cc7b13ffcd2ddd51”。
             解析的文件路径为“C:\Users\Administrator\.nuget\packages\microsoft.windowsdesktop.app.ref\8.0.24\ref\net8.0\System.Diagnostics.PerformanceCounter.dll”。
             在搜索路径位置“{RawFileName}”找到引用。
             此引用不是“CopyLocal”，因为至少有一个源项将“Private”设置为“false”，而没有源项将“Private”设置为“true”。
         主引用“System.DirectoryServices, Version=8.0.0.0, Culture=neutral, PublicKeyToken=b03f5f7f11d50a3a”。
             解析的文件路径为“C:\Users\Administrator\.nuget\packages\microsoft.windowsdesktop.app.ref\8.0.24\ref\net8.0\System.DirectoryServices.dll”。
             在搜索路径位置“{RawFileName}”找到引用。
             此引用不是“CopyLocal”，因为至少有一个源项将“Private”设置为“false”，而没有源项将“Private”设置为“true”。
         主引用“System.IO.Packaging, Version=8.0.0.0, Culture=neutral, PublicKeyToken=b03f5f7f11d50a3a”。
             解析的文件路径为“C:\Users\Administrator\.nuget\packages\microsoft.windowsdesktop.app.ref\8.0.24\ref\net8.0\System.IO.Packaging.dll”。
             在搜索路径位置“{RawFileName}”找到引用。
             此引用不是“CopyLocal”，因为至少有一个源项将“Private”设置为“false”，而没有源项将“Private”设置为“true”。
         主引用“System.Printing, Version=8.0.0.0, Culture=neutral, PublicKeyToken=31bf3856ad364e35”。
             解析的文件路径为“C:\Users\Administrator\.nuget\packages\microsoft.windowsdesktop.app.ref\8.0.24\ref\net8.0\System.Printing.dll”。
             在搜索路径位置“{RawFileName}”找到引用。
             此引用不是“CopyLocal”，因为至少有一个源项将“Private”设置为“false”，而没有源项将“Private”设置为“true”。
         主引用“System.Resources.Extensions, Version=8.0.0.0, Culture=neutral, PublicKeyToken=cc7b13ffcd2ddd51”。
             解析的文件路径为“C:\Users\Administrator\.nuget\packages\microsoft.windowsdesktop.app.ref\8.0.24\ref\net8.0\System.Resources.Extensions.dll”。
             在搜索路径位置“{RawFileName}”找到引用。
             此引用不是“CopyLocal”，因为至少有一个源项将“Private”设置为“false”，而没有源项将“Private”设置为“true”。
         主引用“System.Security.Cryptography.Pkcs, Version=8.0.0.0, Culture=neutral, PublicKeyToken=b03f5f7f11d50a3a”。
             解析的文件路径为“C:\Users\Administrator\.nuget\packages\microsoft.windowsdesktop.app.ref\8.0.24\ref\net8.0\System.Security.Cryptography.Pkcs.dll”。
             在搜索路径位置“{RawFileName}”找到引用。
             此引用不是“CopyLocal”，因为至少有一个源项将“Private”设置为“false”，而没有源项将“Private”设置为“true”。
         主引用“System.Security.Cryptography.ProtectedData, Version=8.0.0.0, Culture=neutral, PublicKeyToken=b03f5f7f11d50a3a”。
             解析的文件路径为“C:\Users\Administrator\.nuget\packages\microsoft.windowsdesktop.app.ref\8.0.24\ref\net8.0\System.Security.Cryptography.ProtectedData.dll”。
             在搜索路径位置“{RawFileName}”找到引用。
             此引用不是“CopyLocal”，因为至少有一个源项将“Private”设置为“false”，而没有源项将“Private”设置为“true”。
         主引用“System.Security.Cryptography.Xml, Version=8.0.0.0, Culture=neutral, PublicKeyToken=cc7b13ffcd2ddd51”。
             解析的文件路径为“C:\Users\Administrator\.nuget\packages\microsoft.windowsdesktop.app.ref\8.0.24\ref\net8.0\System.Security.Cryptography.Xml.dll”。
             在搜索路径位置“{RawFileName}”找到引用。
             此引用不是“CopyLocal”，因为至少有一个源项将“Private”设置为“false”，而没有源项将“Private”设置为“true”。
         主引用“System.Security.Permissions, Version=8.0.0.0, Culture=neutral, PublicKeyToken=cc7b13ffcd2ddd51”。
             解析的文件路径为“C:\Users\Administrator\.nuget\packages\microsoft.windowsdesktop.app.ref\8.0.24\ref\net8.0\System.Security.Permissions.dll”。
             在搜索路径位置“{RawFileName}”找到引用。
             此引用不是“CopyLocal”，因为至少有一个源项将“Private”设置为“false”，而没有源项将“Private”设置为“true”。
         主引用“System.Threading.AccessControl, Version=8.0.0.0, Culture=neutral, PublicKeyToken=b03f5f7f11d50a3a”。
             解析的文件路径为“C:\Users\Administrator\.nuget\packages\microsoft.windowsdesktop.app.ref\8.0.24\ref\net8.0\System.Threading.AccessControl.dll”。
             在搜索路径位置“{RawFileName}”找到引用。
             此引用不是“CopyLocal”，因为至少有一个源项将“Private”设置为“false”，而没有源项将“Private”设置为“true”。
         主引用“System.Windows.Controls.Ribbon, Version=8.0.0.0, Culture=neutral, PublicKeyToken=b77a5c561934e089”。
             解析的文件路径为“C:\Users\Administrator\.nuget\packages\microsoft.windowsdesktop.app.ref\8.0.24\ref\net8.0\System.Windows.Controls.Ribbon.dll”。
             在搜索路径位置“{RawFileName}”找到引用。
             此引用不是“CopyLocal”，因为至少有一个源项将“Private”设置为“false”，而没有源项将“Private”设置为“true”。
         主引用“System.Windows.Extensions, Version=8.0.0.0, Culture=neutral, PublicKeyToken=cc7b13ffcd2ddd51”。
             解析的文件路径为“C:\Users\Administrator\.nuget\packages\microsoft.windowsdesktop.app.ref\8.0.24\ref\net8.0\System.Windows.Extensions.dll”。
             在搜索路径位置“{RawFileName}”找到引用。
             此引用不是“CopyLocal”，因为至少有一个源项将“Private”设置为“false”，而没有源项将“Private”设置为“true”。
         主引用“System.Windows.Input.Manipulations, Version=8.0.0.0, Culture=neutral, PublicKeyToken=b77a5c561934e089”。
             解析的文件路径为“C:\Users\Administrator\.nuget\packages\microsoft.windowsdesktop.app.ref\8.0.24\ref\net8.0\System.Windows.Input.Manipulations.dll”。
             在搜索路径位置“{RawFileName}”找到引用。
             此引用不是“CopyLocal”，因为至少有一个源项将“Private”设置为“false”，而没有源项将“Private”设置为“true”。
         主引用“System.Windows.Presentation, Version=8.0.0.0, Culture=neutral, PublicKeyToken=b77a5c561934e089”。
             解析的文件路径为“C:\Users\Administrator\.nuget\packages\microsoft.windowsdesktop.app.ref\8.0.24\ref\net8.0\System.Windows.Presentation.dll”。
             在搜索路径位置“{RawFileName}”找到引用。
             此引用不是“CopyLocal”，因为至少有一个源项将“Private”设置为“false”，而没有源项将“Private”设置为“true”。
         主引用“System.Xaml, Version=8.0.0.0, Culture=neutral, PublicKeyToken=b77a5c561934e089”。
             解析的文件路径为“C:\Users\Administrator\.nuget\packages\microsoft.windowsdesktop.app.ref\8.0.24\ref\net8.0\System.Xaml.dll”。
             在搜索路径位置“{RawFileName}”找到引用。
             此引用不是“CopyLocal”，因为至少有一个源项将“Private”设置为“false”，而没有源项将“Private”设置为“true”。
         主引用“UIAutomationClient, Version=8.0.0.0, Culture=neutral, PublicKeyToken=31bf3856ad364e35”。
             解析的文件路径为“C:\Users\Administrator\.nuget\packages\microsoft.windowsdesktop.app.ref\8.0.24\ref\net8.0\UIAutomationClient.dll”。
             在搜索路径位置“{RawFileName}”找到引用。
             此引用不是“CopyLocal”，因为至少有一个源项将“Private”设置为“false”，而没有源项将“Private”设置为“true”。
         主引用“UIAutomationClientSideProviders, Version=8.0.0.0, Culture=neutral, PublicKeyToken=b77a5c561934e089”。
             解析的文件路径为“C:\Users\Administrator\.nuget\packages\microsoft.windowsdesktop.app.ref\8.0.24\ref\net8.0\UIAutomationClientSideProviders.dll”。
             在搜索路径位置“{RawFileName}”找到引用。
             此引用不是“CopyLocal”，因为至少有一个源项将“Private”设置为“false”，而没有源项将“Private”设置为“true”。
         主引用“UIAutomationProvider, Version=8.0.0.0, Culture=neutral, PublicKeyToken=31bf3856ad364e35”。
             解析的文件路径为“C:\Users\Administrator\.nuget\packages\microsoft.windowsdesktop.app.ref\8.0.24\ref\net8.0\UIAutomationProvider.dll”。
             在搜索路径位置“{RawFileName}”找到引用。
             此引用不是“CopyLocal”，因为至少有一个源项将“Private”设置为“false”，而没有源项将“Private”设置为“true”。
         主引用“UIAutomationTypes, Version=8.0.0.0, Culture=neutral, PublicKeyToken=31bf3856ad364e35”。
             解析的文件路径为“C:\Users\Administrator\.nuget\packages\microsoft.windowsdesktop.app.ref\8.0.24\ref\net8.0\UIAutomationTypes.dll”。
             在搜索路径位置“{RawFileName}”找到引用。
             此引用不是“CopyLocal”，因为至少有一个源项将“Private”设置为“false”，而没有源项将“Private”设置为“true”。
         统一主引用“WindowsBase, Version=8.0.0.0, Culture=neutral, PublicKeyToken=31bf3856ad364e35”。
             使用此版本而不是“C:\Users\Administrator\.nuget\packages\microsoft.web.webview2\1.0.2849.39\lib_manual\net5.0-windows10.0.17763.0\Microsoft.Web.WebView2.Wpf.dll”中的原始版本“5.0.0.0”，因为 AutoUnify 为“true”。
             解析的文件路径为“C:\Users\Administrator\.nuget\packages\microsoft.windowsdesktop.app.ref\8.0.24\ref\net8.0\WindowsBase.dll”。
             在搜索路径位置“{RawFileName}”找到引用。
             此引用不是“CopyLocal”，因为至少有一个源项将“Private”设置为“false”，而没有源项将“Private”设置为“true”。
         依赖项“System.Windows.Forms, Version=4.0.0.0, Culture=neutral, PublicKeyToken=b77a5c561934e089”。
             未能解析此引用。未能找到程序集“System.Windows.Forms, Version=4.0.0.0, Culture=neutral, PublicKeyToken=b77a5c561934e089”。请检查磁盘上是否存在该程序集。 如果您的代码需要此引用，则可能出现编译错误。
                 对于 SearchPath“C:\Users\Administrator\.nuget\packages\microsoft.web.webview2\1.0.2849.39\lib_manual\netcoreapp3.0”(通过引用程序集“C:\Users\Administrator\.nuget\packages\microsoft.web.webview2\1.0.2849.39\lib_manual\netcoreapp3.0\Microsoft.Web.WebView2.WinForms.dll”添加)。
                 已考虑使用“C:\Users\Administrator\.nuget\packages\microsoft.web.webview2\1.0.2849.39\lib_manual\netcoreapp3.0\System.Windows.Forms.winmd”，但它不存在。
                 已考虑使用“C:\Users\Administrator\.nuget\packages\microsoft.web.webview2\1.0.2849.39\lib_manual\netcoreapp3.0\System.Windows.Forms.dll”，但它不存在。
                 已考虑使用“C:\Users\Administrator\.nuget\packages\microsoft.web.webview2\1.0.2849.39\lib_manual\netcoreapp3.0\System.Windows.Forms.exe”，但它不存在。
                 用于 SearchPath“{CandidateAssemblyFiles}”。
                 已考虑使用“C:\Users\Administrator\.nuget\packages\microsoft.web.webview2\1.0.2849.39\build\\..\runtimes\win-x86\native\WebView2Loader.dll”，
         			但它的名称“WebView2Loader”
         			与预期名称“System.Windows.Forms, Version=4.0.0.0, Culture=neutral, PublicKeyToken=b77a5c561934e089”不匹配。
                 已考虑使用“C:\Users\Administrator\.nuget\packages\microsoft.web.webview2\1.0.2849.39\build\\..\runtimes\win-x64\native\WebView2Loader.dll”，
         			但它的名称“WebView2Loader”
         			与预期名称“System.Windows.Forms, Version=4.0.0.0, Culture=neutral, PublicKeyToken=b77a5c561934e089”不匹配。
                 已考虑使用“C:\Users\Administrator\.nuget\packages\microsoft.web.webview2\1.0.2849.39\build\\..\runtimes\win-arm64\native\WebView2Loader.dll”，
         			但它的名称“WebView2Loader”
         			与预期名称“System.Windows.Forms, Version=4.0.0.0, Culture=neutral, PublicKeyToken=b77a5c561934e089”不匹配。
                 已考虑使用“installer\WebViewHub_Install_v1.0.0.exe”，
         			但它的名称“WebViewHub_Install_v1.0.0”
         			与预期名称“System.Windows.Forms, Version=4.0.0.0, Culture=neutral, PublicKeyToken=b77a5c561934e089”不匹配。
                 已考虑使用“publish-clean\D3DCompiler_47_cor3.dll”，
         			但它的名称“D3DCompiler_47_cor3”
         			与预期名称“System.Windows.Forms, Version=4.0.0.0, Culture=neutral, PublicKeyToken=b77a5c561934e089”不匹配。
                 已考虑使用“publish-clean\e_sqlite3.dll”，
         			但它的名称“e_sqlite3”
         			与预期名称“System.Windows.Forms, Version=4.0.0.0, Culture=neutral, PublicKeyToken=b77a5c561934e089”不匹配。
                 已考虑使用“publish-clean\PenImc_cor3.dll”，
         			但它的名称“PenImc_cor3”
         			与预期名称“System.Windows.Forms, Version=4.0.0.0, Culture=neutral, PublicKeyToken=b77a5c561934e089”不匹配。
                 已考虑使用“publish-clean\PresentationNative_cor3.dll”，
         			但它的名称“PresentationNative_cor3”
         			与预期名称“System.Windows.Forms, Version=4.0.0.0, Culture=neutral, PublicKeyToken=b77a5c561934e089”不匹配。
                 已考虑使用“publish-clean\runtimes\win-x64\native\WebView2Loader.dll”，
         			但它的名称“WebView2Loader”
         			与预期名称“System.Windows.Forms, Version=4.0.0.0, Culture=neutral, PublicKeyToken=b77a5c561934e089”不匹配。
                 已考虑使用“publish-clean\vcruntime140_cor3.dll”，
         			但它的名称“vcruntime140_cor3”
         			与预期名称“System.Windows.Forms, Version=4.0.0.0, Culture=neutral, PublicKeyToken=b77a5c561934e089”不匹配。
                 已考虑使用“publish-clean\WebView2Loader.dll”，
         			但它的名称“WebView2Loader”
         			与预期名称“System.Windows.Forms, Version=4.0.0.0, Culture=neutral, PublicKeyToken=b77a5c561934e089”不匹配。
                 已考虑使用“publish-clean\WebViewHub.exe”，
         			但它的名称“WebViewHub”
         			与预期名称“System.Windows.Forms, Version=4.0.0.0, Culture=neutral, PublicKeyToken=b77a5c561934e089”不匹配。
                 已考虑使用“publish-clean\wpfgfx_cor3.dll”，
         			但它的名称“wpfgfx_cor3”
         			与预期名称“System.Windows.Forms, Version=4.0.0.0, Culture=neutral, PublicKeyToken=b77a5c561934e089”不匹配。
                 已考虑使用“publish-sc\Accessibility.dll”，
         			但它的名称“Accessibility”
         			与预期名称“System.Windows.Forms, Version=4.0.0.0, Culture=neutral, PublicKeyToken=b77a5c561934e089”不匹配。
                 已考虑使用“publish-sc\clretwrc.dll”，
         			但它的名称“clretwrc”
         			与预期名称“System.Windows.Forms, Version=4.0.0.0, Culture=neutral, PublicKeyToken=b77a5c561934e089”不匹配。
                 已考虑使用“publish-sc\clrgc.dll”，
         			但它的名称“clrgc”
         			与预期名称“System.Windows.Forms, Version=4.0.0.0, Culture=neutral, PublicKeyToken=b77a5c561934e089”不匹配。
                 已考虑使用“publish-sc\clrjit.dll”，
         			但它的名称“clrjit”
         			与预期名称“System.Windows.Forms, Version=4.0.0.0, Culture=neutral, PublicKeyToken=b77a5c561934e089”不匹配。
                 已考虑使用“publish-sc\CommunityToolkit.Mvvm.dll”，
         			但它的名称“CommunityToolkit.Mvvm”
         			与预期名称“System.Windows.Forms, Version=4.0.0.0, Culture=neutral, PublicKeyToken=b77a5c561934e089”不匹配。
                 已考虑使用“publish-sc\coreclr.dll”，
         			但它的名称“coreclr”
         			与预期名称“System.Windows.Forms, Version=4.0.0.0, Culture=neutral, PublicKeyToken=b77a5c561934e089”不匹配。
                 已考虑使用“publish-sc\createdump.exe”，
         			但它的名称“createdump”
         			与预期名称“System.Windows.Forms, Version=4.0.0.0, Culture=neutral, PublicKeyToken=b77a5c561934e089”不匹配。
                 已考虑使用“publish-sc\cs\Microsoft.VisualBasic.Forms.resources.dll”，
         			但它的名称“Microsoft.VisualBasic.Forms.resources”
         			与预期名称“System.Windows.Forms, Version=4.0.0.0, Culture=neutral, PublicKeyToken=b77a5c561934e089”不匹配。
                 已考虑使用“publish-sc\cs\PresentationCore.resources.dll”，
         			但它的名称“PresentationCore.resources”
         			与预期名称“System.Windows.Forms, Version=4.0.0.0, Culture=neutral, PublicKeyToken=b77a5c561934e089”不匹配。
                 已考虑使用“publish-sc\cs\PresentationFramework.resources.dll”，
         			但它的名称“PresentationFramework.resources”
         			与预期名称“System.Windows.Forms, Version=4.0.0.0, Culture=neutral, PublicKeyToken=b77a5c561934e089”不匹配。
                 已考虑使用“publish-sc\cs\PresentationUI.resources.dll”，
         			但它的名称“PresentationUI.resources”
         			与预期名称“System.Windows.Forms, Version=4.0.0.0, Culture=neutral, PublicKeyToken=b77a5c561934e089”不匹配。
                 已考虑使用“publish-sc\cs\ReachFramework.resources.dll”，
         			但它的名称“ReachFramework.resources”
         			与预期名称“System.Windows.Forms, Version=4.0.0.0, Culture=neutral, PublicKeyToken=b77a5c561934e089”不匹配。
                 已考虑使用“publish-sc\cs\System.Windows.Controls.Ribbon.resources.dll”，
         			但它的名称“System.Windows.Controls.Ribbon.resources”
         			与预期名称“System.Windows.Forms, Version=4.0.0.0, Culture=neutral, PublicKeyToken=b77a5c561934e089”不匹配。
                 已考虑使用“publish-sc\cs\System.Windows.Forms.Design.resources.dll”，
         			但它的名称“System.Windows.Forms.Design.resources”
         			与预期名称“System.Windows.Forms, Version=4.0.0.0, Culture=neutral, PublicKeyToken=b77a5c561934e089”不匹配。
                 已考虑使用“publish-sc\cs\System.Windows.Forms.Primitives.resources.dll”，
         			但它的名称“System.Windows.Forms.Primitives.resources”
         			与预期名称“System.Windows.Forms, Version=4.0.0.0, Culture=neutral, PublicKeyToken=b77a5c561934e089”不匹配。
                 已考虑使用“publish-sc\cs\System.Windows.Forms.resources.dll”，
         			但它的名称“System.Windows.Forms.resources”
         			与预期名称“System.Windows.Forms, Version=4.0.0.0, Culture=neutral, PublicKeyToken=b77a5c561934e089”不匹配。
                 已考虑使用“publish-sc\cs\System.Windows.Input.Manipulations.resources.dll”，
         			但它的名称“System.Windows.Input.Manipulations.resources”
         			与预期名称“System.Windows.Forms, Version=4.0.0.0, Culture=neutral, PublicKeyToken=b77a5c561934e089”不匹配。
                 已考虑使用“publish-sc\cs\System.Xaml.resources.dll”，
         			但它的名称“System.Xaml.resources”
         			与预期名称“System.Windows.Forms, Version=4.0.0.0, Culture=neutral, PublicKeyToken=b77a5c561934e089”不匹配。
                 已考虑使用“publish-sc\cs\UIAutomationClient.resources.dll”，
         			但它的名称“UIAutomationClient.resources”
         			与预期名称“System.Windows.Forms, Version=4.0.0.0, Culture=neutral, PublicKeyToken=b77a5c561934e089”不匹配。
                 已考虑使用“publish-sc\cs\UIAutomationClientSideProviders.resources.dll”，
         			但它的名称“UIAutomationClientSideProviders.resources”
         			与预期名称“System.Windows.Forms, Version=4.0.0.0, Culture=neutral, PublicKeyToken=b77a5c561934e089”不匹配。
                 已考虑使用“publish-sc\cs\UIAutomationProvider.resources.dll”，
         			但它的名称“UIAutomationProvider.resources”
         			与预期名称“System.Windows.Forms, Version=4.0.0.0, Culture=neutral, PublicKeyToken=b77a5c561934e089”不匹配。
                 已考虑使用“publish-sc\cs\UIAutomationTypes.resources.dll”，
         			但它的名称“UIAutomationTypes.resources”
         			与预期名称“System.Windows.Forms, Version=4.0.0.0, Culture=neutral, PublicKeyToken=b77a5c561934e089”不匹配。
                 已考虑使用“publish-sc\cs\WindowsBase.resources.dll”，
         			但它的名称“WindowsBase.resources”
         			与预期名称“System.Windows.Forms, Version=4.0.0.0, Culture=neutral, PublicKeyToken=b77a5c561934e089”不匹配。
                 已考虑使用“publish-sc\cs\WindowsFormsIntegration.resources.dll”，
         			但它的名称“WindowsFormsIntegration.resources”
         			与预期名称“System.Windows.Forms, Version=4.0.0.0, Culture=neutral, PublicKeyToken=b77a5c561934e089”不匹配。
                 已考虑使用“publish-sc\D3DCompiler_47_cor3.dll”，
         			但它的名称“D3DCompiler_47_cor3”
         			与预期名称“System.Windows.Forms, Version=4.0.0.0, Culture=neutral, PublicKeyToken=b77a5c561934e089”不匹配。
                 已考虑使用“publish-sc\de\Microsoft.VisualBasic.Forms.resources.dll”，
         			但它的名称“Microsoft.VisualBasic.Forms.resources”
         			与预期名称“System.Windows.Forms, Version=4.0.0.0, Culture=neutral, PublicKeyToken=b77a5c561934e089”不匹配。
                 已考虑使用“publish-sc\de\PresentationCore.resources.dll”，
         			但它的名称“PresentationCore.resources”
         			与预期名称“System.Windows.Forms, Version=4.0.0.0, Culture=neutral, PublicKeyToken=b77a5c561934e089”不匹配。
                 已考虑使用“publish-sc\de\PresentationFramework.resources.dll”，
         			但它的名称“PresentationFramework.resources”
         			与预期名称“System.Windows.Forms, Version=4.0.0.0, Culture=neutral, PublicKeyToken=b77a5c561934e089”不匹配。
                 已考虑使用“publish-sc\de\PresentationUI.resources.dll”，
         			但它的名称“PresentationUI.resources”
         			与预期名称“System.Windows.Forms, Version=4.0.0.0, Culture=neutral, PublicKeyToken=b77a5c561934e089”不匹配。
                 已考虑使用“publish-sc\de\ReachFramework.resources.dll”，
         			但它的名称“ReachFramework.resources”
         			与预期名称“System.Windows.Forms, Version=4.0.0.0, Culture=neutral, PublicKeyToken=b77a5c561934e089”不匹配。
                 已考虑使用“publish-sc\de\System.Windows.Controls.Ribbon.resources.dll”，
         			但它的名称“System.Windows.Controls.Ribbon.resources”
         			与预期名称“System.Windows.Forms, Version=4.0.0.0, Culture=neutral, PublicKeyToken=b77a5c561934e089”不匹配。
                 已考虑使用“publish-sc\de\System.Windows.Forms.Design.resources.dll”，
         			但它的名称“System.Windows.Forms.Design.resources”
         			与预期名称“System.Windows.Forms, Version=4.0.0.0, Culture=neutral, PublicKeyToken=b77a5c561934e089”不匹配。
                 已考虑使用“publish-sc\de\System.Windows.Forms.Primitives.resources.dll”，
         			但它的名称“System.Windows.Forms.Primitives.resources”
         			与预期名称“System.Windows.Forms, Version=4.0.0.0, Culture=neutral, PublicKeyToken=b77a5c561934e089”不匹配。
                 已考虑使用“publish-sc\de\System.Windows.Forms.resources.dll”，
         			但它的名称“System.Windows.Forms.resources”
         			与预期名称“System.Windows.Forms, Version=4.0.0.0, Culture=neutral, PublicKeyToken=b77a5c561934e089”不匹配。
                 已考虑使用“publish-sc\de\System.Windows.Input.Manipulations.resources.dll”，
         			但它的名称“System.Windows.Input.Manipulations.resources”
         			与预期名称“System.Windows.Forms, Version=4.0.0.0, Culture=neutral, PublicKeyToken=b77a5c561934e089”不匹配。
                 已考虑使用“publish-sc\de\System.Xaml.resources.dll”，
         			但它的名称“System.Xaml.resources”
         			与预期名称“System.Windows.Forms, Version=4.0.0.0, Culture=neutral, PublicKeyToken=b77a5c561934e089”不匹配。
                 已考虑使用“publish-sc\de\UIAutomationClient.resources.dll”，
         			但它的名称“UIAutomationClient.resources”
         			与预期名称“System.Windows.Forms, Version=4.0.0.0, Culture=neutral, PublicKeyToken=b77a5c561934e089”不匹配。
                 已考虑使用“publish-sc\de\UIAutomationClientSideProviders.resources.dll”，
         			但它的名称“UIAutomationClientSideProviders.resources”
         			与预期名称“System.Windows.Forms, Version=4.0.0.0, Culture=neutral, PublicKeyToken=b77a5c561934e089”不匹配。
                 已考虑使用“publish-sc\de\UIAutomationProvider.resources.dll”，
         			但它的名称“UIAutomationProvider.resources”
         			与预期名称“System.Windows.Forms, Version=4.0.0.0, Culture=neutral, PublicKeyToken=b77a5c561934e089”不匹配。
                 已考虑使用“publish-sc\de\UIAutomationTypes.resources.dll”，
         			但它的名称“UIAutomationTypes.resources”
         			与预期名称“System.Windows.Forms, Version=4.0.0.0, Culture=neutral, PublicKeyToken=b77a5c561934e089”不匹配。
                 已考虑使用“publish-sc\de\WindowsBase.resources.dll”，
         			但它的名称“WindowsBase.resources”
         			与预期名称“System.Windows.Forms, Version=4.0.0.0, Culture=neutral, PublicKeyToken=b77a5c561934e089”不匹配。
                 已考虑使用“publish-sc\de\WindowsFormsIntegration.resources.dll”，
         			但它的名称“WindowsFormsIntegration.resources”
         			与预期名称“System.Windows.Forms, Version=4.0.0.0, Culture=neutral, PublicKeyToken=b77a5c561934e089”不匹配。
                 已考虑使用“publish-sc\DirectWriteForwarder.dll”，
         			但它的名称“DirectWriteForwarder”
         			与预期名称“System.Windows.Forms, Version=4.0.0.0, Culture=neutral, PublicKeyToken=b77a5c561934e089”不匹配。
                 已考虑使用“publish-sc\es\Microsoft.VisualBasic.Forms.resources.dll”，
         			但它的名称“Microsoft.VisualBasic.Forms.resources”
         			与预期名称“System.Windows.Forms, Version=4.0.0.0, Culture=neutral, PublicKeyToken=b77a5c561934e089”不匹配。
                 已考虑使用“publish-sc\es\PresentationCore.resources.dll”，
         			但它的名称“PresentationCore.resources”
         			与预期名称“System.Windows.Forms, Version=4.0.0.0, Culture=neutral, PublicKeyToken=b77a5c561934e089”不匹配。
                 已考虑使用“publish-sc\es\PresentationFramework.resources.dll”，
         			但它的名称“PresentationFramework.resources”
         			与预期名称“System.Windows.Forms, Version=4.0.0.0, Culture=neutral, PublicKeyToken=b77a5c561934e089”不匹配。
                 已考虑使用“publish-sc\es\PresentationUI.resources.dll”，
         			但它的名称“PresentationUI.resources”
         			与预期名称“System.Windows.Forms, Version=4.0.0.0, Culture=neutral, PublicKeyToken=b77a5c561934e089”不匹配。
                 已考虑使用“publish-sc\es\ReachFramework.resources.dll”，
         			但它的名称“ReachFramework.resources”
         			与预期名称“System.Windows.Forms, Version=4.0.0.0, Culture=neutral, PublicKeyToken=b77a5c561934e089”不匹配。
                 已考虑使用“publish-sc\es\System.Windows.Controls.Ribbon.resources.dll”，
         			但它的名称“System.Windows.Controls.Ribbon.resources”
         			与预期名称“System.Windows.Forms, Version=4.0.0.0, Culture=neutral, PublicKeyToken=b77a5c561934e089”不匹配。
                 已考虑使用“publish-sc\es\System.Windows.Forms.Design.resources.dll”，
         			但它的名称“System.Windows.Forms.Design.resources”
         			与预期名称“System.Windows.Forms, Version=4.0.0.0, Culture=neutral, PublicKeyToken=b77a5c561934e089”不匹配。
                 已考虑使用“publish-sc\es\System.Windows.Forms.Primitives.resources.dll”，
         			但它的名称“System.Windows.Forms.Primitives.resources”
         			与预期名称“System.Windows.Forms, Version=4.0.0.0, Culture=neutral, PublicKeyToken=b77a5c561934e089”不匹配。
                 已考虑使用“publish-sc\es\System.Windows.Forms.resources.dll”，
         			但它的名称“System.Windows.Forms.resources”
         			与预期名称“System.Windows.Forms, Version=4.0.0.0, Culture=neutral, PublicKeyToken=b77a5c561934e089”不匹配。
                 已考虑使用“publish-sc\es\System.Windows.Input.Manipulations.resources.dll”，
         			但它的名称“System.Windows.Input.Manipulations.resources”
         			与预期名称“System.Windows.Forms, Version=4.0.0.0, Culture=neutral, PublicKeyToken=b77a5c561934e089”不匹配。
                 已考虑使用“publish-sc\es\System.Xaml.resources.dll”，
         			但它的名称“System.Xaml.resources”
         			与预期名称“System.Windows.Forms, Version=4.0.0.0, Culture=neutral, PublicKeyToken=b77a5c561934e089”不匹配。
                 已考虑使用“publish-sc\es\UIAutomationClient.resources.dll”，
         			但它的名称“UIAutomationClient.resources”
         			与预期名称“System.Windows.Forms, Version=4.0.0.0, Culture=neutral, PublicKeyToken=b77a5c561934e089”不匹配。
                 已考虑使用“publish-sc\es\UIAutomationClientSideProviders.resources.dll”，
         			但它的名称“UIAutomationClientSideProviders.resources”
         			与预期名称“System.Windows.Forms, Version=4.0.0.0, Culture=neutral, PublicKeyToken=b77a5c561934e089”不匹配。
                 已考虑使用“publish-sc\es\UIAutomationProvider.resources.dll”，
         			但它的名称“UIAutomationProvider.resources”
         			与预期名称“System.Windows.Forms, Version=4.0.0.0, Culture=neutral, PublicKeyToken=b77a5c561934e089”不匹配。
                 已考虑使用“publish-sc\es\UIAutomationTypes.resources.dll”，
         			但它的名称“UIAutomationTypes.resources”
         			与预期名称“System.Windows.Forms, Version=4.0.0.0, Culture=neutral, PublicKeyToken=b77a5c561934e089”不匹配。
                 已考虑使用“publish-sc\es\WindowsBase.resources.dll”，
         			但它的名称“WindowsBase.resources”
         			与预期名称“System.Windows.Forms, Version=4.0.0.0, Culture=neutral, PublicKeyToken=b77a5c561934e089”不匹配。
                 已考虑使用“publish-sc\es\WindowsFormsIntegration.resources.dll”，
         			但它的名称“WindowsFormsIntegration.resources”
         			与预期名称“System.Windows.Forms, Version=4.0.0.0, Culture=neutral, PublicKeyToken=b77a5c561934e089”不匹配。
                 已考虑使用“publish-sc\e_sqlite3.dll”，
         			但它的名称“e_sqlite3”
         			与预期名称“System.Windows.Forms, Version=4.0.0.0, Culture=neutral, PublicKeyToken=b77a5c561934e089”不匹配。
                 已考虑使用“publish-sc\fr\Microsoft.VisualBasic.Forms.resources.dll”，
         			但它的名称“Microsoft.VisualBasic.Forms.resources”
         			与预期名称“System.Windows.Forms, Version=4.0.0.0, Culture=neutral, PublicKeyToken=b77a5c561934e089”不匹配。
                 已考虑使用“publish-sc\fr\PresentationCore.resources.dll”，
         			但它的名称“PresentationCore.resources”
         			与预期名称“System.Windows.Forms, Version=4.0.0.0, Culture=neutral, PublicKeyToken=b77a5c561934e089”不匹配。
                 已考虑使用“publish-sc\fr\PresentationFramework.resources.dll”，
         			但它的名称“PresentationFramework.resources”
         			与预期名称“System.Windows.Forms, Version=4.0.0.0, Culture=neutral, PublicKeyToken=b77a5c561934e089”不匹配。
                 已考虑使用“publish-sc\fr\PresentationUI.resources.dll”，
         			但它的名称“PresentationUI.resources”
         			与预期名称“System.Windows.Forms, Version=4.0.0.0, Culture=neutral, PublicKeyToken=b77a5c561934e089”不匹配。
                 已考虑使用“publish-sc\fr\ReachFramework.resources.dll”，
         			但它的名称“ReachFramework.resources”
         			与预期名称“System.Windows.Forms, Version=4.0.0.0, Culture=neutral, PublicKeyToken=b77a5c561934e089”不匹配。
                 已考虑使用“publish-sc\fr\System.Windows.Controls.Ribbon.resources.dll”，
         			但它的名称“System.Windows.Controls.Ribbon.resources”
         			与预期名称“System.Windows.Forms, Version=4.0.0.0, Culture=neutral, PublicKeyToken=b77a5c561934e089”不匹配。
                 已考虑使用“publish-sc\fr\System.Windows.Forms.Design.resources.dll”，
         			但它的名称“System.Windows.Forms.Design.resources”
         			与预期名称“System.Windows.Forms, Version=4.0.0.0, Culture=neutral, PublicKeyToken=b77a5c561934e089”不匹配。
                 已考虑使用“publish-sc\fr\System.Windows.Forms.Primitives.resources.dll”，
         			但它的名称“System.Windows.Forms.Primitives.resources”
         			与预期名称“System.Windows.Forms, Version=4.0.0.0, Culture=neutral, PublicKeyToken=b77a5c561934e089”不匹配。
                 已考虑使用“publish-sc\fr\System.Windows.Forms.resources.dll”，
         			但它的名称“System.Windows.Forms.resources”
         			与预期名称“System.Windows.Forms, Version=4.0.0.0, Culture=neutral, PublicKeyToken=b77a5c561934e089”不匹配。
                 已考虑使用“publish-sc\fr\System.Windows.Input.Manipulations.resources.dll”，
         			但它的名称“System.Windows.Input.Manipulations.resources”
         			与预期名称“System.Windows.Forms, Version=4.0.0.0, Culture=neutral, PublicKeyToken=b77a5c561934e089”不匹配。
                 已考虑使用“publish-sc\fr\System.Xaml.resources.dll”，
         			但它的名称“System.Xaml.resources”
         			与预期名称“System.Windows.Forms, Version=4.0.0.0, Culture=neutral, PublicKeyToken=b77a5c561934e089”不匹配。
                 已考虑使用“publish-sc\fr\UIAutomationClient.resources.dll”，
         			但它的名称“UIAutomationClient.resources”
         			与预期名称“System.Windows.Forms, Version=4.0.0.0, Culture=neutral, PublicKeyToken=b77a5c561934e089”不匹配。
                 已考虑使用“publish-sc\fr\UIAutomationClientSideProviders.resources.dll”，
         			但它的名称“UIAutomationClientSideProviders.resources”
         			与预期名称“System.Windows.Forms, Version=4.0.0.0, Culture=neutral, PublicKeyToken=b77a5c561934e089”不匹配。
                 已考虑使用“publish-sc\fr\UIAutomationProvider.resources.dll”，
         			但它的名称“UIAutomationProvider.resources”
         			与预期名称“System.Windows.Forms, Version=4.0.0.0, Culture=neutral, PublicKeyToken=b77a5c561934e089”不匹配。
                 已考虑使用“publish-sc\fr\UIAutomationTypes.resources.dll”，
         			但它的名称“UIAutomationTypes.resources”
         			与预期名称“System.Windows.Forms, Version=4.0.0.0, Culture=neutral, PublicKeyToken=b77a5c561934e089”不匹配。
                 已考虑使用“publish-sc\fr\WindowsBase.resources.dll”，
         			但它的名称“WindowsBase.resources”
         			与预期名称“System.Windows.Forms, Version=4.0.0.0, Culture=neutral, PublicKeyToken=b77a5c561934e089”不匹配。
                 已考虑使用“publish-sc\fr\WindowsFormsIntegration.resources.dll”，
         			但它的名称“WindowsFormsIntegration.resources”
         			与预期名称“System.Windows.Forms, Version=4.0.0.0, Culture=neutral, PublicKeyToken=b77a5c561934e089”不匹配。
                 已考虑使用“publish-sc\hostfxr.dll”，
         			但它的名称“hostfxr”
         			与预期名称“System.Windows.Forms, Version=4.0.0.0, Culture=neutral, PublicKeyToken=b77a5c561934e089”不匹配。
                 已考虑使用“publish-sc\hostpolicy.dll”，
         			但它的名称“hostpolicy”
         			与预期名称“System.Windows.Forms, Version=4.0.0.0, Culture=neutral, PublicKeyToken=b77a5c561934e089”不匹配。
                 已考虑使用“publish-sc\it\Microsoft.VisualBasic.Forms.resources.dll”，
         			但它的名称“Microsoft.VisualBasic.Forms.resources”
         			与预期名称“System.Windows.Forms, Version=4.0.0.0, Culture=neutral, PublicKeyToken=b77a5c561934e089”不匹配。
                 已考虑使用“publish-sc\it\PresentationCore.resources.dll”，
         			但它的名称“PresentationCore.resources”
         			与预期名称“System.Windows.Forms, Version=4.0.0.0, Culture=neutral, PublicKeyToken=b77a5c561934e089”不匹配。
                 已考虑使用“publish-sc\it\PresentationFramework.resources.dll”，
         			但它的名称“PresentationFramework.resources”
         			与预期名称“System.Windows.Forms, Version=4.0.0.0, Culture=neutral, PublicKeyToken=b77a5c561934e089”不匹配。
                 已考虑使用“publish-sc\it\PresentationUI.resources.dll”，
         			但它的名称“PresentationUI.resources”
         			与预期名称“System.Windows.Forms, Version=4.0.0.0, Culture=neutral, PublicKeyToken=b77a5c561934e089”不匹配。
                 已考虑使用“publish-sc\it\ReachFramework.resources.dll”，
         			但它的名称“ReachFramework.resources”
         			与预期名称“System.Windows.Forms, Version=4.0.0.0, Culture=neutral, PublicKeyToken=b77a5c561934e089”不匹配。
                 已考虑使用“publish-sc\it\System.Windows.Controls.Ribbon.resources.dll”，
         			但它的名称“System.Windows.Controls.Ribbon.resources”
         			与预期名称“System.Windows.Forms, Version=4.0.0.0, Culture=neutral, PublicKeyToken=b77a5c561934e089”不匹配。
                 已考虑使用“publish-sc\it\System.Windows.Forms.Design.resources.dll”，
         			但它的名称“System.Windows.Forms.Design.resources”
         			与预期名称“System.Windows.Forms, Version=4.0.0.0, Culture=neutral, PublicKeyToken=b77a5c561934e089”不匹配。
                 已考虑使用“publish-sc\it\System.Windows.Forms.Primitives.resources.dll”，
         			但它的名称“System.Windows.Forms.Primitives.resources”
         			与预期名称“System.Windows.Forms, Version=4.0.0.0, Culture=neutral, PublicKeyToken=b77a5c561934e089”不匹配。
                 已考虑使用“publish-sc\it\System.Windows.Forms.resources.dll”，
         			但它的名称“System.Windows.Forms.resources”
         			与预期名称“System.Windows.Forms, Version=4.0.0.0, Culture=neutral, PublicKeyToken=b77a5c561934e089”不匹配。
                 已考虑使用“publish-sc\it\System.Windows.Input.Manipulations.resources.dll”，
         			但它的名称“System.Windows.Input.Manipulations.resources”
         			与预期名称“System.Windows.Forms, Version=4.0.0.0, Culture=neutral, PublicKeyToken=b77a5c561934e089”不匹配。
                 已考虑使用“publish-sc\it\System.Xaml.resources.dll”，
         			但它的名称“System.Xaml.resources”
         			与预期名称“System.Windows.Forms, Version=4.0.0.0, Culture=neutral, PublicKeyToken=b77a5c561934e089”不匹配。
                 已考虑使用“publish-sc\it\UIAutomationClient.resources.dll”，
         			但它的名称“UIAutomationClient.resources”
         			与预期名称“System.Windows.Forms, Version=4.0.0.0, Culture=neutral, PublicKeyToken=b77a5c561934e089”不匹配。
                 已考虑使用“publish-sc\it\UIAutomationClientSideProviders.resources.dll”，
         			但它的名称“UIAutomationClientSideProviders.resources”
         			与预期名称“System.Windows.Forms, Version=4.0.0.0, Culture=neutral, PublicKeyToken=b77a5c561934e089”不匹配。
                 已考虑使用“publish-sc\it\UIAutomationProvider.resources.dll”，
         			但它的名称“UIAutomationProvider.resources”
         			与预期名称“System.Windows.Forms, Version=4.0.0.0, Culture=neutral, PublicKeyToken=b77a5c561934e089”不匹配。
                 已考虑使用“publish-sc\it\UIAutomationTypes.resources.dll”，
         			但它的名称“UIAutomationTypes.resources”
         			与预期名称“System.Windows.Forms, Version=4.0.0.0, Culture=neutral, PublicKeyToken=b77a5c561934e089”不匹配。
                 已考虑使用“publish-sc\it\WindowsBase.resources.dll”，
         			但它的名称“WindowsBase.resources”
         			与预期名称“System.Windows.Forms, Version=4.0.0.0, Culture=neutral, PublicKeyToken=b77a5c561934e089”不匹配。
                 已考虑使用“publish-sc\it\WindowsFormsIntegration.resources.dll”，
         			但它的名称“WindowsFormsIntegration.resources”
         			与预期名称“System.Windows.Forms, Version=4.0.0.0, Culture=neutral, PublicKeyToken=b77a5c561934e089”不匹配。
                 已考虑使用“publish-sc\ja\Microsoft.VisualBasic.Forms.resources.dll”，
         			但它的名称“Microsoft.VisualBasic.Forms.resources”
         			与预期名称“System.Windows.Forms, Version=4.0.0.0, Culture=neutral, PublicKeyToken=b77a5c561934e089”不匹配。
                 已考虑使用“publish-sc\ja\PresentationCore.resources.dll”，
         			但它的名称“PresentationCore.resources”
         			与预期名称“System.Windows.Forms, Version=4.0.0.0, Culture=neutral, PublicKeyToken=b77a5c561934e089”不匹配。
                 已考虑使用“publish-sc\ja\PresentationFramework.resources.dll”，
         			但它的名称“PresentationFramework.resources”
         			与预期名称“System.Windows.Forms, Version=4.0.0.0, Culture=neutral, PublicKeyToken=b77a5c561934e089”不匹配。
                 已考虑使用“publish-sc\ja\PresentationUI.resources.dll”，
         			但它的名称“PresentationUI.resources”
         			与预期名称“System.Windows.Forms, Version=4.0.0.0, Culture=neutral, PublicKeyToken=b77a5c561934e089”不匹配。
                 已考虑使用“publish-sc\ja\ReachFramework.resources.dll”，
         			但它的名称“ReachFramework.resources”
         			与预期名称“System.Windows.Forms, Version=4.0.0.0, Culture=neutral, PublicKeyToken=b77a5c561934e089”不匹配。
                 已考虑使用“publish-sc\ja\System.Windows.Controls.Ribbon.resources.dll”，
         			但它的名称“System.Windows.Controls.Ribbon.resources”
         			与预期名称“System.Windows.Forms, Version=4.0.0.0, Culture=neutral, PublicKeyToken=b77a5c561934e089”不匹配。
                 已考虑使用“publish-sc\ja\System.Windows.Forms.Design.resources.dll”，
         			但它的名称“System.Windows.Forms.Design.resources”
         			与预期名称“System.Windows.Forms, Version=4.0.0.0, Culture=neutral, PublicKeyToken=b77a5c561934e089”不匹配。
                 已考虑使用“publish-sc\ja\System.Windows.Forms.Primitives.resources.dll”，
         			但它的名称“System.Windows.Forms.Primitives.resources”
         			与预期名称“System.Windows.Forms, Version=4.0.0.0, Culture=neutral, PublicKeyToken=b77a5c561934e089”不匹配。
                 已考虑使用“publish-sc\ja\System.Windows.Forms.resources.dll”，
         			但它的名称“System.Windows.Forms.resources”
         			与预期名称“System.Windows.Forms, Version=4.0.0.0, Culture=neutral, PublicKeyToken=b77a5c561934e089”不匹配。
                 已考虑使用“publish-sc\ja\System.Windows.Input.Manipulations.resources.dll”，
         			但它的名称“System.Windows.Input.Manipulations.resources”
         			与预期名称“System.Windows.Forms, Version=4.0.0.0, Culture=neutral, PublicKeyToken=b77a5c561934e089”不匹配。
                 已考虑使用“publish-sc\ja\System.Xaml.resources.dll”，
         			但它的名称“System.Xaml.resources”
         			与预期名称“System.Windows.Forms, Version=4.0.0.0, Culture=neutral, PublicKeyToken=b77a5c561934e089”不匹配。
                 已考虑使用“publish-sc\ja\UIAutomationClient.resources.dll”，
         			但它的名称“UIAutomationClient.resources”
         			与预期名称“System.Windows.Forms, Version=4.0.0.0, Culture=neutral, PublicKeyToken=b77a5c561934e089”不匹配。
                 已考虑使用“publish-sc\ja\UIAutomationClientSideProviders.resources.dll”，
         			但它的名称“UIAutomationClientSideProviders.resources”
         			与预期名称“System.Windows.Forms, Version=4.0.0.0, Culture=neutral, PublicKeyToken=b77a5c561934e089”不匹配。
                 已考虑使用“publish-sc\ja\UIAutomationProvider.resources.dll”，
         			但它的名称“UIAutomationProvider.resources”
         			与预期名称“System.Windows.Forms, Version=4.0.0.0, Culture=neutral, PublicKeyToken=b77a5c561934e089”不匹配。
                 已考虑使用“publish-sc\ja\UIAutomationTypes.resources.dll”，
         			但它的名称“UIAutomationTypes.resources”
         			与预期名称“System.Windows.Forms, Version=4.0.0.0, Culture=neutral, PublicKeyToken=b77a5c561934e089”不匹配。
                 已考虑使用“publish-sc\ja\WindowsBase.resources.dll”，
         			但它的名称“WindowsBase.resources”
         			与预期名称“System.Windows.Forms, Version=4.0.0.0, Culture=neutral, PublicKeyToken=b77a5c561934e089”不匹配。
                 已考虑使用“publish-sc\ja\WindowsFormsIntegration.resources.dll”，
         			但它的名称“WindowsFormsIntegration.resources”
         			与预期名称“System.Windows.Forms, Version=4.0.0.0, Culture=neutral, PublicKeyToken=b77a5c561934e089”不匹配。
                 已考虑使用“publish-sc\ko\Microsoft.VisualBasic.Forms.resources.dll”，
         			但它的名称“Microsoft.VisualBasic.Forms.resources”
         			与预期名称“System.Windows.Forms, Version=4.0.0.0, Culture=neutral, PublicKeyToken=b77a5c561934e089”不匹配。
                 已考虑使用“publish-sc\ko\PresentationCore.resources.dll”，
         			但它的名称“PresentationCore.resources”
         			与预期名称“System.Windows.Forms, Version=4.0.0.0, Culture=neutral, PublicKeyToken=b77a5c561934e089”不匹配。
                 已考虑使用“publish-sc\ko\PresentationFramework.resources.dll”，
         			但它的名称“PresentationFramework.resources”
         			与预期名称“System.Windows.Forms, Version=4.0.0.0, Culture=neutral, PublicKeyToken=b77a5c561934e089”不匹配。
                 已考虑使用“publish-sc\ko\PresentationUI.resources.dll”，
         			但它的名称“PresentationUI.resources”
         			与预期名称“System.Windows.Forms, Version=4.0.0.0, Culture=neutral, PublicKeyToken=b77a5c561934e089”不匹配。
                 已考虑使用“publish-sc\ko\ReachFramework.resources.dll”，
         			但它的名称“ReachFramework.resources”
         			与预期名称“System.Windows.Forms, Version=4.0.0.0, Culture=neutral, PublicKeyToken=b77a5c561934e089”不匹配。
                 已考虑使用“publish-sc\ko\System.Windows.Controls.Ribbon.resources.dll”，
         			但它的名称“System.Windows.Controls.Ribbon.resources”
         			与预期名称“System.Windows.Forms, Version=4.0.0.0, Culture=neutral, PublicKeyToken=b77a5c561934e089”不匹配。
                 已考虑使用“publish-sc\ko\System.Windows.Forms.Design.resources.dll”，
         			但它的名称“System.Windows.Forms.Design.resources”
         			与预期名称“System.Windows.Forms, Version=4.0.0.0, Culture=neutral, PublicKeyToken=b77a5c561934e089”不匹配。
                 已考虑使用“publish-sc\ko\System.Windows.Forms.Primitives.resources.dll”，
         			但它的名称“System.Windows.Forms.Primitives.resources”
         			与预期名称“System.Windows.Forms, Version=4.0.0.0, Culture=neutral, PublicKeyToken=b77a5c561934e089”不匹配。
                 已考虑使用“publish-sc\ko\System.Windows.Forms.resources.dll”，
         			但它的名称“System.Windows.Forms.resources”
         			与预期名称“System.Windows.Forms, Version=4.0.0.0, Culture=neutral, PublicKeyToken=b77a5c561934e089”不匹配。
                 已考虑使用“publish-sc\ko\System.Windows.Input.Manipulations.resources.dll”，
         			但它的名称“System.Windows.Input.Manipulations.resources”
         			与预期名称“System.Windows.Forms, Version=4.0.0.0, Culture=neutral, PublicKeyToken=b77a5c561934e089”不匹配。
                 已考虑使用“publish-sc\ko\System.Xaml.resources.dll”，
         			但它的名称“System.Xaml.resources”
         			与预期名称“System.Windows.Forms, Version=4.0.0.0, Culture=neutral, PublicKeyToken=b77a5c561934e089”不匹配。
                 已考虑使用“publish-sc\ko\UIAutomationClient.resources.dll”，
         			但它的名称“UIAutomationClient.resources”
         			与预期名称“System.Windows.Forms, Version=4.0.0.0, Culture=neutral, PublicKeyToken=b77a5c561934e089”不匹配。
                 已考虑使用“publish-sc\ko\UIAutomationClientSideProviders.resources.dll”，
         			但它的名称“UIAutomationClientSideProviders.resources”
         			与预期名称“System.Windows.Forms, Version=4.0.0.0, Culture=neutral, PublicKeyToken=b77a5c561934e089”不匹配。
                 已考虑使用“publish-sc\ko\UIAutomationProvider.resources.dll”，
         			但它的名称“UIAutomationProvider.resources”
         			与预期名称“System.Windows.Forms, Version=4.0.0.0, Culture=neutral, PublicKeyToken=b77a5c561934e089”不匹配。
                 已考虑使用“publish-sc\ko\UIAutomationTypes.resources.dll”，
         			但它的名称“UIAutomationTypes.resources”
         			与预期名称“System.Windows.Forms, Version=4.0.0.0, Culture=neutral, PublicKeyToken=b77a5c561934e089”不匹配。
                 已考虑使用“publish-sc\ko\WindowsBase.resources.dll”，
         			但它的名称“WindowsBase.resources”
         			与预期名称“System.Windows.Forms, Version=4.0.0.0, Culture=neutral, PublicKeyToken=b77a5c561934e089”不匹配。
                 已考虑使用“publish-sc\ko\WindowsFormsIntegration.resources.dll”，
         			但它的名称“WindowsFormsIntegration.resources”
         			与预期名称“System.Windows.Forms, Version=4.0.0.0, Culture=neutral, PublicKeyToken=b77a5c561934e089”不匹配。
                 已考虑使用“publish-sc\Microsoft.CSharp.dll”，
         			但它的名称“Microsoft.CSharp”
         			与预期名称“System.Windows.Forms, Version=4.0.0.0, Culture=neutral, PublicKeyToken=b77a5c561934e089”不匹配。
                 已考虑使用“publish-sc\Microsoft.Data.Sqlite.dll”，
         			但它的名称“Microsoft.Data.Sqlite”
         			与预期名称“System.Windows.Forms, Version=4.0.0.0, Culture=neutral, PublicKeyToken=b77a5c561934e089”不匹配。
                 已考虑使用“publish-sc\Microsoft.DiaSymReader.Native.amd64.dll”，
         			但它的名称“Microsoft.DiaSymReader.Native.amd64”
         			与预期名称“System.Windows.Forms, Version=4.0.0.0, Culture=neutral, PublicKeyToken=b77a5c561934e089”不匹配。
                 已考虑使用“publish-sc\Microsoft.VisualBasic.Core.dll”，
         			但它的名称“Microsoft.VisualBasic.Core”
         			与预期名称“System.Windows.Forms, Version=4.0.0.0, Culture=neutral, PublicKeyToken=b77a5c561934e089”不匹配。
                 已考虑使用“publish-sc\Microsoft.VisualBasic.dll”，
         			但它的名称“Microsoft.VisualBasic”
         			与预期名称“System.Windows.Forms, Version=4.0.0.0, Culture=neutral, PublicKeyToken=b77a5c561934e089”不匹配。
                 已考虑使用“publish-sc\Microsoft.VisualBasic.Forms.dll”，
         			但它的名称“Microsoft.VisualBasic.Forms”
         			与预期名称“System.Windows.Forms, Version=4.0.0.0, Culture=neutral, PublicKeyToken=b77a5c561934e089”不匹配。
                 已考虑使用“publish-sc\Microsoft.Web.WebView2.Core.dll”，
         			但它的名称“Microsoft.Web.WebView2.Core”
         			与预期名称“System.Windows.Forms, Version=4.0.0.0, Culture=neutral, PublicKeyToken=b77a5c561934e089”不匹配。
                 已考虑使用“publish-sc\Microsoft.Web.WebView2.WinForms.dll”，
         			但它的名称“Microsoft.Web.WebView2.WinForms”
         			与预期名称“System.Windows.Forms, Version=4.0.0.0, Culture=neutral, PublicKeyToken=b77a5c561934e089”不匹配。
                 已考虑使用“publish-sc\Microsoft.Web.WebView2.Wpf.dll”，
         			但它的名称“Microsoft.Web.WebView2.Wpf”
         			与预期名称“System.Windows.Forms, Version=4.0.0.0, Culture=neutral, PublicKeyToken=b77a5c561934e089”不匹配。
                 已考虑使用“publish-sc\Microsoft.Win32.Primitives.dll”，
         			但它的名称“Microsoft.Win32.Primitives”
         			与预期名称“System.Windows.Forms, Version=4.0.0.0, Culture=neutral, PublicKeyToken=b77a5c561934e089”不匹配。
                 已考虑使用“publish-sc\Microsoft.Win32.Registry.AccessControl.dll”，
         			但它的名称“Microsoft.Win32.Registry.AccessControl”
         			与预期名称“System.Windows.Forms, Version=4.0.0.0, Culture=neutral, PublicKeyToken=b77a5c561934e089”不匹配。
                 已考虑使用“publish-sc\Microsoft.Win32.Registry.dll”，
         			但它的名称“Microsoft.Win32.Registry”
         			与预期名称“System.Windows.Forms, Version=4.0.0.0, Culture=neutral, PublicKeyToken=b77a5c561934e089”不匹配。
                 已考虑使用“publish-sc\Microsoft.Win32.SystemEvents.dll”，
         			但它的名称“Microsoft.Win32.SystemEvents”
         			与预期名称“System.Windows.Forms, Version=4.0.0.0, Culture=neutral, PublicKeyToken=b77a5c561934e089”不匹配。
                 已考虑使用“publish-sc\mscordaccore.dll”，
         			但它的名称“mscordaccore”
         			与预期名称“System.Windows.Forms, Version=4.0.0.0, Culture=neutral, PublicKeyToken=b77a5c561934e089”不匹配。
                 已考虑使用“publish-sc\mscordaccore_amd64_amd64_8.0.2426.7010.dll”，
         			但它的名称“mscordaccore_amd64_amd64_8.0.2426.7010”
         			与预期名称“System.Windows.Forms, Version=4.0.0.0, Culture=neutral, PublicKeyToken=b77a5c561934e089”不匹配。
                 已考虑使用“publish-sc\mscordbi.dll”，
         			但它的名称“mscordbi”
         			与预期名称“System.Windows.Forms, Version=4.0.0.0, Culture=neutral, PublicKeyToken=b77a5c561934e089”不匹配。
                 已考虑使用“publish-sc\mscorlib.dll”，
         			但它的名称“mscorlib”
         			与预期名称“System.Windows.Forms, Version=4.0.0.0, Culture=neutral, PublicKeyToken=b77a5c561934e089”不匹配。
                 已考虑使用“publish-sc\mscorrc.dll”，
         			但它的名称“mscorrc”
         			与预期名称“System.Windows.Forms, Version=4.0.0.0, Culture=neutral, PublicKeyToken=b77a5c561934e089”不匹配。
                 已考虑使用“publish-sc\msquic.dll”，
         			但它的名称“msquic”
         			与预期名称“System.Windows.Forms, Version=4.0.0.0, Culture=neutral, PublicKeyToken=b77a5c561934e089”不匹配。
                 已考虑使用“publish-sc\netstandard.dll”，
         			但它的名称“netstandard”
         			与预期名称“System.Windows.Forms, Version=4.0.0.0, Culture=neutral, PublicKeyToken=b77a5c561934e089”不匹配。
                 已考虑使用“publish-sc\PenImc_cor3.dll”，
         			但它的名称“PenImc_cor3”
         			与预期名称“System.Windows.Forms, Version=4.0.0.0, Culture=neutral, PublicKeyToken=b77a5c561934e089”不匹配。
                 已考虑使用“publish-sc\pl\Microsoft.VisualBasic.Forms.resources.dll”，
         			但它的名称“Microsoft.VisualBasic.Forms.resources”
         			与预期名称“System.Windows.Forms, Version=4.0.0.0, Culture=neutral, PublicKeyToken=b77a5c561934e089”不匹配。
                 已考虑使用“publish-sc\pl\PresentationCore.resources.dll”，
         			但它的名称“PresentationCore.resources”
         			与预期名称“System.Windows.Forms, Version=4.0.0.0, Culture=neutral, PublicKeyToken=b77a5c561934e089”不匹配。
                 已考虑使用“publish-sc\pl\PresentationFramework.resources.dll”，
         			但它的名称“PresentationFramework.resources”
         			与预期名称“System.Windows.Forms, Version=4.0.0.0, Culture=neutral, PublicKeyToken=b77a5c561934e089”不匹配。
                 已考虑使用“publish-sc\pl\PresentationUI.resources.dll”，
         			但它的名称“PresentationUI.resources”
         			与预期名称“System.Windows.Forms, Version=4.0.0.0, Culture=neutral, PublicKeyToken=b77a5c561934e089”不匹配。
                 已考虑使用“publish-sc\pl\ReachFramework.resources.dll”，
         			但它的名称“ReachFramework.resources”
         			与预期名称“System.Windows.Forms, Version=4.0.0.0, Culture=neutral, PublicKeyToken=b77a5c561934e089”不匹配。
                 已考虑使用“publish-sc\pl\System.Windows.Controls.Ribbon.resources.dll”，
         			但它的名称“System.Windows.Controls.Ribbon.resources”
         			与预期名称“System.Windows.Forms, Version=4.0.0.0, Culture=neutral, PublicKeyToken=b77a5c561934e089”不匹配。
                 已考虑使用“publish-sc\pl\System.Windows.Forms.Design.resources.dll”，
         			但它的名称“System.Windows.Forms.Design.resources”
         			与预期名称“System.Windows.Forms, Version=4.0.0.0, Culture=neutral, PublicKeyToken=b77a5c561934e089”不匹配。
                 已考虑使用“publish-sc\pl\System.Windows.Forms.Primitives.resources.dll”，
         			但它的名称“System.Windows.Forms.Primitives.resources”
         			与预期名称“System.Windows.Forms, Version=4.0.0.0, Culture=neutral, PublicKeyToken=b77a5c561934e089”不匹配。
                 已考虑使用“publish-sc\pl\System.Windows.Forms.resources.dll”，
         			但它的名称“System.Windows.Forms.resources”
         			与预期名称“System.Windows.Forms, Version=4.0.0.0, Culture=neutral, PublicKeyToken=b77a5c561934e089”不匹配。
                 已考虑使用“publish-sc\pl\System.Windows.Input.Manipulations.resources.dll”，
         			但它的名称“System.Windows.Input.Manipulations.resources”
         			与预期名称“System.Windows.Forms, Version=4.0.0.0, Culture=neutral, PublicKeyToken=b77a5c561934e089”不匹配。
                 已考虑使用“publish-sc\pl\System.Xaml.resources.dll”，
         			但它的名称“System.Xaml.resources”
         			与预期名称“System.Windows.Forms, Version=4.0.0.0, Culture=neutral, PublicKeyToken=b77a5c561934e089”不匹配。
                 已考虑使用“publish-sc\pl\UIAutomationClient.resources.dll”，
         			但它的名称“UIAutomationClient.resources”
         			与预期名称“System.Windows.Forms, Version=4.0.0.0, Culture=neutral, PublicKeyToken=b77a5c561934e089”不匹配。
                 已考虑使用“publish-sc\pl\UIAutomationClientSideProviders.resources.dll”，
         			但它的名称“UIAutomationClientSideProviders.resources”
         			与预期名称“System.Windows.Forms, Version=4.0.0.0, Culture=neutral, PublicKeyToken=b77a5c561934e089”不匹配。
                 已考虑使用“publish-sc\pl\UIAutomationProvider.resources.dll”，
         			但它的名称“UIAutomationProvider.resources”
         			与预期名称“System.Windows.Forms, Version=4.0.0.0, Culture=neutral, PublicKeyToken=b77a5c561934e089”不匹配。
                 已考虑使用“publish-sc\pl\UIAutomationTypes.resources.dll”，
         			但它的名称“UIAutomationTypes.resources”
         			与预期名称“System.Windows.Forms, Version=4.0.0.0, Culture=neutral, PublicKeyToken=b77a5c561934e089”不匹配。
                 已考虑使用“publish-sc\pl\WindowsBase.resources.dll”，
         			但它的名称“WindowsBase.resources”
         			与预期名称“System.Windows.Forms, Version=4.0.0.0, Culture=neutral, PublicKeyToken=b77a5c561934e089”不匹配。
                 已考虑使用“publish-sc\pl\WindowsFormsIntegration.resources.dll”，
         			但它的名称“WindowsFormsIntegration.resources”
         			与预期名称“System.Windows.Forms, Version=4.0.0.0, Culture=neutral, PublicKeyToken=b77a5c561934e089”不匹配。
                 已考虑使用“publish-sc\PresentationCore.dll”，
         			但它的名称“PresentationCore”
         			与预期名称“System.Windows.Forms, Version=4.0.0.0, Culture=neutral, PublicKeyToken=b77a5c561934e089”不匹配。
                 已考虑使用“publish-sc\PresentationFramework-SystemCore.dll”，
         			但它的名称“PresentationFramework-SystemCore”
         			与预期名称“System.Windows.Forms, Version=4.0.0.0, Culture=neutral, PublicKeyToken=b77a5c561934e089”不匹配。
                 已考虑使用“publish-sc\PresentationFramework-SystemData.dll”，
         			但它的名称“PresentationFramework-SystemData”
         			与预期名称“System.Windows.Forms, Version=4.0.0.0, Culture=neutral, PublicKeyToken=b77a5c561934e089”不匹配。
                 已考虑使用“publish-sc\PresentationFramework-SystemDrawing.dll”，
         			但它的名称“PresentationFramework-SystemDrawing”
         			与预期名称“System.Windows.Forms, Version=4.0.0.0, Culture=neutral, PublicKeyToken=b77a5c561934e089”不匹配。
                 已考虑使用“publish-sc\PresentationFramework-SystemXml.dll”，
         			但它的名称“PresentationFramework-SystemXml”
         			与预期名称“System.Windows.Forms, Version=4.0.0.0, Culture=neutral, PublicKeyToken=b77a5c561934e089”不匹配。
                 已考虑使用“publish-sc\PresentationFramework-SystemXmlLinq.dll”，
         			但它的名称“PresentationFramework-SystemXmlLinq”
         			与预期名称“System.Windows.Forms, Version=4.0.0.0, Culture=neutral, PublicKeyToken=b77a5c561934e089”不匹配。
                 已考虑使用“publish-sc\PresentationFramework.Aero.dll”，
         			但它的名称“PresentationFramework.Aero”
         			与预期名称“System.Windows.Forms, Version=4.0.0.0, Culture=neutral, PublicKeyToken=b77a5c561934e089”不匹配。
                 已考虑使用“publish-sc\PresentationFramework.Aero2.dll”，
         			但它的名称“PresentationFramework.Aero2”
         			与预期名称“System.Windows.Forms, Version=4.0.0.0, Culture=neutral, PublicKeyToken=b77a5c561934e089”不匹配。
                 已考虑使用“publish-sc\PresentationFramework.AeroLite.dll”，
         			但它的名称“PresentationFramework.AeroLite”
         			与预期名称“System.Windows.Forms, Version=4.0.0.0, Culture=neutral, PublicKeyToken=b77a5c561934e089”不匹配。
                 已考虑使用“publish-sc\PresentationFramework.Classic.dll”，
         			但它的名称“PresentationFramework.Classic”
         			与预期名称“System.Windows.Forms, Version=4.0.0.0, Culture=neutral, PublicKeyToken=b77a5c561934e089”不匹配。
                 已考虑使用“publish-sc\PresentationFramework.dll”，
         			但它的名称“PresentationFramework”
         			与预期名称“System.Windows.Forms, Version=4.0.0.0, Culture=neutral, PublicKeyToken=b77a5c561934e089”不匹配。
                 已考虑使用“publish-sc\PresentationFramework.Luna.dll”，
         			但它的名称“PresentationFramework.Luna”
         			与预期名称“System.Windows.Forms, Version=4.0.0.0, Culture=neutral, PublicKeyToken=b77a5c561934e089”不匹配。
                 已考虑使用“publish-sc\PresentationFramework.Royale.dll”，
         			但它的名称“PresentationFramework.Royale”
         			与预期名称“System.Windows.Forms, Version=4.0.0.0, Culture=neutral, PublicKeyToken=b77a5c561934e089”不匹配。
                 已考虑使用“publish-sc\PresentationNative_cor3.dll”，
         			但它的名称“PresentationNative_cor3”
         			与预期名称“System.Windows.Forms, Version=4.0.0.0, Culture=neutral, PublicKeyToken=b77a5c561934e089”不匹配。
                 已考虑使用“publish-sc\PresentationUI.dll”，
         			但它的名称“PresentationUI”
         			与预期名称“System.Windows.Forms, Version=4.0.0.0, Culture=neutral, PublicKeyToken=b77a5c561934e089”不匹配。
                 已考虑使用“publish-sc\pt-BR\Microsoft.VisualBasic.Forms.resources.dll”，
         			但它的名称“Microsoft.VisualBasic.Forms.resources”
         			与预期名称“System.Windows.Forms, Version=4.0.0.0, Culture=neutral, PublicKeyToken=b77a5c561934e089”不匹配。
                 已考虑使用“publish-sc\pt-BR\PresentationCore.resources.dll”，
         			但它的名称“PresentationCore.resources”
         			与预期名称“System.Windows.Forms, Version=4.0.0.0, Culture=neutral, PublicKeyToken=b77a5c561934e089”不匹配。
                 已考虑使用“publish-sc\pt-BR\PresentationFramework.resources.dll”，
         			但它的名称“PresentationFramework.resources”
         			与预期名称“System.Windows.Forms, Version=4.0.0.0, Culture=neutral, PublicKeyToken=b77a5c561934e089”不匹配。
                 已考虑使用“publish-sc\pt-BR\PresentationUI.resources.dll”，
         			但它的名称“PresentationUI.resources”
         			与预期名称“System.Windows.Forms, Version=4.0.0.0, Culture=neutral, PublicKeyToken=b77a5c561934e089”不匹配。
                 已考虑使用“publish-sc\pt-BR\ReachFramework.resources.dll”，
         			但它的名称“ReachFramework.resources”
         			与预期名称“System.Windows.Forms, Version=4.0.0.0, Culture=neutral, PublicKeyToken=b77a5c561934e089”不匹配。
                 已考虑使用“publish-sc\pt-BR\System.Windows.Controls.Ribbon.resources.dll”，
         			但它的名称“System.Windows.Controls.Ribbon.resources”
         			与预期名称“System.Windows.Forms, Version=4.0.0.0, Culture=neutral, PublicKeyToken=b77a5c561934e089”不匹配。
                 已考虑使用“publish-sc\pt-BR\System.Windows.Forms.Design.resources.dll”，
         			但它的名称“System.Windows.Forms.Design.resources”
         			与预期名称“System.Windows.Forms, Version=4.0.0.0, Culture=neutral, PublicKeyToken=b77a5c561934e089”不匹配。
                 已考虑使用“publish-sc\pt-BR\System.Windows.Forms.Primitives.resources.dll”，
         			但它的名称“System.Windows.Forms.Primitives.resources”
         			与预期名称“System.Windows.Forms, Version=4.0.0.0, Culture=neutral, PublicKeyToken=b77a5c561934e089”不匹配。
                 已考虑使用“publish-sc\pt-BR\System.Windows.Forms.resources.dll”，
         			但它的名称“System.Windows.Forms.resources”
         			与预期名称“System.Windows.Forms, Version=4.0.0.0, Culture=neutral, PublicKeyToken=b77a5c561934e089”不匹配。
                 已考虑使用“publish-sc\pt-BR\System.Windows.Input.Manipulations.resources.dll”，
         			但它的名称“System.Windows.Input.Manipulations.resources”
         			与预期名称“System.Windows.Forms, Version=4.0.0.0, Culture=neutral, PublicKeyToken=b77a5c561934e089”不匹配。
                 已考虑使用“publish-sc\pt-BR\System.Xaml.resources.dll”，
         			但它的名称“System.Xaml.resources”
         			与预期名称“System.Windows.Forms, Version=4.0.0.0, Culture=neutral, PublicKeyToken=b77a5c561934e089”不匹配。
                 已考虑使用“publish-sc\pt-BR\UIAutomationClient.resources.dll”，
         			但它的名称“UIAutomationClient.resources”
         			与预期名称“System.Windows.Forms, Version=4.0.0.0, Culture=neutral, PublicKeyToken=b77a5c561934e089”不匹配。
                 已考虑使用“publish-sc\pt-BR\UIAutomationClientSideProviders.resources.dll”，
         			但它的名称“UIAutomationClientSideProviders.resources”
         			与预期名称“System.Windows.Forms, Version=4.0.0.0, Culture=neutral, PublicKeyToken=b77a5c561934e089”不匹配。
                 已考虑使用“publish-sc\pt-BR\UIAutomationProvider.resources.dll”，
         			但它的名称“UIAutomationProvider.resources”
         			与预期名称“System.Windows.Forms, Version=4.0.0.0, Culture=neutral, PublicKeyToken=b77a5c561934e089”不匹配。
                 已考虑使用“publish-sc\pt-BR\UIAutomationTypes.resources.dll”，
         			但它的名称“UIAutomationTypes.resources”
         			与预期名称“System.Windows.Forms, Version=4.0.0.0, Culture=neutral, PublicKeyToken=b77a5c561934e089”不匹配。
                 已考虑使用“publish-sc\pt-BR\WindowsBase.resources.dll”，
         			但它的名称“WindowsBase.resources”
         			与预期名称“System.Windows.Forms, Version=4.0.0.0, Culture=neutral, PublicKeyToken=b77a5c561934e089”不匹配。
                 已考虑使用“publish-sc\pt-BR\WindowsFormsIntegration.resources.dll”，
         			但它的名称“WindowsFormsIntegration.resources”
         			与预期名称“System.Windows.Forms, Version=4.0.0.0, Culture=neutral, PublicKeyToken=b77a5c561934e089”不匹配。
                 已考虑使用“publish-sc\ReachFramework.dll”，
         			但它的名称“ReachFramework”
         			与预期名称“System.Windows.Forms, Version=4.0.0.0, Culture=neutral, PublicKeyToken=b77a5c561934e089”不匹配。
                 已考虑使用“publish-sc\runtimes\win-x64\native\WebView2Loader.dll”，
         			但它的名称“WebView2Loader”
         			与预期名称“System.Windows.Forms, Version=4.0.0.0, Culture=neutral, PublicKeyToken=b77a5c561934e089”不匹配。
                 已考虑使用“publish-sc\ru\Microsoft.VisualBasic.Forms.resources.dll”，
         			但它的名称“Microsoft.VisualBasic.Forms.resources”
         			与预期名称“System.Windows.Forms, Version=4.0.0.0, Culture=neutral, PublicKeyToken=b77a5c561934e089”不匹配。
                 已考虑使用“publish-sc\ru\PresentationCore.resources.dll”，
         			但它的名称“PresentationCore.resources”
         			与预期名称“System.Windows.Forms, Version=4.0.0.0, Culture=neutral, PublicKeyToken=b77a5c561934e089”不匹配。
                 已考虑使用“publish-sc\ru\PresentationFramework.resources.dll”，
         			但它的名称“PresentationFramework.resources”
         			与预期名称“System.Windows.Forms, Version=4.0.0.0, Culture=neutral, PublicKeyToken=b77a5c561934e089”不匹配。
                 已考虑使用“publish-sc\ru\PresentationUI.resources.dll”，
         			但它的名称“PresentationUI.resources”
         			与预期名称“System.Windows.Forms, Version=4.0.0.0, Culture=neutral, PublicKeyToken=b77a5c561934e089”不匹配。
                 已考虑使用“publish-sc\ru\ReachFramework.resources.dll”，
         			但它的名称“ReachFramework.resources”
         			与预期名称“System.Windows.Forms, Version=4.0.0.0, Culture=neutral, PublicKeyToken=b77a5c561934e089”不匹配。
                 已考虑使用“publish-sc\ru\System.Windows.Controls.Ribbon.resources.dll”，
         			但它的名称“System.Windows.Controls.Ribbon.resources”
         			与预期名称“System.Windows.Forms, Version=4.0.0.0, Culture=neutral, PublicKeyToken=b77a5c561934e089”不匹配。
                 已考虑使用“publish-sc\ru\System.Windows.Forms.Design.resources.dll”，
         			但它的名称“System.Windows.Forms.Design.resources”
         			与预期名称“System.Windows.Forms, Version=4.0.0.0, Culture=neutral, PublicKeyToken=b77a5c561934e089”不匹配。
                 已考虑使用“publish-sc\ru\System.Windows.Forms.Primitives.resources.dll”，
         			但它的名称“System.Windows.Forms.Primitives.resources”
         			与预期名称“System.Windows.Forms, Version=4.0.0.0, Culture=neutral, PublicKeyToken=b77a5c561934e089”不匹配。
                 已考虑使用“publish-sc\ru\System.Windows.Forms.resources.dll”，
         			但它的名称“System.Windows.Forms.resources”
         			与预期名称“System.Windows.Forms, Version=4.0.0.0, Culture=neutral, PublicKeyToken=b77a5c561934e089”不匹配。
                 已考虑使用“publish-sc\ru\System.Windows.Input.Manipulations.resources.dll”，
         			但它的名称“System.Windows.Input.Manipulations.resources”
         			与预期名称“System.Windows.Forms, Version=4.0.0.0, Culture=neutral, PublicKeyToken=b77a5c561934e089”不匹配。
                 已考虑使用“publish-sc\ru\System.Xaml.resources.dll”，
         			但它的名称“System.Xaml.resources”
         			与预期名称“System.Windows.Forms, Version=4.0.0.0, Culture=neutral, PublicKeyToken=b77a5c561934e089”不匹配。
                 已考虑使用“publish-sc\ru\UIAutomationClient.resources.dll”，
         			但它的名称“UIAutomationClient.resources”
         			与预期名称“System.Windows.Forms, Version=4.0.0.0, Culture=neutral, PublicKeyToken=b77a5c561934e089”不匹配。
                 已考虑使用“publish-sc\ru\UIAutomationClientSideProviders.resources.dll”，
         			但它的名称“UIAutomationClientSideProviders.resources”
         			与预期名称“System.Windows.Forms, Version=4.0.0.0, Culture=neutral, PublicKeyToken=b77a5c561934e089”不匹配。
                 已考虑使用“publish-sc\ru\UIAutomationProvider.resources.dll”，
         			但它的名称“UIAutomationProvider.resources”
         			与预期名称“System.Windows.Forms, Version=4.0.0.0, Culture=neutral, PublicKeyToken=b77a5c561934e089”不匹配。
                 已考虑使用“publish-sc\ru\UIAutomationTypes.resources.dll”，
         			但它的名称“UIAutomationTypes.resources”
         			与预期名称“System.Windows.Forms, Version=4.0.0.0, Culture=neutral, PublicKeyToken=b77a5c561934e089”不匹配。
                 已考虑使用“publish-sc\ru\WindowsBase.resources.dll”，
         			但它的名称“WindowsBase.resources”
         			与预期名称“System.Windows.Forms, Version=4.0.0.0, Culture=neutral, PublicKeyToken=b77a5c561934e089”不匹配。
                 已考虑使用“publish-sc\ru\WindowsFormsIntegration.resources.dll”，
         			但它的名称“WindowsFormsIntegration.resources”
         			与预期名称“System.Windows.Forms, Version=4.0.0.0, Culture=neutral, PublicKeyToken=b77a5c561934e089”不匹配。
                 已考虑使用“publish-sc\SQLitePCLRaw.batteries_v2.dll”，
         			但它的名称“SQLitePCLRaw.batteries_v2”
         			与预期名称“System.Windows.Forms, Version=4.0.0.0, Culture=neutral, PublicKeyToken=b77a5c561934e089”不匹配。
                 已考虑使用“publish-sc\SQLitePCLRaw.core.dll”，
         			但它的名称“SQLitePCLRaw.core”
         			与预期名称“System.Windows.Forms, Version=4.0.0.0, Culture=neutral, PublicKeyToken=b77a5c561934e089”不匹配。
                 已考虑使用“publish-sc\SQLitePCLRaw.provider.e_sqlite3.dll”，
         			但它的名称“SQLitePCLRaw.provider.e_sqlite3”
         			与预期名称“System.Windows.Forms, Version=4.0.0.0, Culture=neutral, PublicKeyToken=b77a5c561934e089”不匹配。
                 已考虑使用“publish-sc\System.AppContext.dll”，
         			但它的名称“System.AppContext”
         			与预期名称“System.Windows.Forms, Version=4.0.0.0, Culture=neutral, PublicKeyToken=b77a5c561934e089”不匹配。
                 已考虑使用“publish-sc\System.Buffers.dll”，
         			但它的名称“System.Buffers”
         			与预期名称“System.Windows.Forms, Version=4.0.0.0, Culture=neutral, PublicKeyToken=b77a5c561934e089”不匹配。
                 已考虑使用“publish-sc\System.CodeDom.dll”，
         			但它的名称“System.CodeDom”
         			与预期名称“System.Windows.Forms, Version=4.0.0.0, Culture=neutral, PublicKeyToken=b77a5c561934e089”不匹配。
                 已考虑使用“publish-sc\System.Collections.Concurrent.dll”，
         			但它的名称“System.Collections.Concurrent”
         			与预期名称“System.Windows.Forms, Version=4.0.0.0, Culture=neutral, PublicKeyToken=b77a5c561934e089”不匹配。
                 已考虑使用“publish-sc\System.Collections.dll”，
         			但它的名称“System.Collections”
         			与预期名称“System.Windows.Forms, Version=4.0.0.0, Culture=neutral, PublicKeyToken=b77a5c561934e089”不匹配。
                 已考虑使用“publish-sc\System.Collections.Immutable.dll”，
         			但它的名称“System.Collections.Immutable”
         			与预期名称“System.Windows.Forms, Version=4.0.0.0, Culture=neutral, PublicKeyToken=b77a5c561934e089”不匹配。
                 已考虑使用“publish-sc\System.Collections.NonGeneric.dll”，
         			但它的名称“System.Collections.NonGeneric”
         			与预期名称“System.Windows.Forms, Version=4.0.0.0, Culture=neutral, PublicKeyToken=b77a5c561934e089”不匹配。
                 已考虑使用“publish-sc\System.Collections.Specialized.dll”，
         			但它的名称“System.Collections.Specialized”
         			与预期名称“System.Windows.Forms, Version=4.0.0.0, Culture=neutral, PublicKeyToken=b77a5c561934e089”不匹配。
                 已考虑使用“publish-sc\System.ComponentModel.Annotations.dll”，
         			但它的名称“System.ComponentModel.Annotations”
         			与预期名称“System.Windows.Forms, Version=4.0.0.0, Culture=neutral, PublicKeyToken=b77a5c561934e089”不匹配。
                 已考虑使用“publish-sc\System.ComponentModel.DataAnnotations.dll”，
         			但它的名称“System.ComponentModel.DataAnnotations”
         			与预期名称“System.Windows.Forms, Version=4.0.0.0, Culture=neutral, PublicKeyToken=b77a5c561934e089”不匹配。
                 已考虑使用“publish-sc\System.ComponentModel.dll”，
         			但它的名称“System.ComponentModel”
         			与预期名称“System.Windows.Forms, Version=4.0.0.0, Culture=neutral, PublicKeyToken=b77a5c561934e089”不匹配。
                 已考虑使用“publish-sc\System.ComponentModel.EventBasedAsync.dll”，
         			但它的名称“System.ComponentModel.EventBasedAsync”
         			与预期名称“System.Windows.Forms, Version=4.0.0.0, Culture=neutral, PublicKeyToken=b77a5c561934e089”不匹配。
                 已考虑使用“publish-sc\System.ComponentModel.Primitives.dll”，
         			但它的名称“System.ComponentModel.Primitives”
         			与预期名称“System.Windows.Forms, Version=4.0.0.0, Culture=neutral, PublicKeyToken=b77a5c561934e089”不匹配。
                 已考虑使用“publish-sc\System.ComponentModel.TypeConverter.dll”，
         			但它的名称“System.ComponentModel.TypeConverter”
         			与预期名称“System.Windows.Forms, Version=4.0.0.0, Culture=neutral, PublicKeyToken=b77a5c561934e089”不匹配。
                 已考虑使用“publish-sc\System.Configuration.ConfigurationManager.dll”，
         			但它的名称“System.Configuration.ConfigurationManager”
         			与预期名称“System.Windows.Forms, Version=4.0.0.0, Culture=neutral, PublicKeyToken=b77a5c561934e089”不匹配。
                 已考虑使用“publish-sc\System.Configuration.dll”，
         			但它的名称“System.Configuration”
         			与预期名称“System.Windows.Forms, Version=4.0.0.0, Culture=neutral, PublicKeyToken=b77a5c561934e089”不匹配。
                 已考虑使用“publish-sc\System.Console.dll”，
         			但它的名称“System.Console”
         			与预期名称“System.Windows.Forms, Version=4.0.0.0, Culture=neutral, PublicKeyToken=b77a5c561934e089”不匹配。
                 已考虑使用“publish-sc\System.Core.dll”，
         			但它的名称“System.Core”
         			与预期名称“System.Windows.Forms, Version=4.0.0.0, Culture=neutral, PublicKeyToken=b77a5c561934e089”不匹配。
                 已考虑使用“publish-sc\System.Data.Common.dll”，
         			但它的名称“System.Data.Common”
         			与预期名称“System.Windows.Forms, Version=4.0.0.0, Culture=neutral, PublicKeyToken=b77a5c561934e089”不匹配。
                 已考虑使用“publish-sc\System.Data.DataSetExtensions.dll”，
         			但它的名称“System.Data.DataSetExtensions”
         			与预期名称“System.Windows.Forms, Version=4.0.0.0, Culture=neutral, PublicKeyToken=b77a5c561934e089”不匹配。
                 已考虑使用“publish-sc\System.Data.dll”，
         			但它的名称“System.Data”
         			与预期名称“System.Windows.Forms, Version=4.0.0.0, Culture=neutral, PublicKeyToken=b77a5c561934e089”不匹配。
                 已考虑使用“publish-sc\System.Design.dll”，
         			但它的名称“System.Design”
         			与预期名称“System.Windows.Forms, Version=4.0.0.0, Culture=neutral, PublicKeyToken=b77a5c561934e089”不匹配。
                 已考虑使用“publish-sc\System.Diagnostics.Contracts.dll”，
         			但它的名称“System.Diagnostics.Contracts”
         			与预期名称“System.Windows.Forms, Version=4.0.0.0, Culture=neutral, PublicKeyToken=b77a5c561934e089”不匹配。
                 已考虑使用“publish-sc\System.Diagnostics.Debug.dll”，
         			但它的名称“System.Diagnostics.Debug”
         			与预期名称“System.Windows.Forms, Version=4.0.0.0, Culture=neutral, PublicKeyToken=b77a5c561934e089”不匹配。
                 已考虑使用“publish-sc\System.Diagnostics.DiagnosticSource.dll”，
         			但它的名称“System.Diagnostics.DiagnosticSource”
         			与预期名称“System.Windows.Forms, Version=4.0.0.0, Culture=neutral, PublicKeyToken=b77a5c561934e089”不匹配。
                 已考虑使用“publish-sc\System.Diagnostics.EventLog.dll”，
         			但它的名称“System.Diagnostics.EventLog”
         			与预期名称“System.Windows.Forms, Version=4.0.0.0, Culture=neutral, PublicKeyToken=b77a5c561934e089”不匹配。
                 已考虑使用“publish-sc\System.Diagnostics.EventLog.Messages.dll”，
         			但它的名称“System.Diagnostics.EventLog.Messages”
         			与预期名称“System.Windows.Forms, Version=4.0.0.0, Culture=neutral, PublicKeyToken=b77a5c561934e089”不匹配。
                 已考虑使用“publish-sc\System.Diagnostics.FileVersionInfo.dll”，
         			但它的名称“System.Diagnostics.FileVersionInfo”
         			与预期名称“System.Windows.Forms, Version=4.0.0.0, Culture=neutral, PublicKeyToken=b77a5c561934e089”不匹配。
                 已考虑使用“publish-sc\System.Diagnostics.PerformanceCounter.dll”，
         			但它的名称“System.Diagnostics.PerformanceCounter”
         			与预期名称“System.Windows.Forms, Version=4.0.0.0, Culture=neutral, PublicKeyToken=b77a5c561934e089”不匹配。
                 已考虑使用“publish-sc\System.Diagnostics.Process.dll”，
         			但它的名称“System.Diagnostics.Process”
         			与预期名称“System.Windows.Forms, Version=4.0.0.0, Culture=neutral, PublicKeyToken=b77a5c561934e089”不匹配。
                 已考虑使用“publish-sc\System.Diagnostics.StackTrace.dll”，
         			但它的名称“System.Diagnostics.StackTrace”
         			与预期名称“System.Windows.Forms, Version=4.0.0.0, Culture=neutral, PublicKeyToken=b77a5c561934e089”不匹配。
                 已考虑使用“publish-sc\System.Diagnostics.TextWriterTraceListener.dll”，
         			但它的名称“System.Diagnostics.TextWriterTraceListener”
         			与预期名称“System.Windows.Forms, Version=4.0.0.0, Culture=neutral, PublicKeyToken=b77a5c561934e089”不匹配。
                 已考虑使用“publish-sc\System.Diagnostics.Tools.dll”，
         			但它的名称“System.Diagnostics.Tools”
         			与预期名称“System.Windows.Forms, Version=4.0.0.0, Culture=neutral, PublicKeyToken=b77a5c561934e089”不匹配。
                 已考虑使用“publish-sc\System.Diagnostics.TraceSource.dll”，
         			但它的名称“System.Diagnostics.TraceSource”
         			与预期名称“System.Windows.Forms, Version=4.0.0.0, Culture=neutral, PublicKeyToken=b77a5c561934e089”不匹配。
                 已考虑使用“publish-sc\System.Diagnostics.Tracing.dll”，
         			但它的名称“System.Diagnostics.Tracing”
         			与预期名称“System.Windows.Forms, Version=4.0.0.0, Culture=neutral, PublicKeyToken=b77a5c561934e089”不匹配。
                 已考虑使用“publish-sc\System.DirectoryServices.dll”，
         			但它的名称“System.DirectoryServices”
         			与预期名称“System.Windows.Forms, Version=4.0.0.0, Culture=neutral, PublicKeyToken=b77a5c561934e089”不匹配。
                 已考虑使用“publish-sc\System.dll”，
         			但它的名称“System”
         			与预期名称“System.Windows.Forms, Version=4.0.0.0, Culture=neutral, PublicKeyToken=b77a5c561934e089”不匹配。
                 已考虑使用“publish-sc\System.Drawing.Common.dll”，
         			但它的名称“System.Drawing.Common”
         			与预期名称“System.Windows.Forms, Version=4.0.0.0, Culture=neutral, PublicKeyToken=b77a5c561934e089”不匹配。
                 已考虑使用“publish-sc\System.Drawing.Design.dll”，
         			但它的名称“System.Drawing.Design”
         			与预期名称“System.Windows.Forms, Version=4.0.0.0, Culture=neutral, PublicKeyToken=b77a5c561934e089”不匹配。
                 已考虑使用“publish-sc\System.Drawing.dll”，
         			但它的名称“System.Drawing”
         			与预期名称“System.Windows.Forms, Version=4.0.0.0, Culture=neutral, PublicKeyToken=b77a5c561934e089”不匹配。
                 已考虑使用“publish-sc\System.Drawing.Primitives.dll”，
         			但它的名称“System.Drawing.Primitives”
         			与预期名称“System.Windows.Forms, Version=4.0.0.0, Culture=neutral, PublicKeyToken=b77a5c561934e089”不匹配。
                 已考虑使用“publish-sc\System.Dynamic.Runtime.dll”，
         			但它的名称“System.Dynamic.Runtime”
         			与预期名称“System.Windows.Forms, Version=4.0.0.0, Culture=neutral, PublicKeyToken=b77a5c561934e089”不匹配。
                 已考虑使用“publish-sc\System.Formats.Asn1.dll”，
         			但它的名称“System.Formats.Asn1”
         			与预期名称“System.Windows.Forms, Version=4.0.0.0, Culture=neutral, PublicKeyToken=b77a5c561934e089”不匹配。
                 已考虑使用“publish-sc\System.Formats.Tar.dll”，
         			但它的名称“System.Formats.Tar”
         			与预期名称“System.Windows.Forms, Version=4.0.0.0, Culture=neutral, PublicKeyToken=b77a5c561934e089”不匹配。
                 已考虑使用“publish-sc\System.Globalization.Calendars.dll”，
         			但它的名称“System.Globalization.Calendars”
         			与预期名称“System.Windows.Forms, Version=4.0.0.0, Culture=neutral, PublicKeyToken=b77a5c561934e089”不匹配。
                 已考虑使用“publish-sc\System.Globalization.dll”，
         			但它的名称“System.Globalization”
         			与预期名称“System.Windows.Forms, Version=4.0.0.0, Culture=neutral, PublicKeyToken=b77a5c561934e089”不匹配。
                 已考虑使用“publish-sc\System.Globalization.Extensions.dll”，
         			但它的名称“System.Globalization.Extensions”
         			与预期名称“System.Windows.Forms, Version=4.0.0.0, Culture=neutral, PublicKeyToken=b77a5c561934e089”不匹配。
                 已考虑使用“publish-sc\System.IO.Compression.Brotli.dll”，
         			但它的名称“System.IO.Compression.Brotli”
         			与预期名称“System.Windows.Forms, Version=4.0.0.0, Culture=neutral, PublicKeyToken=b77a5c561934e089”不匹配。
                 已考虑使用“publish-sc\System.IO.Compression.dll”，
         			但它的名称“System.IO.Compression”
         			与预期名称“System.Windows.Forms, Version=4.0.0.0, Culture=neutral, PublicKeyToken=b77a5c561934e089”不匹配。
                 已考虑使用“publish-sc\System.IO.Compression.FileSystem.dll”，
         			但它的名称“System.IO.Compression.FileSystem”
         			与预期名称“System.Windows.Forms, Version=4.0.0.0, Culture=neutral, PublicKeyToken=b77a5c561934e089”不匹配。
                 已考虑使用“publish-sc\System.IO.Compression.Native.dll”，
         			但它的名称“System.IO.Compression.Native”
         			与预期名称“System.Windows.Forms, Version=4.0.0.0, Culture=neutral, PublicKeyToken=b77a5c561934e089”不匹配。
                 已考虑使用“publish-sc\System.IO.Compression.ZipFile.dll”，
         			但它的名称“System.IO.Compression.ZipFile”
         			与预期名称“System.Windows.Forms, Version=4.0.0.0, Culture=neutral, PublicKeyToken=b77a5c561934e089”不匹配。
                 已考虑使用“publish-sc\System.IO.dll”，
         			但它的名称“System.IO”
         			与预期名称“System.Windows.Forms, Version=4.0.0.0, Culture=neutral, PublicKeyToken=b77a5c561934e089”不匹配。
                 已考虑使用“publish-sc\System.IO.FileSystem.AccessControl.dll”，
         			但它的名称“System.IO.FileSystem.AccessControl”
         			与预期名称“System.Windows.Forms, Version=4.0.0.0, Culture=neutral, PublicKeyToken=b77a5c561934e089”不匹配。
                 已考虑使用“publish-sc\System.IO.FileSystem.dll”，
         			但它的名称“System.IO.FileSystem”
         			与预期名称“System.Windows.Forms, Version=4.0.0.0, Culture=neutral, PublicKeyToken=b77a5c561934e089”不匹配。
                 已考虑使用“publish-sc\System.IO.FileSystem.DriveInfo.dll”，
         			但它的名称“System.IO.FileSystem.DriveInfo”
         			与预期名称“System.Windows.Forms, Version=4.0.0.0, Culture=neutral, PublicKeyToken=b77a5c561934e089”不匹配。
                 已考虑使用“publish-sc\System.IO.FileSystem.Primitives.dll”，
         			但它的名称“System.IO.FileSystem.Primitives”
         			与预期名称“System.Windows.Forms, Version=4.0.0.0, Culture=neutral, PublicKeyToken=b77a5c561934e089”不匹配。
                 已考虑使用“publish-sc\System.IO.FileSystem.Watcher.dll”，
         			但它的名称“System.IO.FileSystem.Watcher”
         			与预期名称“System.Windows.Forms, Version=4.0.0.0, Culture=neutral, PublicKeyToken=b77a5c561934e089”不匹配。
                 已考虑使用“publish-sc\System.IO.IsolatedStorage.dll”，
         			但它的名称“System.IO.IsolatedStorage”
         			与预期名称“System.Windows.Forms, Version=4.0.0.0, Culture=neutral, PublicKeyToken=b77a5c561934e089”不匹配。
                 已考虑使用“publish-sc\System.IO.MemoryMappedFiles.dll”，
         			但它的名称“System.IO.MemoryMappedFiles”
         			与预期名称“System.Windows.Forms, Version=4.0.0.0, Culture=neutral, PublicKeyToken=b77a5c561934e089”不匹配。
                 已考虑使用“publish-sc\System.IO.Packaging.dll”，
         			但它的名称“System.IO.Packaging”
         			与预期名称“System.Windows.Forms, Version=4.0.0.0, Culture=neutral, PublicKeyToken=b77a5c561934e089”不匹配。
                 已考虑使用“publish-sc\System.IO.Pipelines.dll”，
         			但它的名称“System.IO.Pipelines”
         			与预期名称“System.Windows.Forms, Version=4.0.0.0, Culture=neutral, PublicKeyToken=b77a5c561934e089”不匹配。
                 已考虑使用“publish-sc\System.IO.Pipes.AccessControl.dll”，
         			但它的名称“System.IO.Pipes.AccessControl”
         			与预期名称“System.Windows.Forms, Version=4.0.0.0, Culture=neutral, PublicKeyToken=b77a5c561934e089”不匹配。
                 已考虑使用“publish-sc\System.IO.Pipes.dll”，
         			但它的名称“System.IO.Pipes”
         			与预期名称“System.Windows.Forms, Version=4.0.0.0, Culture=neutral, PublicKeyToken=b77a5c561934e089”不匹配。
                 已考虑使用“publish-sc\System.IO.UnmanagedMemoryStream.dll”，
         			但它的名称“System.IO.UnmanagedMemoryStream”
         			与预期名称“System.Windows.Forms, Version=4.0.0.0, Culture=neutral, PublicKeyToken=b77a5c561934e089”不匹配。
                 已考虑使用“publish-sc\System.Linq.dll”，
         			但它的名称“System.Linq”
         			与预期名称“System.Windows.Forms, Version=4.0.0.0, Culture=neutral, PublicKeyToken=b77a5c561934e089”不匹配。
                 已考虑使用“publish-sc\System.Linq.Expressions.dll”，
         			但它的名称“System.Linq.Expressions”
         			与预期名称“System.Windows.Forms, Version=4.0.0.0, Culture=neutral, PublicKeyToken=b77a5c561934e089”不匹配。
                 已考虑使用“publish-sc\System.Linq.Parallel.dll”，
         			但它的名称“System.Linq.Parallel”
         			与预期名称“System.Windows.Forms, Version=4.0.0.0, Culture=neutral, PublicKeyToken=b77a5c561934e089”不匹配。
                 已考虑使用“publish-sc\System.Linq.Queryable.dll”，
         			但它的名称“System.Linq.Queryable”
         			与预期名称“System.Windows.Forms, Version=4.0.0.0, Culture=neutral, PublicKeyToken=b77a5c561934e089”不匹配。
                 已考虑使用“publish-sc\System.Memory.dll”，
         			但它的名称“System.Memory”
         			与预期名称“System.Windows.Forms, Version=4.0.0.0, Culture=neutral, PublicKeyToken=b77a5c561934e089”不匹配。
                 已考虑使用“publish-sc\System.Net.dll”，
         			但它的名称“System.Net”
         			与预期名称“System.Windows.Forms, Version=4.0.0.0, Culture=neutral, PublicKeyToken=b77a5c561934e089”不匹配。
                 已考虑使用“publish-sc\System.Net.Http.dll”，
         			但它的名称“System.Net.Http”
         			与预期名称“System.Windows.Forms, Version=4.0.0.0, Culture=neutral, PublicKeyToken=b77a5c561934e089”不匹配。
                 已考虑使用“publish-sc\System.Net.Http.Json.dll”，
         			但它的名称“System.Net.Http.Json”
         			与预期名称“System.Windows.Forms, Version=4.0.0.0, Culture=neutral, PublicKeyToken=b77a5c561934e089”不匹配。
                 已考虑使用“publish-sc\System.Net.HttpListener.dll”，
         			但它的名称“System.Net.HttpListener”
         			与预期名称“System.Windows.Forms, Version=4.0.0.0, Culture=neutral, PublicKeyToken=b77a5c561934e089”不匹配。
                 已考虑使用“publish-sc\System.Net.Mail.dll”，
         			但它的名称“System.Net.Mail”
         			与预期名称“System.Windows.Forms, Version=4.0.0.0, Culture=neutral, PublicKeyToken=b77a5c561934e089”不匹配。
                 已考虑使用“publish-sc\System.Net.NameResolution.dll”，
         			但它的名称“System.Net.NameResolution”
         			与预期名称“System.Windows.Forms, Version=4.0.0.0, Culture=neutral, PublicKeyToken=b77a5c561934e089”不匹配。
                 已考虑使用“publish-sc\System.Net.NetworkInformation.dll”，
         			但它的名称“System.Net.NetworkInformation”
         			与预期名称“System.Windows.Forms, Version=4.0.0.0, Culture=neutral, PublicKeyToken=b77a5c561934e089”不匹配。
                 已考虑使用“publish-sc\System.Net.Ping.dll”，
         			但它的名称“System.Net.Ping”
         			与预期名称“System.Windows.Forms, Version=4.0.0.0, Culture=neutral, PublicKeyToken=b77a5c561934e089”不匹配。
                 已考虑使用“publish-sc\System.Net.Primitives.dll”，
         			但它的名称“System.Net.Primitives”
         			与预期名称“System.Windows.Forms, Version=4.0.0.0, Culture=neutral, PublicKeyToken=b77a5c561934e089”不匹配。
                 已考虑使用“publish-sc\System.Net.Quic.dll”，
         			但它的名称“System.Net.Quic”
         			与预期名称“System.Windows.Forms, Version=4.0.0.0, Culture=neutral, PublicKeyToken=b77a5c561934e089”不匹配。
                 已考虑使用“publish-sc\System.Net.Requests.dll”，
         			但它的名称“System.Net.Requests”
         			与预期名称“System.Windows.Forms, Version=4.0.0.0, Culture=neutral, PublicKeyToken=b77a5c561934e089”不匹配。
                 已考虑使用“publish-sc\System.Net.Security.dll”，
         			但它的名称“System.Net.Security”
         			与预期名称“System.Windows.Forms, Version=4.0.0.0, Culture=neutral, PublicKeyToken=b77a5c561934e089”不匹配。
                 已考虑使用“publish-sc\System.Net.ServicePoint.dll”，
         			但它的名称“System.Net.ServicePoint”
         			与预期名称“System.Windows.Forms, Version=4.0.0.0, Culture=neutral, PublicKeyToken=b77a5c561934e089”不匹配。
                 已考虑使用“publish-sc\System.Net.Sockets.dll”，
         			但它的名称“System.Net.Sockets”
         			与预期名称“System.Windows.Forms, Version=4.0.0.0, Culture=neutral, PublicKeyToken=b77a5c561934e089”不匹配。
                 已考虑使用“publish-sc\System.Net.WebClient.dll”，
         			但它的名称“System.Net.WebClient”
         			与预期名称“System.Windows.Forms, Version=4.0.0.0, Culture=neutral, PublicKeyToken=b77a5c561934e089”不匹配。
                 已考虑使用“publish-sc\System.Net.WebHeaderCollection.dll”，
         			但它的名称“System.Net.WebHeaderCollection”
         			与预期名称“System.Windows.Forms, Version=4.0.0.0, Culture=neutral, PublicKeyToken=b77a5c561934e089”不匹配。
                 已考虑使用“publish-sc\System.Net.WebProxy.dll”，
         			但它的名称“System.Net.WebProxy”
         			与预期名称“System.Windows.Forms, Version=4.0.0.0, Culture=neutral, PublicKeyToken=b77a5c561934e089”不匹配。
                 已考虑使用“publish-sc\System.Net.WebSockets.Client.dll”，
         			但它的名称“System.Net.WebSockets.Client”
         			与预期名称“System.Windows.Forms, Version=4.0.0.0, Culture=neutral, PublicKeyToken=b77a5c561934e089”不匹配。
                 已考虑使用“publish-sc\System.Net.WebSockets.dll”，
         			但它的名称“System.Net.WebSockets”
         			与预期名称“System.Windows.Forms, Version=4.0.0.0, Culture=neutral, PublicKeyToken=b77a5c561934e089”不匹配。
                 已考虑使用“publish-sc\System.Numerics.dll”，
         			但它的名称“System.Numerics”
         			与预期名称“System.Windows.Forms, Version=4.0.0.0, Culture=neutral, PublicKeyToken=b77a5c561934e089”不匹配。
                 已考虑使用“publish-sc\System.Numerics.Vectors.dll”，
         			但它的名称“System.Numerics.Vectors”
         			与预期名称“System.Windows.Forms, Version=4.0.0.0, Culture=neutral, PublicKeyToken=b77a5c561934e089”不匹配。
                 已考虑使用“publish-sc\System.ObjectModel.dll”，
         			但它的名称“System.ObjectModel”
         			与预期名称“System.Windows.Forms, Version=4.0.0.0, Culture=neutral, PublicKeyToken=b77a5c561934e089”不匹配。
                 已考虑使用“publish-sc\System.Printing.dll”，
         			但它的名称“System.Printing”
         			与预期名称“System.Windows.Forms, Version=4.0.0.0, Culture=neutral, PublicKeyToken=b77a5c561934e089”不匹配。
                 已考虑使用“publish-sc\System.Private.CoreLib.dll”，
         			但它的名称“System.Private.CoreLib”
         			与预期名称“System.Windows.Forms, Version=4.0.0.0, Culture=neutral, PublicKeyToken=b77a5c561934e089”不匹配。
                 已考虑使用“publish-sc\System.Private.DataContractSerialization.dll”，
         			但它的名称“System.Private.DataContractSerialization”
         			与预期名称“System.Windows.Forms, Version=4.0.0.0, Culture=neutral, PublicKeyToken=b77a5c561934e089”不匹配。
                 已考虑使用“publish-sc\System.Private.Uri.dll”，
         			但它的名称“System.Private.Uri”
         			与预期名称“System.Windows.Forms, Version=4.0.0.0, Culture=neutral, PublicKeyToken=b77a5c561934e089”不匹配。
                 已考虑使用“publish-sc\System.Private.Xml.dll”，
         			但它的名称“System.Private.Xml”
         			与预期名称“System.Windows.Forms, Version=4.0.0.0, Culture=neutral, PublicKeyToken=b77a5c561934e089”不匹配。
                 已考虑使用“publish-sc\System.Private.Xml.Linq.dll”，
         			但它的名称“System.Private.Xml.Linq”
         			与预期名称“System.Windows.Forms, Version=4.0.0.0, Culture=neutral, PublicKeyToken=b77a5c561934e089”不匹配。
                 已考虑使用“publish-sc\System.Reflection.DispatchProxy.dll”，
         			但它的名称“System.Reflection.DispatchProxy”
         			与预期名称“System.Windows.Forms, Version=4.0.0.0, Culture=neutral, PublicKeyToken=b77a5c561934e089”不匹配。
                 已考虑使用“publish-sc\System.Reflection.dll”，
         			但它的名称“System.Reflection”
         			与预期名称“System.Windows.Forms, Version=4.0.0.0, Culture=neutral, PublicKeyToken=b77a5c561934e089”不匹配。
                 已考虑使用“publish-sc\System.Reflection.Emit.dll”，
         			但它的名称“System.Reflection.Emit”
         			与预期名称“System.Windows.Forms, Version=4.0.0.0, Culture=neutral, PublicKeyToken=b77a5c561934e089”不匹配。
                 已考虑使用“publish-sc\System.Reflection.Emit.ILGeneration.dll”，
         			但它的名称“System.Reflection.Emit.ILGeneration”
         			与预期名称“System.Windows.Forms, Version=4.0.0.0, Culture=neutral, PublicKeyToken=b77a5c561934e089”不匹配。
                 已考虑使用“publish-sc\System.Reflection.Emit.Lightweight.dll”，
         			但它的名称“System.Reflection.Emit.Lightweight”
         			与预期名称“System.Windows.Forms, Version=4.0.0.0, Culture=neutral, PublicKeyToken=b77a5c561934e089”不匹配。
                 已考虑使用“publish-sc\System.Reflection.Extensions.dll”，
         			但它的名称“System.Reflection.Extensions”
         			与预期名称“System.Windows.Forms, Version=4.0.0.0, Culture=neutral, PublicKeyToken=b77a5c561934e089”不匹配。
                 已考虑使用“publish-sc\System.Reflection.Metadata.dll”，
         			但它的名称“System.Reflection.Metadata”
         			与预期名称“System.Windows.Forms, Version=4.0.0.0, Culture=neutral, PublicKeyToken=b77a5c561934e089”不匹配。
                 已考虑使用“publish-sc\System.Reflection.Primitives.dll”，
         			但它的名称“System.Reflection.Primitives”
         			与预期名称“System.Windows.Forms, Version=4.0.0.0, Culture=neutral, PublicKeyToken=b77a5c561934e089”不匹配。
                 已考虑使用“publish-sc\System.Reflection.TypeExtensions.dll”，
         			但它的名称“System.Reflection.TypeExtensions”
         			与预期名称“System.Windows.Forms, Version=4.0.0.0, Culture=neutral, PublicKeyToken=b77a5c561934e089”不匹配。
                 已考虑使用“publish-sc\System.Resources.Extensions.dll”，
         			但它的名称“System.Resources.Extensions”
         			与预期名称“System.Windows.Forms, Version=4.0.0.0, Culture=neutral, PublicKeyToken=b77a5c561934e089”不匹配。
                 已考虑使用“publish-sc\System.Resources.Reader.dll”，
         			但它的名称“System.Resources.Reader”
         			与预期名称“System.Windows.Forms, Version=4.0.0.0, Culture=neutral, PublicKeyToken=b77a5c561934e089”不匹配。
                 已考虑使用“publish-sc\System.Resources.ResourceManager.dll”，
         			但它的名称“System.Resources.ResourceManager”
         			与预期名称“System.Windows.Forms, Version=4.0.0.0, Culture=neutral, PublicKeyToken=b77a5c561934e089”不匹配。
                 已考虑使用“publish-sc\System.Resources.Writer.dll”，
         			但它的名称“System.Resources.Writer”
         			与预期名称“System.Windows.Forms, Version=4.0.0.0, Culture=neutral, PublicKeyToken=b77a5c561934e089”不匹配。
                 已考虑使用“publish-sc\System.Runtime.CompilerServices.Unsafe.dll”，
         			但它的名称“System.Runtime.CompilerServices.Unsafe”
         			与预期名称“System.Windows.Forms, Version=4.0.0.0, Culture=neutral, PublicKeyToken=b77a5c561934e089”不匹配。
                 已考虑使用“publish-sc\System.Runtime.CompilerServices.VisualC.dll”，
         			但它的名称“System.Runtime.CompilerServices.VisualC”
         			与预期名称“System.Windows.Forms, Version=4.0.0.0, Culture=neutral, PublicKeyToken=b77a5c561934e089”不匹配。
                 已考虑使用“publish-sc\System.Runtime.dll”，
         			但它的名称“System.Runtime”
         			与预期名称“System.Windows.Forms, Version=4.0.0.0, Culture=neutral, PublicKeyToken=b77a5c561934e089”不匹配。
                 已考虑使用“publish-sc\System.Runtime.Extensions.dll”，
         			但它的名称“System.Runtime.Extensions”
         			与预期名称“System.Windows.Forms, Version=4.0.0.0, Culture=neutral, PublicKeyToken=b77a5c561934e089”不匹配。
                 已考虑使用“publish-sc\System.Runtime.Handles.dll”，
         			但它的名称“System.Runtime.Handles”
         			与预期名称“System.Windows.Forms, Version=4.0.0.0, Culture=neutral, PublicKeyToken=b77a5c561934e089”不匹配。
                 已考虑使用“publish-sc\System.Runtime.InteropServices.dll”，
         			但它的名称“System.Runtime.InteropServices”
         			与预期名称“System.Windows.Forms, Version=4.0.0.0, Culture=neutral, PublicKeyToken=b77a5c561934e089”不匹配。
                 已考虑使用“publish-sc\System.Runtime.InteropServices.JavaScript.dll”，
         			但它的名称“System.Runtime.InteropServices.JavaScript”
         			与预期名称“System.Windows.Forms, Version=4.0.0.0, Culture=neutral, PublicKeyToken=b77a5c561934e089”不匹配。
                 已考虑使用“publish-sc\System.Runtime.InteropServices.RuntimeInformation.dll”，
         			但它的名称“System.Runtime.InteropServices.RuntimeInformation”
         			与预期名称“System.Windows.Forms, Version=4.0.0.0, Culture=neutral, PublicKeyToken=b77a5c561934e089”不匹配。
                 已考虑使用“publish-sc\System.Runtime.Intrinsics.dll”，
         			但它的名称“System.Runtime.Intrinsics”
         			与预期名称“System.Windows.Forms, Version=4.0.0.0, Culture=neutral, PublicKeyToken=b77a5c561934e089”不匹配。
                 已考虑使用“publish-sc\System.Runtime.Loader.dll”，
         			但它的名称“System.Runtime.Loader”
         			与预期名称“System.Windows.Forms, Version=4.0.0.0, Culture=neutral, PublicKeyToken=b77a5c561934e089”不匹配。
                 已考虑使用“publish-sc\System.Runtime.Numerics.dll”，
         			但它的名称“System.Runtime.Numerics”
         			与预期名称“System.Windows.Forms, Version=4.0.0.0, Culture=neutral, PublicKeyToken=b77a5c561934e089”不匹配。
                 已考虑使用“publish-sc\System.Runtime.Serialization.dll”，
         			但它的名称“System.Runtime.Serialization”
         			与预期名称“System.Windows.Forms, Version=4.0.0.0, Culture=neutral, PublicKeyToken=b77a5c561934e089”不匹配。
                 已考虑使用“publish-sc\System.Runtime.Serialization.Formatters.dll”，
         			但它的名称“System.Runtime.Serialization.Formatters”
         			与预期名称“System.Windows.Forms, Version=4.0.0.0, Culture=neutral, PublicKeyToken=b77a5c561934e089”不匹配。
                 已考虑使用“publish-sc\System.Runtime.Serialization.Json.dll”，
         			但它的名称“System.Runtime.Serialization.Json”
         			与预期名称“System.Windows.Forms, Version=4.0.0.0, Culture=neutral, PublicKeyToken=b77a5c561934e089”不匹配。
                 已考虑使用“publish-sc\System.Runtime.Serialization.Primitives.dll”，
         			但它的名称“System.Runtime.Serialization.Primitives”
         			与预期名称“System.Windows.Forms, Version=4.0.0.0, Culture=neutral, PublicKeyToken=b77a5c561934e089”不匹配。
                 已考虑使用“publish-sc\System.Runtime.Serialization.Xml.dll”，
         			但它的名称“System.Runtime.Serialization.Xml”
         			与预期名称“System.Windows.Forms, Version=4.0.0.0, Culture=neutral, PublicKeyToken=b77a5c561934e089”不匹配。
                 已考虑使用“publish-sc\System.Security.AccessControl.dll”，
         			但它的名称“System.Security.AccessControl”
         			与预期名称“System.Windows.Forms, Version=4.0.0.0, Culture=neutral, PublicKeyToken=b77a5c561934e089”不匹配。
                 已考虑使用“publish-sc\System.Security.Claims.dll”，
         			但它的名称“System.Security.Claims”
         			与预期名称“System.Windows.Forms, Version=4.0.0.0, Culture=neutral, PublicKeyToken=b77a5c561934e089”不匹配。
                 已考虑使用“publish-sc\System.Security.Cryptography.Algorithms.dll”，
         			但它的名称“System.Security.Cryptography.Algorithms”
         			与预期名称“System.Windows.Forms, Version=4.0.0.0, Culture=neutral, PublicKeyToken=b77a5c561934e089”不匹配。
                 已考虑使用“publish-sc\System.Security.Cryptography.Cng.dll”，
         			但它的名称“System.Security.Cryptography.Cng”
         			与预期名称“System.Windows.Forms, Version=4.0.0.0, Culture=neutral, PublicKeyToken=b77a5c561934e089”不匹配。
                 已考虑使用“publish-sc\System.Security.Cryptography.Csp.dll”，
         			但它的名称“System.Security.Cryptography.Csp”
         			与预期名称“System.Windows.Forms, Version=4.0.0.0, Culture=neutral, PublicKeyToken=b77a5c561934e089”不匹配。
                 已考虑使用“publish-sc\System.Security.Cryptography.dll”，
         			但它的名称“System.Security.Cryptography”
         			与预期名称“System.Windows.Forms, Version=4.0.0.0, Culture=neutral, PublicKeyToken=b77a5c561934e089”不匹配。
                 已考虑使用“publish-sc\System.Security.Cryptography.Encoding.dll”，
         			但它的名称“System.Security.Cryptography.Encoding”
         			与预期名称“System.Windows.Forms, Version=4.0.0.0, Culture=neutral, PublicKeyToken=b77a5c561934e089”不匹配。
                 已考虑使用“publish-sc\System.Security.Cryptography.OpenSsl.dll”，
         			但它的名称“System.Security.Cryptography.OpenSsl”
         			与预期名称“System.Windows.Forms, Version=4.0.0.0, Culture=neutral, PublicKeyToken=b77a5c561934e089”不匹配。
                 已考虑使用“publish-sc\System.Security.Cryptography.Pkcs.dll”，
         			但它的名称“System.Security.Cryptography.Pkcs”
         			与预期名称“System.Windows.Forms, Version=4.0.0.0, Culture=neutral, PublicKeyToken=b77a5c561934e089”不匹配。
                 已考虑使用“publish-sc\System.Security.Cryptography.Primitives.dll”，
         			但它的名称“System.Security.Cryptography.Primitives”
         			与预期名称“System.Windows.Forms, Version=4.0.0.0, Culture=neutral, PublicKeyToken=b77a5c561934e089”不匹配。
                 已考虑使用“publish-sc\System.Security.Cryptography.ProtectedData.dll”，
         			但它的名称“System.Security.Cryptography.ProtectedData”
         			与预期名称“System.Windows.Forms, Version=4.0.0.0, Culture=neutral, PublicKeyToken=b77a5c561934e089”不匹配。
                 已考虑使用“publish-sc\System.Security.Cryptography.X509Certificates.dll”，
         			但它的名称“System.Security.Cryptography.X509Certificates”
         			与预期名称“System.Windows.Forms, Version=4.0.0.0, Culture=neutral, PublicKeyToken=b77a5c561934e089”不匹配。
                 已考虑使用“publish-sc\System.Security.Cryptography.Xml.dll”，
         			但它的名称“System.Security.Cryptography.Xml”
         			与预期名称“System.Windows.Forms, Version=4.0.0.0, Culture=neutral, PublicKeyToken=b77a5c561934e089”不匹配。
                 已考虑使用“publish-sc\System.Security.dll”，
         			但它的名称“System.Security”
         			与预期名称“System.Windows.Forms, Version=4.0.0.0, Culture=neutral, PublicKeyToken=b77a5c561934e089”不匹配。
                 已考虑使用“publish-sc\System.Security.Permissions.dll”，
         			但它的名称“System.Security.Permissions”
         			与预期名称“System.Windows.Forms, Version=4.0.0.0, Culture=neutral, PublicKeyToken=b77a5c561934e089”不匹配。
                 已考虑使用“publish-sc\System.Security.Principal.dll”，
         			但它的名称“System.Security.Principal”
         			与预期名称“System.Windows.Forms, Version=4.0.0.0, Culture=neutral, PublicKeyToken=b77a5c561934e089”不匹配。
                 已考虑使用“publish-sc\System.Security.Principal.Windows.dll”，
         			但它的名称“System.Security.Principal.Windows”
         			与预期名称“System.Windows.Forms, Version=4.0.0.0, Culture=neutral, PublicKeyToken=b77a5c561934e089”不匹配。
                 已考虑使用“publish-sc\System.Security.SecureString.dll”，
         			但它的名称“System.Security.SecureString”
         			与预期名称“System.Windows.Forms, Version=4.0.0.0, Culture=neutral, PublicKeyToken=b77a5c561934e089”不匹配。
                 已考虑使用“publish-sc\System.ServiceModel.Web.dll”，
         			但它的名称“System.ServiceModel.Web”
         			与预期名称“System.Windows.Forms, Version=4.0.0.0, Culture=neutral, PublicKeyToken=b77a5c561934e089”不匹配。
                 已考虑使用“publish-sc\System.ServiceProcess.dll”，
         			但它的名称“System.ServiceProcess”
         			与预期名称“System.Windows.Forms, Version=4.0.0.0, Culture=neutral, PublicKeyToken=b77a5c561934e089”不匹配。
                 已考虑使用“publish-sc\System.Text.Encoding.CodePages.dll”，
         			但它的名称“System.Text.Encoding.CodePages”
         			与预期名称“System.Windows.Forms, Version=4.0.0.0, Culture=neutral, PublicKeyToken=b77a5c561934e089”不匹配。
                 已考虑使用“publish-sc\System.Text.Encoding.dll”，
         			但它的名称“System.Text.Encoding”
         			与预期名称“System.Windows.Forms, Version=4.0.0.0, Culture=neutral, PublicKeyToken=b77a5c561934e089”不匹配。
                 已考虑使用“publish-sc\System.Text.Encoding.Extensions.dll”，
         			但它的名称“System.Text.Encoding.Extensions”
         			与预期名称“System.Windows.Forms, Version=4.0.0.0, Culture=neutral, PublicKeyToken=b77a5c561934e089”不匹配。
                 已考虑使用“publish-sc\System.Text.Encodings.Web.dll”，
         			但它的名称“System.Text.Encodings.Web”
         			与预期名称“System.Windows.Forms, Version=4.0.0.0, Culture=neutral, PublicKeyToken=b77a5c561934e089”不匹配。
                 已考虑使用“publish-sc\System.Text.Json.dll”，
         			但它的名称“System.Text.Json”
         			与预期名称“System.Windows.Forms, Version=4.0.0.0, Culture=neutral, PublicKeyToken=b77a5c561934e089”不匹配。
                 已考虑使用“publish-sc\System.Text.RegularExpressions.dll”，
         			但它的名称“System.Text.RegularExpressions”
         			与预期名称“System.Windows.Forms, Version=4.0.0.0, Culture=neutral, PublicKeyToken=b77a5c561934e089”不匹配。
                 已考虑使用“publish-sc\System.Threading.AccessControl.dll”，
         			但它的名称“System.Threading.AccessControl”
         			与预期名称“System.Windows.Forms, Version=4.0.0.0, Culture=neutral, PublicKeyToken=b77a5c561934e089”不匹配。
                 已考虑使用“publish-sc\System.Threading.Channels.dll”，
         			但它的名称“System.Threading.Channels”
         			与预期名称“System.Windows.Forms, Version=4.0.0.0, Culture=neutral, PublicKeyToken=b77a5c561934e089”不匹配。
                 已考虑使用“publish-sc\System.Threading.dll”，
         			但它的名称“System.Threading”
         			与预期名称“System.Windows.Forms, Version=4.0.0.0, Culture=neutral, PublicKeyToken=b77a5c561934e089”不匹配。
                 已考虑使用“publish-sc\System.Threading.Overlapped.dll”，
         			但它的名称“System.Threading.Overlapped”
         			与预期名称“System.Windows.Forms, Version=4.0.0.0, Culture=neutral, PublicKeyToken=b77a5c561934e089”不匹配。
                 已考虑使用“publish-sc\System.Threading.Tasks.Dataflow.dll”，
         			但它的名称“System.Threading.Tasks.Dataflow”
         			与预期名称“System.Windows.Forms, Version=4.0.0.0, Culture=neutral, PublicKeyToken=b77a5c561934e089”不匹配。
                 已考虑使用“publish-sc\System.Threading.Tasks.dll”，
         			但它的名称“System.Threading.Tasks”
         			与预期名称“System.Windows.Forms, Version=4.0.0.0, Culture=neutral, PublicKeyToken=b77a5c561934e089”不匹配。
                 已考虑使用“publish-sc\System.Threading.Tasks.Extensions.dll”，
         			但它的名称“System.Threading.Tasks.Extensions”
         			与预期名称“System.Windows.Forms, Version=4.0.0.0, Culture=neutral, PublicKeyToken=b77a5c561934e089”不匹配。
                 已考虑使用“publish-sc\System.Threading.Tasks.Parallel.dll”，
         			但它的名称“System.Threading.Tasks.Parallel”
         			与预期名称“System.Windows.Forms, Version=4.0.0.0, Culture=neutral, PublicKeyToken=b77a5c561934e089”不匹配。
                 已考虑使用“publish-sc\System.Threading.Thread.dll”，
         			但它的名称“System.Threading.Thread”
         			与预期名称“System.Windows.Forms, Version=4.0.0.0, Culture=neutral, PublicKeyToken=b77a5c561934e089”不匹配。
                 已考虑使用“publish-sc\System.Threading.ThreadPool.dll”，
         			但它的名称“System.Threading.ThreadPool”
         			与预期名称“System.Windows.Forms, Version=4.0.0.0, Culture=neutral, PublicKeyToken=b77a5c561934e089”不匹配。
                 已考虑使用“publish-sc\System.Threading.Timer.dll”，
         			但它的名称“System.Threading.Timer”
         			与预期名称“System.Windows.Forms, Version=4.0.0.0, Culture=neutral, PublicKeyToken=b77a5c561934e089”不匹配。
                 已考虑使用“publish-sc\System.Transactions.dll”，
         			但它的名称“System.Transactions”
         			与预期名称“System.Windows.Forms, Version=4.0.0.0, Culture=neutral, PublicKeyToken=b77a5c561934e089”不匹配。
                 已考虑使用“publish-sc\System.Transactions.Local.dll”，
         			但它的名称“System.Transactions.Local”
         			与预期名称“System.Windows.Forms, Version=4.0.0.0, Culture=neutral, PublicKeyToken=b77a5c561934e089”不匹配。
                 已考虑使用“publish-sc\System.ValueTuple.dll”，
         			但它的名称“System.ValueTuple”
         			与预期名称“System.Windows.Forms, Version=4.0.0.0, Culture=neutral, PublicKeyToken=b77a5c561934e089”不匹配。
                 已考虑使用“publish-sc\System.Web.dll”，
         			但它的名称“System.Web”
         			与预期名称“System.Windows.Forms, Version=4.0.0.0, Culture=neutral, PublicKeyToken=b77a5c561934e089”不匹配。
                 已考虑使用“publish-sc\System.Web.HttpUtility.dll”，
         			但它的名称“System.Web.HttpUtility”
         			与预期名称“System.Windows.Forms, Version=4.0.0.0, Culture=neutral, PublicKeyToken=b77a5c561934e089”不匹配。
                 已考虑使用“publish-sc\System.Windows.Controls.Ribbon.dll”，
         			但它的名称“System.Windows.Controls.Ribbon”
         			与预期名称“System.Windows.Forms, Version=4.0.0.0, Culture=neutral, PublicKeyToken=b77a5c561934e089”不匹配。
                 已考虑使用“publish-sc\System.Windows.dll”，
         			但它的名称“System.Windows”
         			与预期名称“System.Windows.Forms, Version=4.0.0.0, Culture=neutral, PublicKeyToken=b77a5c561934e089”不匹配。
                 已考虑使用“publish-sc\System.Windows.Extensions.dll”，
         			但它的名称“System.Windows.Extensions”
         			与预期名称“System.Windows.Forms, Version=4.0.0.0, Culture=neutral, PublicKeyToken=b77a5c561934e089”不匹配。
                 已考虑使用“publish-sc\System.Windows.Forms.Design.dll”，
         			但它的名称“System.Windows.Forms.Design”
         			与预期名称“System.Windows.Forms, Version=4.0.0.0, Culture=neutral, PublicKeyToken=b77a5c561934e089”不匹配。
                 已考虑使用“publish-sc\System.Windows.Forms.Design.Editors.dll”，
         			但它的名称“System.Windows.Forms.Design.Editors”
         			与预期名称“System.Windows.Forms, Version=4.0.0.0, Culture=neutral, PublicKeyToken=b77a5c561934e089”不匹配。
                 已考虑使用“publish-sc\System.Windows.Forms.dll”，
         			但它的名称“System.Windows.Forms, Version=8.0.0.0, Culture=neutral, PublicKeyToken=b77a5c561934e089”
         			与预期名称“System.Windows.Forms, Version=4.0.0.0, Culture=neutral, PublicKeyToken=b77a5c561934e089”不匹配。
                 已考虑使用“publish-sc\System.Windows.Forms.Primitives.dll”，
         			但它的名称“System.Windows.Forms.Primitives”
         			与预期名称“System.Windows.Forms, Version=4.0.0.0, Culture=neutral, PublicKeyToken=b77a5c561934e089”不匹配。
                 已考虑使用“publish-sc\System.Windows.Input.Manipulations.dll”，
         			但它的名称“System.Windows.Input.Manipulations”
         			与预期名称“System.Windows.Forms, Version=4.0.0.0, Culture=neutral, PublicKeyToken=b77a5c561934e089”不匹配。
                 已考虑使用“publish-sc\System.Windows.Presentation.dll”，
         			但它的名称“System.Windows.Presentation”
         			与预期名称“System.Windows.Forms, Version=4.0.0.0, Culture=neutral, PublicKeyToken=b77a5c561934e089”不匹配。
                 已考虑使用“publish-sc\System.Xaml.dll”，
         			但它的名称“System.Xaml”
         			与预期名称“System.Windows.Forms, Version=4.0.0.0, Culture=neutral, PublicKeyToken=b77a5c561934e089”不匹配。
                 已考虑使用“publish-sc\System.Xml.dll”，
         			但它的名称“System.Xml”
         			与预期名称“System.Windows.Forms, Version=4.0.0.0, Culture=neutral, PublicKeyToken=b77a5c561934e089”不匹配。
                 已考虑使用“publish-sc\System.Xml.Linq.dll”，
         			但它的名称“System.Xml.Linq”
         			与预期名称“System.Windows.Forms, Version=4.0.0.0, Culture=neutral, PublicKeyToken=b77a5c561934e089”不匹配。
                 已考虑使用“publish-sc\System.Xml.ReaderWriter.dll”，
         			但它的名称“System.Xml.ReaderWriter”
         			与预期名称“System.Windows.Forms, Version=4.0.0.0, Culture=neutral, PublicKeyToken=b77a5c561934e089”不匹配。
                 已考虑使用“publish-sc\System.Xml.Serialization.dll”，
         			但它的名称“System.Xml.Serialization”
         			与预期名称“System.Windows.Forms, Version=4.0.0.0, Culture=neutral, PublicKeyToken=b77a5c561934e089”不匹配。
                 已考虑使用“publish-sc\System.Xml.XDocument.dll”，
         			但它的名称“System.Xml.XDocument”
         			与预期名称“System.Windows.Forms, Version=4.0.0.0, Culture=neutral, PublicKeyToken=b77a5c561934e089”不匹配。
                 已考虑使用“publish-sc\System.Xml.XmlDocument.dll”，
         			但它的名称“System.Xml.XmlDocument”
         			与预期名称“System.Windows.Forms, Version=4.0.0.0, Culture=neutral, PublicKeyToken=b77a5c561934e089”不匹配。
                 已考虑使用“publish-sc\System.Xml.XmlSerializer.dll”，
         			但它的名称“System.Xml.XmlSerializer”
         			与预期名称“System.Windows.Forms, Version=4.0.0.0, Culture=neutral, PublicKeyToken=b77a5c561934e089”不匹配。
                 已考虑使用“publish-sc\System.Xml.XPath.dll”，
         			但它的名称“System.Xml.XPath”
         			与预期名称“System.Windows.Forms, Version=4.0.0.0, Culture=neutral, PublicKeyToken=b77a5c561934e089”不匹配。
                 已考虑使用“publish-sc\System.Xml.XPath.XDocument.dll”，
         			但它的名称“System.Xml.XPath.XDocument”
         			与预期名称“System.Windows.Forms, Version=4.0.0.0, Culture=neutral, PublicKeyToken=b77a5c561934e089”不匹配。
                 已考虑使用“publish-sc\tr\Microsoft.VisualBasic.Forms.resources.dll”，
         			但它的名称“Microsoft.VisualBasic.Forms.resources”
         			与预期名称“System.Windows.Forms, Version=4.0.0.0, Culture=neutral, PublicKeyToken=b77a5c561934e089”不匹配。
                 已考虑使用“publish-sc\tr\PresentationCore.resources.dll”，
         			但它的名称“PresentationCore.resources”
         			与预期名称“System.Windows.Forms, Version=4.0.0.0, Culture=neutral, PublicKeyToken=b77a5c561934e089”不匹配。
                 已考虑使用“publish-sc\tr\PresentationFramework.resources.dll”，
         			但它的名称“PresentationFramework.resources”
         			与预期名称“System.Windows.Forms, Version=4.0.0.0, Culture=neutral, PublicKeyToken=b77a5c561934e089”不匹配。
                 已考虑使用“publish-sc\tr\PresentationUI.resources.dll”，
         			但它的名称“PresentationUI.resources”
         			与预期名称“System.Windows.Forms, Version=4.0.0.0, Culture=neutral, PublicKeyToken=b77a5c561934e089”不匹配。
                 已考虑使用“publish-sc\tr\ReachFramework.resources.dll”，
         			但它的名称“ReachFramework.resources”
         			与预期名称“System.Windows.Forms, Version=4.0.0.0, Culture=neutral, PublicKeyToken=b77a5c561934e089”不匹配。
                 已考虑使用“publish-sc\tr\System.Windows.Controls.Ribbon.resources.dll”，
         			但它的名称“System.Windows.Controls.Ribbon.resources”
         			与预期名称“System.Windows.Forms, Version=4.0.0.0, Culture=neutral, PublicKeyToken=b77a5c561934e089”不匹配。
                 已考虑使用“publish-sc\tr\System.Windows.Forms.Design.resources.dll”，
         			但它的名称“System.Windows.Forms.Design.resources”
         			与预期名称“System.Windows.Forms, Version=4.0.0.0, Culture=neutral, PublicKeyToken=b77a5c561934e089”不匹配。
                 已考虑使用“publish-sc\tr\System.Windows.Forms.Primitives.resources.dll”，
         			但它的名称“System.Windows.Forms.Primitives.resources”
         			与预期名称“System.Windows.Forms, Version=4.0.0.0, Culture=neutral, PublicKeyToken=b77a5c561934e089”不匹配。
                 已考虑使用“publish-sc\tr\System.Windows.Forms.resources.dll”，
         			但它的名称“System.Windows.Forms.resources”
         			与预期名称“System.Windows.Forms, Version=4.0.0.0, Culture=neutral, PublicKeyToken=b77a5c561934e089”不匹配。
                 已考虑使用“publish-sc\tr\System.Windows.Input.Manipulations.resources.dll”，
         			但它的名称“System.Windows.Input.Manipulations.resources”
         			与预期名称“System.Windows.Forms, Version=4.0.0.0, Culture=neutral, PublicKeyToken=b77a5c561934e089”不匹配。
                 已考虑使用“publish-sc\tr\System.Xaml.resources.dll”，
         			但它的名称“System.Xaml.resources”
         			与预期名称“System.Windows.Forms, Version=4.0.0.0, Culture=neutral, PublicKeyToken=b77a5c561934e089”不匹配。
                 已考虑使用“publish-sc\tr\UIAutomationClient.resources.dll”，
         			但它的名称“UIAutomationClient.resources”
         			与预期名称“System.Windows.Forms, Version=4.0.0.0, Culture=neutral, PublicKeyToken=b77a5c561934e089”不匹配。
                 已考虑使用“publish-sc\tr\UIAutomationClientSideProviders.resources.dll”，
         			但它的名称“UIAutomationClientSideProviders.resources”
         			与预期名称“System.Windows.Forms, Version=4.0.0.0, Culture=neutral, PublicKeyToken=b77a5c561934e089”不匹配。
                 已考虑使用“publish-sc\tr\UIAutomationProvider.resources.dll”，
         			但它的名称“UIAutomationProvider.resources”
         			与预期名称“System.Windows.Forms, Version=4.0.0.0, Culture=neutral, PublicKeyToken=b77a5c561934e089”不匹配。
                 已考虑使用“publish-sc\tr\UIAutomationTypes.resources.dll”，
         			但它的名称“UIAutomationTypes.resources”
         			与预期名称“System.Windows.Forms, Version=4.0.0.0, Culture=neutral, PublicKeyToken=b77a5c561934e089”不匹配。
                 已考虑使用“publish-sc\tr\WindowsBase.resources.dll”，
         			但它的名称“WindowsBase.resources”
         			与预期名称“System.Windows.Forms, Version=4.0.0.0, Culture=neutral, PublicKeyToken=b77a5c561934e089”不匹配。
                 已考虑使用“publish-sc\tr\WindowsFormsIntegration.resources.dll”，
         			但它的名称“WindowsFormsIntegration.resources”
         			与预期名称“System.Windows.Forms, Version=4.0.0.0, Culture=neutral, PublicKeyToken=b77a5c561934e089”不匹配。
                 已考虑使用“publish-sc\UIAutomationClient.dll”，
         			但它的名称“UIAutomationClient”
         			与预期名称“System.Windows.Forms, Version=4.0.0.0, Culture=neutral, PublicKeyToken=b77a5c561934e089”不匹配。
                 已考虑使用“publish-sc\UIAutomationClientSideProviders.dll”，
         			但它的名称“UIAutomationClientSideProviders”
         			与预期名称“System.Windows.Forms, Version=4.0.0.0, Culture=neutral, PublicKeyToken=b77a5c561934e089”不匹配。
                 已考虑使用“publish-sc\UIAutomationProvider.dll”，
         			但它的名称“UIAutomationProvider”
         			与预期名称“System.Windows.Forms, Version=4.0.0.0, Culture=neutral, PublicKeyToken=b77a5c561934e089”不匹配。
                 已考虑使用“publish-sc\UIAutomationTypes.dll”，
         			但它的名称“UIAutomationTypes”
         			与预期名称“System.Windows.Forms, Version=4.0.0.0, Culture=neutral, PublicKeyToken=b77a5c561934e089”不匹配。
                 已考虑使用“publish-sc\vcruntime140_cor3.dll”，
         			但它的名称“vcruntime140_cor3”
         			与预期名称“System.Windows.Forms, Version=4.0.0.0, Culture=neutral, PublicKeyToken=b77a5c561934e089”不匹配。
                 已考虑使用“publish-sc\WebView2Loader.dll”，
         			但它的名称“WebView2Loader”
         			与预期名称“System.Windows.Forms, Version=4.0.0.0, Culture=neutral, PublicKeyToken=b77a5c561934e089”不匹配。
                 已考虑使用“publish-sc\WebViewHub.dll”，
         			但它的名称“WebViewHub”
         			与预期名称“System.Windows.Forms, Version=4.0.0.0, Culture=neutral, PublicKeyToken=b77a5c561934e089”不匹配。
                 已考虑使用“publish-sc\WebViewHub.exe”，
         			但它的名称“WebViewHub”
         			与预期名称“System.Windows.Forms, Version=4.0.0.0, Culture=neutral, PublicKeyToken=b77a5c561934e089”不匹配。
                 已考虑使用“publish-sc\WindowsBase.dll”，
         			但它的名称“WindowsBase”
         			与预期名称“System.Windows.Forms, Version=4.0.0.0, Culture=neutral, PublicKeyToken=b77a5c561934e089”不匹配。
                 已考虑使用“publish-sc\WindowsFormsIntegration.dll”，
         			但它的名称“WindowsFormsIntegration”
         			与预期名称“System.Windows.Forms, Version=4.0.0.0, Culture=neutral, PublicKeyToken=b77a5c561934e089”不匹配。
                 已考虑使用“publish-sc\wpfgfx_cor3.dll”，
         			但它的名称“wpfgfx_cor3”
         			与预期名称“System.Windows.Forms, Version=4.0.0.0, Culture=neutral, PublicKeyToken=b77a5c561934e089”不匹配。
                 已考虑使用“publish-sc\zh-Hans\Microsoft.VisualBasic.Forms.resources.dll”，
         			但它的名称“Microsoft.VisualBasic.Forms.resources”
         			与预期名称“System.Windows.Forms, Version=4.0.0.0, Culture=neutral, PublicKeyToken=b77a5c561934e089”不匹配。
                 已考虑使用“publish-sc\zh-Hans\PresentationCore.resources.dll”，
         			但它的名称“PresentationCore.resources”
         			与预期名称“System.Windows.Forms, Version=4.0.0.0, Culture=neutral, PublicKeyToken=b77a5c561934e089”不匹配。
                 已考虑使用“publish-sc\zh-Hans\PresentationFramework.resources.dll”，
         			但它的名称“PresentationFramework.resources”
         			与预期名称“System.Windows.Forms, Version=4.0.0.0, Culture=neutral, PublicKeyToken=b77a5c561934e089”不匹配。
                 已考虑使用“publish-sc\zh-Hans\PresentationUI.resources.dll”，
         			但它的名称“PresentationUI.resources”
         			与预期名称“System.Windows.Forms, Version=4.0.0.0, Culture=neutral, PublicKeyToken=b77a5c561934e089”不匹配。
                 已考虑使用“publish-sc\zh-Hans\ReachFramework.resources.dll”，
         			但它的名称“ReachFramework.resources”
         			与预期名称“System.Windows.Forms, Version=4.0.0.0, Culture=neutral, PublicKeyToken=b77a5c561934e089”不匹配。
                 已考虑使用“publish-sc\zh-Hans\System.Windows.Controls.Ribbon.resources.dll”，
         			但它的名称“System.Windows.Controls.Ribbon.resources”
         			与预期名称“System.Windows.Forms, Version=4.0.0.0, Culture=neutral, PublicKeyToken=b77a5c561934e089”不匹配。
                 已考虑使用“publish-sc\zh-Hans\System.Windows.Forms.Design.resources.dll”，
         			但它的名称“System.Windows.Forms.Design.resources”
         			与预期名称“System.Windows.Forms, Version=4.0.0.0, Culture=neutral, PublicKeyToken=b77a5c561934e089”不匹配。
                 已考虑使用“publish-sc\zh-Hans\System.Windows.Forms.Primitives.resources.dll”，
         			但它的名称“System.Windows.Forms.Primitives.resources”
         			与预期名称“System.Windows.Forms, Version=4.0.0.0, Culture=neutral, PublicKeyToken=b77a5c561934e089”不匹配。
                 已考虑使用“publish-sc\zh-Hans\System.Windows.Forms.resources.dll”，
         			但它的名称“System.Windows.Forms.resources”
         			与预期名称“System.Windows.Forms, Version=4.0.0.0, Culture=neutral, PublicKeyToken=b77a5c561934e089”不匹配。
                 已考虑使用“publish-sc\zh-Hans\System.Windows.Input.Manipulations.resources.dll”，
         			但它的名称“System.Windows.Input.Manipulations.resources”
         			与预期名称“System.Windows.Forms, Version=4.0.0.0, Culture=neutral, PublicKeyToken=b77a5c561934e089”不匹配。
                 已考虑使用“publish-sc\zh-Hans\System.Xaml.resources.dll”，
         			但它的名称“System.Xaml.resources”
         			与预期名称“System.Windows.Forms, Version=4.0.0.0, Culture=neutral, PublicKeyToken=b77a5c561934e089”不匹配。
                 已考虑使用“publish-sc\zh-Hans\UIAutomationClient.resources.dll”，
         			但它的名称“UIAutomationClient.resources”
         			与预期名称“System.Windows.Forms, Version=4.0.0.0, Culture=neutral, PublicKeyToken=b77a5c561934e089”不匹配。
                 已考虑使用“publish-sc\zh-Hans\UIAutomationClientSideProviders.resources.dll”，
         			但它的名称“UIAutomationClientSideProviders.resources”
         			与预期名称“System.Windows.Forms, Version=4.0.0.0, Culture=neutral, PublicKeyToken=b77a5c561934e089”不匹配。
                 已考虑使用“publish-sc\zh-Hans\UIAutomationProvider.resources.dll”，
         			但它的名称“UIAutomationProvider.resources”
         			与预期名称“System.Windows.Forms, Version=4.0.0.0, Culture=neutral, PublicKeyToken=b77a5c561934e089”不匹配。
                 已考虑使用“publish-sc\zh-Hans\UIAutomationTypes.resources.dll”，
         			但它的名称“UIAutomationTypes.resources”
         			与预期名称“System.Windows.Forms, Version=4.0.0.0, Culture=neutral, PublicKeyToken=b77a5c561934e089”不匹配。
                 已考虑使用“publish-sc\zh-Hans\WindowsBase.resources.dll”，
         			但它的名称“WindowsBase.resources”
         			与预期名称“System.Windows.Forms, Version=4.0.0.0, Culture=neutral, PublicKeyToken=b77a5c561934e089”不匹配。
                 已考虑使用“publish-sc\zh-Hans\WindowsFormsIntegration.resources.dll”，
         			但它的名称“WindowsFormsIntegration.resources”
         			与预期名称“System.Windows.Forms, Version=4.0.0.0, Culture=neutral, PublicKeyToken=b77a5c561934e089”不匹配。
                 已考虑使用“publish-sc\zh-Hant\Microsoft.VisualBasic.Forms.resources.dll”，
         			但它的名称“Microsoft.VisualBasic.Forms.resources”
         			与预期名称“System.Windows.Forms, Version=4.0.0.0, Culture=neutral, PublicKeyToken=b77a5c561934e089”不匹配。
                 已考虑使用“publish-sc\zh-Hant\PresentationCore.resources.dll”，
         			但它的名称“PresentationCore.resources”
         			与预期名称“System.Windows.Forms, Version=4.0.0.0, Culture=neutral, PublicKeyToken=b77a5c561934e089”不匹配。
                 已考虑使用“publish-sc\zh-Hant\PresentationFramework.resources.dll”，
         			但它的名称“PresentationFramework.resources”
         			与预期名称“System.Windows.Forms, Version=4.0.0.0, Culture=neutral, PublicKeyToken=b77a5c561934e089”不匹配。
                 已考虑使用“publish-sc\zh-Hant\PresentationUI.resources.dll”，
         			但它的名称“PresentationUI.resources”
         			与预期名称“System.Windows.Forms, Version=4.0.0.0, Culture=neutral, PublicKeyToken=b77a5c561934e089”不匹配。
                 已考虑使用“publish-sc\zh-Hant\ReachFramework.resources.dll”，
         			但它的名称“ReachFramework.resources”
         			与预期名称“System.Windows.Forms, Version=4.0.0.0, Culture=neutral, PublicKeyToken=b77a5c561934e089”不匹配。
                 已考虑使用“publish-sc\zh-Hant\System.Windows.Controls.Ribbon.resources.dll”，
         			但它的名称“System.Windows.Controls.Ribbon.resources”
         			与预期名称“System.Windows.Forms, Version=4.0.0.0, Culture=neutral, PublicKeyToken=b77a5c561934e089”不匹配。
                 已考虑使用“publish-sc\zh-Hant\System.Windows.Forms.Design.resources.dll”，
         			但它的名称“System.Windows.Forms.Design.resources”
         			与预期名称“System.Windows.Forms, Version=4.0.0.0, Culture=neutral, PublicKeyToken=b77a5c561934e089”不匹配。
                 已考虑使用“publish-sc\zh-Hant\System.Windows.Forms.Primitives.resources.dll”，
         			但它的名称“System.Windows.Forms.Primitives.resources”
         			与预期名称“System.Windows.Forms, Version=4.0.0.0, Culture=neutral, PublicKeyToken=b77a5c561934e089”不匹配。
                 已考虑使用“publish-sc\zh-Hant\System.Windows.Forms.resources.dll”，
         			但它的名称“System.Windows.Forms.resources”
         			与预期名称“System.Windows.Forms, Version=4.0.0.0, Culture=neutral, PublicKeyToken=b77a5c561934e089”不匹配。
                 已考虑使用“publish-sc\zh-Hant\System.Windows.Input.Manipulations.resources.dll”，
         			但它的名称“System.Windows.Input.Manipulations.resources”
         			与预期名称“System.Windows.Forms, Version=4.0.0.0, Culture=neutral, PublicKeyToken=b77a5c561934e089”不匹配。
                 已考虑使用“publish-sc\zh-Hant\System.Xaml.resources.dll”，
         			但它的名称“System.Xaml.resources”
         			与预期名称“System.Windows.Forms, Version=4.0.0.0, Culture=neutral, PublicKeyToken=b77a5c561934e089”不匹配。
                 已考虑使用“publish-sc\zh-Hant\UIAutomationClient.resources.dll”，
         			但它的名称“UIAutomationClient.resources”
         			与预期名称“System.Windows.Forms, Version=4.0.0.0, Culture=neutral, PublicKeyToken=b77a5c561934e089”不匹配。
                 已考虑使用“publish-sc\zh-Hant\UIAutomationClientSideProviders.resources.dll”，
         			但它的名称“UIAutomationClientSideProviders.resources”
         			与预期名称“System.Windows.Forms, Version=4.0.0.0, Culture=neutral, PublicKeyToken=b77a5c561934e089”不匹配。
                 已考虑使用“publish-sc\zh-Hant\UIAutomationProvider.resources.dll”，
         			但它的名称“UIAutomationProvider.resources”
         			与预期名称“System.Windows.Forms, Version=4.0.0.0, Culture=neutral, PublicKeyToken=b77a5c561934e089”不匹配。
                 已考虑使用“publish-sc\zh-Hant\UIAutomationTypes.resources.dll”，
         			但它的名称“UIAutomationTypes.resources”
         			与预期名称“System.Windows.Forms, Version=4.0.0.0, Culture=neutral, PublicKeyToken=b77a5c561934e089”不匹配。
                 已考虑使用“publish-sc\zh-Hant\WindowsBase.resources.dll”，
         			但它的名称“WindowsBase.resources”
         			与预期名称“System.Windows.Forms, Version=4.0.0.0, Culture=neutral, PublicKeyToken=b77a5c561934e089”不匹配。
                 已考虑使用“publish-sc\zh-Hant\WindowsFormsIntegration.resources.dll”，
         			但它的名称“WindowsFormsIntegration.resources”
         			与预期名称“System.Windows.Forms, Version=4.0.0.0, Culture=neutral, PublicKeyToken=b77a5c561934e089”不匹配。
                 已考虑使用“publish\CommunityToolkit.Mvvm.dll”，
         			但它的名称“CommunityToolkit.Mvvm”
         			与预期名称“System.Windows.Forms, Version=4.0.0.0, Culture=neutral, PublicKeyToken=b77a5c561934e089”不匹配。
                 已考虑使用“publish\e_sqlite3.dll”，
         			但它的名称“e_sqlite3”
         			与预期名称“System.Windows.Forms, Version=4.0.0.0, Culture=neutral, PublicKeyToken=b77a5c561934e089”不匹配。
                 已考虑使用“publish\Microsoft.Data.Sqlite.dll”，
         			但它的名称“Microsoft.Data.Sqlite”
         			与预期名称“System.Windows.Forms, Version=4.0.0.0, Culture=neutral, PublicKeyToken=b77a5c561934e089”不匹配。
                 已考虑使用“publish\Microsoft.Web.WebView2.Core.dll”，
         			但它的名称“Microsoft.Web.WebView2.Core”
         			与预期名称“System.Windows.Forms, Version=4.0.0.0, Culture=neutral, PublicKeyToken=b77a5c561934e089”不匹配。
                 已考虑使用“publish\Microsoft.Web.WebView2.WinForms.dll”，
         			但它的名称“Microsoft.Web.WebView2.WinForms”
         			与预期名称“System.Windows.Forms, Version=4.0.0.0, Culture=neutral, PublicKeyToken=b77a5c561934e089”不匹配。
                 已考虑使用“publish\Microsoft.Web.WebView2.Wpf.dll”，
         			但它的名称“Microsoft.Web.WebView2.Wpf”
         			与预期名称“System.Windows.Forms, Version=4.0.0.0, Culture=neutral, PublicKeyToken=b77a5c561934e089”不匹配。
                 已考虑使用“publish\runtimes\win-x64\native\WebView2Loader.dll”，
         			但它的名称“WebView2Loader”
         			与预期名称“System.Windows.Forms, Version=4.0.0.0, Culture=neutral, PublicKeyToken=b77a5c561934e089”不匹配。
                 已考虑使用“publish\SQLitePCLRaw.batteries_v2.dll”，
         			但它的名称“SQLitePCLRaw.batteries_v2”
         			与预期名称“System.Windows.Forms, Version=4.0.0.0, Culture=neutral, PublicKeyToken=b77a5c561934e089”不匹配。
                 已考虑使用“publish\SQLitePCLRaw.core.dll”，
         			但它的名称“SQLitePCLRaw.core”
         			与预期名称“System.Windows.Forms, Version=4.0.0.0, Culture=neutral, PublicKeyToken=b77a5c561934e089”不匹配。
                 已考虑使用“publish\SQLitePCLRaw.provider.e_sqlite3.dll”，
         			但它的名称“SQLitePCLRaw.provider.e_sqlite3”
         			与预期名称“System.Windows.Forms, Version=4.0.0.0, Culture=neutral, PublicKeyToken=b77a5c561934e089”不匹配。
                 已考虑使用“publish\System.IO.Pipelines.dll”，
         			但它的名称“System.IO.Pipelines”
         			与预期名称“System.Windows.Forms, Version=4.0.0.0, Culture=neutral, PublicKeyToken=b77a5c561934e089”不匹配。
                 已考虑使用“publish\System.Text.Encodings.Web.dll”，
         			但它的名称“System.Text.Encodings.Web”
         			与预期名称“System.Windows.Forms, Version=4.0.0.0, Culture=neutral, PublicKeyToken=b77a5c561934e089”不匹配。
                 已考虑使用“publish\System.Text.Json.dll”，
         			但它的名称“System.Text.Json”
         			与预期名称“System.Windows.Forms, Version=4.0.0.0, Culture=neutral, PublicKeyToken=b77a5c561934e089”不匹配。
                 已考虑使用“publish\WebView2Loader.dll”，
         			但它的名称“WebView2Loader”
         			与预期名称“System.Windows.Forms, Version=4.0.0.0, Culture=neutral, PublicKeyToken=b77a5c561934e089”不匹配。
                 已考虑使用“publish\WebViewHub.dll”，
         			但它的名称“WebViewHub”
         			与预期名称“System.Windows.Forms, Version=4.0.0.0, Culture=neutral, PublicKeyToken=b77a5c561934e089”不匹配。
                 已考虑使用“publish\WebViewHub.exe”，
         			但它的名称“WebViewHub”
         			与预期名称“System.Windows.Forms, Version=4.0.0.0, Culture=neutral, PublicKeyToken=b77a5c561934e089”不匹配。
             “C:\Users\Administrator\.nuget\packages\microsoft.web.webview2\1.0.2849.39\buildTransitive\..\\lib_manual\netcoreapp3.0\Microsoft.Web.WebView2.WinForms.dll”所必需的。
         依赖项“System.Drawing.Common, Version=4.0.1.0, Culture=neutral, PublicKeyToken=cc7b13ffcd2ddd51”。
             未能解析此引用。未能找到程序集“System.Drawing.Common, Version=4.0.1.0, Culture=neutral, PublicKeyToken=cc7b13ffcd2ddd51”。请检查磁盘上是否存在该程序集。 如果您的代码需要此引用，则可能出现编译错误。
                 对于 SearchPath“C:\Users\Administrator\.nuget\packages\microsoft.web.webview2\1.0.2849.39\lib_manual\netcoreapp3.0”(通过引用程序集“C:\Users\Administrator\.nuget\packages\microsoft.web.webview2\1.0.2849.39\lib_manual\netcoreapp3.0\Microsoft.Web.WebView2.WinForms.dll”添加)。
                 已考虑使用“C:\Users\Administrator\.nuget\packages\microsoft.web.webview2\1.0.2849.39\lib_manual\netcoreapp3.0\System.Drawing.Common.winmd”，但它不存在。
                 已考虑使用“C:\Users\Administrator\.nuget\packages\microsoft.web.webview2\1.0.2849.39\lib_manual\netcoreapp3.0\System.Drawing.Common.dll”，但它不存在。
                 已考虑使用“C:\Users\Administrator\.nuget\packages\microsoft.web.webview2\1.0.2849.39\lib_manual\netcoreapp3.0\System.Drawing.Common.exe”，但它不存在。
                 用于 SearchPath“{CandidateAssemblyFiles}”。
                 已考虑使用“C:\Users\Administrator\.nuget\packages\microsoft.web.webview2\1.0.2849.39\build\\..\runtimes\win-x86\native\WebView2Loader.dll”，
         			但它的名称“WebView2Loader”
         			与预期名称“System.Drawing.Common, Version=4.0.1.0, Culture=neutral, PublicKeyToken=cc7b13ffcd2ddd51”不匹配。
                 已考虑使用“C:\Users\Administrator\.nuget\packages\microsoft.web.webview2\1.0.2849.39\build\\..\runtimes\win-x64\native\WebView2Loader.dll”，
         			但它的名称“WebView2Loader”
         			与预期名称“System.Drawing.Common, Version=4.0.1.0, Culture=neutral, PublicKeyToken=cc7b13ffcd2ddd51”不匹配。
                 已考虑使用“C:\Users\Administrator\.nuget\packages\microsoft.web.webview2\1.0.2849.39\build\\..\runtimes\win-arm64\native\WebView2Loader.dll”，
         			但它的名称“WebView2Loader”
         			与预期名称“System.Drawing.Common, Version=4.0.1.0, Culture=neutral, PublicKeyToken=cc7b13ffcd2ddd51”不匹配。
                 已考虑使用“installer\WebViewHub_Install_v1.0.0.exe”，
         			但它的名称“WebViewHub_Install_v1.0.0”
         			与预期名称“System.Drawing.Common, Version=4.0.1.0, Culture=neutral, PublicKeyToken=cc7b13ffcd2ddd51”不匹配。
                 已考虑使用“publish-clean\D3DCompiler_47_cor3.dll”，
         			但它的名称“D3DCompiler_47_cor3”
         			与预期名称“System.Drawing.Common, Version=4.0.1.0, Culture=neutral, PublicKeyToken=cc7b13ffcd2ddd51”不匹配。
                 已考虑使用“publish-clean\e_sqlite3.dll”，
         			但它的名称“e_sqlite3”
         			与预期名称“System.Drawing.Common, Version=4.0.1.0, Culture=neutral, PublicKeyToken=cc7b13ffcd2ddd51”不匹配。
                 已考虑使用“publish-clean\PenImc_cor3.dll”，
         			但它的名称“PenImc_cor3”
         			与预期名称“System.Drawing.Common, Version=4.0.1.0, Culture=neutral, PublicKeyToken=cc7b13ffcd2ddd51”不匹配。
                 已考虑使用“publish-clean\PresentationNative_cor3.dll”，
         			但它的名称“PresentationNative_cor3”
         			与预期名称“System.Drawing.Common, Version=4.0.1.0, Culture=neutral, PublicKeyToken=cc7b13ffcd2ddd51”不匹配。
                 已考虑使用“publish-clean\runtimes\win-x64\native\WebView2Loader.dll”，
         			但它的名称“WebView2Loader”
         			与预期名称“System.Drawing.Common, Version=4.0.1.0, Culture=neutral, PublicKeyToken=cc7b13ffcd2ddd51”不匹配。
                 已考虑使用“publish-clean\vcruntime140_cor3.dll”，
         			但它的名称“vcruntime140_cor3”
         			与预期名称“System.Drawing.Common, Version=4.0.1.0, Culture=neutral, PublicKeyToken=cc7b13ffcd2ddd51”不匹配。
                 已考虑使用“publish-clean\WebView2Loader.dll”，
         			但它的名称“WebView2Loader”
         			与预期名称“System.Drawing.Common, Version=4.0.1.0, Culture=neutral, PublicKeyToken=cc7b13ffcd2ddd51”不匹配。
                 已考虑使用“publish-clean\WebViewHub.exe”，
         			但它的名称“WebViewHub”
         			与预期名称“System.Drawing.Common, Version=4.0.1.0, Culture=neutral, PublicKeyToken=cc7b13ffcd2ddd51”不匹配。
                 已考虑使用“publish-clean\wpfgfx_cor3.dll”，
         			但它的名称“wpfgfx_cor3”
         			与预期名称“System.Drawing.Common, Version=4.0.1.0, Culture=neutral, PublicKeyToken=cc7b13ffcd2ddd51”不匹配。
                 已考虑使用“publish-sc\Accessibility.dll”，
         			但它的名称“Accessibility”
         			与预期名称“System.Drawing.Common, Version=4.0.1.0, Culture=neutral, PublicKeyToken=cc7b13ffcd2ddd51”不匹配。
                 已考虑使用“publish-sc\clretwrc.dll”，
         			但它的名称“clretwrc”
         			与预期名称“System.Drawing.Common, Version=4.0.1.0, Culture=neutral, PublicKeyToken=cc7b13ffcd2ddd51”不匹配。
                 已考虑使用“publish-sc\clrgc.dll”，
         			但它的名称“clrgc”
         			与预期名称“System.Drawing.Common, Version=4.0.1.0, Culture=neutral, PublicKeyToken=cc7b13ffcd2ddd51”不匹配。
                 已考虑使用“publish-sc\clrjit.dll”，
         			但它的名称“clrjit”
         			与预期名称“System.Drawing.Common, Version=4.0.1.0, Culture=neutral, PublicKeyToken=cc7b13ffcd2ddd51”不匹配。
                 已考虑使用“publish-sc\CommunityToolkit.Mvvm.dll”，
         			但它的名称“CommunityToolkit.Mvvm”
         			与预期名称“System.Drawing.Common, Version=4.0.1.0, Culture=neutral, PublicKeyToken=cc7b13ffcd2ddd51”不匹配。
                 已考虑使用“publish-sc\coreclr.dll”，
         			但它的名称“coreclr”
         			与预期名称“System.Drawing.Common, Version=4.0.1.0, Culture=neutral, PublicKeyToken=cc7b13ffcd2ddd51”不匹配。
                 已考虑使用“publish-sc\createdump.exe”，
         			但它的名称“createdump”
         			与预期名称“System.Drawing.Common, Version=4.0.1.0, Culture=neutral, PublicKeyToken=cc7b13ffcd2ddd51”不匹配。
                 已考虑使用“publish-sc\cs\Microsoft.VisualBasic.Forms.resources.dll”，
         			但它的名称“Microsoft.VisualBasic.Forms.resources”
         			与预期名称“System.Drawing.Common, Version=4.0.1.0, Culture=neutral, PublicKeyToken=cc7b13ffcd2ddd51”不匹配。
                 已考虑使用“publish-sc\cs\PresentationCore.resources.dll”，
         			但它的名称“PresentationCore.resources”
         			与预期名称“System.Drawing.Common, Version=4.0.1.0, Culture=neutral, PublicKeyToken=cc7b13ffcd2ddd51”不匹配。
                 已考虑使用“publish-sc\cs\PresentationFramework.resources.dll”，
         			但它的名称“PresentationFramework.resources”
         			与预期名称“System.Drawing.Common, Version=4.0.1.0, Culture=neutral, PublicKeyToken=cc7b13ffcd2ddd51”不匹配。
                 已考虑使用“publish-sc\cs\PresentationUI.resources.dll”，
         			但它的名称“PresentationUI.resources”
         			与预期名称“System.Drawing.Common, Version=4.0.1.0, Culture=neutral, PublicKeyToken=cc7b13ffcd2ddd51”不匹配。
                 已考虑使用“publish-sc\cs\ReachFramework.resources.dll”，
         			但它的名称“ReachFramework.resources”
         			与预期名称“System.Drawing.Common, Version=4.0.1.0, Culture=neutral, PublicKeyToken=cc7b13ffcd2ddd51”不匹配。
                 已考虑使用“publish-sc\cs\System.Windows.Controls.Ribbon.resources.dll”，
         			但它的名称“System.Windows.Controls.Ribbon.resources”
         			与预期名称“System.Drawing.Common, Version=4.0.1.0, Culture=neutral, PublicKeyToken=cc7b13ffcd2ddd51”不匹配。
                 已考虑使用“publish-sc\cs\System.Windows.Forms.Design.resources.dll”，
         			但它的名称“System.Windows.Forms.Design.resources”
         			与预期名称“System.Drawing.Common, Version=4.0.1.0, Culture=neutral, PublicKeyToken=cc7b13ffcd2ddd51”不匹配。
                 已考虑使用“publish-sc\cs\System.Windows.Forms.Primitives.resources.dll”，
         			但它的名称“System.Windows.Forms.Primitives.resources”
         			与预期名称“System.Drawing.Common, Version=4.0.1.0, Culture=neutral, PublicKeyToken=cc7b13ffcd2ddd51”不匹配。
                 已考虑使用“publish-sc\cs\System.Windows.Forms.resources.dll”，
         			但它的名称“System.Windows.Forms.resources”
         			与预期名称“System.Drawing.Common, Version=4.0.1.0, Culture=neutral, PublicKeyToken=cc7b13ffcd2ddd51”不匹配。
                 已考虑使用“publish-sc\cs\System.Windows.Input.Manipulations.resources.dll”，
         			但它的名称“System.Windows.Input.Manipulations.resources”
         			与预期名称“System.Drawing.Common, Version=4.0.1.0, Culture=neutral, PublicKeyToken=cc7b13ffcd2ddd51”不匹配。
                 已考虑使用“publish-sc\cs\System.Xaml.resources.dll”，
         			但它的名称“System.Xaml.resources”
         			与预期名称“System.Drawing.Common, Version=4.0.1.0, Culture=neutral, PublicKeyToken=cc7b13ffcd2ddd51”不匹配。
                 已考虑使用“publish-sc\cs\UIAutomationClient.resources.dll”，
         			但它的名称“UIAutomationClient.resources”
         			与预期名称“System.Drawing.Common, Version=4.0.1.0, Culture=neutral, PublicKeyToken=cc7b13ffcd2ddd51”不匹配。
                 已考虑使用“publish-sc\cs\UIAutomationClientSideProviders.resources.dll”，
         			但它的名称“UIAutomationClientSideProviders.resources”
         			与预期名称“System.Drawing.Common, Version=4.0.1.0, Culture=neutral, PublicKeyToken=cc7b13ffcd2ddd51”不匹配。
                 已考虑使用“publish-sc\cs\UIAutomationProvider.resources.dll”，
         			但它的名称“UIAutomationProvider.resources”
         			与预期名称“System.Drawing.Common, Version=4.0.1.0, Culture=neutral, PublicKeyToken=cc7b13ffcd2ddd51”不匹配。
                 已考虑使用“publish-sc\cs\UIAutomationTypes.resources.dll”，
         			但它的名称“UIAutomationTypes.resources”
         			与预期名称“System.Drawing.Common, Version=4.0.1.0, Culture=neutral, PublicKeyToken=cc7b13ffcd2ddd51”不匹配。
                 已考虑使用“publish-sc\cs\WindowsBase.resources.dll”，
         			但它的名称“WindowsBase.resources”
         			与预期名称“System.Drawing.Common, Version=4.0.1.0, Culture=neutral, PublicKeyToken=cc7b13ffcd2ddd51”不匹配。
                 已考虑使用“publish-sc\cs\WindowsFormsIntegration.resources.dll”，
         			但它的名称“WindowsFormsIntegration.resources”
         			与预期名称“System.Drawing.Common, Version=4.0.1.0, Culture=neutral, PublicKeyToken=cc7b13ffcd2ddd51”不匹配。
                 已考虑使用“publish-sc\D3DCompiler_47_cor3.dll”，
         			但它的名称“D3DCompiler_47_cor3”
         			与预期名称“System.Drawing.Common, Version=4.0.1.0, Culture=neutral, PublicKeyToken=cc7b13ffcd2ddd51”不匹配。
                 已考虑使用“publish-sc\de\Microsoft.VisualBasic.Forms.resources.dll”，
         			但它的名称“Microsoft.VisualBasic.Forms.resources”
         			与预期名称“System.Drawing.Common, Version=4.0.1.0, Culture=neutral, PublicKeyToken=cc7b13ffcd2ddd51”不匹配。
                 已考虑使用“publish-sc\de\PresentationCore.resources.dll”，
         			但它的名称“PresentationCore.resources”
         			与预期名称“System.Drawing.Common, Version=4.0.1.0, Culture=neutral, PublicKeyToken=cc7b13ffcd2ddd51”不匹配。
                 已考虑使用“publish-sc\de\PresentationFramework.resources.dll”，
         			但它的名称“PresentationFramework.resources”
         			与预期名称“System.Drawing.Common, Version=4.0.1.0, Culture=neutral, PublicKeyToken=cc7b13ffcd2ddd51”不匹配。
                 已考虑使用“publish-sc\de\PresentationUI.resources.dll”，
         			但它的名称“PresentationUI.resources”
         			与预期名称“System.Drawing.Common, Version=4.0.1.0, Culture=neutral, PublicKeyToken=cc7b13ffcd2ddd51”不匹配。
                 已考虑使用“publish-sc\de\ReachFramework.resources.dll”，
         			但它的名称“ReachFramework.resources”
         			与预期名称“System.Drawing.Common, Version=4.0.1.0, Culture=neutral, PublicKeyToken=cc7b13ffcd2ddd51”不匹配。
                 已考虑使用“publish-sc\de\System.Windows.Controls.Ribbon.resources.dll”，
         			但它的名称“System.Windows.Controls.Ribbon.resources”
         			与预期名称“System.Drawing.Common, Version=4.0.1.0, Culture=neutral, PublicKeyToken=cc7b13ffcd2ddd51”不匹配。
                 已考虑使用“publish-sc\de\System.Windows.Forms.Design.resources.dll”，
         			但它的名称“System.Windows.Forms.Design.resources”
         			与预期名称“System.Drawing.Common, Version=4.0.1.0, Culture=neutral, PublicKeyToken=cc7b13ffcd2ddd51”不匹配。
                 已考虑使用“publish-sc\de\System.Windows.Forms.Primitives.resources.dll”，
         			但它的名称“System.Windows.Forms.Primitives.resources”
         			与预期名称“System.Drawing.Common, Version=4.0.1.0, Culture=neutral, PublicKeyToken=cc7b13ffcd2ddd51”不匹配。
                 已考虑使用“publish-sc\de\System.Windows.Forms.resources.dll”，
         			但它的名称“System.Windows.Forms.resources”
         			与预期名称“System.Drawing.Common, Version=4.0.1.0, Culture=neutral, PublicKeyToken=cc7b13ffcd2ddd51”不匹配。
                 已考虑使用“publish-sc\de\System.Windows.Input.Manipulations.resources.dll”，
         			但它的名称“System.Windows.Input.Manipulations.resources”
         			与预期名称“System.Drawing.Common, Version=4.0.1.0, Culture=neutral, PublicKeyToken=cc7b13ffcd2ddd51”不匹配。
                 已考虑使用“publish-sc\de\System.Xaml.resources.dll”，
         			但它的名称“System.Xaml.resources”
         			与预期名称“System.Drawing.Common, Version=4.0.1.0, Culture=neutral, PublicKeyToken=cc7b13ffcd2ddd51”不匹配。
                 已考虑使用“publish-sc\de\UIAutomationClient.resources.dll”，
         			但它的名称“UIAutomationClient.resources”
         			与预期名称“System.Drawing.Common, Version=4.0.1.0, Culture=neutral, PublicKeyToken=cc7b13ffcd2ddd51”不匹配。
                 已考虑使用“publish-sc\de\UIAutomationClientSideProviders.resources.dll”，
         			但它的名称“UIAutomationClientSideProviders.resources”
         			与预期名称“System.Drawing.Common, Version=4.0.1.0, Culture=neutral, PublicKeyToken=cc7b13ffcd2ddd51”不匹配。
                 已考虑使用“publish-sc\de\UIAutomationProvider.resources.dll”，
         			但它的名称“UIAutomationProvider.resources”
         			与预期名称“System.Drawing.Common, Version=4.0.1.0, Culture=neutral, PublicKeyToken=cc7b13ffcd2ddd51”不匹配。
                 已考虑使用“publish-sc\de\UIAutomationTypes.resources.dll”，
         			但它的名称“UIAutomationTypes.resources”
         			与预期名称“System.Drawing.Common, Version=4.0.1.0, Culture=neutral, PublicKeyToken=cc7b13ffcd2ddd51”不匹配。
                 已考虑使用“publish-sc\de\WindowsBase.resources.dll”，
         			但它的名称“WindowsBase.resources”
         			与预期名称“System.Drawing.Common, Version=4.0.1.0, Culture=neutral, PublicKeyToken=cc7b13ffcd2ddd51”不匹配。
                 已考虑使用“publish-sc\de\WindowsFormsIntegration.resources.dll”，
         			但它的名称“WindowsFormsIntegration.resources”
         			与预期名称“System.Drawing.Common, Version=4.0.1.0, Culture=neutral, PublicKeyToken=cc7b13ffcd2ddd51”不匹配。
                 已考虑使用“publish-sc\DirectWriteForwarder.dll”，
         			但它的名称“DirectWriteForwarder”
         			与预期名称“System.Drawing.Common, Version=4.0.1.0, Culture=neutral, PublicKeyToken=cc7b13ffcd2ddd51”不匹配。
                 已考虑使用“publish-sc\es\Microsoft.VisualBasic.Forms.resources.dll”，
         			但它的名称“Microsoft.VisualBasic.Forms.resources”
         			与预期名称“System.Drawing.Common, Version=4.0.1.0, Culture=neutral, PublicKeyToken=cc7b13ffcd2ddd51”不匹配。
                 已考虑使用“publish-sc\es\PresentationCore.resources.dll”，
         			但它的名称“PresentationCore.resources”
         			与预期名称“System.Drawing.Common, Version=4.0.1.0, Culture=neutral, PublicKeyToken=cc7b13ffcd2ddd51”不匹配。
                 已考虑使用“publish-sc\es\PresentationFramework.resources.dll”，
         			但它的名称“PresentationFramework.resources”
         			与预期名称“System.Drawing.Common, Version=4.0.1.0, Culture=neutral, PublicKeyToken=cc7b13ffcd2ddd51”不匹配。
                 已考虑使用“publish-sc\es\PresentationUI.resources.dll”，
         			但它的名称“PresentationUI.resources”
         			与预期名称“System.Drawing.Common, Version=4.0.1.0, Culture=neutral, PublicKeyToken=cc7b13ffcd2ddd51”不匹配。
                 已考虑使用“publish-sc\es\ReachFramework.resources.dll”，
         			但它的名称“ReachFramework.resources”
         			与预期名称“System.Drawing.Common, Version=4.0.1.0, Culture=neutral, PublicKeyToken=cc7b13ffcd2ddd51”不匹配。
                 已考虑使用“publish-sc\es\System.Windows.Controls.Ribbon.resources.dll”，
         			但它的名称“System.Windows.Controls.Ribbon.resources”
         			与预期名称“System.Drawing.Common, Version=4.0.1.0, Culture=neutral, PublicKeyToken=cc7b13ffcd2ddd51”不匹配。
                 已考虑使用“publish-sc\es\System.Windows.Forms.Design.resources.dll”，
         			但它的名称“System.Windows.Forms.Design.resources”
         			与预期名称“System.Drawing.Common, Version=4.0.1.0, Culture=neutral, PublicKeyToken=cc7b13ffcd2ddd51”不匹配。
                 已考虑使用“publish-sc\es\System.Windows.Forms.Primitives.resources.dll”，
         			但它的名称“System.Windows.Forms.Primitives.resources”
         			与预期名称“System.Drawing.Common, Version=4.0.1.0, Culture=neutral, PublicKeyToken=cc7b13ffcd2ddd51”不匹配。
                 已考虑使用“publish-sc\es\System.Windows.Forms.resources.dll”，
         			但它的名称“System.Windows.Forms.resources”
         			与预期名称“System.Drawing.Common, Version=4.0.1.0, Culture=neutral, PublicKeyToken=cc7b13ffcd2ddd51”不匹配。
                 已考虑使用“publish-sc\es\System.Windows.Input.Manipulations.resources.dll”，
         			但它的名称“System.Windows.Input.Manipulations.resources”
         			与预期名称“System.Drawing.Common, Version=4.0.1.0, Culture=neutral, PublicKeyToken=cc7b13ffcd2ddd51”不匹配。
                 已考虑使用“publish-sc\es\System.Xaml.resources.dll”，
         			但它的名称“System.Xaml.resources”
         			与预期名称“System.Drawing.Common, Version=4.0.1.0, Culture=neutral, PublicKeyToken=cc7b13ffcd2ddd51”不匹配。
                 已考虑使用“publish-sc\es\UIAutomationClient.resources.dll”，
         			但它的名称“UIAutomationClient.resources”
         			与预期名称“System.Drawing.Common, Version=4.0.1.0, Culture=neutral, PublicKeyToken=cc7b13ffcd2ddd51”不匹配。
                 已考虑使用“publish-sc\es\UIAutomationClientSideProviders.resources.dll”，
         			但它的名称“UIAutomationClientSideProviders.resources”
         			与预期名称“System.Drawing.Common, Version=4.0.1.0, Culture=neutral, PublicKeyToken=cc7b13ffcd2ddd51”不匹配。
                 已考虑使用“publish-sc\es\UIAutomationProvider.resources.dll”，
         			但它的名称“UIAutomationProvider.resources”
         			与预期名称“System.Drawing.Common, Version=4.0.1.0, Culture=neutral, PublicKeyToken=cc7b13ffcd2ddd51”不匹配。
                 已考虑使用“publish-sc\es\UIAutomationTypes.resources.dll”，
         			但它的名称“UIAutomationTypes.resources”
         			与预期名称“System.Drawing.Common, Version=4.0.1.0, Culture=neutral, PublicKeyToken=cc7b13ffcd2ddd51”不匹配。
                 已考虑使用“publish-sc\es\WindowsBase.resources.dll”，
         			但它的名称“WindowsBase.resources”
         			与预期名称“System.Drawing.Common, Version=4.0.1.0, Culture=neutral, PublicKeyToken=cc7b13ffcd2ddd51”不匹配。
                 已考虑使用“publish-sc\es\WindowsFormsIntegration.resources.dll”，
         			但它的名称“WindowsFormsIntegration.resources”
         			与预期名称“System.Drawing.Common, Version=4.0.1.0, Culture=neutral, PublicKeyToken=cc7b13ffcd2ddd51”不匹配。
                 已考虑使用“publish-sc\e_sqlite3.dll”，
         			但它的名称“e_sqlite3”
         			与预期名称“System.Drawing.Common, Version=4.0.1.0, Culture=neutral, PublicKeyToken=cc7b13ffcd2ddd51”不匹配。
                 已考虑使用“publish-sc\fr\Microsoft.VisualBasic.Forms.resources.dll”，
         			但它的名称“Microsoft.VisualBasic.Forms.resources”
         			与预期名称“System.Drawing.Common, Version=4.0.1.0, Culture=neutral, PublicKeyToken=cc7b13ffcd2ddd51”不匹配。
                 已考虑使用“publish-sc\fr\PresentationCore.resources.dll”，
         			但它的名称“PresentationCore.resources”
         			与预期名称“System.Drawing.Common, Version=4.0.1.0, Culture=neutral, PublicKeyToken=cc7b13ffcd2ddd51”不匹配。
                 已考虑使用“publish-sc\fr\PresentationFramework.resources.dll”，
         			但它的名称“PresentationFramework.resources”
         			与预期名称“System.Drawing.Common, Version=4.0.1.0, Culture=neutral, PublicKeyToken=cc7b13ffcd2ddd51”不匹配。
                 已考虑使用“publish-sc\fr\PresentationUI.resources.dll”，
         			但它的名称“PresentationUI.resources”
         			与预期名称“System.Drawing.Common, Version=4.0.1.0, Culture=neutral, PublicKeyToken=cc7b13ffcd2ddd51”不匹配。
                 已考虑使用“publish-sc\fr\ReachFramework.resources.dll”，
         			但它的名称“ReachFramework.resources”
         			与预期名称“System.Drawing.Common, Version=4.0.1.0, Culture=neutral, PublicKeyToken=cc7b13ffcd2ddd51”不匹配。
                 已考虑使用“publish-sc\fr\System.Windows.Controls.Ribbon.resources.dll”，
         			但它的名称“System.Windows.Controls.Ribbon.resources”
         			与预期名称“System.Drawing.Common, Version=4.0.1.0, Culture=neutral, PublicKeyToken=cc7b13ffcd2ddd51”不匹配。
                 已考虑使用“publish-sc\fr\System.Windows.Forms.Design.resources.dll”，
         			但它的名称“System.Windows.Forms.Design.resources”
         			与预期名称“System.Drawing.Common, Version=4.0.1.0, Culture=neutral, PublicKeyToken=cc7b13ffcd2ddd51”不匹配。
                 已考虑使用“publish-sc\fr\System.Windows.Forms.Primitives.resources.dll”，
         			但它的名称“System.Windows.Forms.Primitives.resources”
         			与预期名称“System.Drawing.Common, Version=4.0.1.0, Culture=neutral, PublicKeyToken=cc7b13ffcd2ddd51”不匹配。
                 已考虑使用“publish-sc\fr\System.Windows.Forms.resources.dll”，
         			但它的名称“System.Windows.Forms.resources”
         			与预期名称“System.Drawing.Common, Version=4.0.1.0, Culture=neutral, PublicKeyToken=cc7b13ffcd2ddd51”不匹配。
                 已考虑使用“publish-sc\fr\System.Windows.Input.Manipulations.resources.dll”，
         			但它的名称“System.Windows.Input.Manipulations.resources”
         			与预期名称“System.Drawing.Common, Version=4.0.1.0, Culture=neutral, PublicKeyToken=cc7b13ffcd2ddd51”不匹配。
                 已考虑使用“publish-sc\fr\System.Xaml.resources.dll”，
         			但它的名称“System.Xaml.resources”
         			与预期名称“System.Drawing.Common, Version=4.0.1.0, Culture=neutral, PublicKeyToken=cc7b13ffcd2ddd51”不匹配。
                 已考虑使用“publish-sc\fr\UIAutomationClient.resources.dll”，
         			但它的名称“UIAutomationClient.resources”
         			与预期名称“System.Drawing.Common, Version=4.0.1.0, Culture=neutral, PublicKeyToken=cc7b13ffcd2ddd51”不匹配。
                 已考虑使用“publish-sc\fr\UIAutomationClientSideProviders.resources.dll”，
         			但它的名称“UIAutomationClientSideProviders.resources”
         			与预期名称“System.Drawing.Common, Version=4.0.1.0, Culture=neutral, PublicKeyToken=cc7b13ffcd2ddd51”不匹配。
                 已考虑使用“publish-sc\fr\UIAutomationProvider.resources.dll”，
         			但它的名称“UIAutomationProvider.resources”
         			与预期名称“System.Drawing.Common, Version=4.0.1.0, Culture=neutral, PublicKeyToken=cc7b13ffcd2ddd51”不匹配。
                 已考虑使用“publish-sc\fr\UIAutomationTypes.resources.dll”，
         			但它的名称“UIAutomationTypes.resources”
         			与预期名称“System.Drawing.Common, Version=4.0.1.0, Culture=neutral, PublicKeyToken=cc7b13ffcd2ddd51”不匹配。
                 已考虑使用“publish-sc\fr\WindowsBase.resources.dll”，
         			但它的名称“WindowsBase.resources”
         			与预期名称“System.Drawing.Common, Version=4.0.1.0, Culture=neutral, PublicKeyToken=cc7b13ffcd2ddd51”不匹配。
                 已考虑使用“publish-sc\fr\WindowsFormsIntegration.resources.dll”，
         			但它的名称“WindowsFormsIntegration.resources”
         			与预期名称“System.Drawing.Common, Version=4.0.1.0, Culture=neutral, PublicKeyToken=cc7b13ffcd2ddd51”不匹配。
                 已考虑使用“publish-sc\hostfxr.dll”，
         			但它的名称“hostfxr”
         			与预期名称“System.Drawing.Common, Version=4.0.1.0, Culture=neutral, PublicKeyToken=cc7b13ffcd2ddd51”不匹配。
                 已考虑使用“publish-sc\hostpolicy.dll”，
         			但它的名称“hostpolicy”
         			与预期名称“System.Drawing.Common, Version=4.0.1.0, Culture=neutral, PublicKeyToken=cc7b13ffcd2ddd51”不匹配。
                 已考虑使用“publish-sc\it\Microsoft.VisualBasic.Forms.resources.dll”，
         			但它的名称“Microsoft.VisualBasic.Forms.resources”
         			与预期名称“System.Drawing.Common, Version=4.0.1.0, Culture=neutral, PublicKeyToken=cc7b13ffcd2ddd51”不匹配。
                 已考虑使用“publish-sc\it\PresentationCore.resources.dll”，
         			但它的名称“PresentationCore.resources”
         			与预期名称“System.Drawing.Common, Version=4.0.1.0, Culture=neutral, PublicKeyToken=cc7b13ffcd2ddd51”不匹配。
                 已考虑使用“publish-sc\it\PresentationFramework.resources.dll”，
         			但它的名称“PresentationFramework.resources”
         			与预期名称“System.Drawing.Common, Version=4.0.1.0, Culture=neutral, PublicKeyToken=cc7b13ffcd2ddd51”不匹配。
                 已考虑使用“publish-sc\it\PresentationUI.resources.dll”，
         			但它的名称“PresentationUI.resources”
         			与预期名称“System.Drawing.Common, Version=4.0.1.0, Culture=neutral, PublicKeyToken=cc7b13ffcd2ddd51”不匹配。
                 已考虑使用“publish-sc\it\ReachFramework.resources.dll”，
         			但它的名称“ReachFramework.resources”
         			与预期名称“System.Drawing.Common, Version=4.0.1.0, Culture=neutral, PublicKeyToken=cc7b13ffcd2ddd51”不匹配。
                 已考虑使用“publish-sc\it\System.Windows.Controls.Ribbon.resources.dll”，
         			但它的名称“System.Windows.Controls.Ribbon.resources”
         			与预期名称“System.Drawing.Common, Version=4.0.1.0, Culture=neutral, PublicKeyToken=cc7b13ffcd2ddd51”不匹配。
                 已考虑使用“publish-sc\it\System.Windows.Forms.Design.resources.dll”，
         			但它的名称“System.Windows.Forms.Design.resources”
         			与预期名称“System.Drawing.Common, Version=4.0.1.0, Culture=neutral, PublicKeyToken=cc7b13ffcd2ddd51”不匹配。
                 已考虑使用“publish-sc\it\System.Windows.Forms.Primitives.resources.dll”，
         			但它的名称“System.Windows.Forms.Primitives.resources”
         			与预期名称“System.Drawing.Common, Version=4.0.1.0, Culture=neutral, PublicKeyToken=cc7b13ffcd2ddd51”不匹配。
                 已考虑使用“publish-sc\it\System.Windows.Forms.resources.dll”，
         			但它的名称“System.Windows.Forms.resources”
         			与预期名称“System.Drawing.Common, Version=4.0.1.0, Culture=neutral, PublicKeyToken=cc7b13ffcd2ddd51”不匹配。
                 已考虑使用“publish-sc\it\System.Windows.Input.Manipulations.resources.dll”，
         			但它的名称“System.Windows.Input.Manipulations.resources”
         			与预期名称“System.Drawing.Common, Version=4.0.1.0, Culture=neutral, PublicKeyToken=cc7b13ffcd2ddd51”不匹配。
                 已考虑使用“publish-sc\it\System.Xaml.resources.dll”，
         			但它的名称“System.Xaml.resources”
         			与预期名称“System.Drawing.Common, Version=4.0.1.0, Culture=neutral, PublicKeyToken=cc7b13ffcd2ddd51”不匹配。
                 已考虑使用“publish-sc\it\UIAutomationClient.resources.dll”，
         			但它的名称“UIAutomationClient.resources”
         			与预期名称“System.Drawing.Common, Version=4.0.1.0, Culture=neutral, PublicKeyToken=cc7b13ffcd2ddd51”不匹配。
                 已考虑使用“publish-sc\it\UIAutomationClientSideProviders.resources.dll”，
         			但它的名称“UIAutomationClientSideProviders.resources”
         			与预期名称“System.Drawing.Common, Version=4.0.1.0, Culture=neutral, PublicKeyToken=cc7b13ffcd2ddd51”不匹配。
                 已考虑使用“publish-sc\it\UIAutomationProvider.resources.dll”，
         			但它的名称“UIAutomationProvider.resources”
         			与预期名称“System.Drawing.Common, Version=4.0.1.0, Culture=neutral, PublicKeyToken=cc7b13ffcd2ddd51”不匹配。
                 已考虑使用“publish-sc\it\UIAutomationTypes.resources.dll”，
         			但它的名称“UIAutomationTypes.resources”
         			与预期名称“System.Drawing.Common, Version=4.0.1.0, Culture=neutral, PublicKeyToken=cc7b13ffcd2ddd51”不匹配。
                 已考虑使用“publish-sc\it\WindowsBase.resources.dll”，
         			但它的名称“WindowsBase.resources”
         			与预期名称“System.Drawing.Common, Version=4.0.1.0, Culture=neutral, PublicKeyToken=cc7b13ffcd2ddd51”不匹配。
                 已考虑使用“publish-sc\it\WindowsFormsIntegration.resources.dll”，
         			但它的名称“WindowsFormsIntegration.resources”
         			与预期名称“System.Drawing.Common, Version=4.0.1.0, Culture=neutral, PublicKeyToken=cc7b13ffcd2ddd51”不匹配。
                 已考虑使用“publish-sc\ja\Microsoft.VisualBasic.Forms.resources.dll”，
         			但它的名称“Microsoft.VisualBasic.Forms.resources”
         			与预期名称“System.Drawing.Common, Version=4.0.1.0, Culture=neutral, PublicKeyToken=cc7b13ffcd2ddd51”不匹配。
                 已考虑使用“publish-sc\ja\PresentationCore.resources.dll”，
         			但它的名称“PresentationCore.resources”
         			与预期名称“System.Drawing.Common, Version=4.0.1.0, Culture=neutral, PublicKeyToken=cc7b13ffcd2ddd51”不匹配。
                 已考虑使用“publish-sc\ja\PresentationFramework.resources.dll”，
         			但它的名称“PresentationFramework.resources”
         			与预期名称“System.Drawing.Common, Version=4.0.1.0, Culture=neutral, PublicKeyToken=cc7b13ffcd2ddd51”不匹配。
                 已考虑使用“publish-sc\ja\PresentationUI.resources.dll”，
         			但它的名称“PresentationUI.resources”
         			与预期名称“System.Drawing.Common, Version=4.0.1.0, Culture=neutral, PublicKeyToken=cc7b13ffcd2ddd51”不匹配。
                 已考虑使用“publish-sc\ja\ReachFramework.resources.dll”，
         			但它的名称“ReachFramework.resources”
         			与预期名称“System.Drawing.Common, Version=4.0.1.0, Culture=neutral, PublicKeyToken=cc7b13ffcd2ddd51”不匹配。
                 已考虑使用“publish-sc\ja\System.Windows.Controls.Ribbon.resources.dll”，
         			但它的名称“System.Windows.Controls.Ribbon.resources”
         			与预期名称“System.Drawing.Common, Version=4.0.1.0, Culture=neutral, PublicKeyToken=cc7b13ffcd2ddd51”不匹配。
                 已考虑使用“publish-sc\ja\System.Windows.Forms.Design.resources.dll”，
         			但它的名称“System.Windows.Forms.Design.resources”
         			与预期名称“System.Drawing.Common, Version=4.0.1.0, Culture=neutral, PublicKeyToken=cc7b13ffcd2ddd51”不匹配。
                 已考虑使用“publish-sc\ja\System.Windows.Forms.Primitives.resources.dll”，
         			但它的名称“System.Windows.Forms.Primitives.resources”
         			与预期名称“System.Drawing.Common, Version=4.0.1.0, Culture=neutral, PublicKeyToken=cc7b13ffcd2ddd51”不匹配。
                 已考虑使用“publish-sc\ja\System.Windows.Forms.resources.dll”，
         			但它的名称“System.Windows.Forms.resources”
         			与预期名称“System.Drawing.Common, Version=4.0.1.0, Culture=neutral, PublicKeyToken=cc7b13ffcd2ddd51”不匹配。
                 已考虑使用“publish-sc\ja\System.Windows.Input.Manipulations.resources.dll”，
         			但它的名称“System.Windows.Input.Manipulations.resources”
         			与预期名称“System.Drawing.Common, Version=4.0.1.0, Culture=neutral, PublicKeyToken=cc7b13ffcd2ddd51”不匹配。
                 已考虑使用“publish-sc\ja\System.Xaml.resources.dll”，
         			但它的名称“System.Xaml.resources”
         			与预期名称“System.Drawing.Common, Version=4.0.1.0, Culture=neutral, PublicKeyToken=cc7b13ffcd2ddd51”不匹配。
                 已考虑使用“publish-sc\ja\UIAutomationClient.resources.dll”，
         			但它的名称“UIAutomationClient.resources”
         			与预期名称“System.Drawing.Common, Version=4.0.1.0, Culture=neutral, PublicKeyToken=cc7b13ffcd2ddd51”不匹配。
                 已考虑使用“publish-sc\ja\UIAutomationClientSideProviders.resources.dll”，
         			但它的名称“UIAutomationClientSideProviders.resources”
         			与预期名称“System.Drawing.Common, Version=4.0.1.0, Culture=neutral, PublicKeyToken=cc7b13ffcd2ddd51”不匹配。
                 已考虑使用“publish-sc\ja\UIAutomationProvider.resources.dll”，
         			但它的名称“UIAutomationProvider.resources”
         			与预期名称“System.Drawing.Common, Version=4.0.1.0, Culture=neutral, PublicKeyToken=cc7b13ffcd2ddd51”不匹配。
                 已考虑使用“publish-sc\ja\UIAutomationTypes.resources.dll”，
         			但它的名称“UIAutomationTypes.resources”
         			与预期名称“System.Drawing.Common, Version=4.0.1.0, Culture=neutral, PublicKeyToken=cc7b13ffcd2ddd51”不匹配。
                 已考虑使用“publish-sc\ja\WindowsBase.resources.dll”，
         			但它的名称“WindowsBase.resources”
         			与预期名称“System.Drawing.Common, Version=4.0.1.0, Culture=neutral, PublicKeyToken=cc7b13ffcd2ddd51”不匹配。
                 已考虑使用“publish-sc\ja\WindowsFormsIntegration.resources.dll”，
         			但它的名称“WindowsFormsIntegration.resources”
         			与预期名称“System.Drawing.Common, Version=4.0.1.0, Culture=neutral, PublicKeyToken=cc7b13ffcd2ddd51”不匹配。
                 已考虑使用“publish-sc\ko\Microsoft.VisualBasic.Forms.resources.dll”，
         			但它的名称“Microsoft.VisualBasic.Forms.resources”
         			与预期名称“System.Drawing.Common, Version=4.0.1.0, Culture=neutral, PublicKeyToken=cc7b13ffcd2ddd51”不匹配。
                 已考虑使用“publish-sc\ko\PresentationCore.resources.dll”，
         			但它的名称“PresentationCore.resources”
         			与预期名称“System.Drawing.Common, Version=4.0.1.0, Culture=neutral, PublicKeyToken=cc7b13ffcd2ddd51”不匹配。
                 已考虑使用“publish-sc\ko\PresentationFramework.resources.dll”，
         			但它的名称“PresentationFramework.resources”
         			与预期名称“System.Drawing.Common, Version=4.0.1.0, Culture=neutral, PublicKeyToken=cc7b13ffcd2ddd51”不匹配。
                 已考虑使用“publish-sc\ko\PresentationUI.resources.dll”，
         			但它的名称“PresentationUI.resources”
         			与预期名称“System.Drawing.Common, Version=4.0.1.0, Culture=neutral, PublicKeyToken=cc7b13ffcd2ddd51”不匹配。
                 已考虑使用“publish-sc\ko\ReachFramework.resources.dll”，
         			但它的名称“ReachFramework.resources”
         			与预期名称“System.Drawing.Common, Version=4.0.1.0, Culture=neutral, PublicKeyToken=cc7b13ffcd2ddd51”不匹配。
                 已考虑使用“publish-sc\ko\System.Windows.Controls.Ribbon.resources.dll”，
         			但它的名称“System.Windows.Controls.Ribbon.resources”
         			与预期名称“System.Drawing.Common, Version=4.0.1.0, Culture=neutral, PublicKeyToken=cc7b13ffcd2ddd51”不匹配。
                 已考虑使用“publish-sc\ko\System.Windows.Forms.Design.resources.dll”，
         			但它的名称“System.Windows.Forms.Design.resources”
         			与预期名称“System.Drawing.Common, Version=4.0.1.0, Culture=neutral, PublicKeyToken=cc7b13ffcd2ddd51”不匹配。
                 已考虑使用“publish-sc\ko\System.Windows.Forms.Primitives.resources.dll”，
         			但它的名称“System.Windows.Forms.Primitives.resources”
         			与预期名称“System.Drawing.Common, Version=4.0.1.0, Culture=neutral, PublicKeyToken=cc7b13ffcd2ddd51”不匹配。
                 已考虑使用“publish-sc\ko\System.Windows.Forms.resources.dll”，
         			但它的名称“System.Windows.Forms.resources”
         			与预期名称“System.Drawing.Common, Version=4.0.1.0, Culture=neutral, PublicKeyToken=cc7b13ffcd2ddd51”不匹配。
                 已考虑使用“publish-sc\ko\System.Windows.Input.Manipulations.resources.dll”，
         			但它的名称“System.Windows.Input.Manipulations.resources”
         			与预期名称“System.Drawing.Common, Version=4.0.1.0, Culture=neutral, PublicKeyToken=cc7b13ffcd2ddd51”不匹配。
                 已考虑使用“publish-sc\ko\System.Xaml.resources.dll”，
         			但它的名称“System.Xaml.resources”
         			与预期名称“System.Drawing.Common, Version=4.0.1.0, Culture=neutral, PublicKeyToken=cc7b13ffcd2ddd51”不匹配。
                 已考虑使用“publish-sc\ko\UIAutomationClient.resources.dll”，
         			但它的名称“UIAutomationClient.resources”
         			与预期名称“System.Drawing.Common, Version=4.0.1.0, Culture=neutral, PublicKeyToken=cc7b13ffcd2ddd51”不匹配。
                 已考虑使用“publish-sc\ko\UIAutomationClientSideProviders.resources.dll”，
         			但它的名称“UIAutomationClientSideProviders.resources”
         			与预期名称“System.Drawing.Common, Version=4.0.1.0, Culture=neutral, PublicKeyToken=cc7b13ffcd2ddd51”不匹配。
                 已考虑使用“publish-sc\ko\UIAutomationProvider.resources.dll”，
         			但它的名称“UIAutomationProvider.resources”
         			与预期名称“System.Drawing.Common, Version=4.0.1.0, Culture=neutral, PublicKeyToken=cc7b13ffcd2ddd51”不匹配。
                 已考虑使用“publish-sc\ko\UIAutomationTypes.resources.dll”，
         			但它的名称“UIAutomationTypes.resources”
         			与预期名称“System.Drawing.Common, Version=4.0.1.0, Culture=neutral, PublicKeyToken=cc7b13ffcd2ddd51”不匹配。
                 已考虑使用“publish-sc\ko\WindowsBase.resources.dll”，
         			但它的名称“WindowsBase.resources”
         			与预期名称“System.Drawing.Common, Version=4.0.1.0, Culture=neutral, PublicKeyToken=cc7b13ffcd2ddd51”不匹配。
                 已考虑使用“publish-sc\ko\WindowsFormsIntegration.resources.dll”，
         			但它的名称“WindowsFormsIntegration.resources”
         			与预期名称“System.Drawing.Common, Version=4.0.1.0, Culture=neutral, PublicKeyToken=cc7b13ffcd2ddd51”不匹配。
                 已考虑使用“publish-sc\Microsoft.CSharp.dll”，
         			但它的名称“Microsoft.CSharp”
         			与预期名称“System.Drawing.Common, Version=4.0.1.0, Culture=neutral, PublicKeyToken=cc7b13ffcd2ddd51”不匹配。
                 已考虑使用“publish-sc\Microsoft.Data.Sqlite.dll”，
         			但它的名称“Microsoft.Data.Sqlite”
         			与预期名称“System.Drawing.Common, Version=4.0.1.0, Culture=neutral, PublicKeyToken=cc7b13ffcd2ddd51”不匹配。
                 已考虑使用“publish-sc\Microsoft.DiaSymReader.Native.amd64.dll”，
         			但它的名称“Microsoft.DiaSymReader.Native.amd64”
         			与预期名称“System.Drawing.Common, Version=4.0.1.0, Culture=neutral, PublicKeyToken=cc7b13ffcd2ddd51”不匹配。
                 已考虑使用“publish-sc\Microsoft.VisualBasic.Core.dll”，
         			但它的名称“Microsoft.VisualBasic.Core”
         			与预期名称“System.Drawing.Common, Version=4.0.1.0, Culture=neutral, PublicKeyToken=cc7b13ffcd2ddd51”不匹配。
                 已考虑使用“publish-sc\Microsoft.VisualBasic.dll”，
         			但它的名称“Microsoft.VisualBasic”
         			与预期名称“System.Drawing.Common, Version=4.0.1.0, Culture=neutral, PublicKeyToken=cc7b13ffcd2ddd51”不匹配。
                 已考虑使用“publish-sc\Microsoft.VisualBasic.Forms.dll”，
         			但它的名称“Microsoft.VisualBasic.Forms”
         			与预期名称“System.Drawing.Common, Version=4.0.1.0, Culture=neutral, PublicKeyToken=cc7b13ffcd2ddd51”不匹配。
                 已考虑使用“publish-sc\Microsoft.Web.WebView2.Core.dll”，
         			但它的名称“Microsoft.Web.WebView2.Core”
         			与预期名称“System.Drawing.Common, Version=4.0.1.0, Culture=neutral, PublicKeyToken=cc7b13ffcd2ddd51”不匹配。
                 已考虑使用“publish-sc\Microsoft.Web.WebView2.WinForms.dll”，
         			但它的名称“Microsoft.Web.WebView2.WinForms”
         			与预期名称“System.Drawing.Common, Version=4.0.1.0, Culture=neutral, PublicKeyToken=cc7b13ffcd2ddd51”不匹配。
                 已考虑使用“publish-sc\Microsoft.Web.WebView2.Wpf.dll”，
         			但它的名称“Microsoft.Web.WebView2.Wpf”
         			与预期名称“System.Drawing.Common, Version=4.0.1.0, Culture=neutral, PublicKeyToken=cc7b13ffcd2ddd51”不匹配。
                 已考虑使用“publish-sc\Microsoft.Win32.Primitives.dll”，
         			但它的名称“Microsoft.Win32.Primitives”
         			与预期名称“System.Drawing.Common, Version=4.0.1.0, Culture=neutral, PublicKeyToken=cc7b13ffcd2ddd51”不匹配。
                 已考虑使用“publish-sc\Microsoft.Win32.Registry.AccessControl.dll”，
         			但它的名称“Microsoft.Win32.Registry.AccessControl”
         			与预期名称“System.Drawing.Common, Version=4.0.1.0, Culture=neutral, PublicKeyToken=cc7b13ffcd2ddd51”不匹配。
                 已考虑使用“publish-sc\Microsoft.Win32.Registry.dll”，
         			但它的名称“Microsoft.Win32.Registry”
         			与预期名称“System.Drawing.Common, Version=4.0.1.0, Culture=neutral, PublicKeyToken=cc7b13ffcd2ddd51”不匹配。
                 已考虑使用“publish-sc\Microsoft.Win32.SystemEvents.dll”，
         			但它的名称“Microsoft.Win32.SystemEvents”
         			与预期名称“System.Drawing.Common, Version=4.0.1.0, Culture=neutral, PublicKeyToken=cc7b13ffcd2ddd51”不匹配。
                 已考虑使用“publish-sc\mscordaccore.dll”，
         			但它的名称“mscordaccore”
         			与预期名称“System.Drawing.Common, Version=4.0.1.0, Culture=neutral, PublicKeyToken=cc7b13ffcd2ddd51”不匹配。
                 已考虑使用“publish-sc\mscordaccore_amd64_amd64_8.0.2426.7010.dll”，
         			但它的名称“mscordaccore_amd64_amd64_8.0.2426.7010”
         			与预期名称“System.Drawing.Common, Version=4.0.1.0, Culture=neutral, PublicKeyToken=cc7b13ffcd2ddd51”不匹配。
                 已考虑使用“publish-sc\mscordbi.dll”，
         			但它的名称“mscordbi”
         			与预期名称“System.Drawing.Common, Version=4.0.1.0, Culture=neutral, PublicKeyToken=cc7b13ffcd2ddd51”不匹配。
                 已考虑使用“publish-sc\mscorlib.dll”，
         			但它的名称“mscorlib”
         			与预期名称“System.Drawing.Common, Version=4.0.1.0, Culture=neutral, PublicKeyToken=cc7b13ffcd2ddd51”不匹配。
                 已考虑使用“publish-sc\mscorrc.dll”，
         			但它的名称“mscorrc”
         			与预期名称“System.Drawing.Common, Version=4.0.1.0, Culture=neutral, PublicKeyToken=cc7b13ffcd2ddd51”不匹配。
                 已考虑使用“publish-sc\msquic.dll”，
         			但它的名称“msquic”
         			与预期名称“System.Drawing.Common, Version=4.0.1.0, Culture=neutral, PublicKeyToken=cc7b13ffcd2ddd51”不匹配。
                 已考虑使用“publish-sc\netstandard.dll”，
         			但它的名称“netstandard”
         			与预期名称“System.Drawing.Common, Version=4.0.1.0, Culture=neutral, PublicKeyToken=cc7b13ffcd2ddd51”不匹配。
                 已考虑使用“publish-sc\PenImc_cor3.dll”，
         			但它的名称“PenImc_cor3”
         			与预期名称“System.Drawing.Common, Version=4.0.1.0, Culture=neutral, PublicKeyToken=cc7b13ffcd2ddd51”不匹配。
                 已考虑使用“publish-sc\pl\Microsoft.VisualBasic.Forms.resources.dll”，
         			但它的名称“Microsoft.VisualBasic.Forms.resources”
         			与预期名称“System.Drawing.Common, Version=4.0.1.0, Culture=neutral, PublicKeyToken=cc7b13ffcd2ddd51”不匹配。
                 已考虑使用“publish-sc\pl\PresentationCore.resources.dll”，
         			但它的名称“PresentationCore.resources”
         			与预期名称“System.Drawing.Common, Version=4.0.1.0, Culture=neutral, PublicKeyToken=cc7b13ffcd2ddd51”不匹配。
                 已考虑使用“publish-sc\pl\PresentationFramework.resources.dll”，
         			但它的名称“PresentationFramework.resources”
         			与预期名称“System.Drawing.Common, Version=4.0.1.0, Culture=neutral, PublicKeyToken=cc7b13ffcd2ddd51”不匹配。
                 已考虑使用“publish-sc\pl\PresentationUI.resources.dll”，
         			但它的名称“PresentationUI.resources”
         			与预期名称“System.Drawing.Common, Version=4.0.1.0, Culture=neutral, PublicKeyToken=cc7b13ffcd2ddd51”不匹配。
                 已考虑使用“publish-sc\pl\ReachFramework.resources.dll”，
         			但它的名称“ReachFramework.resources”
         			与预期名称“System.Drawing.Common, Version=4.0.1.0, Culture=neutral, PublicKeyToken=cc7b13ffcd2ddd51”不匹配。
                 已考虑使用“publish-sc\pl\System.Windows.Controls.Ribbon.resources.dll”，
         			但它的名称“System.Windows.Controls.Ribbon.resources”
         			与预期名称“System.Drawing.Common, Version=4.0.1.0, Culture=neutral, PublicKeyToken=cc7b13ffcd2ddd51”不匹配。
                 已考虑使用“publish-sc\pl\System.Windows.Forms.Design.resources.dll”，
         			但它的名称“System.Windows.Forms.Design.resources”
         			与预期名称“System.Drawing.Common, Version=4.0.1.0, Culture=neutral, PublicKeyToken=cc7b13ffcd2ddd51”不匹配。
                 已考虑使用“publish-sc\pl\System.Windows.Forms.Primitives.resources.dll”，
         			但它的名称“System.Windows.Forms.Primitives.resources”
         			与预期名称“System.Drawing.Common, Version=4.0.1.0, Culture=neutral, PublicKeyToken=cc7b13ffcd2ddd51”不匹配。
                 已考虑使用“publish-sc\pl\System.Windows.Forms.resources.dll”，
         			但它的名称“System.Windows.Forms.resources”
         			与预期名称“System.Drawing.Common, Version=4.0.1.0, Culture=neutral, PublicKeyToken=cc7b13ffcd2ddd51”不匹配。
                 已考虑使用“publish-sc\pl\System.Windows.Input.Manipulations.resources.dll”，
         			但它的名称“System.Windows.Input.Manipulations.resources”
         			与预期名称“System.Drawing.Common, Version=4.0.1.0, Culture=neutral, PublicKeyToken=cc7b13ffcd2ddd51”不匹配。
                 已考虑使用“publish-sc\pl\System.Xaml.resources.dll”，
         			但它的名称“System.Xaml.resources”
         			与预期名称“System.Drawing.Common, Version=4.0.1.0, Culture=neutral, PublicKeyToken=cc7b13ffcd2ddd51”不匹配。
                 已考虑使用“publish-sc\pl\UIAutomationClient.resources.dll”，
         			但它的名称“UIAutomationClient.resources”
         			与预期名称“System.Drawing.Common, Version=4.0.1.0, Culture=neutral, PublicKeyToken=cc7b13ffcd2ddd51”不匹配。
                 已考虑使用“publish-sc\pl\UIAutomationClientSideProviders.resources.dll”，
         			但它的名称“UIAutomationClientSideProviders.resources”
         			与预期名称“System.Drawing.Common, Version=4.0.1.0, Culture=neutral, PublicKeyToken=cc7b13ffcd2ddd51”不匹配。
                 已考虑使用“publish-sc\pl\UIAutomationProvider.resources.dll”，
         			但它的名称“UIAutomationProvider.resources”
         			与预期名称“System.Drawing.Common, Version=4.0.1.0, Culture=neutral, PublicKeyToken=cc7b13ffcd2ddd51”不匹配。
                 已考虑使用“publish-sc\pl\UIAutomationTypes.resources.dll”，
         			但它的名称“UIAutomationTypes.resources”
         			与预期名称“System.Drawing.Common, Version=4.0.1.0, Culture=neutral, PublicKeyToken=cc7b13ffcd2ddd51”不匹配。
                 已考虑使用“publish-sc\pl\WindowsBase.resources.dll”，
         			但它的名称“WindowsBase.resources”
         			与预期名称“System.Drawing.Common, Version=4.0.1.0, Culture=neutral, PublicKeyToken=cc7b13ffcd2ddd51”不匹配。
                 已考虑使用“publish-sc\pl\WindowsFormsIntegration.resources.dll”，
         			但它的名称“WindowsFormsIntegration.resources”
         			与预期名称“System.Drawing.Common, Version=4.0.1.0, Culture=neutral, PublicKeyToken=cc7b13ffcd2ddd51”不匹配。
                 已考虑使用“publish-sc\PresentationCore.dll”，
         			但它的名称“PresentationCore”
         			与预期名称“System.Drawing.Common, Version=4.0.1.0, Culture=neutral, PublicKeyToken=cc7b13ffcd2ddd51”不匹配。
                 已考虑使用“publish-sc\PresentationFramework-SystemCore.dll”，
         			但它的名称“PresentationFramework-SystemCore”
         			与预期名称“System.Drawing.Common, Version=4.0.1.0, Culture=neutral, PublicKeyToken=cc7b13ffcd2ddd51”不匹配。
                 已考虑使用“publish-sc\PresentationFramework-SystemData.dll”，
         			但它的名称“PresentationFramework-SystemData”
         			与预期名称“System.Drawing.Common, Version=4.0.1.0, Culture=neutral, PublicKeyToken=cc7b13ffcd2ddd51”不匹配。
                 已考虑使用“publish-sc\PresentationFramework-SystemDrawing.dll”，
         			但它的名称“PresentationFramework-SystemDrawing”
         			与预期名称“System.Drawing.Common, Version=4.0.1.0, Culture=neutral, PublicKeyToken=cc7b13ffcd2ddd51”不匹配。
                 已考虑使用“publish-sc\PresentationFramework-SystemXml.dll”，
         			但它的名称“PresentationFramework-SystemXml”
         			与预期名称“System.Drawing.Common, Version=4.0.1.0, Culture=neutral, PublicKeyToken=cc7b13ffcd2ddd51”不匹配。
                 已考虑使用“publish-sc\PresentationFramework-SystemXmlLinq.dll”，
         			但它的名称“PresentationFramework-SystemXmlLinq”
         			与预期名称“System.Drawing.Common, Version=4.0.1.0, Culture=neutral, PublicKeyToken=cc7b13ffcd2ddd51”不匹配。
                 已考虑使用“publish-sc\PresentationFramework.Aero.dll”，
         			但它的名称“PresentationFramework.Aero”
         			与预期名称“System.Drawing.Common, Version=4.0.1.0, Culture=neutral, PublicKeyToken=cc7b13ffcd2ddd51”不匹配。
                 已考虑使用“publish-sc\PresentationFramework.Aero2.dll”，
         			但它的名称“PresentationFramework.Aero2”
         			与预期名称“System.Drawing.Common, Version=4.0.1.0, Culture=neutral, PublicKeyToken=cc7b13ffcd2ddd51”不匹配。
                 已考虑使用“publish-sc\PresentationFramework.AeroLite.dll”，
         			但它的名称“PresentationFramework.AeroLite”
         			与预期名称“System.Drawing.Common, Version=4.0.1.0, Culture=neutral, PublicKeyToken=cc7b13ffcd2ddd51”不匹配。
                 已考虑使用“publish-sc\PresentationFramework.Classic.dll”，
         			但它的名称“PresentationFramework.Classic”
         			与预期名称“System.Drawing.Common, Version=4.0.1.0, Culture=neutral, PublicKeyToken=cc7b13ffcd2ddd51”不匹配。
                 已考虑使用“publish-sc\PresentationFramework.dll”，
         			但它的名称“PresentationFramework”
         			与预期名称“System.Drawing.Common, Version=4.0.1.0, Culture=neutral, PublicKeyToken=cc7b13ffcd2ddd51”不匹配。
                 已考虑使用“publish-sc\PresentationFramework.Luna.dll”，
         			但它的名称“PresentationFramework.Luna”
         			与预期名称“System.Drawing.Common, Version=4.0.1.0, Culture=neutral, PublicKeyToken=cc7b13ffcd2ddd51”不匹配。
                 已考虑使用“publish-sc\PresentationFramework.Royale.dll”，
         			但它的名称“PresentationFramework.Royale”
         			与预期名称“System.Drawing.Common, Version=4.0.1.0, Culture=neutral, PublicKeyToken=cc7b13ffcd2ddd51”不匹配。
                 已考虑使用“publish-sc\PresentationNative_cor3.dll”，
         			但它的名称“PresentationNative_cor3”
         			与预期名称“System.Drawing.Common, Version=4.0.1.0, Culture=neutral, PublicKeyToken=cc7b13ffcd2ddd51”不匹配。
                 已考虑使用“publish-sc\PresentationUI.dll”，
         			但它的名称“PresentationUI”
         			与预期名称“System.Drawing.Common, Version=4.0.1.0, Culture=neutral, PublicKeyToken=cc7b13ffcd2ddd51”不匹配。
                 已考虑使用“publish-sc\pt-BR\Microsoft.VisualBasic.Forms.resources.dll”，
         			但它的名称“Microsoft.VisualBasic.Forms.resources”
         			与预期名称“System.Drawing.Common, Version=4.0.1.0, Culture=neutral, PublicKeyToken=cc7b13ffcd2ddd51”不匹配。
                 已考虑使用“publish-sc\pt-BR\PresentationCore.resources.dll”，
         			但它的名称“PresentationCore.resources”
         			与预期名称“System.Drawing.Common, Version=4.0.1.0, Culture=neutral, PublicKeyToken=cc7b13ffcd2ddd51”不匹配。
                 已考虑使用“publish-sc\pt-BR\PresentationFramework.resources.dll”，
         			但它的名称“PresentationFramework.resources”
         			与预期名称“System.Drawing.Common, Version=4.0.1.0, Culture=neutral, PublicKeyToken=cc7b13ffcd2ddd51”不匹配。
                 已考虑使用“publish-sc\pt-BR\PresentationUI.resources.dll”，
         			但它的名称“PresentationUI.resources”
         			与预期名称“System.Drawing.Common, Version=4.0.1.0, Culture=neutral, PublicKeyToken=cc7b13ffcd2ddd51”不匹配。
                 已考虑使用“publish-sc\pt-BR\ReachFramework.resources.dll”，
         			但它的名称“ReachFramework.resources”
         			与预期名称“System.Drawing.Common, Version=4.0.1.0, Culture=neutral, PublicKeyToken=cc7b13ffcd2ddd51”不匹配。
                 已考虑使用“publish-sc\pt-BR\System.Windows.Controls.Ribbon.resources.dll”，
         			但它的名称“System.Windows.Controls.Ribbon.resources”
         			与预期名称“System.Drawing.Common, Version=4.0.1.0, Culture=neutral, PublicKeyToken=cc7b13ffcd2ddd51”不匹配。
                 已考虑使用“publish-sc\pt-BR\System.Windows.Forms.Design.resources.dll”，
         			但它的名称“System.Windows.Forms.Design.resources”
         			与预期名称“System.Drawing.Common, Version=4.0.1.0, Culture=neutral, PublicKeyToken=cc7b13ffcd2ddd51”不匹配。
                 已考虑使用“publish-sc\pt-BR\System.Windows.Forms.Primitives.resources.dll”，
         			但它的名称“System.Windows.Forms.Primitives.resources”
         			与预期名称“System.Drawing.Common, Version=4.0.1.0, Culture=neutral, PublicKeyToken=cc7b13ffcd2ddd51”不匹配。
                 已考虑使用“publish-sc\pt-BR\System.Windows.Forms.resources.dll”，
         			但它的名称“System.Windows.Forms.resources”
         			与预期名称“System.Drawing.Common, Version=4.0.1.0, Culture=neutral, PublicKeyToken=cc7b13ffcd2ddd51”不匹配。
                 已考虑使用“publish-sc\pt-BR\System.Windows.Input.Manipulations.resources.dll”，
         			但它的名称“System.Windows.Input.Manipulations.resources”
         			与预期名称“System.Drawing.Common, Version=4.0.1.0, Culture=neutral, PublicKeyToken=cc7b13ffcd2ddd51”不匹配。
                 已考虑使用“publish-sc\pt-BR\System.Xaml.resources.dll”，
         			但它的名称“System.Xaml.resources”
         			与预期名称“System.Drawing.Common, Version=4.0.1.0, Culture=neutral, PublicKeyToken=cc7b13ffcd2ddd51”不匹配。
                 已考虑使用“publish-sc\pt-BR\UIAutomationClient.resources.dll”，
         			但它的名称“UIAutomationClient.resources”
         			与预期名称“System.Drawing.Common, Version=4.0.1.0, Culture=neutral, PublicKeyToken=cc7b13ffcd2ddd51”不匹配。
                 已考虑使用“publish-sc\pt-BR\UIAutomationClientSideProviders.resources.dll”，
         			但它的名称“UIAutomationClientSideProviders.resources”
         			与预期名称“System.Drawing.Common, Version=4.0.1.0, Culture=neutral, PublicKeyToken=cc7b13ffcd2ddd51”不匹配。
                 已考虑使用“publish-sc\pt-BR\UIAutomationProvider.resources.dll”，
         			但它的名称“UIAutomationProvider.resources”
         			与预期名称“System.Drawing.Common, Version=4.0.1.0, Culture=neutral, PublicKeyToken=cc7b13ffcd2ddd51”不匹配。
                 已考虑使用“publish-sc\pt-BR\UIAutomationTypes.resources.dll”，
         			但它的名称“UIAutomationTypes.resources”
         			与预期名称“System.Drawing.Common, Version=4.0.1.0, Culture=neutral, PublicKeyToken=cc7b13ffcd2ddd51”不匹配。
                 已考虑使用“publish-sc\pt-BR\WindowsBase.resources.dll”，
         			但它的名称“WindowsBase.resources”
         			与预期名称“System.Drawing.Common, Version=4.0.1.0, Culture=neutral, PublicKeyToken=cc7b13ffcd2ddd51”不匹配。
                 已考虑使用“publish-sc\pt-BR\WindowsFormsIntegration.resources.dll”，
         			但它的名称“WindowsFormsIntegration.resources”
         			与预期名称“System.Drawing.Common, Version=4.0.1.0, Culture=neutral, PublicKeyToken=cc7b13ffcd2ddd51”不匹配。
                 已考虑使用“publish-sc\ReachFramework.dll”，
         			但它的名称“ReachFramework”
         			与预期名称“System.Drawing.Common, Version=4.0.1.0, Culture=neutral, PublicKeyToken=cc7b13ffcd2ddd51”不匹配。
                 已考虑使用“publish-sc\runtimes\win-x64\native\WebView2Loader.dll”，
         			但它的名称“WebView2Loader”
         			与预期名称“System.Drawing.Common, Version=4.0.1.0, Culture=neutral, PublicKeyToken=cc7b13ffcd2ddd51”不匹配。
                 已考虑使用“publish-sc\ru\Microsoft.VisualBasic.Forms.resources.dll”，
         			但它的名称“Microsoft.VisualBasic.Forms.resources”
         			与预期名称“System.Drawing.Common, Version=4.0.1.0, Culture=neutral, PublicKeyToken=cc7b13ffcd2ddd51”不匹配。
                 已考虑使用“publish-sc\ru\PresentationCore.resources.dll”，
         			但它的名称“PresentationCore.resources”
         			与预期名称“System.Drawing.Common, Version=4.0.1.0, Culture=neutral, PublicKeyToken=cc7b13ffcd2ddd51”不匹配。
                 已考虑使用“publish-sc\ru\PresentationFramework.resources.dll”，
         			但它的名称“PresentationFramework.resources”
         			与预期名称“System.Drawing.Common, Version=4.0.1.0, Culture=neutral, PublicKeyToken=cc7b13ffcd2ddd51”不匹配。
                 已考虑使用“publish-sc\ru\PresentationUI.resources.dll”，
         			但它的名称“PresentationUI.resources”
         			与预期名称“System.Drawing.Common, Version=4.0.1.0, Culture=neutral, PublicKeyToken=cc7b13ffcd2ddd51”不匹配。
                 已考虑使用“publish-sc\ru\ReachFramework.resources.dll”，
         			但它的名称“ReachFramework.resources”
         			与预期名称“System.Drawing.Common, Version=4.0.1.0, Culture=neutral, PublicKeyToken=cc7b13ffcd2ddd51”不匹配。
                 已考虑使用“publish-sc\ru\System.Windows.Controls.Ribbon.resources.dll”，
         			但它的名称“System.Windows.Controls.Ribbon.resources”
         			与预期名称“System.Drawing.Common, Version=4.0.1.0, Culture=neutral, PublicKeyToken=cc7b13ffcd2ddd51”不匹配。
                 已考虑使用“publish-sc\ru\System.Windows.Forms.Design.resources.dll”，
         			但它的名称“System.Windows.Forms.Design.resources”
         			与预期名称“System.Drawing.Common, Version=4.0.1.0, Culture=neutral, PublicKeyToken=cc7b13ffcd2ddd51”不匹配。
                 已考虑使用“publish-sc\ru\System.Windows.Forms.Primitives.resources.dll”，
         			但它的名称“System.Windows.Forms.Primitives.resources”
         			与预期名称“System.Drawing.Common, Version=4.0.1.0, Culture=neutral, PublicKeyToken=cc7b13ffcd2ddd51”不匹配。
                 已考虑使用“publish-sc\ru\System.Windows.Forms.resources.dll”，
         			但它的名称“System.Windows.Forms.resources”
         			与预期名称“System.Drawing.Common, Version=4.0.1.0, Culture=neutral, PublicKeyToken=cc7b13ffcd2ddd51”不匹配。
                 已考虑使用“publish-sc\ru\System.Windows.Input.Manipulations.resources.dll”，
         			但它的名称“System.Windows.Input.Manipulations.resources”
         			与预期名称“System.Drawing.Common, Version=4.0.1.0, Culture=neutral, PublicKeyToken=cc7b13ffcd2ddd51”不匹配。
                 已考虑使用“publish-sc\ru\System.Xaml.resources.dll”，
         			但它的名称“System.Xaml.resources”
         			与预期名称“System.Drawing.Common, Version=4.0.1.0, Culture=neutral, PublicKeyToken=cc7b13ffcd2ddd51”不匹配。
                 已考虑使用“publish-sc\ru\UIAutomationClient.resources.dll”，
         			但它的名称“UIAutomationClient.resources”
         			与预期名称“System.Drawing.Common, Version=4.0.1.0, Culture=neutral, PublicKeyToken=cc7b13ffcd2ddd51”不匹配。
                 已考虑使用“publish-sc\ru\UIAutomationClientSideProviders.resources.dll”，
         			但它的名称“UIAutomationClientSideProviders.resources”
         			与预期名称“System.Drawing.Common, Version=4.0.1.0, Culture=neutral, PublicKeyToken=cc7b13ffcd2ddd51”不匹配。
                 已考虑使用“publish-sc\ru\UIAutomationProvider.resources.dll”，
         			但它的名称“UIAutomationProvider.resources”
         			与预期名称“System.Drawing.Common, Version=4.0.1.0, Culture=neutral, PublicKeyToken=cc7b13ffcd2ddd51”不匹配。
                 已考虑使用“publish-sc\ru\UIAutomationTypes.resources.dll”，
         			但它的名称“UIAutomationTypes.resources”
         			与预期名称“System.Drawing.Common, Version=4.0.1.0, Culture=neutral, PublicKeyToken=cc7b13ffcd2ddd51”不匹配。
                 已考虑使用“publish-sc\ru\WindowsBase.resources.dll”，
         			但它的名称“WindowsBase.resources”
         			与预期名称“System.Drawing.Common, Version=4.0.1.0, Culture=neutral, PublicKeyToken=cc7b13ffcd2ddd51”不匹配。
                 已考虑使用“publish-sc\ru\WindowsFormsIntegration.resources.dll”，
         			但它的名称“WindowsFormsIntegration.resources”
         			与预期名称“System.Drawing.Common, Version=4.0.1.0, Culture=neutral, PublicKeyToken=cc7b13ffcd2ddd51”不匹配。
                 已考虑使用“publish-sc\SQLitePCLRaw.batteries_v2.dll”，
         			但它的名称“SQLitePCLRaw.batteries_v2”
         			与预期名称“System.Drawing.Common, Version=4.0.1.0, Culture=neutral, PublicKeyToken=cc7b13ffcd2ddd51”不匹配。
                 已考虑使用“publish-sc\SQLitePCLRaw.core.dll”，
         			但它的名称“SQLitePCLRaw.core”
         			与预期名称“System.Drawing.Common, Version=4.0.1.0, Culture=neutral, PublicKeyToken=cc7b13ffcd2ddd51”不匹配。
                 已考虑使用“publish-sc\SQLitePCLRaw.provider.e_sqlite3.dll”，
         			但它的名称“SQLitePCLRaw.provider.e_sqlite3”
         			与预期名称“System.Drawing.Common, Version=4.0.1.0, Culture=neutral, PublicKeyToken=cc7b13ffcd2ddd51”不匹配。
                 已考虑使用“publish-sc\System.AppContext.dll”，
         			但它的名称“System.AppContext”
         			与预期名称“System.Drawing.Common, Version=4.0.1.0, Culture=neutral, PublicKeyToken=cc7b13ffcd2ddd51”不匹配。
                 已考虑使用“publish-sc\System.Buffers.dll”，
         			但它的名称“System.Buffers”
         			与预期名称“System.Drawing.Common, Version=4.0.1.0, Culture=neutral, PublicKeyToken=cc7b13ffcd2ddd51”不匹配。
                 已考虑使用“publish-sc\System.CodeDom.dll”，
         			但它的名称“System.CodeDom”
         			与预期名称“System.Drawing.Common, Version=4.0.1.0, Culture=neutral, PublicKeyToken=cc7b13ffcd2ddd51”不匹配。
                 已考虑使用“publish-sc\System.Collections.Concurrent.dll”，
         			但它的名称“System.Collections.Concurrent”
         			与预期名称“System.Drawing.Common, Version=4.0.1.0, Culture=neutral, PublicKeyToken=cc7b13ffcd2ddd51”不匹配。
                 已考虑使用“publish-sc\System.Collections.dll”，
         			但它的名称“System.Collections”
         			与预期名称“System.Drawing.Common, Version=4.0.1.0, Culture=neutral, PublicKeyToken=cc7b13ffcd2ddd51”不匹配。
                 已考虑使用“publish-sc\System.Collections.Immutable.dll”，
         			但它的名称“System.Collections.Immutable”
         			与预期名称“System.Drawing.Common, Version=4.0.1.0, Culture=neutral, PublicKeyToken=cc7b13ffcd2ddd51”不匹配。
                 已考虑使用“publish-sc\System.Collections.NonGeneric.dll”，
         			但它的名称“System.Collections.NonGeneric”
         			与预期名称“System.Drawing.Common, Version=4.0.1.0, Culture=neutral, PublicKeyToken=cc7b13ffcd2ddd51”不匹配。
                 已考虑使用“publish-sc\System.Collections.Specialized.dll”，
         			但它的名称“System.Collections.Specialized”
         			与预期名称“System.Drawing.Common, Version=4.0.1.0, Culture=neutral, PublicKeyToken=cc7b13ffcd2ddd51”不匹配。
                 已考虑使用“publish-sc\System.ComponentModel.Annotations.dll”，
         			但它的名称“System.ComponentModel.Annotations”
         			与预期名称“System.Drawing.Common, Version=4.0.1.0, Culture=neutral, PublicKeyToken=cc7b13ffcd2ddd51”不匹配。
                 已考虑使用“publish-sc\System.ComponentModel.DataAnnotations.dll”，
         			但它的名称“System.ComponentModel.DataAnnotations”
         			与预期名称“System.Drawing.Common, Version=4.0.1.0, Culture=neutral, PublicKeyToken=cc7b13ffcd2ddd51”不匹配。
                 已考虑使用“publish-sc\System.ComponentModel.dll”，
         			但它的名称“System.ComponentModel”
         			与预期名称“System.Drawing.Common, Version=4.0.1.0, Culture=neutral, PublicKeyToken=cc7b13ffcd2ddd51”不匹配。
                 已考虑使用“publish-sc\System.ComponentModel.EventBasedAsync.dll”，
         			但它的名称“System.ComponentModel.EventBasedAsync”
         			与预期名称“System.Drawing.Common, Version=4.0.1.0, Culture=neutral, PublicKeyToken=cc7b13ffcd2ddd51”不匹配。
                 已考虑使用“publish-sc\System.ComponentModel.Primitives.dll”，
         			但它的名称“System.ComponentModel.Primitives”
         			与预期名称“System.Drawing.Common, Version=4.0.1.0, Culture=neutral, PublicKeyToken=cc7b13ffcd2ddd51”不匹配。
                 已考虑使用“publish-sc\System.ComponentModel.TypeConverter.dll”，
         			但它的名称“System.ComponentModel.TypeConverter”
         			与预期名称“System.Drawing.Common, Version=4.0.1.0, Culture=neutral, PublicKeyToken=cc7b13ffcd2ddd51”不匹配。
                 已考虑使用“publish-sc\System.Configuration.ConfigurationManager.dll”，
         			但它的名称“System.Configuration.ConfigurationManager”
         			与预期名称“System.Drawing.Common, Version=4.0.1.0, Culture=neutral, PublicKeyToken=cc7b13ffcd2ddd51”不匹配。
                 已考虑使用“publish-sc\System.Configuration.dll”，
         			但它的名称“System.Configuration”
         			与预期名称“System.Drawing.Common, Version=4.0.1.0, Culture=neutral, PublicKeyToken=cc7b13ffcd2ddd51”不匹配。
                 已考虑使用“publish-sc\System.Console.dll”，
         			但它的名称“System.Console”
         			与预期名称“System.Drawing.Common, Version=4.0.1.0, Culture=neutral, PublicKeyToken=cc7b13ffcd2ddd51”不匹配。
                 已考虑使用“publish-sc\System.Core.dll”，
         			但它的名称“System.Core”
         			与预期名称“System.Drawing.Common, Version=4.0.1.0, Culture=neutral, PublicKeyToken=cc7b13ffcd2ddd51”不匹配。
                 已考虑使用“publish-sc\System.Data.Common.dll”，
         			但它的名称“System.Data.Common”
         			与预期名称“System.Drawing.Common, Version=4.0.1.0, Culture=neutral, PublicKeyToken=cc7b13ffcd2ddd51”不匹配。
                 已考虑使用“publish-sc\System.Data.DataSetExtensions.dll”，
         			但它的名称“System.Data.DataSetExtensions”
         			与预期名称“System.Drawing.Common, Version=4.0.1.0, Culture=neutral, PublicKeyToken=cc7b13ffcd2ddd51”不匹配。
                 已考虑使用“publish-sc\System.Data.dll”，
         			但它的名称“System.Data”
         			与预期名称“System.Drawing.Common, Version=4.0.1.0, Culture=neutral, PublicKeyToken=cc7b13ffcd2ddd51”不匹配。
                 已考虑使用“publish-sc\System.Design.dll”，
         			但它的名称“System.Design”
         			与预期名称“System.Drawing.Common, Version=4.0.1.0, Culture=neutral, PublicKeyToken=cc7b13ffcd2ddd51”不匹配。
                 已考虑使用“publish-sc\System.Diagnostics.Contracts.dll”，
         			但它的名称“System.Diagnostics.Contracts”
         			与预期名称“System.Drawing.Common, Version=4.0.1.0, Culture=neutral, PublicKeyToken=cc7b13ffcd2ddd51”不匹配。
                 已考虑使用“publish-sc\System.Diagnostics.Debug.dll”，
         			但它的名称“System.Diagnostics.Debug”
         			与预期名称“System.Drawing.Common, Version=4.0.1.0, Culture=neutral, PublicKeyToken=cc7b13ffcd2ddd51”不匹配。
                 已考虑使用“publish-sc\System.Diagnostics.DiagnosticSource.dll”，
         			但它的名称“System.Diagnostics.DiagnosticSource”
         			与预期名称“System.Drawing.Common, Version=4.0.1.0, Culture=neutral, PublicKeyToken=cc7b13ffcd2ddd51”不匹配。
                 已考虑使用“publish-sc\System.Diagnostics.EventLog.dll”，
         			但它的名称“System.Diagnostics.EventLog”
         			与预期名称“System.Drawing.Common, Version=4.0.1.0, Culture=neutral, PublicKeyToken=cc7b13ffcd2ddd51”不匹配。
                 已考虑使用“publish-sc\System.Diagnostics.EventLog.Messages.dll”，
         			但它的名称“System.Diagnostics.EventLog.Messages”
         			与预期名称“System.Drawing.Common, Version=4.0.1.0, Culture=neutral, PublicKeyToken=cc7b13ffcd2ddd51”不匹配。
                 已考虑使用“publish-sc\System.Diagnostics.FileVersionInfo.dll”，
         			但它的名称“System.Diagnostics.FileVersionInfo”
         			与预期名称“System.Drawing.Common, Version=4.0.1.0, Culture=neutral, PublicKeyToken=cc7b13ffcd2ddd51”不匹配。
                 已考虑使用“publish-sc\System.Diagnostics.PerformanceCounter.dll”，
         			但它的名称“System.Diagnostics.PerformanceCounter”
         			与预期名称“System.Drawing.Common, Version=4.0.1.0, Culture=neutral, PublicKeyToken=cc7b13ffcd2ddd51”不匹配。
                 已考虑使用“publish-sc\System.Diagnostics.Process.dll”，
         			但它的名称“System.Diagnostics.Process”
         			与预期名称“System.Drawing.Common, Version=4.0.1.0, Culture=neutral, PublicKeyToken=cc7b13ffcd2ddd51”不匹配。
                 已考虑使用“publish-sc\System.Diagnostics.StackTrace.dll”，
         			但它的名称“System.Diagnostics.StackTrace”
         			与预期名称“System.Drawing.Common, Version=4.0.1.0, Culture=neutral, PublicKeyToken=cc7b13ffcd2ddd51”不匹配。
                 已考虑使用“publish-sc\System.Diagnostics.TextWriterTraceListener.dll”，
         			但它的名称“System.Diagnostics.TextWriterTraceListener”
         			与预期名称“System.Drawing.Common, Version=4.0.1.0, Culture=neutral, PublicKeyToken=cc7b13ffcd2ddd51”不匹配。
                 已考虑使用“publish-sc\System.Diagnostics.Tools.dll”，
         			但它的名称“System.Diagnostics.Tools”
         			与预期名称“System.Drawing.Common, Version=4.0.1.0, Culture=neutral, PublicKeyToken=cc7b13ffcd2ddd51”不匹配。
                 已考虑使用“publish-sc\System.Diagnostics.TraceSource.dll”，
         			但它的名称“System.Diagnostics.TraceSource”
         			与预期名称“System.Drawing.Common, Version=4.0.1.0, Culture=neutral, PublicKeyToken=cc7b13ffcd2ddd51”不匹配。
                 已考虑使用“publish-sc\System.Diagnostics.Tracing.dll”，
         			但它的名称“System.Diagnostics.Tracing”
         			与预期名称“System.Drawing.Common, Version=4.0.1.0, Culture=neutral, PublicKeyToken=cc7b13ffcd2ddd51”不匹配。
                 已考虑使用“publish-sc\System.DirectoryServices.dll”，
         			但它的名称“System.DirectoryServices”
         			与预期名称“System.Drawing.Common, Version=4.0.1.0, Culture=neutral, PublicKeyToken=cc7b13ffcd2ddd51”不匹配。
                 已考虑使用“publish-sc\System.dll”，
         			但它的名称“System”
         			与预期名称“System.Drawing.Common, Version=4.0.1.0, Culture=neutral, PublicKeyToken=cc7b13ffcd2ddd51”不匹配。
                 已考虑使用“publish-sc\System.Drawing.Common.dll”，
         			但它的名称“System.Drawing.Common, Version=8.0.0.0, Culture=neutral, PublicKeyToken=cc7b13ffcd2ddd51”
         			与预期名称“System.Drawing.Common, Version=4.0.1.0, Culture=neutral, PublicKeyToken=cc7b13ffcd2ddd51”不匹配。
                 已考虑使用“publish-sc\System.Drawing.Design.dll”，
         			但它的名称“System.Drawing.Design”
         			与预期名称“System.Drawing.Common, Version=4.0.1.0, Culture=neutral, PublicKeyToken=cc7b13ffcd2ddd51”不匹配。
                 已考虑使用“publish-sc\System.Drawing.dll”，
         			但它的名称“System.Drawing”
         			与预期名称“System.Drawing.Common, Version=4.0.1.0, Culture=neutral, PublicKeyToken=cc7b13ffcd2ddd51”不匹配。
                 已考虑使用“publish-sc\System.Drawing.Primitives.dll”，
         			但它的名称“System.Drawing.Primitives”
         			与预期名称“System.Drawing.Common, Version=4.0.1.0, Culture=neutral, PublicKeyToken=cc7b13ffcd2ddd51”不匹配。
                 已考虑使用“publish-sc\System.Dynamic.Runtime.dll”，
         			但它的名称“System.Dynamic.Runtime”
         			与预期名称“System.Drawing.Common, Version=4.0.1.0, Culture=neutral, PublicKeyToken=cc7b13ffcd2ddd51”不匹配。
                 已考虑使用“publish-sc\System.Formats.Asn1.dll”，
         			但它的名称“System.Formats.Asn1”
         			与预期名称“System.Drawing.Common, Version=4.0.1.0, Culture=neutral, PublicKeyToken=cc7b13ffcd2ddd51”不匹配。
                 已考虑使用“publish-sc\System.Formats.Tar.dll”，
         			但它的名称“System.Formats.Tar”
         			与预期名称“System.Drawing.Common, Version=4.0.1.0, Culture=neutral, PublicKeyToken=cc7b13ffcd2ddd51”不匹配。
                 已考虑使用“publish-sc\System.Globalization.Calendars.dll”，
         			但它的名称“System.Globalization.Calendars”
         			与预期名称“System.Drawing.Common, Version=4.0.1.0, Culture=neutral, PublicKeyToken=cc7b13ffcd2ddd51”不匹配。
                 已考虑使用“publish-sc\System.Globalization.dll”，
         			但它的名称“System.Globalization”
         			与预期名称“System.Drawing.Common, Version=4.0.1.0, Culture=neutral, PublicKeyToken=cc7b13ffcd2ddd51”不匹配。
                 已考虑使用“publish-sc\System.Globalization.Extensions.dll”，
         			但它的名称“System.Globalization.Extensions”
         			与预期名称“System.Drawing.Common, Version=4.0.1.0, Culture=neutral, PublicKeyToken=cc7b13ffcd2ddd51”不匹配。
                 已考虑使用“publish-sc\System.IO.Compression.Brotli.dll”，
         			但它的名称“System.IO.Compression.Brotli”
         			与预期名称“System.Drawing.Common, Version=4.0.1.0, Culture=neutral, PublicKeyToken=cc7b13ffcd2ddd51”不匹配。
                 已考虑使用“publish-sc\System.IO.Compression.dll”，
         			但它的名称“System.IO.Compression”
         			与预期名称“System.Drawing.Common, Version=4.0.1.0, Culture=neutral, PublicKeyToken=cc7b13ffcd2ddd51”不匹配。
                 已考虑使用“publish-sc\System.IO.Compression.FileSystem.dll”，
         			但它的名称“System.IO.Compression.FileSystem”
         			与预期名称“System.Drawing.Common, Version=4.0.1.0, Culture=neutral, PublicKeyToken=cc7b13ffcd2ddd51”不匹配。
                 已考虑使用“publish-sc\System.IO.Compression.Native.dll”，
         			但它的名称“System.IO.Compression.Native”
         			与预期名称“System.Drawing.Common, Version=4.0.1.0, Culture=neutral, PublicKeyToken=cc7b13ffcd2ddd51”不匹配。
                 已考虑使用“publish-sc\System.IO.Compression.ZipFile.dll”，
         			但它的名称“System.IO.Compression.ZipFile”
         			与预期名称“System.Drawing.Common, Version=4.0.1.0, Culture=neutral, PublicKeyToken=cc7b13ffcd2ddd51”不匹配。
                 已考虑使用“publish-sc\System.IO.dll”，
         			但它的名称“System.IO”
         			与预期名称“System.Drawing.Common, Version=4.0.1.0, Culture=neutral, PublicKeyToken=cc7b13ffcd2ddd51”不匹配。
                 已考虑使用“publish-sc\System.IO.FileSystem.AccessControl.dll”，
         			但它的名称“System.IO.FileSystem.AccessControl”
         			与预期名称“System.Drawing.Common, Version=4.0.1.0, Culture=neutral, PublicKeyToken=cc7b13ffcd2ddd51”不匹配。
                 已考虑使用“publish-sc\System.IO.FileSystem.dll”，
         			但它的名称“System.IO.FileSystem”
         			与预期名称“System.Drawing.Common, Version=4.0.1.0, Culture=neutral, PublicKeyToken=cc7b13ffcd2ddd51”不匹配。
                 已考虑使用“publish-sc\System.IO.FileSystem.DriveInfo.dll”，
         			但它的名称“System.IO.FileSystem.DriveInfo”
         			与预期名称“System.Drawing.Common, Version=4.0.1.0, Culture=neutral, PublicKeyToken=cc7b13ffcd2ddd51”不匹配。
                 已考虑使用“publish-sc\System.IO.FileSystem.Primitives.dll”，
         			但它的名称“System.IO.FileSystem.Primitives”
         			与预期名称“System.Drawing.Common, Version=4.0.1.0, Culture=neutral, PublicKeyToken=cc7b13ffcd2ddd51”不匹配。
                 已考虑使用“publish-sc\System.IO.FileSystem.Watcher.dll”，
         			但它的名称“System.IO.FileSystem.Watcher”
         			与预期名称“System.Drawing.Common, Version=4.0.1.0, Culture=neutral, PublicKeyToken=cc7b13ffcd2ddd51”不匹配。
                 已考虑使用“publish-sc\System.IO.IsolatedStorage.dll”，
         			但它的名称“System.IO.IsolatedStorage”
         			与预期名称“System.Drawing.Common, Version=4.0.1.0, Culture=neutral, PublicKeyToken=cc7b13ffcd2ddd51”不匹配。
                 已考虑使用“publish-sc\System.IO.MemoryMappedFiles.dll”，
         			但它的名称“System.IO.MemoryMappedFiles”
         			与预期名称“System.Drawing.Common, Version=4.0.1.0, Culture=neutral, PublicKeyToken=cc7b13ffcd2ddd51”不匹配。
                 已考虑使用“publish-sc\System.IO.Packaging.dll”，
         			但它的名称“System.IO.Packaging”
         			与预期名称“System.Drawing.Common, Version=4.0.1.0, Culture=neutral, PublicKeyToken=cc7b13ffcd2ddd51”不匹配。
                 已考虑使用“publish-sc\System.IO.Pipelines.dll”，
         			但它的名称“System.IO.Pipelines”
         			与预期名称“System.Drawing.Common, Version=4.0.1.0, Culture=neutral, PublicKeyToken=cc7b13ffcd2ddd51”不匹配。
                 已考虑使用“publish-sc\System.IO.Pipes.AccessControl.dll”，
         			但它的名称“System.IO.Pipes.AccessControl”
         			与预期名称“System.Drawing.Common, Version=4.0.1.0, Culture=neutral, PublicKeyToken=cc7b13ffcd2ddd51”不匹配。
                 已考虑使用“publish-sc\System.IO.Pipes.dll”，
         			但它的名称“System.IO.Pipes”
         			与预期名称“System.Drawing.Common, Version=4.0.1.0, Culture=neutral, PublicKeyToken=cc7b13ffcd2ddd51”不匹配。
                 已考虑使用“publish-sc\System.IO.UnmanagedMemoryStream.dll”，
         			但它的名称“System.IO.UnmanagedMemoryStream”
         			与预期名称“System.Drawing.Common, Version=4.0.1.0, Culture=neutral, PublicKeyToken=cc7b13ffcd2ddd51”不匹配。
                 已考虑使用“publish-sc\System.Linq.dll”，
         			但它的名称“System.Linq”
         			与预期名称“System.Drawing.Common, Version=4.0.1.0, Culture=neutral, PublicKeyToken=cc7b13ffcd2ddd51”不匹配。
                 已考虑使用“publish-sc\System.Linq.Expressions.dll”，
         			但它的名称“System.Linq.Expressions”
         			与预期名称“System.Drawing.Common, Version=4.0.1.0, Culture=neutral, PublicKeyToken=cc7b13ffcd2ddd51”不匹配。
                 已考虑使用“publish-sc\System.Linq.Parallel.dll”，
         			但它的名称“System.Linq.Parallel”
         			与预期名称“System.Drawing.Common, Version=4.0.1.0, Culture=neutral, PublicKeyToken=cc7b13ffcd2ddd51”不匹配。
                 已考虑使用“publish-sc\System.Linq.Queryable.dll”，
         			但它的名称“System.Linq.Queryable”
         			与预期名称“System.Drawing.Common, Version=4.0.1.0, Culture=neutral, PublicKeyToken=cc7b13ffcd2ddd51”不匹配。
                 已考虑使用“publish-sc\System.Memory.dll”，
         			但它的名称“System.Memory”
         			与预期名称“System.Drawing.Common, Version=4.0.1.0, Culture=neutral, PublicKeyToken=cc7b13ffcd2ddd51”不匹配。
                 已考虑使用“publish-sc\System.Net.dll”，
         			但它的名称“System.Net”
         			与预期名称“System.Drawing.Common, Version=4.0.1.0, Culture=neutral, PublicKeyToken=cc7b13ffcd2ddd51”不匹配。
                 已考虑使用“publish-sc\System.Net.Http.dll”，
         			但它的名称“System.Net.Http”
         			与预期名称“System.Drawing.Common, Version=4.0.1.0, Culture=neutral, PublicKeyToken=cc7b13ffcd2ddd51”不匹配。
                 已考虑使用“publish-sc\System.Net.Http.Json.dll”，
         			但它的名称“System.Net.Http.Json”
         			与预期名称“System.Drawing.Common, Version=4.0.1.0, Culture=neutral, PublicKeyToken=cc7b13ffcd2ddd51”不匹配。
                 已考虑使用“publish-sc\System.Net.HttpListener.dll”，
         			但它的名称“System.Net.HttpListener”
         			与预期名称“System.Drawing.Common, Version=4.0.1.0, Culture=neutral, PublicKeyToken=cc7b13ffcd2ddd51”不匹配。
                 已考虑使用“publish-sc\System.Net.Mail.dll”，
         			但它的名称“System.Net.Mail”
         			与预期名称“System.Drawing.Common, Version=4.0.1.0, Culture=neutral, PublicKeyToken=cc7b13ffcd2ddd51”不匹配。
                 已考虑使用“publish-sc\System.Net.NameResolution.dll”，
         			但它的名称“System.Net.NameResolution”
         			与预期名称“System.Drawing.Common, Version=4.0.1.0, Culture=neutral, PublicKeyToken=cc7b13ffcd2ddd51”不匹配。
                 已考虑使用“publish-sc\System.Net.NetworkInformation.dll”，
         			但它的名称“System.Net.NetworkInformation”
         			与预期名称“System.Drawing.Common, Version=4.0.1.0, Culture=neutral, PublicKeyToken=cc7b13ffcd2ddd51”不匹配。
                 已考虑使用“publish-sc\System.Net.Ping.dll”，
         			但它的名称“System.Net.Ping”
         			与预期名称“System.Drawing.Common, Version=4.0.1.0, Culture=neutral, PublicKeyToken=cc7b13ffcd2ddd51”不匹配。
                 已考虑使用“publish-sc\System.Net.Primitives.dll”，
         			但它的名称“System.Net.Primitives”
         			与预期名称“System.Drawing.Common, Version=4.0.1.0, Culture=neutral, PublicKeyToken=cc7b13ffcd2ddd51”不匹配。
                 已考虑使用“publish-sc\System.Net.Quic.dll”，
         			但它的名称“System.Net.Quic”
         			与预期名称“System.Drawing.Common, Version=4.0.1.0, Culture=neutral, PublicKeyToken=cc7b13ffcd2ddd51”不匹配。
                 已考虑使用“publish-sc\System.Net.Requests.dll”，
         			但它的名称“System.Net.Requests”
         			与预期名称“System.Drawing.Common, Version=4.0.1.0, Culture=neutral, PublicKeyToken=cc7b13ffcd2ddd51”不匹配。
                 已考虑使用“publish-sc\System.Net.Security.dll”，
         			但它的名称“System.Net.Security”
         			与预期名称“System.Drawing.Common, Version=4.0.1.0, Culture=neutral, PublicKeyToken=cc7b13ffcd2ddd51”不匹配。
                 已考虑使用“publish-sc\System.Net.ServicePoint.dll”，
         			但它的名称“System.Net.ServicePoint”
         			与预期名称“System.Drawing.Common, Version=4.0.1.0, Culture=neutral, PublicKeyToken=cc7b13ffcd2ddd51”不匹配。
                 已考虑使用“publish-sc\System.Net.Sockets.dll”，
         			但它的名称“System.Net.Sockets”
         			与预期名称“System.Drawing.Common, Version=4.0.1.0, Culture=neutral, PublicKeyToken=cc7b13ffcd2ddd51”不匹配。
                 已考虑使用“publish-sc\System.Net.WebClient.dll”，
         			但它的名称“System.Net.WebClient”
         			与预期名称“System.Drawing.Common, Version=4.0.1.0, Culture=neutral, PublicKeyToken=cc7b13ffcd2ddd51”不匹配。
                 已考虑使用“publish-sc\System.Net.WebHeaderCollection.dll”，
         			但它的名称“System.Net.WebHeaderCollection”
         			与预期名称“System.Drawing.Common, Version=4.0.1.0, Culture=neutral, PublicKeyToken=cc7b13ffcd2ddd51”不匹配。
                 已考虑使用“publish-sc\System.Net.WebProxy.dll”，
         			但它的名称“System.Net.WebProxy”
         			与预期名称“System.Drawing.Common, Version=4.0.1.0, Culture=neutral, PublicKeyToken=cc7b13ffcd2ddd51”不匹配。
                 已考虑使用“publish-sc\System.Net.WebSockets.Client.dll”，
         			但它的名称“System.Net.WebSockets.Client”
         			与预期名称“System.Drawing.Common, Version=4.0.1.0, Culture=neutral, PublicKeyToken=cc7b13ffcd2ddd51”不匹配。
                 已考虑使用“publish-sc\System.Net.WebSockets.dll”，
         			但它的名称“System.Net.WebSockets”
         			与预期名称“System.Drawing.Common, Version=4.0.1.0, Culture=neutral, PublicKeyToken=cc7b13ffcd2ddd51”不匹配。
                 已考虑使用“publish-sc\System.Numerics.dll”，
         			但它的名称“System.Numerics”
         			与预期名称“System.Drawing.Common, Version=4.0.1.0, Culture=neutral, PublicKeyToken=cc7b13ffcd2ddd51”不匹配。
                 已考虑使用“publish-sc\System.Numerics.Vectors.dll”，
         			但它的名称“System.Numerics.Vectors”
         			与预期名称“System.Drawing.Common, Version=4.0.1.0, Culture=neutral, PublicKeyToken=cc7b13ffcd2ddd51”不匹配。
                 已考虑使用“publish-sc\System.ObjectModel.dll”，
         			但它的名称“System.ObjectModel”
         			与预期名称“System.Drawing.Common, Version=4.0.1.0, Culture=neutral, PublicKeyToken=cc7b13ffcd2ddd51”不匹配。
                 已考虑使用“publish-sc\System.Printing.dll”，
         			但它的名称“System.Printing”
         			与预期名称“System.Drawing.Common, Version=4.0.1.0, Culture=neutral, PublicKeyToken=cc7b13ffcd2ddd51”不匹配。
                 已考虑使用“publish-sc\System.Private.CoreLib.dll”，
         			但它的名称“System.Private.CoreLib”
         			与预期名称“System.Drawing.Common, Version=4.0.1.0, Culture=neutral, PublicKeyToken=cc7b13ffcd2ddd51”不匹配。
                 已考虑使用“publish-sc\System.Private.DataContractSerialization.dll”，
         			但它的名称“System.Private.DataContractSerialization”
         			与预期名称“System.Drawing.Common, Version=4.0.1.0, Culture=neutral, PublicKeyToken=cc7b13ffcd2ddd51”不匹配。
                 已考虑使用“publish-sc\System.Private.Uri.dll”，
         			但它的名称“System.Private.Uri”
         			与预期名称“System.Drawing.Common, Version=4.0.1.0, Culture=neutral, PublicKeyToken=cc7b13ffcd2ddd51”不匹配。
                 已考虑使用“publish-sc\System.Private.Xml.dll”，
         			但它的名称“System.Private.Xml”
         			与预期名称“System.Drawing.Common, Version=4.0.1.0, Culture=neutral, PublicKeyToken=cc7b13ffcd2ddd51”不匹配。
                 已考虑使用“publish-sc\System.Private.Xml.Linq.dll”，
         			但它的名称“System.Private.Xml.Linq”
         			与预期名称“System.Drawing.Common, Version=4.0.1.0, Culture=neutral, PublicKeyToken=cc7b13ffcd2ddd51”不匹配。
                 已考虑使用“publish-sc\System.Reflection.DispatchProxy.dll”，
         			但它的名称“System.Reflection.DispatchProxy”
         			与预期名称“System.Drawing.Common, Version=4.0.1.0, Culture=neutral, PublicKeyToken=cc7b13ffcd2ddd51”不匹配。
                 已考虑使用“publish-sc\System.Reflection.dll”，
         			但它的名称“System.Reflection”
         			与预期名称“System.Drawing.Common, Version=4.0.1.0, Culture=neutral, PublicKeyToken=cc7b13ffcd2ddd51”不匹配。
                 已考虑使用“publish-sc\System.Reflection.Emit.dll”，
         			但它的名称“System.Reflection.Emit”
         			与预期名称“System.Drawing.Common, Version=4.0.1.0, Culture=neutral, PublicKeyToken=cc7b13ffcd2ddd51”不匹配。
                 已考虑使用“publish-sc\System.Reflection.Emit.ILGeneration.dll”，
         			但它的名称“System.Reflection.Emit.ILGeneration”
         			与预期名称“System.Drawing.Common, Version=4.0.1.0, Culture=neutral, PublicKeyToken=cc7b13ffcd2ddd51”不匹配。
                 已考虑使用“publish-sc\System.Reflection.Emit.Lightweight.dll”，
         			但它的名称“System.Reflection.Emit.Lightweight”
         			与预期名称“System.Drawing.Common, Version=4.0.1.0, Culture=neutral, PublicKeyToken=cc7b13ffcd2ddd51”不匹配。
                 已考虑使用“publish-sc\System.Reflection.Extensions.dll”，
         			但它的名称“System.Reflection.Extensions”
         			与预期名称“System.Drawing.Common, Version=4.0.1.0, Culture=neutral, PublicKeyToken=cc7b13ffcd2ddd51”不匹配。
                 已考虑使用“publish-sc\System.Reflection.Metadata.dll”，
         			但它的名称“System.Reflection.Metadata”
         			与预期名称“System.Drawing.Common, Version=4.0.1.0, Culture=neutral, PublicKeyToken=cc7b13ffcd2ddd51”不匹配。
                 已考虑使用“publish-sc\System.Reflection.Primitives.dll”，
         			但它的名称“System.Reflection.Primitives”
         			与预期名称“System.Drawing.Common, Version=4.0.1.0, Culture=neutral, PublicKeyToken=cc7b13ffcd2ddd51”不匹配。
                 已考虑使用“publish-sc\System.Reflection.TypeExtensions.dll”，
         			但它的名称“System.Reflection.TypeExtensions”
         			与预期名称“System.Drawing.Common, Version=4.0.1.0, Culture=neutral, PublicKeyToken=cc7b13ffcd2ddd51”不匹配。
                 已考虑使用“publish-sc\System.Resources.Extensions.dll”，
         			但它的名称“System.Resources.Extensions”
         			与预期名称“System.Drawing.Common, Version=4.0.1.0, Culture=neutral, PublicKeyToken=cc7b13ffcd2ddd51”不匹配。
                 已考虑使用“publish-sc\System.Resources.Reader.dll”，
         			但它的名称“System.Resources.Reader”
         			与预期名称“System.Drawing.Common, Version=4.0.1.0, Culture=neutral, PublicKeyToken=cc7b13ffcd2ddd51”不匹配。
                 已考虑使用“publish-sc\System.Resources.ResourceManager.dll”，
         			但它的名称“System.Resources.ResourceManager”
         			与预期名称“System.Drawing.Common, Version=4.0.1.0, Culture=neutral, PublicKeyToken=cc7b13ffcd2ddd51”不匹配。
                 已考虑使用“publish-sc\System.Resources.Writer.dll”，
         			但它的名称“System.Resources.Writer”
         			与预期名称“System.Drawing.Common, Version=4.0.1.0, Culture=neutral, PublicKeyToken=cc7b13ffcd2ddd51”不匹配。
                 已考虑使用“publish-sc\System.Runtime.CompilerServices.Unsafe.dll”，
         			但它的名称“System.Runtime.CompilerServices.Unsafe”
         			与预期名称“System.Drawing.Common, Version=4.0.1.0, Culture=neutral, PublicKeyToken=cc7b13ffcd2ddd51”不匹配。
                 已考虑使用“publish-sc\System.Runtime.CompilerServices.VisualC.dll”，
         			但它的名称“System.Runtime.CompilerServices.VisualC”
         			与预期名称“System.Drawing.Common, Version=4.0.1.0, Culture=neutral, PublicKeyToken=cc7b13ffcd2ddd51”不匹配。
                 已考虑使用“publish-sc\System.Runtime.dll”，
         			但它的名称“System.Runtime”
         			与预期名称“System.Drawing.Common, Version=4.0.1.0, Culture=neutral, PublicKeyToken=cc7b13ffcd2ddd51”不匹配。
                 已考虑使用“publish-sc\System.Runtime.Extensions.dll”，
         			但它的名称“System.Runtime.Extensions”
         			与预期名称“System.Drawing.Common, Version=4.0.1.0, Culture=neutral, PublicKeyToken=cc7b13ffcd2ddd51”不匹配。
                 已考虑使用“publish-sc\System.Runtime.Handles.dll”，
         			但它的名称“System.Runtime.Handles”
         			与预期名称“System.Drawing.Common, Version=4.0.1.0, Culture=neutral, PublicKeyToken=cc7b13ffcd2ddd51”不匹配。
                 已考虑使用“publish-sc\System.Runtime.InteropServices.dll”，
         			但它的名称“System.Runtime.InteropServices”
         			与预期名称“System.Drawing.Common, Version=4.0.1.0, Culture=neutral, PublicKeyToken=cc7b13ffcd2ddd51”不匹配。
                 已考虑使用“publish-sc\System.Runtime.InteropServices.JavaScript.dll”，
         			但它的名称“System.Runtime.InteropServices.JavaScript”
         			与预期名称“System.Drawing.Common, Version=4.0.1.0, Culture=neutral, PublicKeyToken=cc7b13ffcd2ddd51”不匹配。
                 已考虑使用“publish-sc\System.Runtime.InteropServices.RuntimeInformation.dll”，
         			但它的名称“System.Runtime.InteropServices.RuntimeInformation”
         			与预期名称“System.Drawing.Common, Version=4.0.1.0, Culture=neutral, PublicKeyToken=cc7b13ffcd2ddd51”不匹配。
                 已考虑使用“publish-sc\System.Runtime.Intrinsics.dll”，
         			但它的名称“System.Runtime.Intrinsics”
         			与预期名称“System.Drawing.Common, Version=4.0.1.0, Culture=neutral, PublicKeyToken=cc7b13ffcd2ddd51”不匹配。
                 已考虑使用“publish-sc\System.Runtime.Loader.dll”，
         			但它的名称“System.Runtime.Loader”
         			与预期名称“System.Drawing.Common, Version=4.0.1.0, Culture=neutral, PublicKeyToken=cc7b13ffcd2ddd51”不匹配。
                 已考虑使用“publish-sc\System.Runtime.Numerics.dll”，
         			但它的名称“System.Runtime.Numerics”
         			与预期名称“System.Drawing.Common, Version=4.0.1.0, Culture=neutral, PublicKeyToken=cc7b13ffcd2ddd51”不匹配。
                 已考虑使用“publish-sc\System.Runtime.Serialization.dll”，
         			但它的名称“System.Runtime.Serialization”
         			与预期名称“System.Drawing.Common, Version=4.0.1.0, Culture=neutral, PublicKeyToken=cc7b13ffcd2ddd51”不匹配。
                 已考虑使用“publish-sc\System.Runtime.Serialization.Formatters.dll”，
         			但它的名称“System.Runtime.Serialization.Formatters”
         			与预期名称“System.Drawing.Common, Version=4.0.1.0, Culture=neutral, PublicKeyToken=cc7b13ffcd2ddd51”不匹配。
                 已考虑使用“publish-sc\System.Runtime.Serialization.Json.dll”，
         			但它的名称“System.Runtime.Serialization.Json”
         			与预期名称“System.Drawing.Common, Version=4.0.1.0, Culture=neutral, PublicKeyToken=cc7b13ffcd2ddd51”不匹配。
                 已考虑使用“publish-sc\System.Runtime.Serialization.Primitives.dll”，
         			但它的名称“System.Runtime.Serialization.Primitives”
         			与预期名称“System.Drawing.Common, Version=4.0.1.0, Culture=neutral, PublicKeyToken=cc7b13ffcd2ddd51”不匹配。
                 已考虑使用“publish-sc\System.Runtime.Serialization.Xml.dll”，
         			但它的名称“System.Runtime.Serialization.Xml”
         			与预期名称“System.Drawing.Common, Version=4.0.1.0, Culture=neutral, PublicKeyToken=cc7b13ffcd2ddd51”不匹配。
                 已考虑使用“publish-sc\System.Security.AccessControl.dll”，
         			但它的名称“System.Security.AccessControl”
         			与预期名称“System.Drawing.Common, Version=4.0.1.0, Culture=neutral, PublicKeyToken=cc7b13ffcd2ddd51”不匹配。
                 已考虑使用“publish-sc\System.Security.Claims.dll”，
         			但它的名称“System.Security.Claims”
         			与预期名称“System.Drawing.Common, Version=4.0.1.0, Culture=neutral, PublicKeyToken=cc7b13ffcd2ddd51”不匹配。
                 已考虑使用“publish-sc\System.Security.Cryptography.Algorithms.dll”，
         			但它的名称“System.Security.Cryptography.Algorithms”
         			与预期名称“System.Drawing.Common, Version=4.0.1.0, Culture=neutral, PublicKeyToken=cc7b13ffcd2ddd51”不匹配。
                 已考虑使用“publish-sc\System.Security.Cryptography.Cng.dll”，
         			但它的名称“System.Security.Cryptography.Cng”
         			与预期名称“System.Drawing.Common, Version=4.0.1.0, Culture=neutral, PublicKeyToken=cc7b13ffcd2ddd51”不匹配。
                 已考虑使用“publish-sc\System.Security.Cryptography.Csp.dll”，
         			但它的名称“System.Security.Cryptography.Csp”
         			与预期名称“System.Drawing.Common, Version=4.0.1.0, Culture=neutral, PublicKeyToken=cc7b13ffcd2ddd51”不匹配。
                 已考虑使用“publish-sc\System.Security.Cryptography.dll”，
         			但它的名称“System.Security.Cryptography”
         			与预期名称“System.Drawing.Common, Version=4.0.1.0, Culture=neutral, PublicKeyToken=cc7b13ffcd2ddd51”不匹配。
                 已考虑使用“publish-sc\System.Security.Cryptography.Encoding.dll”，
         			但它的名称“System.Security.Cryptography.Encoding”
         			与预期名称“System.Drawing.Common, Version=4.0.1.0, Culture=neutral, PublicKeyToken=cc7b13ffcd2ddd51”不匹配。
                 已考虑使用“publish-sc\System.Security.Cryptography.OpenSsl.dll”，
         			但它的名称“System.Security.Cryptography.OpenSsl”
         			与预期名称“System.Drawing.Common, Version=4.0.1.0, Culture=neutral, PublicKeyToken=cc7b13ffcd2ddd51”不匹配。
                 已考虑使用“publish-sc\System.Security.Cryptography.Pkcs.dll”，
         			但它的名称“System.Security.Cryptography.Pkcs”
         			与预期名称“System.Drawing.Common, Version=4.0.1.0, Culture=neutral, PublicKeyToken=cc7b13ffcd2ddd51”不匹配。
                 已考虑使用“publish-sc\System.Security.Cryptography.Primitives.dll”，
         			但它的名称“System.Security.Cryptography.Primitives”
         			与预期名称“System.Drawing.Common, Version=4.0.1.0, Culture=neutral, PublicKeyToken=cc7b13ffcd2ddd51”不匹配。
                 已考虑使用“publish-sc\System.Security.Cryptography.ProtectedData.dll”，
         			但它的名称“System.Security.Cryptography.ProtectedData”
         			与预期名称“System.Drawing.Common, Version=4.0.1.0, Culture=neutral, PublicKeyToken=cc7b13ffcd2ddd51”不匹配。
                 已考虑使用“publish-sc\System.Security.Cryptography.X509Certificates.dll”，
         			但它的名称“System.Security.Cryptography.X509Certificates”
         			与预期名称“System.Drawing.Common, Version=4.0.1.0, Culture=neutral, PublicKeyToken=cc7b13ffcd2ddd51”不匹配。
                 已考虑使用“publish-sc\System.Security.Cryptography.Xml.dll”，
         			但它的名称“System.Security.Cryptography.Xml”
         			与预期名称“System.Drawing.Common, Version=4.0.1.0, Culture=neutral, PublicKeyToken=cc7b13ffcd2ddd51”不匹配。
                 已考虑使用“publish-sc\System.Security.dll”，
         			但它的名称“System.Security”
         			与预期名称“System.Drawing.Common, Version=4.0.1.0, Culture=neutral, PublicKeyToken=cc7b13ffcd2ddd51”不匹配。
                 已考虑使用“publish-sc\System.Security.Permissions.dll”，
         			但它的名称“System.Security.Permissions”
         			与预期名称“System.Drawing.Common, Version=4.0.1.0, Culture=neutral, PublicKeyToken=cc7b13ffcd2ddd51”不匹配。
                 已考虑使用“publish-sc\System.Security.Principal.dll”，
         			但它的名称“System.Security.Principal”
         			与预期名称“System.Drawing.Common, Version=4.0.1.0, Culture=neutral, PublicKeyToken=cc7b13ffcd2ddd51”不匹配。
                 已考虑使用“publish-sc\System.Security.Principal.Windows.dll”，
         			但它的名称“System.Security.Principal.Windows”
         			与预期名称“System.Drawing.Common, Version=4.0.1.0, Culture=neutral, PublicKeyToken=cc7b13ffcd2ddd51”不匹配。
                 已考虑使用“publish-sc\System.Security.SecureString.dll”，
         			但它的名称“System.Security.SecureString”
         			与预期名称“System.Drawing.Common, Version=4.0.1.0, Culture=neutral, PublicKeyToken=cc7b13ffcd2ddd51”不匹配。
                 已考虑使用“publish-sc\System.ServiceModel.Web.dll”，
         			但它的名称“System.ServiceModel.Web”
         			与预期名称“System.Drawing.Common, Version=4.0.1.0, Culture=neutral, PublicKeyToken=cc7b13ffcd2ddd51”不匹配。
                 已考虑使用“publish-sc\System.ServiceProcess.dll”，
         			但它的名称“System.ServiceProcess”
         			与预期名称“System.Drawing.Common, Version=4.0.1.0, Culture=neutral, PublicKeyToken=cc7b13ffcd2ddd51”不匹配。
                 已考虑使用“publish-sc\System.Text.Encoding.CodePages.dll”，
         			但它的名称“System.Text.Encoding.CodePages”
         			与预期名称“System.Drawing.Common, Version=4.0.1.0, Culture=neutral, PublicKeyToken=cc7b13ffcd2ddd51”不匹配。
                 已考虑使用“publish-sc\System.Text.Encoding.dll”，
         			但它的名称“System.Text.Encoding”
         			与预期名称“System.Drawing.Common, Version=4.0.1.0, Culture=neutral, PublicKeyToken=cc7b13ffcd2ddd51”不匹配。
                 已考虑使用“publish-sc\System.Text.Encoding.Extensions.dll”，
         			但它的名称“System.Text.Encoding.Extensions”
         			与预期名称“System.Drawing.Common, Version=4.0.1.0, Culture=neutral, PublicKeyToken=cc7b13ffcd2ddd51”不匹配。
                 已考虑使用“publish-sc\System.Text.Encodings.Web.dll”，
         			但它的名称“System.Text.Encodings.Web”
         			与预期名称“System.Drawing.Common, Version=4.0.1.0, Culture=neutral, PublicKeyToken=cc7b13ffcd2ddd51”不匹配。
                 已考虑使用“publish-sc\System.Text.Json.dll”，
         			但它的名称“System.Text.Json”
         			与预期名称“System.Drawing.Common, Version=4.0.1.0, Culture=neutral, PublicKeyToken=cc7b13ffcd2ddd51”不匹配。
                 已考虑使用“publish-sc\System.Text.RegularExpressions.dll”，
         			但它的名称“System.Text.RegularExpressions”
         			与预期名称“System.Drawing.Common, Version=4.0.1.0, Culture=neutral, PublicKeyToken=cc7b13ffcd2ddd51”不匹配。
                 已考虑使用“publish-sc\System.Threading.AccessControl.dll”，
         			但它的名称“System.Threading.AccessControl”
         			与预期名称“System.Drawing.Common, Version=4.0.1.0, Culture=neutral, PublicKeyToken=cc7b13ffcd2ddd51”不匹配。
                 已考虑使用“publish-sc\System.Threading.Channels.dll”，
         			但它的名称“System.Threading.Channels”
         			与预期名称“System.Drawing.Common, Version=4.0.1.0, Culture=neutral, PublicKeyToken=cc7b13ffcd2ddd51”不匹配。
                 已考虑使用“publish-sc\System.Threading.dll”，
         			但它的名称“System.Threading”
         			与预期名称“System.Drawing.Common, Version=4.0.1.0, Culture=neutral, PublicKeyToken=cc7b13ffcd2ddd51”不匹配。
                 已考虑使用“publish-sc\System.Threading.Overlapped.dll”，
         			但它的名称“System.Threading.Overlapped”
         			与预期名称“System.Drawing.Common, Version=4.0.1.0, Culture=neutral, PublicKeyToken=cc7b13ffcd2ddd51”不匹配。
                 已考虑使用“publish-sc\System.Threading.Tasks.Dataflow.dll”，
         			但它的名称“System.Threading.Tasks.Dataflow”
         			与预期名称“System.Drawing.Common, Version=4.0.1.0, Culture=neutral, PublicKeyToken=cc7b13ffcd2ddd51”不匹配。
                 已考虑使用“publish-sc\System.Threading.Tasks.dll”，
         			但它的名称“System.Threading.Tasks”
         			与预期名称“System.Drawing.Common, Version=4.0.1.0, Culture=neutral, PublicKeyToken=cc7b13ffcd2ddd51”不匹配。
                 已考虑使用“publish-sc\System.Threading.Tasks.Extensions.dll”，
         			但它的名称“System.Threading.Tasks.Extensions”
         			与预期名称“System.Drawing.Common, Version=4.0.1.0, Culture=neutral, PublicKeyToken=cc7b13ffcd2ddd51”不匹配。
                 已考虑使用“publish-sc\System.Threading.Tasks.Parallel.dll”，
         			但它的名称“System.Threading.Tasks.Parallel”
         			与预期名称“System.Drawing.Common, Version=4.0.1.0, Culture=neutral, PublicKeyToken=cc7b13ffcd2ddd51”不匹配。
                 已考虑使用“publish-sc\System.Threading.Thread.dll”，
         			但它的名称“System.Threading.Thread”
         			与预期名称“System.Drawing.Common, Version=4.0.1.0, Culture=neutral, PublicKeyToken=cc7b13ffcd2ddd51”不匹配。
                 已考虑使用“publish-sc\System.Threading.ThreadPool.dll”，
         			但它的名称“System.Threading.ThreadPool”
         			与预期名称“System.Drawing.Common, Version=4.0.1.0, Culture=neutral, PublicKeyToken=cc7b13ffcd2ddd51”不匹配。
                 已考虑使用“publish-sc\System.Threading.Timer.dll”，
         			但它的名称“System.Threading.Timer”
         			与预期名称“System.Drawing.Common, Version=4.0.1.0, Culture=neutral, PublicKeyToken=cc7b13ffcd2ddd51”不匹配。
                 已考虑使用“publish-sc\System.Transactions.dll”，
         			但它的名称“System.Transactions”
         			与预期名称“System.Drawing.Common, Version=4.0.1.0, Culture=neutral, PublicKeyToken=cc7b13ffcd2ddd51”不匹配。
                 已考虑使用“publish-sc\System.Transactions.Local.dll”，
         			但它的名称“System.Transactions.Local”
         			与预期名称“System.Drawing.Common, Version=4.0.1.0, Culture=neutral, PublicKeyToken=cc7b13ffcd2ddd51”不匹配。
                 已考虑使用“publish-sc\System.ValueTuple.dll”，
         			但它的名称“System.ValueTuple”
         			与预期名称“System.Drawing.Common, Version=4.0.1.0, Culture=neutral, PublicKeyToken=cc7b13ffcd2ddd51”不匹配。
                 已考虑使用“publish-sc\System.Web.dll”，
         			但它的名称“System.Web”
         			与预期名称“System.Drawing.Common, Version=4.0.1.0, Culture=neutral, PublicKeyToken=cc7b13ffcd2ddd51”不匹配。
                 已考虑使用“publish-sc\System.Web.HttpUtility.dll”，
         			但它的名称“System.Web.HttpUtility”
         			与预期名称“System.Drawing.Common, Version=4.0.1.0, Culture=neutral, PublicKeyToken=cc7b13ffcd2ddd51”不匹配。
                 已考虑使用“publish-sc\System.Windows.Controls.Ribbon.dll”，
         			但它的名称“System.Windows.Controls.Ribbon”
         			与预期名称“System.Drawing.Common, Version=4.0.1.0, Culture=neutral, PublicKeyToken=cc7b13ffcd2ddd51”不匹配。
                 已考虑使用“publish-sc\System.Windows.dll”，
         			但它的名称“System.Windows”
         			与预期名称“System.Drawing.Common, Version=4.0.1.0, Culture=neutral, PublicKeyToken=cc7b13ffcd2ddd51”不匹配。
                 已考虑使用“publish-sc\System.Windows.Extensions.dll”，
         			但它的名称“System.Windows.Extensions”
         			与预期名称“System.Drawing.Common, Version=4.0.1.0, Culture=neutral, PublicKeyToken=cc7b13ffcd2ddd51”不匹配。
                 已考虑使用“publish-sc\System.Windows.Forms.Design.dll”，
         			但它的名称“System.Windows.Forms.Design”
         			与预期名称“System.Drawing.Common, Version=4.0.1.0, Culture=neutral, PublicKeyToken=cc7b13ffcd2ddd51”不匹配。
                 已考虑使用“publish-sc\System.Windows.Forms.Design.Editors.dll”，
         			但它的名称“System.Windows.Forms.Design.Editors”
         			与预期名称“System.Drawing.Common, Version=4.0.1.0, Culture=neutral, PublicKeyToken=cc7b13ffcd2ddd51”不匹配。
                 已考虑使用“publish-sc\System.Windows.Forms.dll”，
         			但它的名称“System.Windows.Forms”
         			与预期名称“System.Drawing.Common, Version=4.0.1.0, Culture=neutral, PublicKeyToken=cc7b13ffcd2ddd51”不匹配。
                 已考虑使用“publish-sc\System.Windows.Forms.Primitives.dll”，
         			但它的名称“System.Windows.Forms.Primitives”
         			与预期名称“System.Drawing.Common, Version=4.0.1.0, Culture=neutral, PublicKeyToken=cc7b13ffcd2ddd51”不匹配。
                 已考虑使用“publish-sc\System.Windows.Input.Manipulations.dll”，
         			但它的名称“System.Windows.Input.Manipulations”
         			与预期名称“System.Drawing.Common, Version=4.0.1.0, Culture=neutral, PublicKeyToken=cc7b13ffcd2ddd51”不匹配。
                 已考虑使用“publish-sc\System.Windows.Presentation.dll”，
         			但它的名称“System.Windows.Presentation”
         			与预期名称“System.Drawing.Common, Version=4.0.1.0, Culture=neutral, PublicKeyToken=cc7b13ffcd2ddd51”不匹配。
                 已考虑使用“publish-sc\System.Xaml.dll”，
         			但它的名称“System.Xaml”
         			与预期名称“System.Drawing.Common, Version=4.0.1.0, Culture=neutral, PublicKeyToken=cc7b13ffcd2ddd51”不匹配。
                 已考虑使用“publish-sc\System.Xml.dll”，
         			但它的名称“System.Xml”
         			与预期名称“System.Drawing.Common, Version=4.0.1.0, Culture=neutral, PublicKeyToken=cc7b13ffcd2ddd51”不匹配。
                 已考虑使用“publish-sc\System.Xml.Linq.dll”，
         			但它的名称“System.Xml.Linq”
         			与预期名称“System.Drawing.Common, Version=4.0.1.0, Culture=neutral, PublicKeyToken=cc7b13ffcd2ddd51”不匹配。
                 已考虑使用“publish-sc\System.Xml.ReaderWriter.dll”，
         			但它的名称“System.Xml.ReaderWriter”
         			与预期名称“System.Drawing.Common, Version=4.0.1.0, Culture=neutral, PublicKeyToken=cc7b13ffcd2ddd51”不匹配。
                 已考虑使用“publish-sc\System.Xml.Serialization.dll”，
         			但它的名称“System.Xml.Serialization”
         			与预期名称“System.Drawing.Common, Version=4.0.1.0, Culture=neutral, PublicKeyToken=cc7b13ffcd2ddd51”不匹配。
                 已考虑使用“publish-sc\System.Xml.XDocument.dll”，
         			但它的名称“System.Xml.XDocument”
         			与预期名称“System.Drawing.Common, Version=4.0.1.0, Culture=neutral, PublicKeyToken=cc7b13ffcd2ddd51”不匹配。
                 已考虑使用“publish-sc\System.Xml.XmlDocument.dll”，
         			但它的名称“System.Xml.XmlDocument”
         			与预期名称“System.Drawing.Common, Version=4.0.1.0, Culture=neutral, PublicKeyToken=cc7b13ffcd2ddd51”不匹配。
                 已考虑使用“publish-sc\System.Xml.XmlSerializer.dll”，
         			但它的名称“System.Xml.XmlSerializer”
         			与预期名称“System.Drawing.Common, Version=4.0.1.0, Culture=neutral, PublicKeyToken=cc7b13ffcd2ddd51”不匹配。
                 已考虑使用“publish-sc\System.Xml.XPath.dll”，
         			但它的名称“System.Xml.XPath”
         			与预期名称“System.Drawing.Common, Version=4.0.1.0, Culture=neutral, PublicKeyToken=cc7b13ffcd2ddd51”不匹配。
                 已考虑使用“publish-sc\System.Xml.XPath.XDocument.dll”，
         			但它的名称“System.Xml.XPath.XDocument”
         			与预期名称“System.Drawing.Common, Version=4.0.1.0, Culture=neutral, PublicKeyToken=cc7b13ffcd2ddd51”不匹配。
                 已考虑使用“publish-sc\tr\Microsoft.VisualBasic.Forms.resources.dll”，
         			但它的名称“Microsoft.VisualBasic.Forms.resources”
         			与预期名称“System.Drawing.Common, Version=4.0.1.0, Culture=neutral, PublicKeyToken=cc7b13ffcd2ddd51”不匹配。
                 已考虑使用“publish-sc\tr\PresentationCore.resources.dll”，
         			但它的名称“PresentationCore.resources”
         			与预期名称“System.Drawing.Common, Version=4.0.1.0, Culture=neutral, PublicKeyToken=cc7b13ffcd2ddd51”不匹配。
                 已考虑使用“publish-sc\tr\PresentationFramework.resources.dll”，
         			但它的名称“PresentationFramework.resources”
         			与预期名称“System.Drawing.Common, Version=4.0.1.0, Culture=neutral, PublicKeyToken=cc7b13ffcd2ddd51”不匹配。
                 已考虑使用“publish-sc\tr\PresentationUI.resources.dll”，
         			但它的名称“PresentationUI.resources”
         			与预期名称“System.Drawing.Common, Version=4.0.1.0, Culture=neutral, PublicKeyToken=cc7b13ffcd2ddd51”不匹配。
                 已考虑使用“publish-sc\tr\ReachFramework.resources.dll”，
         			但它的名称“ReachFramework.resources”
         			与预期名称“System.Drawing.Common, Version=4.0.1.0, Culture=neutral, PublicKeyToken=cc7b13ffcd2ddd51”不匹配。
                 已考虑使用“publish-sc\tr\System.Windows.Controls.Ribbon.resources.dll”，
         			但它的名称“System.Windows.Controls.Ribbon.resources”
         			与预期名称“System.Drawing.Common, Version=4.0.1.0, Culture=neutral, PublicKeyToken=cc7b13ffcd2ddd51”不匹配。
                 已考虑使用“publish-sc\tr\System.Windows.Forms.Design.resources.dll”，
         			但它的名称“System.Windows.Forms.Design.resources”
         			与预期名称“System.Drawing.Common, Version=4.0.1.0, Culture=neutral, PublicKeyToken=cc7b13ffcd2ddd51”不匹配。
                 已考虑使用“publish-sc\tr\System.Windows.Forms.Primitives.resources.dll”，
         			但它的名称“System.Windows.Forms.Primitives.resources”
         			与预期名称“System.Drawing.Common, Version=4.0.1.0, Culture=neutral, PublicKeyToken=cc7b13ffcd2ddd51”不匹配。
                 已考虑使用“publish-sc\tr\System.Windows.Forms.resources.dll”，
         			但它的名称“System.Windows.Forms.resources”
         			与预期名称“System.Drawing.Common, Version=4.0.1.0, Culture=neutral, PublicKeyToken=cc7b13ffcd2ddd51”不匹配。
                 已考虑使用“publish-sc\tr\System.Windows.Input.Manipulations.resources.dll”，
         			但它的名称“System.Windows.Input.Manipulations.resources”
         			与预期名称“System.Drawing.Common, Version=4.0.1.0, Culture=neutral, PublicKeyToken=cc7b13ffcd2ddd51”不匹配。
                 已考虑使用“publish-sc\tr\System.Xaml.resources.dll”，
         			但它的名称“System.Xaml.resources”
         			与预期名称“System.Drawing.Common, Version=4.0.1.0, Culture=neutral, PublicKeyToken=cc7b13ffcd2ddd51”不匹配。
                 已考虑使用“publish-sc\tr\UIAutomationClient.resources.dll”，
         			但它的名称“UIAutomationClient.resources”
         			与预期名称“System.Drawing.Common, Version=4.0.1.0, Culture=neutral, PublicKeyToken=cc7b13ffcd2ddd51”不匹配。
                 已考虑使用“publish-sc\tr\UIAutomationClientSideProviders.resources.dll”，
         			但它的名称“UIAutomationClientSideProviders.resources”
         			与预期名称“System.Drawing.Common, Version=4.0.1.0, Culture=neutral, PublicKeyToken=cc7b13ffcd2ddd51”不匹配。
                 已考虑使用“publish-sc\tr\UIAutomationProvider.resources.dll”，
         			但它的名称“UIAutomationProvider.resources”
         			与预期名称“System.Drawing.Common, Version=4.0.1.0, Culture=neutral, PublicKeyToken=cc7b13ffcd2ddd51”不匹配。
                 已考虑使用“publish-sc\tr\UIAutomationTypes.resources.dll”，
         			但它的名称“UIAutomationTypes.resources”
         			与预期名称“System.Drawing.Common, Version=4.0.1.0, Culture=neutral, PublicKeyToken=cc7b13ffcd2ddd51”不匹配。
                 已考虑使用“publish-sc\tr\WindowsBase.resources.dll”，
         			但它的名称“WindowsBase.resources”
         			与预期名称“System.Drawing.Common, Version=4.0.1.0, Culture=neutral, PublicKeyToken=cc7b13ffcd2ddd51”不匹配。
                 已考虑使用“publish-sc\tr\WindowsFormsIntegration.resources.dll”，
         			但它的名称“WindowsFormsIntegration.resources”
         			与预期名称“System.Drawing.Common, Version=4.0.1.0, Culture=neutral, PublicKeyToken=cc7b13ffcd2ddd51”不匹配。
                 已考虑使用“publish-sc\UIAutomationClient.dll”，
         			但它的名称“UIAutomationClient”
         			与预期名称“System.Drawing.Common, Version=4.0.1.0, Culture=neutral, PublicKeyToken=cc7b13ffcd2ddd51”不匹配。
                 已考虑使用“publish-sc\UIAutomationClientSideProviders.dll”，
         			但它的名称“UIAutomationClientSideProviders”
         			与预期名称“System.Drawing.Common, Version=4.0.1.0, Culture=neutral, PublicKeyToken=cc7b13ffcd2ddd51”不匹配。
                 已考虑使用“publish-sc\UIAutomationProvider.dll”，
         			但它的名称“UIAutomationProvider”
         			与预期名称“System.Drawing.Common, Version=4.0.1.0, Culture=neutral, PublicKeyToken=cc7b13ffcd2ddd51”不匹配。
                 已考虑使用“publish-sc\UIAutomationTypes.dll”，
         			但它的名称“UIAutomationTypes”
         			与预期名称“System.Drawing.Common, Version=4.0.1.0, Culture=neutral, PublicKeyToken=cc7b13ffcd2ddd51”不匹配。
                 已考虑使用“publish-sc\vcruntime140_cor3.dll”，
         			但它的名称“vcruntime140_cor3”
         			与预期名称“System.Drawing.Common, Version=4.0.1.0, Culture=neutral, PublicKeyToken=cc7b13ffcd2ddd51”不匹配。
                 已考虑使用“publish-sc\WebView2Loader.dll”，
         			但它的名称“WebView2Loader”
         			与预期名称“System.Drawing.Common, Version=4.0.1.0, Culture=neutral, PublicKeyToken=cc7b13ffcd2ddd51”不匹配。
                 已考虑使用“publish-sc\WebViewHub.dll”，
         			但它的名称“WebViewHub”
         			与预期名称“System.Drawing.Common, Version=4.0.1.0, Culture=neutral, PublicKeyToken=cc7b13ffcd2ddd51”不匹配。
                 已考虑使用“publish-sc\WebViewHub.exe”，
         			但它的名称“WebViewHub”
         			与预期名称“System.Drawing.Common, Version=4.0.1.0, Culture=neutral, PublicKeyToken=cc7b13ffcd2ddd51”不匹配。
                 已考虑使用“publish-sc\WindowsBase.dll”，
         			但它的名称“WindowsBase”
         			与预期名称“System.Drawing.Common, Version=4.0.1.0, Culture=neutral, PublicKeyToken=cc7b13ffcd2ddd51”不匹配。
                 已考虑使用“publish-sc\WindowsFormsIntegration.dll”，
         			但它的名称“WindowsFormsIntegration”
         			与预期名称“System.Drawing.Common, Version=4.0.1.0, Culture=neutral, PublicKeyToken=cc7b13ffcd2ddd51”不匹配。
                 已考虑使用“publish-sc\wpfgfx_cor3.dll”，
         			但它的名称“wpfgfx_cor3”
         			与预期名称“System.Drawing.Common, Version=4.0.1.0, Culture=neutral, PublicKeyToken=cc7b13ffcd2ddd51”不匹配。
                 已考虑使用“publish-sc\zh-Hans\Microsoft.VisualBasic.Forms.resources.dll”，
         			但它的名称“Microsoft.VisualBasic.Forms.resources”
         			与预期名称“System.Drawing.Common, Version=4.0.1.0, Culture=neutral, PublicKeyToken=cc7b13ffcd2ddd51”不匹配。
                 已考虑使用“publish-sc\zh-Hans\PresentationCore.resources.dll”，
         			但它的名称“PresentationCore.resources”
         			与预期名称“System.Drawing.Common, Version=4.0.1.0, Culture=neutral, PublicKeyToken=cc7b13ffcd2ddd51”不匹配。
                 已考虑使用“publish-sc\zh-Hans\PresentationFramework.resources.dll”，
         			但它的名称“PresentationFramework.resources”
         			与预期名称“System.Drawing.Common, Version=4.0.1.0, Culture=neutral, PublicKeyToken=cc7b13ffcd2ddd51”不匹配。
                 已考虑使用“publish-sc\zh-Hans\PresentationUI.resources.dll”，
         			但它的名称“PresentationUI.resources”
         			与预期名称“System.Drawing.Common, Version=4.0.1.0, Culture=neutral, PublicKeyToken=cc7b13ffcd2ddd51”不匹配。
                 已考虑使用“publish-sc\zh-Hans\ReachFramework.resources.dll”，
         			但它的名称“ReachFramework.resources”
         			与预期名称“System.Drawing.Common, Version=4.0.1.0, Culture=neutral, PublicKeyToken=cc7b13ffcd2ddd51”不匹配。
                 已考虑使用“publish-sc\zh-Hans\System.Windows.Controls.Ribbon.resources.dll”，
         			但它的名称“System.Windows.Controls.Ribbon.resources”
         			与预期名称“System.Drawing.Common, Version=4.0.1.0, Culture=neutral, PublicKeyToken=cc7b13ffcd2ddd51”不匹配。
                 已考虑使用“publish-sc\zh-Hans\System.Windows.Forms.Design.resources.dll”，
         			但它的名称“System.Windows.Forms.Design.resources”
         			与预期名称“System.Drawing.Common, Version=4.0.1.0, Culture=neutral, PublicKeyToken=cc7b13ffcd2ddd51”不匹配。
                 已考虑使用“publish-sc\zh-Hans\System.Windows.Forms.Primitives.resources.dll”，
         			但它的名称“System.Windows.Forms.Primitives.resources”
         			与预期名称“System.Drawing.Common, Version=4.0.1.0, Culture=neutral, PublicKeyToken=cc7b13ffcd2ddd51”不匹配。
                 已考虑使用“publish-sc\zh-Hans\System.Windows.Forms.resources.dll”，
         			但它的名称“System.Windows.Forms.resources”
         			与预期名称“System.Drawing.Common, Version=4.0.1.0, Culture=neutral, PublicKeyToken=cc7b13ffcd2ddd51”不匹配。
                 已考虑使用“publish-sc\zh-Hans\System.Windows.Input.Manipulations.resources.dll”，
         			但它的名称“System.Windows.Input.Manipulations.resources”
         			与预期名称“System.Drawing.Common, Version=4.0.1.0, Culture=neutral, PublicKeyToken=cc7b13ffcd2ddd51”不匹配。
                 已考虑使用“publish-sc\zh-Hans\System.Xaml.resources.dll”，
         			但它的名称“System.Xaml.resources”
         			与预期名称“System.Drawing.Common, Version=4.0.1.0, Culture=neutral, PublicKeyToken=cc7b13ffcd2ddd51”不匹配。
                 已考虑使用“publish-sc\zh-Hans\UIAutomationClient.resources.dll”，
         			但它的名称“UIAutomationClient.resources”
         			与预期名称“System.Drawing.Common, Version=4.0.1.0, Culture=neutral, PublicKeyToken=cc7b13ffcd2ddd51”不匹配。
                 已考虑使用“publish-sc\zh-Hans\UIAutomationClientSideProviders.resources.dll”，
         			但它的名称“UIAutomationClientSideProviders.resources”
         			与预期名称“System.Drawing.Common, Version=4.0.1.0, Culture=neutral, PublicKeyToken=cc7b13ffcd2ddd51”不匹配。
                 已考虑使用“publish-sc\zh-Hans\UIAutomationProvider.resources.dll”，
         			但它的名称“UIAutomationProvider.resources”
         			与预期名称“System.Drawing.Common, Version=4.0.1.0, Culture=neutral, PublicKeyToken=cc7b13ffcd2ddd51”不匹配。
                 已考虑使用“publish-sc\zh-Hans\UIAutomationTypes.resources.dll”，
         			但它的名称“UIAutomationTypes.resources”
         			与预期名称“System.Drawing.Common, Version=4.0.1.0, Culture=neutral, PublicKeyToken=cc7b13ffcd2ddd51”不匹配。
                 已考虑使用“publish-sc\zh-Hans\WindowsBase.resources.dll”，
         			但它的名称“WindowsBase.resources”
         			与预期名称“System.Drawing.Common, Version=4.0.1.0, Culture=neutral, PublicKeyToken=cc7b13ffcd2ddd51”不匹配。
                 已考虑使用“publish-sc\zh-Hans\WindowsFormsIntegration.resources.dll”，
         			但它的名称“WindowsFormsIntegration.resources”
         			与预期名称“System.Drawing.Common, Version=4.0.1.0, Culture=neutral, PublicKeyToken=cc7b13ffcd2ddd51”不匹配。
                 已考虑使用“publish-sc\zh-Hant\Microsoft.VisualBasic.Forms.resources.dll”，
         			但它的名称“Microsoft.VisualBasic.Forms.resources”
         			与预期名称“System.Drawing.Common, Version=4.0.1.0, Culture=neutral, PublicKeyToken=cc7b13ffcd2ddd51”不匹配。
                 已考虑使用“publish-sc\zh-Hant\PresentationCore.resources.dll”，
         			但它的名称“PresentationCore.resources”
         			与预期名称“System.Drawing.Common, Version=4.0.1.0, Culture=neutral, PublicKeyToken=cc7b13ffcd2ddd51”不匹配。
                 已考虑使用“publish-sc\zh-Hant\PresentationFramework.resources.dll”，
         			但它的名称“PresentationFramework.resources”
         			与预期名称“System.Drawing.Common, Version=4.0.1.0, Culture=neutral, PublicKeyToken=cc7b13ffcd2ddd51”不匹配。
                 已考虑使用“publish-sc\zh-Hant\PresentationUI.resources.dll”，
         			但它的名称“PresentationUI.resources”
         			与预期名称“System.Drawing.Common, Version=4.0.1.0, Culture=neutral, PublicKeyToken=cc7b13ffcd2ddd51”不匹配。
                 已考虑使用“publish-sc\zh-Hant\ReachFramework.resources.dll”，
         			但它的名称“ReachFramework.resources”
         			与预期名称“System.Drawing.Common, Version=4.0.1.0, Culture=neutral, PublicKeyToken=cc7b13ffcd2ddd51”不匹配。
                 已考虑使用“publish-sc\zh-Hant\System.Windows.Controls.Ribbon.resources.dll”，
         			但它的名称“System.Windows.Controls.Ribbon.resources”
         			与预期名称“System.Drawing.Common, Version=4.0.1.0, Culture=neutral, PublicKeyToken=cc7b13ffcd2ddd51”不匹配。
                 已考虑使用“publish-sc\zh-Hant\System.Windows.Forms.Design.resources.dll”，
         			但它的名称“System.Windows.Forms.Design.resources”
         			与预期名称“System.Drawing.Common, Version=4.0.1.0, Culture=neutral, PublicKeyToken=cc7b13ffcd2ddd51”不匹配。
                 已考虑使用“publish-sc\zh-Hant\System.Windows.Forms.Primitives.resources.dll”，
         			但它的名称“System.Windows.Forms.Primitives.resources”
         			与预期名称“System.Drawing.Common, Version=4.0.1.0, Culture=neutral, PublicKeyToken=cc7b13ffcd2ddd51”不匹配。
                 已考虑使用“publish-sc\zh-Hant\System.Windows.Forms.resources.dll”，
         			但它的名称“System.Windows.Forms.resources”
         			与预期名称“System.Drawing.Common, Version=4.0.1.0, Culture=neutral, PublicKeyToken=cc7b13ffcd2ddd51”不匹配。
                 已考虑使用“publish-sc\zh-Hant\System.Windows.Input.Manipulations.resources.dll”，
         			但它的名称“System.Windows.Input.Manipulations.resources”
         			与预期名称“System.Drawing.Common, Version=4.0.1.0, Culture=neutral, PublicKeyToken=cc7b13ffcd2ddd51”不匹配。
                 已考虑使用“publish-sc\zh-Hant\System.Xaml.resources.dll”，
         			但它的名称“System.Xaml.resources”
         			与预期名称“System.Drawing.Common, Version=4.0.1.0, Culture=neutral, PublicKeyToken=cc7b13ffcd2ddd51”不匹配。
                 已考虑使用“publish-sc\zh-Hant\UIAutomationClient.resources.dll”，
         			但它的名称“UIAutomationClient.resources”
         			与预期名称“System.Drawing.Common, Version=4.0.1.0, Culture=neutral, PublicKeyToken=cc7b13ffcd2ddd51”不匹配。
                 已考虑使用“publish-sc\zh-Hant\UIAutomationClientSideProviders.resources.dll”，
         			但它的名称“UIAutomationClientSideProviders.resources”
         			与预期名称“System.Drawing.Common, Version=4.0.1.0, Culture=neutral, PublicKeyToken=cc7b13ffcd2ddd51”不匹配。
                 已考虑使用“publish-sc\zh-Hant\UIAutomationProvider.resources.dll”，
         			但它的名称“UIAutomationProvider.resources”
         			与预期名称“System.Drawing.Common, Version=4.0.1.0, Culture=neutral, PublicKeyToken=cc7b13ffcd2ddd51”不匹配。
                 已考虑使用“publish-sc\zh-Hant\UIAutomationTypes.resources.dll”，
         			但它的名称“UIAutomationTypes.resources”
         			与预期名称“System.Drawing.Common, Version=4.0.1.0, Culture=neutral, PublicKeyToken=cc7b13ffcd2ddd51”不匹配。
                 已考虑使用“publish-sc\zh-Hant\WindowsBase.resources.dll”，
         			但它的名称“WindowsBase.resources”
         			与预期名称“System.Drawing.Common, Version=4.0.1.0, Culture=neutral, PublicKeyToken=cc7b13ffcd2ddd51”不匹配。
                 已考虑使用“publish-sc\zh-Hant\WindowsFormsIntegration.resources.dll”，
         			但它的名称“WindowsFormsIntegration.resources”
         			与预期名称“System.Drawing.Common, Version=4.0.1.0, Culture=neutral, PublicKeyToken=cc7b13ffcd2ddd51”不匹配。
                 已考虑使用“publish\CommunityToolkit.Mvvm.dll”，
         			但它的名称“CommunityToolkit.Mvvm”
         			与预期名称“System.Drawing.Common, Version=4.0.1.0, Culture=neutral, PublicKeyToken=cc7b13ffcd2ddd51”不匹配。
                 已考虑使用“publish\e_sqlite3.dll”，
         			但它的名称“e_sqlite3”
         			与预期名称“System.Drawing.Common, Version=4.0.1.0, Culture=neutral, PublicKeyToken=cc7b13ffcd2ddd51”不匹配。
                 已考虑使用“publish\Microsoft.Data.Sqlite.dll”，
         			但它的名称“Microsoft.Data.Sqlite”
         			与预期名称“System.Drawing.Common, Version=4.0.1.0, Culture=neutral, PublicKeyToken=cc7b13ffcd2ddd51”不匹配。
                 已考虑使用“publish\Microsoft.Web.WebView2.Core.dll”，
         			但它的名称“Microsoft.Web.WebView2.Core”
         			与预期名称“System.Drawing.Common, Version=4.0.1.0, Culture=neutral, PublicKeyToken=cc7b13ffcd2ddd51”不匹配。
                 已考虑使用“publish\Microsoft.Web.WebView2.WinForms.dll”，
         			但它的名称“Microsoft.Web.WebView2.WinForms”
         			与预期名称“System.Drawing.Common, Version=4.0.1.0, Culture=neutral, PublicKeyToken=cc7b13ffcd2ddd51”不匹配。
                 已考虑使用“publish\Microsoft.Web.WebView2.Wpf.dll”，
         			但它的名称“Microsoft.Web.WebView2.Wpf”
         			与预期名称“System.Drawing.Common, Version=4.0.1.0, Culture=neutral, PublicKeyToken=cc7b13ffcd2ddd51”不匹配。
                 已考虑使用“publish\runtimes\win-x64\native\WebView2Loader.dll”，
         			但它的名称“WebView2Loader”
         			与预期名称“System.Drawing.Common, Version=4.0.1.0, Culture=neutral, PublicKeyToken=cc7b13ffcd2ddd51”不匹配。
                 已考虑使用“publish\SQLitePCLRaw.batteries_v2.dll”，
         			但它的名称“SQLitePCLRaw.batteries_v2”
         			与预期名称“System.Drawing.Common, Version=4.0.1.0, Culture=neutral, PublicKeyToken=cc7b13ffcd2ddd51”不匹配。
                 已考虑使用“publish\SQLitePCLRaw.core.dll”，
         			但它的名称“SQLitePCLRaw.core”
         			与预期名称“System.Drawing.Common, Version=4.0.1.0, Culture=neutral, PublicKeyToken=cc7b13ffcd2ddd51”不匹配。
                 已考虑使用“publish\SQLitePCLRaw.provider.e_sqlite3.dll”，
         			但它的名称“SQLitePCLRaw.provider.e_sqlite3”
         			与预期名称“System.Drawing.Common, Version=4.0.1.0, Culture=neutral, PublicKeyToken=cc7b13ffcd2ddd51”不匹配。
                 已考虑使用“publish\System.IO.Pipelines.dll”，
         			但它的名称“System.IO.Pipelines”
         			与预期名称“System.Drawing.Common, Version=4.0.1.0, Culture=neutral, PublicKeyToken=cc7b13ffcd2ddd51”不匹配。
                 已考虑使用“publish\System.Text.Encodings.Web.dll”，
         			但它的名称“System.Text.Encodings.Web”
         			与预期名称“System.Drawing.Common, Version=4.0.1.0, Culture=neutral, PublicKeyToken=cc7b13ffcd2ddd51”不匹配。
                 已考虑使用“publish\System.Text.Json.dll”，
         			但它的名称“System.Text.Json”
         			与预期名称“System.Drawing.Common, Version=4.0.1.0, Culture=neutral, PublicKeyToken=cc7b13ffcd2ddd51”不匹配。
                 已考虑使用“publish\WebView2Loader.dll”，
         			但它的名称“WebView2Loader”
         			与预期名称“System.Drawing.Common, Version=4.0.1.0, Culture=neutral, PublicKeyToken=cc7b13ffcd2ddd51”不匹配。
                 已考虑使用“publish\WebViewHub.dll”，
         			但它的名称“WebViewHub”
         			与预期名称“System.Drawing.Common, Version=4.0.1.0, Culture=neutral, PublicKeyToken=cc7b13ffcd2ddd51”不匹配。
                 已考虑使用“publish\WebViewHub.exe”，
         			但它的名称“WebViewHub”
         			与预期名称“System.Drawing.Common, Version=4.0.1.0, Culture=neutral, PublicKeyToken=cc7b13ffcd2ddd51”不匹配。
             “C:\Users\Administrator\.nuget\packages\microsoft.web.webview2\1.0.2849.39\buildTransitive\..\\lib_manual\netcoreapp3.0\Microsoft.Web.WebView2.WinForms.dll”所必需的。
         依赖项“Microsoft.Windows.SDK.NET, Version=10.0.17763.24, Culture=neutral, PublicKeyToken=31bf3856ad364e35”。
             未能解析此引用。未能找到程序集“Microsoft.Windows.SDK.NET, Version=10.0.17763.24, Culture=neutral, PublicKeyToken=31bf3856ad364e35”。请检查磁盘上是否存在该程序集。 如果您的代码需要此引用，则可能出现编译错误。
                 对于 SearchPath“C:\Users\Administrator\.nuget\packages\microsoft.web.webview2\1.0.2849.39\lib_manual\net5.0-windows10.0.17763.0”(通过引用程序集“C:\Users\Administrator\.nuget\packages\microsoft.web.webview2\1.0.2849.39\lib_manual\net5.0-windows10.0.17763.0\Microsoft.Web.WebView2.Wpf.dll”添加)。
                 已考虑使用“C:\Users\Administrator\.nuget\packages\microsoft.web.webview2\1.0.2849.39\lib_manual\net5.0-windows10.0.17763.0\Microsoft.Windows.SDK.NET.winmd”，但它不存在。
                 已考虑使用“C:\Users\Administrator\.nuget\packages\microsoft.web.webview2\1.0.2849.39\lib_manual\net5.0-windows10.0.17763.0\Microsoft.Windows.SDK.NET.dll”，但它不存在。
                 已考虑使用“C:\Users\Administrator\.nuget\packages\microsoft.web.webview2\1.0.2849.39\lib_manual\net5.0-windows10.0.17763.0\Microsoft.Windows.SDK.NET.exe”，但它不存在。
                 用于 SearchPath“{CandidateAssemblyFiles}”。
                 已考虑使用“C:\Users\Administrator\.nuget\packages\microsoft.web.webview2\1.0.2849.39\build\\..\runtimes\win-x86\native\WebView2Loader.dll”，
         			但它的名称“WebView2Loader”
         			与预期名称“Microsoft.Windows.SDK.NET, Version=10.0.17763.24, Culture=neutral, PublicKeyToken=31bf3856ad364e35”不匹配。
                 已考虑使用“C:\Users\Administrator\.nuget\packages\microsoft.web.webview2\1.0.2849.39\build\\..\runtimes\win-x64\native\WebView2Loader.dll”，
         			但它的名称“WebView2Loader”
         			与预期名称“Microsoft.Windows.SDK.NET, Version=10.0.17763.24, Culture=neutral, PublicKeyToken=31bf3856ad364e35”不匹配。
                 已考虑使用“C:\Users\Administrator\.nuget\packages\microsoft.web.webview2\1.0.2849.39\build\\..\runtimes\win-arm64\native\WebView2Loader.dll”，
         			但它的名称“WebView2Loader”
         			与预期名称“Microsoft.Windows.SDK.NET, Version=10.0.17763.24, Culture=neutral, PublicKeyToken=31bf3856ad364e35”不匹配。
                 已考虑使用“installer\WebViewHub_Install_v1.0.0.exe”，
         			但它的名称“WebViewHub_Install_v1.0.0”
         			与预期名称“Microsoft.Windows.SDK.NET, Version=10.0.17763.24, Culture=neutral, PublicKeyToken=31bf3856ad364e35”不匹配。
                 已考虑使用“publish-clean\D3DCompiler_47_cor3.dll”，
         			但它的名称“D3DCompiler_47_cor3”
         			与预期名称“Microsoft.Windows.SDK.NET, Version=10.0.17763.24, Culture=neutral, PublicKeyToken=31bf3856ad364e35”不匹配。
                 已考虑使用“publish-clean\e_sqlite3.dll”，
         			但它的名称“e_sqlite3”
         			与预期名称“Microsoft.Windows.SDK.NET, Version=10.0.17763.24, Culture=neutral, PublicKeyToken=31bf3856ad364e35”不匹配。
                 已考虑使用“publish-clean\PenImc_cor3.dll”，
         			但它的名称“PenImc_cor3”
         			与预期名称“Microsoft.Windows.SDK.NET, Version=10.0.17763.24, Culture=neutral, PublicKeyToken=31bf3856ad364e35”不匹配。
                 已考虑使用“publish-clean\PresentationNative_cor3.dll”，
         			但它的名称“PresentationNative_cor3”
         			与预期名称“Microsoft.Windows.SDK.NET, Version=10.0.17763.24, Culture=neutral, PublicKeyToken=31bf3856ad364e35”不匹配。
                 已考虑使用“publish-clean\runtimes\win-x64\native\WebView2Loader.dll”，
         			但它的名称“WebView2Loader”
         			与预期名称“Microsoft.Windows.SDK.NET, Version=10.0.17763.24, Culture=neutral, PublicKeyToken=31bf3856ad364e35”不匹配。
                 已考虑使用“publish-clean\vcruntime140_cor3.dll”，
         			但它的名称“vcruntime140_cor3”
         			与预期名称“Microsoft.Windows.SDK.NET, Version=10.0.17763.24, Culture=neutral, PublicKeyToken=31bf3856ad364e35”不匹配。
                 已考虑使用“publish-clean\WebView2Loader.dll”，
         			但它的名称“WebView2Loader”
         			与预期名称“Microsoft.Windows.SDK.NET, Version=10.0.17763.24, Culture=neutral, PublicKeyToken=31bf3856ad364e35”不匹配。
                 已考虑使用“publish-clean\WebViewHub.exe”，
         			但它的名称“WebViewHub”
         			与预期名称“Microsoft.Windows.SDK.NET, Version=10.0.17763.24, Culture=neutral, PublicKeyToken=31bf3856ad364e35”不匹配。
                 已考虑使用“publish-clean\wpfgfx_cor3.dll”，
         			但它的名称“wpfgfx_cor3”
         			与预期名称“Microsoft.Windows.SDK.NET, Version=10.0.17763.24, Culture=neutral, PublicKeyToken=31bf3856ad364e35”不匹配。
                 已考虑使用“publish-sc\Accessibility.dll”，
         			但它的名称“Accessibility”
         			与预期名称“Microsoft.Windows.SDK.NET, Version=10.0.17763.24, Culture=neutral, PublicKeyToken=31bf3856ad364e35”不匹配。
                 已考虑使用“publish-sc\clretwrc.dll”，
         			但它的名称“clretwrc”
         			与预期名称“Microsoft.Windows.SDK.NET, Version=10.0.17763.24, Culture=neutral, PublicKeyToken=31bf3856ad364e35”不匹配。
                 已考虑使用“publish-sc\clrgc.dll”，
         			但它的名称“clrgc”
         			与预期名称“Microsoft.Windows.SDK.NET, Version=10.0.17763.24, Culture=neutral, PublicKeyToken=31bf3856ad364e35”不匹配。
                 已考虑使用“publish-sc\clrjit.dll”，
         			但它的名称“clrjit”
         			与预期名称“Microsoft.Windows.SDK.NET, Version=10.0.17763.24, Culture=neutral, PublicKeyToken=31bf3856ad364e35”不匹配。
                 已考虑使用“publish-sc\CommunityToolkit.Mvvm.dll”，
         			但它的名称“CommunityToolkit.Mvvm”
         			与预期名称“Microsoft.Windows.SDK.NET, Version=10.0.17763.24, Culture=neutral, PublicKeyToken=31bf3856ad364e35”不匹配。
                 已考虑使用“publish-sc\coreclr.dll”，
         			但它的名称“coreclr”
         			与预期名称“Microsoft.Windows.SDK.NET, Version=10.0.17763.24, Culture=neutral, PublicKeyToken=31bf3856ad364e35”不匹配。
                 已考虑使用“publish-sc\createdump.exe”，
         			但它的名称“createdump”
         			与预期名称“Microsoft.Windows.SDK.NET, Version=10.0.17763.24, Culture=neutral, PublicKeyToken=31bf3856ad364e35”不匹配。
                 已考虑使用“publish-sc\cs\Microsoft.VisualBasic.Forms.resources.dll”，
         			但它的名称“Microsoft.VisualBasic.Forms.resources”
         			与预期名称“Microsoft.Windows.SDK.NET, Version=10.0.17763.24, Culture=neutral, PublicKeyToken=31bf3856ad364e35”不匹配。
                 已考虑使用“publish-sc\cs\PresentationCore.resources.dll”，
         			但它的名称“PresentationCore.resources”
         			与预期名称“Microsoft.Windows.SDK.NET, Version=10.0.17763.24, Culture=neutral, PublicKeyToken=31bf3856ad364e35”不匹配。
                 已考虑使用“publish-sc\cs\PresentationFramework.resources.dll”，
         			但它的名称“PresentationFramework.resources”
         			与预期名称“Microsoft.Windows.SDK.NET, Version=10.0.17763.24, Culture=neutral, PublicKeyToken=31bf3856ad364e35”不匹配。
                 已考虑使用“publish-sc\cs\PresentationUI.resources.dll”，
         			但它的名称“PresentationUI.resources”
         			与预期名称“Microsoft.Windows.SDK.NET, Version=10.0.17763.24, Culture=neutral, PublicKeyToken=31bf3856ad364e35”不匹配。
                 已考虑使用“publish-sc\cs\ReachFramework.resources.dll”，
         			但它的名称“ReachFramework.resources”
         			与预期名称“Microsoft.Windows.SDK.NET, Version=10.0.17763.24, Culture=neutral, PublicKeyToken=31bf3856ad364e35”不匹配。
                 已考虑使用“publish-sc\cs\System.Windows.Controls.Ribbon.resources.dll”，
         			但它的名称“System.Windows.Controls.Ribbon.resources”
         			与预期名称“Microsoft.Windows.SDK.NET, Version=10.0.17763.24, Culture=neutral, PublicKeyToken=31bf3856ad364e35”不匹配。
                 已考虑使用“publish-sc\cs\System.Windows.Forms.Design.resources.dll”，
         			但它的名称“System.Windows.Forms.Design.resources”
         			与预期名称“Microsoft.Windows.SDK.NET, Version=10.0.17763.24, Culture=neutral, PublicKeyToken=31bf3856ad364e35”不匹配。
                 已考虑使用“publish-sc\cs\System.Windows.Forms.Primitives.resources.dll”，
         			但它的名称“System.Windows.Forms.Primitives.resources”
         			与预期名称“Microsoft.Windows.SDK.NET, Version=10.0.17763.24, Culture=neutral, PublicKeyToken=31bf3856ad364e35”不匹配。
                 已考虑使用“publish-sc\cs\System.Windows.Forms.resources.dll”，
         			但它的名称“System.Windows.Forms.resources”
         			与预期名称“Microsoft.Windows.SDK.NET, Version=10.0.17763.24, Culture=neutral, PublicKeyToken=31bf3856ad364e35”不匹配。
                 已考虑使用“publish-sc\cs\System.Windows.Input.Manipulations.resources.dll”，
         			但它的名称“System.Windows.Input.Manipulations.resources”
         			与预期名称“Microsoft.Windows.SDK.NET, Version=10.0.17763.24, Culture=neutral, PublicKeyToken=31bf3856ad364e35”不匹配。
                 已考虑使用“publish-sc\cs\System.Xaml.resources.dll”，
         			但它的名称“System.Xaml.resources”
         			与预期名称“Microsoft.Windows.SDK.NET, Version=10.0.17763.24, Culture=neutral, PublicKeyToken=31bf3856ad364e35”不匹配。
                 已考虑使用“publish-sc\cs\UIAutomationClient.resources.dll”，
         			但它的名称“UIAutomationClient.resources”
         			与预期名称“Microsoft.Windows.SDK.NET, Version=10.0.17763.24, Culture=neutral, PublicKeyToken=31bf3856ad364e35”不匹配。
                 已考虑使用“publish-sc\cs\UIAutomationClientSideProviders.resources.dll”，
         			但它的名称“UIAutomationClientSideProviders.resources”
         			与预期名称“Microsoft.Windows.SDK.NET, Version=10.0.17763.24, Culture=neutral, PublicKeyToken=31bf3856ad364e35”不匹配。
                 已考虑使用“publish-sc\cs\UIAutomationProvider.resources.dll”，
         			但它的名称“UIAutomationProvider.resources”
         			与预期名称“Microsoft.Windows.SDK.NET, Version=10.0.17763.24, Culture=neutral, PublicKeyToken=31bf3856ad364e35”不匹配。
                 已考虑使用“publish-sc\cs\UIAutomationTypes.resources.dll”，
         			但它的名称“UIAutomationTypes.resources”
         			与预期名称“Microsoft.Windows.SDK.NET, Version=10.0.17763.24, Culture=neutral, PublicKeyToken=31bf3856ad364e35”不匹配。
                 已考虑使用“publish-sc\cs\WindowsBase.resources.dll”，
         			但它的名称“WindowsBase.resources”
         			与预期名称“Microsoft.Windows.SDK.NET, Version=10.0.17763.24, Culture=neutral, PublicKeyToken=31bf3856ad364e35”不匹配。
                 已考虑使用“publish-sc\cs\WindowsFormsIntegration.resources.dll”，
         			但它的名称“WindowsFormsIntegration.resources”
         			与预期名称“Microsoft.Windows.SDK.NET, Version=10.0.17763.24, Culture=neutral, PublicKeyToken=31bf3856ad364e35”不匹配。
                 已考虑使用“publish-sc\D3DCompiler_47_cor3.dll”，
         			但它的名称“D3DCompiler_47_cor3”
         			与预期名称“Microsoft.Windows.SDK.NET, Version=10.0.17763.24, Culture=neutral, PublicKeyToken=31bf3856ad364e35”不匹配。
                 已考虑使用“publish-sc\de\Microsoft.VisualBasic.Forms.resources.dll”，
         			但它的名称“Microsoft.VisualBasic.Forms.resources”
         			与预期名称“Microsoft.Windows.SDK.NET, Version=10.0.17763.24, Culture=neutral, PublicKeyToken=31bf3856ad364e35”不匹配。
                 已考虑使用“publish-sc\de\PresentationCore.resources.dll”，
         			但它的名称“PresentationCore.resources”
         			与预期名称“Microsoft.Windows.SDK.NET, Version=10.0.17763.24, Culture=neutral, PublicKeyToken=31bf3856ad364e35”不匹配。
                 已考虑使用“publish-sc\de\PresentationFramework.resources.dll”，
         			但它的名称“PresentationFramework.resources”
         			与预期名称“Microsoft.Windows.SDK.NET, Version=10.0.17763.24, Culture=neutral, PublicKeyToken=31bf3856ad364e35”不匹配。
                 已考虑使用“publish-sc\de\PresentationUI.resources.dll”，
         			但它的名称“PresentationUI.resources”
         			与预期名称“Microsoft.Windows.SDK.NET, Version=10.0.17763.24, Culture=neutral, PublicKeyToken=31bf3856ad364e35”不匹配。
                 已考虑使用“publish-sc\de\ReachFramework.resources.dll”，
         			但它的名称“ReachFramework.resources”
         			与预期名称“Microsoft.Windows.SDK.NET, Version=10.0.17763.24, Culture=neutral, PublicKeyToken=31bf3856ad364e35”不匹配。
                 已考虑使用“publish-sc\de\System.Windows.Controls.Ribbon.resources.dll”，
         			但它的名称“System.Windows.Controls.Ribbon.resources”
         			与预期名称“Microsoft.Windows.SDK.NET, Version=10.0.17763.24, Culture=neutral, PublicKeyToken=31bf3856ad364e35”不匹配。
                 已考虑使用“publish-sc\de\System.Windows.Forms.Design.resources.dll”，
         			但它的名称“System.Windows.Forms.Design.resources”
         			与预期名称“Microsoft.Windows.SDK.NET, Version=10.0.17763.24, Culture=neutral, PublicKeyToken=31bf3856ad364e35”不匹配。
                 已考虑使用“publish-sc\de\System.Windows.Forms.Primitives.resources.dll”，
         			但它的名称“System.Windows.Forms.Primitives.resources”
         			与预期名称“Microsoft.Windows.SDK.NET, Version=10.0.17763.24, Culture=neutral, PublicKeyToken=31bf3856ad364e35”不匹配。
                 已考虑使用“publish-sc\de\System.Windows.Forms.resources.dll”，
         			但它的名称“System.Windows.Forms.resources”
         			与预期名称“Microsoft.Windows.SDK.NET, Version=10.0.17763.24, Culture=neutral, PublicKeyToken=31bf3856ad364e35”不匹配。
                 已考虑使用“publish-sc\de\System.Windows.Input.Manipulations.resources.dll”，
         			但它的名称“System.Windows.Input.Manipulations.resources”
         			与预期名称“Microsoft.Windows.SDK.NET, Version=10.0.17763.24, Culture=neutral, PublicKeyToken=31bf3856ad364e35”不匹配。
                 已考虑使用“publish-sc\de\System.Xaml.resources.dll”，
         			但它的名称“System.Xaml.resources”
         			与预期名称“Microsoft.Windows.SDK.NET, Version=10.0.17763.24, Culture=neutral, PublicKeyToken=31bf3856ad364e35”不匹配。
                 已考虑使用“publish-sc\de\UIAutomationClient.resources.dll”，
         			但它的名称“UIAutomationClient.resources”
         			与预期名称“Microsoft.Windows.SDK.NET, Version=10.0.17763.24, Culture=neutral, PublicKeyToken=31bf3856ad364e35”不匹配。
                 已考虑使用“publish-sc\de\UIAutomationClientSideProviders.resources.dll”，
         			但它的名称“UIAutomationClientSideProviders.resources”
         			与预期名称“Microsoft.Windows.SDK.NET, Version=10.0.17763.24, Culture=neutral, PublicKeyToken=31bf3856ad364e35”不匹配。
                 已考虑使用“publish-sc\de\UIAutomationProvider.resources.dll”，
         			但它的名称“UIAutomationProvider.resources”
         			与预期名称“Microsoft.Windows.SDK.NET, Version=10.0.17763.24, Culture=neutral, PublicKeyToken=31bf3856ad364e35”不匹配。
                 已考虑使用“publish-sc\de\UIAutomationTypes.resources.dll”，
         			但它的名称“UIAutomationTypes.resources”
         			与预期名称“Microsoft.Windows.SDK.NET, Version=10.0.17763.24, Culture=neutral, PublicKeyToken=31bf3856ad364e35”不匹配。
                 已考虑使用“publish-sc\de\WindowsBase.resources.dll”，
         			但它的名称“WindowsBase.resources”
         			与预期名称“Microsoft.Windows.SDK.NET, Version=10.0.17763.24, Culture=neutral, PublicKeyToken=31bf3856ad364e35”不匹配。
                 已考虑使用“publish-sc\de\WindowsFormsIntegration.resources.dll”，
         			但它的名称“WindowsFormsIntegration.resources”
         			与预期名称“Microsoft.Windows.SDK.NET, Version=10.0.17763.24, Culture=neutral, PublicKeyToken=31bf3856ad364e35”不匹配。
                 已考虑使用“publish-sc\DirectWriteForwarder.dll”，
         			但它的名称“DirectWriteForwarder”
         			与预期名称“Microsoft.Windows.SDK.NET, Version=10.0.17763.24, Culture=neutral, PublicKeyToken=31bf3856ad364e35”不匹配。
                 已考虑使用“publish-sc\es\Microsoft.VisualBasic.Forms.resources.dll”，
         			但它的名称“Microsoft.VisualBasic.Forms.resources”
         			与预期名称“Microsoft.Windows.SDK.NET, Version=10.0.17763.24, Culture=neutral, PublicKeyToken=31bf3856ad364e35”不匹配。
                 已考虑使用“publish-sc\es\PresentationCore.resources.dll”，
         			但它的名称“PresentationCore.resources”
         			与预期名称“Microsoft.Windows.SDK.NET, Version=10.0.17763.24, Culture=neutral, PublicKeyToken=31bf3856ad364e35”不匹配。
                 已考虑使用“publish-sc\es\PresentationFramework.resources.dll”，
         			但它的名称“PresentationFramework.resources”
         			与预期名称“Microsoft.Windows.SDK.NET, Version=10.0.17763.24, Culture=neutral, PublicKeyToken=31bf3856ad364e35”不匹配。
                 已考虑使用“publish-sc\es\PresentationUI.resources.dll”，
         			但它的名称“PresentationUI.resources”
         			与预期名称“Microsoft.Windows.SDK.NET, Version=10.0.17763.24, Culture=neutral, PublicKeyToken=31bf3856ad364e35”不匹配。
                 已考虑使用“publish-sc\es\ReachFramework.resources.dll”，
         			但它的名称“ReachFramework.resources”
         			与预期名称“Microsoft.Windows.SDK.NET, Version=10.0.17763.24, Culture=neutral, PublicKeyToken=31bf3856ad364e35”不匹配。
                 已考虑使用“publish-sc\es\System.Windows.Controls.Ribbon.resources.dll”，
         			但它的名称“System.Windows.Controls.Ribbon.resources”
         			与预期名称“Microsoft.Windows.SDK.NET, Version=10.0.17763.24, Culture=neutral, PublicKeyToken=31bf3856ad364e35”不匹配。
                 已考虑使用“publish-sc\es\System.Windows.Forms.Design.resources.dll”，
         			但它的名称“System.Windows.Forms.Design.resources”
         			与预期名称“Microsoft.Windows.SDK.NET, Version=10.0.17763.24, Culture=neutral, PublicKeyToken=31bf3856ad364e35”不匹配。
                 已考虑使用“publish-sc\es\System.Windows.Forms.Primitives.resources.dll”，
         			但它的名称“System.Windows.Forms.Primitives.resources”
         			与预期名称“Microsoft.Windows.SDK.NET, Version=10.0.17763.24, Culture=neutral, PublicKeyToken=31bf3856ad364e35”不匹配。
                 已考虑使用“publish-sc\es\System.Windows.Forms.resources.dll”，
         			但它的名称“System.Windows.Forms.resources”
         			与预期名称“Microsoft.Windows.SDK.NET, Version=10.0.17763.24, Culture=neutral, PublicKeyToken=31bf3856ad364e35”不匹配。
                 已考虑使用“publish-sc\es\System.Windows.Input.Manipulations.resources.dll”，
         			但它的名称“System.Windows.Input.Manipulations.resources”
         			与预期名称“Microsoft.Windows.SDK.NET, Version=10.0.17763.24, Culture=neutral, PublicKeyToken=31bf3856ad364e35”不匹配。
                 已考虑使用“publish-sc\es\System.Xaml.resources.dll”，
         			但它的名称“System.Xaml.resources”
         			与预期名称“Microsoft.Windows.SDK.NET, Version=10.0.17763.24, Culture=neutral, PublicKeyToken=31bf3856ad364e35”不匹配。
                 已考虑使用“publish-sc\es\UIAutomationClient.resources.dll”，
         			但它的名称“UIAutomationClient.resources”
         			与预期名称“Microsoft.Windows.SDK.NET, Version=10.0.17763.24, Culture=neutral, PublicKeyToken=31bf3856ad364e35”不匹配。
                 已考虑使用“publish-sc\es\UIAutomationClientSideProviders.resources.dll”，
         			但它的名称“UIAutomationClientSideProviders.resources”
         			与预期名称“Microsoft.Windows.SDK.NET, Version=10.0.17763.24, Culture=neutral, PublicKeyToken=31bf3856ad364e35”不匹配。
                 已考虑使用“publish-sc\es\UIAutomationProvider.resources.dll”，
         			但它的名称“UIAutomationProvider.resources”
         			与预期名称“Microsoft.Windows.SDK.NET, Version=10.0.17763.24, Culture=neutral, PublicKeyToken=31bf3856ad364e35”不匹配。
                 已考虑使用“publish-sc\es\UIAutomationTypes.resources.dll”，
         			但它的名称“UIAutomationTypes.resources”
         			与预期名称“Microsoft.Windows.SDK.NET, Version=10.0.17763.24, Culture=neutral, PublicKeyToken=31bf3856ad364e35”不匹配。
                 已考虑使用“publish-sc\es\WindowsBase.resources.dll”，
         			但它的名称“WindowsBase.resources”
         			与预期名称“Microsoft.Windows.SDK.NET, Version=10.0.17763.24, Culture=neutral, PublicKeyToken=31bf3856ad364e35”不匹配。
                 已考虑使用“publish-sc\es\WindowsFormsIntegration.resources.dll”，
         			但它的名称“WindowsFormsIntegration.resources”
         			与预期名称“Microsoft.Windows.SDK.NET, Version=10.0.17763.24, Culture=neutral, PublicKeyToken=31bf3856ad364e35”不匹配。
                 已考虑使用“publish-sc\e_sqlite3.dll”，
         			但它的名称“e_sqlite3”
         			与预期名称“Microsoft.Windows.SDK.NET, Version=10.0.17763.24, Culture=neutral, PublicKeyToken=31bf3856ad364e35”不匹配。
                 已考虑使用“publish-sc\fr\Microsoft.VisualBasic.Forms.resources.dll”，
         			但它的名称“Microsoft.VisualBasic.Forms.resources”
         			与预期名称“Microsoft.Windows.SDK.NET, Version=10.0.17763.24, Culture=neutral, PublicKeyToken=31bf3856ad364e35”不匹配。
                 已考虑使用“publish-sc\fr\PresentationCore.resources.dll”，
         			但它的名称“PresentationCore.resources”
         			与预期名称“Microsoft.Windows.SDK.NET, Version=10.0.17763.24, Culture=neutral, PublicKeyToken=31bf3856ad364e35”不匹配。
                 已考虑使用“publish-sc\fr\PresentationFramework.resources.dll”，
         			但它的名称“PresentationFramework.resources”
         			与预期名称“Microsoft.Windows.SDK.NET, Version=10.0.17763.24, Culture=neutral, PublicKeyToken=31bf3856ad364e35”不匹配。
                 已考虑使用“publish-sc\fr\PresentationUI.resources.dll”，
         			但它的名称“PresentationUI.resources”
         			与预期名称“Microsoft.Windows.SDK.NET, Version=10.0.17763.24, Culture=neutral, PublicKeyToken=31bf3856ad364e35”不匹配。
                 已考虑使用“publish-sc\fr\ReachFramework.resources.dll”，
         			但它的名称“ReachFramework.resources”
         			与预期名称“Microsoft.Windows.SDK.NET, Version=10.0.17763.24, Culture=neutral, PublicKeyToken=31bf3856ad364e35”不匹配。
                 已考虑使用“publish-sc\fr\System.Windows.Controls.Ribbon.resources.dll”，
         			但它的名称“System.Windows.Controls.Ribbon.resources”
         			与预期名称“Microsoft.Windows.SDK.NET, Version=10.0.17763.24, Culture=neutral, PublicKeyToken=31bf3856ad364e35”不匹配。
                 已考虑使用“publish-sc\fr\System.Windows.Forms.Design.resources.dll”，
         			但它的名称“System.Windows.Forms.Design.resources”
         			与预期名称“Microsoft.Windows.SDK.NET, Version=10.0.17763.24, Culture=neutral, PublicKeyToken=31bf3856ad364e35”不匹配。
                 已考虑使用“publish-sc\fr\System.Windows.Forms.Primitives.resources.dll”，
         			但它的名称“System.Windows.Forms.Primitives.resources”
         			与预期名称“Microsoft.Windows.SDK.NET, Version=10.0.17763.24, Culture=neutral, PublicKeyToken=31bf3856ad364e35”不匹配。
                 已考虑使用“publish-sc\fr\System.Windows.Forms.resources.dll”，
         			但它的名称“System.Windows.Forms.resources”
         			与预期名称“Microsoft.Windows.SDK.NET, Version=10.0.17763.24, Culture=neutral, PublicKeyToken=31bf3856ad364e35”不匹配。
                 已考虑使用“publish-sc\fr\System.Windows.Input.Manipulations.resources.dll”，
         			但它的名称“System.Windows.Input.Manipulations.resources”
         			与预期名称“Microsoft.Windows.SDK.NET, Version=10.0.17763.24, Culture=neutral, PublicKeyToken=31bf3856ad364e35”不匹配。
                 已考虑使用“publish-sc\fr\System.Xaml.resources.dll”，
         			但它的名称“System.Xaml.resources”
         			与预期名称“Microsoft.Windows.SDK.NET, Version=10.0.17763.24, Culture=neutral, PublicKeyToken=31bf3856ad364e35”不匹配。
                 已考虑使用“publish-sc\fr\UIAutomationClient.resources.dll”，
         			但它的名称“UIAutomationClient.resources”
         			与预期名称“Microsoft.Windows.SDK.NET, Version=10.0.17763.24, Culture=neutral, PublicKeyToken=31bf3856ad364e35”不匹配。
                 已考虑使用“publish-sc\fr\UIAutomationClientSideProviders.resources.dll”，
         			但它的名称“UIAutomationClientSideProviders.resources”
         			与预期名称“Microsoft.Windows.SDK.NET, Version=10.0.17763.24, Culture=neutral, PublicKeyToken=31bf3856ad364e35”不匹配。
                 已考虑使用“publish-sc\fr\UIAutomationProvider.resources.dll”，
         			但它的名称“UIAutomationProvider.resources”
         			与预期名称“Microsoft.Windows.SDK.NET, Version=10.0.17763.24, Culture=neutral, PublicKeyToken=31bf3856ad364e35”不匹配。
                 已考虑使用“publish-sc\fr\UIAutomationTypes.resources.dll”，
         			但它的名称“UIAutomationTypes.resources”
         			与预期名称“Microsoft.Windows.SDK.NET, Version=10.0.17763.24, Culture=neutral, PublicKeyToken=31bf3856ad364e35”不匹配。
                 已考虑使用“publish-sc\fr\WindowsBase.resources.dll”，
         			但它的名称“WindowsBase.resources”
         			与预期名称“Microsoft.Windows.SDK.NET, Version=10.0.17763.24, Culture=neutral, PublicKeyToken=31bf3856ad364e35”不匹配。
                 已考虑使用“publish-sc\fr\WindowsFormsIntegration.resources.dll”，
         			但它的名称“WindowsFormsIntegration.resources”
         			与预期名称“Microsoft.Windows.SDK.NET, Version=10.0.17763.24, Culture=neutral, PublicKeyToken=31bf3856ad364e35”不匹配。
                 已考虑使用“publish-sc\hostfxr.dll”，
         			但它的名称“hostfxr”
         			与预期名称“Microsoft.Windows.SDK.NET, Version=10.0.17763.24, Culture=neutral, PublicKeyToken=31bf3856ad364e35”不匹配。
                 已考虑使用“publish-sc\hostpolicy.dll”，
         			但它的名称“hostpolicy”
         			与预期名称“Microsoft.Windows.SDK.NET, Version=10.0.17763.24, Culture=neutral, PublicKeyToken=31bf3856ad364e35”不匹配。
                 已考虑使用“publish-sc\it\Microsoft.VisualBasic.Forms.resources.dll”，
         			但它的名称“Microsoft.VisualBasic.Forms.resources”
         			与预期名称“Microsoft.Windows.SDK.NET, Version=10.0.17763.24, Culture=neutral, PublicKeyToken=31bf3856ad364e35”不匹配。
                 已考虑使用“publish-sc\it\PresentationCore.resources.dll”，
         			但它的名称“PresentationCore.resources”
         			与预期名称“Microsoft.Windows.SDK.NET, Version=10.0.17763.24, Culture=neutral, PublicKeyToken=31bf3856ad364e35”不匹配。
                 已考虑使用“publish-sc\it\PresentationFramework.resources.dll”，
         			但它的名称“PresentationFramework.resources”
         			与预期名称“Microsoft.Windows.SDK.NET, Version=10.0.17763.24, Culture=neutral, PublicKeyToken=31bf3856ad364e35”不匹配。
                 已考虑使用“publish-sc\it\PresentationUI.resources.dll”，
         			但它的名称“PresentationUI.resources”
         			与预期名称“Microsoft.Windows.SDK.NET, Version=10.0.17763.24, Culture=neutral, PublicKeyToken=31bf3856ad364e35”不匹配。
                 已考虑使用“publish-sc\it\ReachFramework.resources.dll”，
         			但它的名称“ReachFramework.resources”
         			与预期名称“Microsoft.Windows.SDK.NET, Version=10.0.17763.24, Culture=neutral, PublicKeyToken=31bf3856ad364e35”不匹配。
                 已考虑使用“publish-sc\it\System.Windows.Controls.Ribbon.resources.dll”，
         			但它的名称“System.Windows.Controls.Ribbon.resources”
         			与预期名称“Microsoft.Windows.SDK.NET, Version=10.0.17763.24, Culture=neutral, PublicKeyToken=31bf3856ad364e35”不匹配。
                 已考虑使用“publish-sc\it\System.Windows.Forms.Design.resources.dll”，
         			但它的名称“System.Windows.Forms.Design.resources”
         			与预期名称“Microsoft.Windows.SDK.NET, Version=10.0.17763.24, Culture=neutral, PublicKeyToken=31bf3856ad364e35”不匹配。
                 已考虑使用“publish-sc\it\System.Windows.Forms.Primitives.resources.dll”，
         			但它的名称“System.Windows.Forms.Primitives.resources”
         			与预期名称“Microsoft.Windows.SDK.NET, Version=10.0.17763.24, Culture=neutral, PublicKeyToken=31bf3856ad364e35”不匹配。
                 已考虑使用“publish-sc\it\System.Windows.Forms.resources.dll”，
         			但它的名称“System.Windows.Forms.resources”
         			与预期名称“Microsoft.Windows.SDK.NET, Version=10.0.17763.24, Culture=neutral, PublicKeyToken=31bf3856ad364e35”不匹配。
                 已考虑使用“publish-sc\it\System.Windows.Input.Manipulations.resources.dll”，
         			但它的名称“System.Windows.Input.Manipulations.resources”
         			与预期名称“Microsoft.Windows.SDK.NET, Version=10.0.17763.24, Culture=neutral, PublicKeyToken=31bf3856ad364e35”不匹配。
                 已考虑使用“publish-sc\it\System.Xaml.resources.dll”，
         			但它的名称“System.Xaml.resources”
         			与预期名称“Microsoft.Windows.SDK.NET, Version=10.0.17763.24, Culture=neutral, PublicKeyToken=31bf3856ad364e35”不匹配。
                 已考虑使用“publish-sc\it\UIAutomationClient.resources.dll”，
         			但它的名称“UIAutomationClient.resources”
         			与预期名称“Microsoft.Windows.SDK.NET, Version=10.0.17763.24, Culture=neutral, PublicKeyToken=31bf3856ad364e35”不匹配。
                 已考虑使用“publish-sc\it\UIAutomationClientSideProviders.resources.dll”，
         			但它的名称“UIAutomationClientSideProviders.resources”
         			与预期名称“Microsoft.Windows.SDK.NET, Version=10.0.17763.24, Culture=neutral, PublicKeyToken=31bf3856ad364e35”不匹配。
                 已考虑使用“publish-sc\it\UIAutomationProvider.resources.dll”，
         			但它的名称“UIAutomationProvider.resources”
         			与预期名称“Microsoft.Windows.SDK.NET, Version=10.0.17763.24, Culture=neutral, PublicKeyToken=31bf3856ad364e35”不匹配。
                 已考虑使用“publish-sc\it\UIAutomationTypes.resources.dll”，
         			但它的名称“UIAutomationTypes.resources”
         			与预期名称“Microsoft.Windows.SDK.NET, Version=10.0.17763.24, Culture=neutral, PublicKeyToken=31bf3856ad364e35”不匹配。
                 已考虑使用“publish-sc\it\WindowsBase.resources.dll”，
         			但它的名称“WindowsBase.resources”
         			与预期名称“Microsoft.Windows.SDK.NET, Version=10.0.17763.24, Culture=neutral, PublicKeyToken=31bf3856ad364e35”不匹配。
                 已考虑使用“publish-sc\it\WindowsFormsIntegration.resources.dll”，
         			但它的名称“WindowsFormsIntegration.resources”
         			与预期名称“Microsoft.Windows.SDK.NET, Version=10.0.17763.24, Culture=neutral, PublicKeyToken=31bf3856ad364e35”不匹配。
                 已考虑使用“publish-sc\ja\Microsoft.VisualBasic.Forms.resources.dll”，
         			但它的名称“Microsoft.VisualBasic.Forms.resources”
         			与预期名称“Microsoft.Windows.SDK.NET, Version=10.0.17763.24, Culture=neutral, PublicKeyToken=31bf3856ad364e35”不匹配。
                 已考虑使用“publish-sc\ja\PresentationCore.resources.dll”，
         			但它的名称“PresentationCore.resources”
         			与预期名称“Microsoft.Windows.SDK.NET, Version=10.0.17763.24, Culture=neutral, PublicKeyToken=31bf3856ad364e35”不匹配。
                 已考虑使用“publish-sc\ja\PresentationFramework.resources.dll”，
         			但它的名称“PresentationFramework.resources”
         			与预期名称“Microsoft.Windows.SDK.NET, Version=10.0.17763.24, Culture=neutral, PublicKeyToken=31bf3856ad364e35”不匹配。
                 已考虑使用“publish-sc\ja\PresentationUI.resources.dll”，
         			但它的名称“PresentationUI.resources”
         			与预期名称“Microsoft.Windows.SDK.NET, Version=10.0.17763.24, Culture=neutral, PublicKeyToken=31bf3856ad364e35”不匹配。
                 已考虑使用“publish-sc\ja\ReachFramework.resources.dll”，
         			但它的名称“ReachFramework.resources”
         			与预期名称“Microsoft.Windows.SDK.NET, Version=10.0.17763.24, Culture=neutral, PublicKeyToken=31bf3856ad364e35”不匹配。
                 已考虑使用“publish-sc\ja\System.Windows.Controls.Ribbon.resources.dll”，
         			但它的名称“System.Windows.Controls.Ribbon.resources”
         			与预期名称“Microsoft.Windows.SDK.NET, Version=10.0.17763.24, Culture=neutral, PublicKeyToken=31bf3856ad364e35”不匹配。
                 已考虑使用“publish-sc\ja\System.Windows.Forms.Design.resources.dll”，
         			但它的名称“System.Windows.Forms.Design.resources”
         			与预期名称“Microsoft.Windows.SDK.NET, Version=10.0.17763.24, Culture=neutral, PublicKeyToken=31bf3856ad364e35”不匹配。
                 已考虑使用“publish-sc\ja\System.Windows.Forms.Primitives.resources.dll”，
         			但它的名称“System.Windows.Forms.Primitives.resources”
         			与预期名称“Microsoft.Windows.SDK.NET, Version=10.0.17763.24, Culture=neutral, PublicKeyToken=31bf3856ad364e35”不匹配。
                 已考虑使用“publish-sc\ja\System.Windows.Forms.resources.dll”，
         			但它的名称“System.Windows.Forms.resources”
         			与预期名称“Microsoft.Windows.SDK.NET, Version=10.0.17763.24, Culture=neutral, PublicKeyToken=31bf3856ad364e35”不匹配。
                 已考虑使用“publish-sc\ja\System.Windows.Input.Manipulations.resources.dll”，
         			但它的名称“System.Windows.Input.Manipulations.resources”
         			与预期名称“Microsoft.Windows.SDK.NET, Version=10.0.17763.24, Culture=neutral, PublicKeyToken=31bf3856ad364e35”不匹配。
                 已考虑使用“publish-sc\ja\System.Xaml.resources.dll”，
         			但它的名称“System.Xaml.resources”
         			与预期名称“Microsoft.Windows.SDK.NET, Version=10.0.17763.24, Culture=neutral, PublicKeyToken=31bf3856ad364e35”不匹配。
                 已考虑使用“publish-sc\ja\UIAutomationClient.resources.dll”，
         			但它的名称“UIAutomationClient.resources”
         			与预期名称“Microsoft.Windows.SDK.NET, Version=10.0.17763.24, Culture=neutral, PublicKeyToken=31bf3856ad364e35”不匹配。
                 已考虑使用“publish-sc\ja\UIAutomationClientSideProviders.resources.dll”，
         			但它的名称“UIAutomationClientSideProviders.resources”
         			与预期名称“Microsoft.Windows.SDK.NET, Version=10.0.17763.24, Culture=neutral, PublicKeyToken=31bf3856ad364e35”不匹配。
                 已考虑使用“publish-sc\ja\UIAutomationProvider.resources.dll”，
         			但它的名称“UIAutomationProvider.resources”
         			与预期名称“Microsoft.Windows.SDK.NET, Version=10.0.17763.24, Culture=neutral, PublicKeyToken=31bf3856ad364e35”不匹配。
                 已考虑使用“publish-sc\ja\UIAutomationTypes.resources.dll”，
         			但它的名称“UIAutomationTypes.resources”
         			与预期名称“Microsoft.Windows.SDK.NET, Version=10.0.17763.24, Culture=neutral, PublicKeyToken=31bf3856ad364e35”不匹配。
                 已考虑使用“publish-sc\ja\WindowsBase.resources.dll”，
         			但它的名称“WindowsBase.resources”
         			与预期名称“Microsoft.Windows.SDK.NET, Version=10.0.17763.24, Culture=neutral, PublicKeyToken=31bf3856ad364e35”不匹配。
                 已考虑使用“publish-sc\ja\WindowsFormsIntegration.resources.dll”，
         			但它的名称“WindowsFormsIntegration.resources”
         			与预期名称“Microsoft.Windows.SDK.NET, Version=10.0.17763.24, Culture=neutral, PublicKeyToken=31bf3856ad364e35”不匹配。
                 已考虑使用“publish-sc\ko\Microsoft.VisualBasic.Forms.resources.dll”，
         			但它的名称“Microsoft.VisualBasic.Forms.resources”
         			与预期名称“Microsoft.Windows.SDK.NET, Version=10.0.17763.24, Culture=neutral, PublicKeyToken=31bf3856ad364e35”不匹配。
                 已考虑使用“publish-sc\ko\PresentationCore.resources.dll”，
         			但它的名称“PresentationCore.resources”
         			与预期名称“Microsoft.Windows.SDK.NET, Version=10.0.17763.24, Culture=neutral, PublicKeyToken=31bf3856ad364e35”不匹配。
                 已考虑使用“publish-sc\ko\PresentationFramework.resources.dll”，
         			但它的名称“PresentationFramework.resources”
         			与预期名称“Microsoft.Windows.SDK.NET, Version=10.0.17763.24, Culture=neutral, PublicKeyToken=31bf3856ad364e35”不匹配。
                 已考虑使用“publish-sc\ko\PresentationUI.resources.dll”，
         			但它的名称“PresentationUI.resources”
         			与预期名称“Microsoft.Windows.SDK.NET, Version=10.0.17763.24, Culture=neutral, PublicKeyToken=31bf3856ad364e35”不匹配。
                 已考虑使用“publish-sc\ko\ReachFramework.resources.dll”，
         			但它的名称“ReachFramework.resources”
         			与预期名称“Microsoft.Windows.SDK.NET, Version=10.0.17763.24, Culture=neutral, PublicKeyToken=31bf3856ad364e35”不匹配。
                 已考虑使用“publish-sc\ko\System.Windows.Controls.Ribbon.resources.dll”，
         			但它的名称“System.Windows.Controls.Ribbon.resources”
         			与预期名称“Microsoft.Windows.SDK.NET, Version=10.0.17763.24, Culture=neutral, PublicKeyToken=31bf3856ad364e35”不匹配。
                 已考虑使用“publish-sc\ko\System.Windows.Forms.Design.resources.dll”，
         			但它的名称“System.Windows.Forms.Design.resources”
         			与预期名称“Microsoft.Windows.SDK.NET, Version=10.0.17763.24, Culture=neutral, PublicKeyToken=31bf3856ad364e35”不匹配。
                 已考虑使用“publish-sc\ko\System.Windows.Forms.Primitives.resources.dll”，
         			但它的名称“System.Windows.Forms.Primitives.resources”
         			与预期名称“Microsoft.Windows.SDK.NET, Version=10.0.17763.24, Culture=neutral, PublicKeyToken=31bf3856ad364e35”不匹配。
                 已考虑使用“publish-sc\ko\System.Windows.Forms.resources.dll”，
         			但它的名称“System.Windows.Forms.resources”
         			与预期名称“Microsoft.Windows.SDK.NET, Version=10.0.17763.24, Culture=neutral, PublicKeyToken=31bf3856ad364e35”不匹配。
                 已考虑使用“publish-sc\ko\System.Windows.Input.Manipulations.resources.dll”，
         			但它的名称“System.Windows.Input.Manipulations.resources”
         			与预期名称“Microsoft.Windows.SDK.NET, Version=10.0.17763.24, Culture=neutral, PublicKeyToken=31bf3856ad364e35”不匹配。
                 已考虑使用“publish-sc\ko\System.Xaml.resources.dll”，
         			但它的名称“System.Xaml.resources”
         			与预期名称“Microsoft.Windows.SDK.NET, Version=10.0.17763.24, Culture=neutral, PublicKeyToken=31bf3856ad364e35”不匹配。
                 已考虑使用“publish-sc\ko\UIAutomationClient.resources.dll”，
         			但它的名称“UIAutomationClient.resources”
         			与预期名称“Microsoft.Windows.SDK.NET, Version=10.0.17763.24, Culture=neutral, PublicKeyToken=31bf3856ad364e35”不匹配。
                 已考虑使用“publish-sc\ko\UIAutomationClientSideProviders.resources.dll”，
         			但它的名称“UIAutomationClientSideProviders.resources”
         			与预期名称“Microsoft.Windows.SDK.NET, Version=10.0.17763.24, Culture=neutral, PublicKeyToken=31bf3856ad364e35”不匹配。
                 已考虑使用“publish-sc\ko\UIAutomationProvider.resources.dll”，
         			但它的名称“UIAutomationProvider.resources”
         			与预期名称“Microsoft.Windows.SDK.NET, Version=10.0.17763.24, Culture=neutral, PublicKeyToken=31bf3856ad364e35”不匹配。
                 已考虑使用“publish-sc\ko\UIAutomationTypes.resources.dll”，
         			但它的名称“UIAutomationTypes.resources”
         			与预期名称“Microsoft.Windows.SDK.NET, Version=10.0.17763.24, Culture=neutral, PublicKeyToken=31bf3856ad364e35”不匹配。
                 已考虑使用“publish-sc\ko\WindowsBase.resources.dll”，
         			但它的名称“WindowsBase.resources”
         			与预期名称“Microsoft.Windows.SDK.NET, Version=10.0.17763.24, Culture=neutral, PublicKeyToken=31bf3856ad364e35”不匹配。
                 已考虑使用“publish-sc\ko\WindowsFormsIntegration.resources.dll”，
         			但它的名称“WindowsFormsIntegration.resources”
         			与预期名称“Microsoft.Windows.SDK.NET, Version=10.0.17763.24, Culture=neutral, PublicKeyToken=31bf3856ad364e35”不匹配。
                 已考虑使用“publish-sc\Microsoft.CSharp.dll”，
         			但它的名称“Microsoft.CSharp”
         			与预期名称“Microsoft.Windows.SDK.NET, Version=10.0.17763.24, Culture=neutral, PublicKeyToken=31bf3856ad364e35”不匹配。
                 已考虑使用“publish-sc\Microsoft.Data.Sqlite.dll”，
         			但它的名称“Microsoft.Data.Sqlite”
         			与预期名称“Microsoft.Windows.SDK.NET, Version=10.0.17763.24, Culture=neutral, PublicKeyToken=31bf3856ad364e35”不匹配。
                 已考虑使用“publish-sc\Microsoft.DiaSymReader.Native.amd64.dll”，
         			但它的名称“Microsoft.DiaSymReader.Native.amd64”
         			与预期名称“Microsoft.Windows.SDK.NET, Version=10.0.17763.24, Culture=neutral, PublicKeyToken=31bf3856ad364e35”不匹配。
                 已考虑使用“publish-sc\Microsoft.VisualBasic.Core.dll”，
         			但它的名称“Microsoft.VisualBasic.Core”
         			与预期名称“Microsoft.Windows.SDK.NET, Version=10.0.17763.24, Culture=neutral, PublicKeyToken=31bf3856ad364e35”不匹配。
                 已考虑使用“publish-sc\Microsoft.VisualBasic.dll”，
         			但它的名称“Microsoft.VisualBasic”
         			与预期名称“Microsoft.Windows.SDK.NET, Version=10.0.17763.24, Culture=neutral, PublicKeyToken=31bf3856ad364e35”不匹配。
                 已考虑使用“publish-sc\Microsoft.VisualBasic.Forms.dll”，
         			但它的名称“Microsoft.VisualBasic.Forms”
         			与预期名称“Microsoft.Windows.SDK.NET, Version=10.0.17763.24, Culture=neutral, PublicKeyToken=31bf3856ad364e35”不匹配。
                 已考虑使用“publish-sc\Microsoft.Web.WebView2.Core.dll”，
         			但它的名称“Microsoft.Web.WebView2.Core”
         			与预期名称“Microsoft.Windows.SDK.NET, Version=10.0.17763.24, Culture=neutral, PublicKeyToken=31bf3856ad364e35”不匹配。
                 已考虑使用“publish-sc\Microsoft.Web.WebView2.WinForms.dll”，
         			但它的名称“Microsoft.Web.WebView2.WinForms”
         			与预期名称“Microsoft.Windows.SDK.NET, Version=10.0.17763.24, Culture=neutral, PublicKeyToken=31bf3856ad364e35”不匹配。
                 已考虑使用“publish-sc\Microsoft.Web.WebView2.Wpf.dll”，
         			但它的名称“Microsoft.Web.WebView2.Wpf”
         			与预期名称“Microsoft.Windows.SDK.NET, Version=10.0.17763.24, Culture=neutral, PublicKeyToken=31bf3856ad364e35”不匹配。
                 已考虑使用“publish-sc\Microsoft.Win32.Primitives.dll”，
         			但它的名称“Microsoft.Win32.Primitives”
         			与预期名称“Microsoft.Windows.SDK.NET, Version=10.0.17763.24, Culture=neutral, PublicKeyToken=31bf3856ad364e35”不匹配。
                 已考虑使用“publish-sc\Microsoft.Win32.Registry.AccessControl.dll”，
         			但它的名称“Microsoft.Win32.Registry.AccessControl”
         			与预期名称“Microsoft.Windows.SDK.NET, Version=10.0.17763.24, Culture=neutral, PublicKeyToken=31bf3856ad364e35”不匹配。
                 已考虑使用“publish-sc\Microsoft.Win32.Registry.dll”，
         			但它的名称“Microsoft.Win32.Registry”
         			与预期名称“Microsoft.Windows.SDK.NET, Version=10.0.17763.24, Culture=neutral, PublicKeyToken=31bf3856ad364e35”不匹配。
                 已考虑使用“publish-sc\Microsoft.Win32.SystemEvents.dll”，
         			但它的名称“Microsoft.Win32.SystemEvents”
         			与预期名称“Microsoft.Windows.SDK.NET, Version=10.0.17763.24, Culture=neutral, PublicKeyToken=31bf3856ad364e35”不匹配。
                 已考虑使用“publish-sc\mscordaccore.dll”，
         			但它的名称“mscordaccore”
         			与预期名称“Microsoft.Windows.SDK.NET, Version=10.0.17763.24, Culture=neutral, PublicKeyToken=31bf3856ad364e35”不匹配。
                 已考虑使用“publish-sc\mscordaccore_amd64_amd64_8.0.2426.7010.dll”，
         			但它的名称“mscordaccore_amd64_amd64_8.0.2426.7010”
         			与预期名称“Microsoft.Windows.SDK.NET, Version=10.0.17763.24, Culture=neutral, PublicKeyToken=31bf3856ad364e35”不匹配。
                 已考虑使用“publish-sc\mscordbi.dll”，
         			但它的名称“mscordbi”
         			与预期名称“Microsoft.Windows.SDK.NET, Version=10.0.17763.24, Culture=neutral, PublicKeyToken=31bf3856ad364e35”不匹配。
                 已考虑使用“publish-sc\mscorlib.dll”，
         			但它的名称“mscorlib”
         			与预期名称“Microsoft.Windows.SDK.NET, Version=10.0.17763.24, Culture=neutral, PublicKeyToken=31bf3856ad364e35”不匹配。
                 已考虑使用“publish-sc\mscorrc.dll”，
         			但它的名称“mscorrc”
         			与预期名称“Microsoft.Windows.SDK.NET, Version=10.0.17763.24, Culture=neutral, PublicKeyToken=31bf3856ad364e35”不匹配。
                 已考虑使用“publish-sc\msquic.dll”，
         			但它的名称“msquic”
         			与预期名称“Microsoft.Windows.SDK.NET, Version=10.0.17763.24, Culture=neutral, PublicKeyToken=31bf3856ad364e35”不匹配。
                 已考虑使用“publish-sc\netstandard.dll”，
         			但它的名称“netstandard”
         			与预期名称“Microsoft.Windows.SDK.NET, Version=10.0.17763.24, Culture=neutral, PublicKeyToken=31bf3856ad364e35”不匹配。
                 已考虑使用“publish-sc\PenImc_cor3.dll”，
         			但它的名称“PenImc_cor3”
         			与预期名称“Microsoft.Windows.SDK.NET, Version=10.0.17763.24, Culture=neutral, PublicKeyToken=31bf3856ad364e35”不匹配。
                 已考虑使用“publish-sc\pl\Microsoft.VisualBasic.Forms.resources.dll”，
         			但它的名称“Microsoft.VisualBasic.Forms.resources”
         			与预期名称“Microsoft.Windows.SDK.NET, Version=10.0.17763.24, Culture=neutral, PublicKeyToken=31bf3856ad364e35”不匹配。
                 已考虑使用“publish-sc\pl\PresentationCore.resources.dll”，
         			但它的名称“PresentationCore.resources”
         			与预期名称“Microsoft.Windows.SDK.NET, Version=10.0.17763.24, Culture=neutral, PublicKeyToken=31bf3856ad364e35”不匹配。
                 已考虑使用“publish-sc\pl\PresentationFramework.resources.dll”，
         			但它的名称“PresentationFramework.resources”
         			与预期名称“Microsoft.Windows.SDK.NET, Version=10.0.17763.24, Culture=neutral, PublicKeyToken=31bf3856ad364e35”不匹配。
                 已考虑使用“publish-sc\pl\PresentationUI.resources.dll”，
         			但它的名称“PresentationUI.resources”
         			与预期名称“Microsoft.Windows.SDK.NET, Version=10.0.17763.24, Culture=neutral, PublicKeyToken=31bf3856ad364e35”不匹配。
                 已考虑使用“publish-sc\pl\ReachFramework.resources.dll”，
         			但它的名称“ReachFramework.resources”
         			与预期名称“Microsoft.Windows.SDK.NET, Version=10.0.17763.24, Culture=neutral, PublicKeyToken=31bf3856ad364e35”不匹配。
                 已考虑使用“publish-sc\pl\System.Windows.Controls.Ribbon.resources.dll”，
         			但它的名称“System.Windows.Controls.Ribbon.resources”
         			与预期名称“Microsoft.Windows.SDK.NET, Version=10.0.17763.24, Culture=neutral, PublicKeyToken=31bf3856ad364e35”不匹配。
                 已考虑使用“publish-sc\pl\System.Windows.Forms.Design.resources.dll”，
         			但它的名称“System.Windows.Forms.Design.resources”
         			与预期名称“Microsoft.Windows.SDK.NET, Version=10.0.17763.24, Culture=neutral, PublicKeyToken=31bf3856ad364e35”不匹配。
                 已考虑使用“publish-sc\pl\System.Windows.Forms.Primitives.resources.dll”，
         			但它的名称“System.Windows.Forms.Primitives.resources”
         			与预期名称“Microsoft.Windows.SDK.NET, Version=10.0.17763.24, Culture=neutral, PublicKeyToken=31bf3856ad364e35”不匹配。
                 已考虑使用“publish-sc\pl\System.Windows.Forms.resources.dll”，
         			但它的名称“System.Windows.Forms.resources”
         			与预期名称“Microsoft.Windows.SDK.NET, Version=10.0.17763.24, Culture=neutral, PublicKeyToken=31bf3856ad364e35”不匹配。
                 已考虑使用“publish-sc\pl\System.Windows.Input.Manipulations.resources.dll”，
         			但它的名称“System.Windows.Input.Manipulations.resources”
         			与预期名称“Microsoft.Windows.SDK.NET, Version=10.0.17763.24, Culture=neutral, PublicKeyToken=31bf3856ad364e35”不匹配。
                 已考虑使用“publish-sc\pl\System.Xaml.resources.dll”，
         			但它的名称“System.Xaml.resources”
         			与预期名称“Microsoft.Windows.SDK.NET, Version=10.0.17763.24, Culture=neutral, PublicKeyToken=31bf3856ad364e35”不匹配。
                 已考虑使用“publish-sc\pl\UIAutomationClient.resources.dll”，
         			但它的名称“UIAutomationClient.resources”
         			与预期名称“Microsoft.Windows.SDK.NET, Version=10.0.17763.24, Culture=neutral, PublicKeyToken=31bf3856ad364e35”不匹配。
                 已考虑使用“publish-sc\pl\UIAutomationClientSideProviders.resources.dll”，
         			但它的名称“UIAutomationClientSideProviders.resources”
         			与预期名称“Microsoft.Windows.SDK.NET, Version=10.0.17763.24, Culture=neutral, PublicKeyToken=31bf3856ad364e35”不匹配。
                 已考虑使用“publish-sc\pl\UIAutomationProvider.resources.dll”，
         			但它的名称“UIAutomationProvider.resources”
         			与预期名称“Microsoft.Windows.SDK.NET, Version=10.0.17763.24, Culture=neutral, PublicKeyToken=31bf3856ad364e35”不匹配。
                 已考虑使用“publish-sc\pl\UIAutomationTypes.resources.dll”，
         			但它的名称“UIAutomationTypes.resources”
         			与预期名称“Microsoft.Windows.SDK.NET, Version=10.0.17763.24, Culture=neutral, PublicKeyToken=31bf3856ad364e35”不匹配。
                 已考虑使用“publish-sc\pl\WindowsBase.resources.dll”，
         			但它的名称“WindowsBase.resources”
         			与预期名称“Microsoft.Windows.SDK.NET, Version=10.0.17763.24, Culture=neutral, PublicKeyToken=31bf3856ad364e35”不匹配。
                 已考虑使用“publish-sc\pl\WindowsFormsIntegration.resources.dll”，
         			但它的名称“WindowsFormsIntegration.resources”
         			与预期名称“Microsoft.Windows.SDK.NET, Version=10.0.17763.24, Culture=neutral, PublicKeyToken=31bf3856ad364e35”不匹配。
                 已考虑使用“publish-sc\PresentationCore.dll”，
         			但它的名称“PresentationCore”
         			与预期名称“Microsoft.Windows.SDK.NET, Version=10.0.17763.24, Culture=neutral, PublicKeyToken=31bf3856ad364e35”不匹配。
                 已考虑使用“publish-sc\PresentationFramework-SystemCore.dll”，
         			但它的名称“PresentationFramework-SystemCore”
         			与预期名称“Microsoft.Windows.SDK.NET, Version=10.0.17763.24, Culture=neutral, PublicKeyToken=31bf3856ad364e35”不匹配。
                 已考虑使用“publish-sc\PresentationFramework-SystemData.dll”，
         			但它的名称“PresentationFramework-SystemData”
         			与预期名称“Microsoft.Windows.SDK.NET, Version=10.0.17763.24, Culture=neutral, PublicKeyToken=31bf3856ad364e35”不匹配。
                 已考虑使用“publish-sc\PresentationFramework-SystemDrawing.dll”，
         			但它的名称“PresentationFramework-SystemDrawing”
         			与预期名称“Microsoft.Windows.SDK.NET, Version=10.0.17763.24, Culture=neutral, PublicKeyToken=31bf3856ad364e35”不匹配。
                 已考虑使用“publish-sc\PresentationFramework-SystemXml.dll”，
         			但它的名称“PresentationFramework-SystemXml”
         			与预期名称“Microsoft.Windows.SDK.NET, Version=10.0.17763.24, Culture=neutral, PublicKeyToken=31bf3856ad364e35”不匹配。
                 已考虑使用“publish-sc\PresentationFramework-SystemXmlLinq.dll”，
         			但它的名称“PresentationFramework-SystemXmlLinq”
         			与预期名称“Microsoft.Windows.SDK.NET, Version=10.0.17763.24, Culture=neutral, PublicKeyToken=31bf3856ad364e35”不匹配。
                 已考虑使用“publish-sc\PresentationFramework.Aero.dll”，
         			但它的名称“PresentationFramework.Aero”
         			与预期名称“Microsoft.Windows.SDK.NET, Version=10.0.17763.24, Culture=neutral, PublicKeyToken=31bf3856ad364e35”不匹配。
                 已考虑使用“publish-sc\PresentationFramework.Aero2.dll”，
         			但它的名称“PresentationFramework.Aero2”
         			与预期名称“Microsoft.Windows.SDK.NET, Version=10.0.17763.24, Culture=neutral, PublicKeyToken=31bf3856ad364e35”不匹配。
                 已考虑使用“publish-sc\PresentationFramework.AeroLite.dll”，
         			但它的名称“PresentationFramework.AeroLite”
         			与预期名称“Microsoft.Windows.SDK.NET, Version=10.0.17763.24, Culture=neutral, PublicKeyToken=31bf3856ad364e35”不匹配。
                 已考虑使用“publish-sc\PresentationFramework.Classic.dll”，
         			但它的名称“PresentationFramework.Classic”
         			与预期名称“Microsoft.Windows.SDK.NET, Version=10.0.17763.24, Culture=neutral, PublicKeyToken=31bf3856ad364e35”不匹配。
                 已考虑使用“publish-sc\PresentationFramework.dll”，
         			但它的名称“PresentationFramework”
         			与预期名称“Microsoft.Windows.SDK.NET, Version=10.0.17763.24, Culture=neutral, PublicKeyToken=31bf3856ad364e35”不匹配。
                 已考虑使用“publish-sc\PresentationFramework.Luna.dll”，
         			但它的名称“PresentationFramework.Luna”
         			与预期名称“Microsoft.Windows.SDK.NET, Version=10.0.17763.24, Culture=neutral, PublicKeyToken=31bf3856ad364e35”不匹配。
                 已考虑使用“publish-sc\PresentationFramework.Royale.dll”，
         			但它的名称“PresentationFramework.Royale”
         			与预期名称“Microsoft.Windows.SDK.NET, Version=10.0.17763.24, Culture=neutral, PublicKeyToken=31bf3856ad364e35”不匹配。
                 已考虑使用“publish-sc\PresentationNative_cor3.dll”，
         			但它的名称“PresentationNative_cor3”
         			与预期名称“Microsoft.Windows.SDK.NET, Version=10.0.17763.24, Culture=neutral, PublicKeyToken=31bf3856ad364e35”不匹配。
                 已考虑使用“publish-sc\PresentationUI.dll”，
         			但它的名称“PresentationUI”
         			与预期名称“Microsoft.Windows.SDK.NET, Version=10.0.17763.24, Culture=neutral, PublicKeyToken=31bf3856ad364e35”不匹配。
                 已考虑使用“publish-sc\pt-BR\Microsoft.VisualBasic.Forms.resources.dll”，
         			但它的名称“Microsoft.VisualBasic.Forms.resources”
         			与预期名称“Microsoft.Windows.SDK.NET, Version=10.0.17763.24, Culture=neutral, PublicKeyToken=31bf3856ad364e35”不匹配。
                 已考虑使用“publish-sc\pt-BR\PresentationCore.resources.dll”，
         			但它的名称“PresentationCore.resources”
         			与预期名称“Microsoft.Windows.SDK.NET, Version=10.0.17763.24, Culture=neutral, PublicKeyToken=31bf3856ad364e35”不匹配。
                 已考虑使用“publish-sc\pt-BR\PresentationFramework.resources.dll”，
         			但它的名称“PresentationFramework.resources”
         			与预期名称“Microsoft.Windows.SDK.NET, Version=10.0.17763.24, Culture=neutral, PublicKeyToken=31bf3856ad364e35”不匹配。
                 已考虑使用“publish-sc\pt-BR\PresentationUI.resources.dll”，
         			但它的名称“PresentationUI.resources”
         			与预期名称“Microsoft.Windows.SDK.NET, Version=10.0.17763.24, Culture=neutral, PublicKeyToken=31bf3856ad364e35”不匹配。
                 已考虑使用“publish-sc\pt-BR\ReachFramework.resources.dll”，
         			但它的名称“ReachFramework.resources”
         			与预期名称“Microsoft.Windows.SDK.NET, Version=10.0.17763.24, Culture=neutral, PublicKeyToken=31bf3856ad364e35”不匹配。
                 已考虑使用“publish-sc\pt-BR\System.Windows.Controls.Ribbon.resources.dll”，
         			但它的名称“System.Windows.Controls.Ribbon.resources”
         			与预期名称“Microsoft.Windows.SDK.NET, Version=10.0.17763.24, Culture=neutral, PublicKeyToken=31bf3856ad364e35”不匹配。
                 已考虑使用“publish-sc\pt-BR\System.Windows.Forms.Design.resources.dll”，
         			但它的名称“System.Windows.Forms.Design.resources”
         			与预期名称“Microsoft.Windows.SDK.NET, Version=10.0.17763.24, Culture=neutral, PublicKeyToken=31bf3856ad364e35”不匹配。
                 已考虑使用“publish-sc\pt-BR\System.Windows.Forms.Primitives.resources.dll”，
         			但它的名称“System.Windows.Forms.Primitives.resources”
         			与预期名称“Microsoft.Windows.SDK.NET, Version=10.0.17763.24, Culture=neutral, PublicKeyToken=31bf3856ad364e35”不匹配。
                 已考虑使用“publish-sc\pt-BR\System.Windows.Forms.resources.dll”，
         			但它的名称“System.Windows.Forms.resources”
         			与预期名称“Microsoft.Windows.SDK.NET, Version=10.0.17763.24, Culture=neutral, PublicKeyToken=31bf3856ad364e35”不匹配。
                 已考虑使用“publish-sc\pt-BR\System.Windows.Input.Manipulations.resources.dll”，
         			但它的名称“System.Windows.Input.Manipulations.resources”
         			与预期名称“Microsoft.Windows.SDK.NET, Version=10.0.17763.24, Culture=neutral, PublicKeyToken=31bf3856ad364e35”不匹配。
                 已考虑使用“publish-sc\pt-BR\System.Xaml.resources.dll”，
         			但它的名称“System.Xaml.resources”
         			与预期名称“Microsoft.Windows.SDK.NET, Version=10.0.17763.24, Culture=neutral, PublicKeyToken=31bf3856ad364e35”不匹配。
                 已考虑使用“publish-sc\pt-BR\UIAutomationClient.resources.dll”，
         			但它的名称“UIAutomationClient.resources”
         			与预期名称“Microsoft.Windows.SDK.NET, Version=10.0.17763.24, Culture=neutral, PublicKeyToken=31bf3856ad364e35”不匹配。
                 已考虑使用“publish-sc\pt-BR\UIAutomationClientSideProviders.resources.dll”，
         			但它的名称“UIAutomationClientSideProviders.resources”
         			与预期名称“Microsoft.Windows.SDK.NET, Version=10.0.17763.24, Culture=neutral, PublicKeyToken=31bf3856ad364e35”不匹配。
                 已考虑使用“publish-sc\pt-BR\UIAutomationProvider.resources.dll”，
         			但它的名称“UIAutomationProvider.resources”
         			与预期名称“Microsoft.Windows.SDK.NET, Version=10.0.17763.24, Culture=neutral, PublicKeyToken=31bf3856ad364e35”不匹配。
                 已考虑使用“publish-sc\pt-BR\UIAutomationTypes.resources.dll”，
         			但它的名称“UIAutomationTypes.resources”
         			与预期名称“Microsoft.Windows.SDK.NET, Version=10.0.17763.24, Culture=neutral, PublicKeyToken=31bf3856ad364e35”不匹配。
                 已考虑使用“publish-sc\pt-BR\WindowsBase.resources.dll”，
         			但它的名称“WindowsBase.resources”
         			与预期名称“Microsoft.Windows.SDK.NET, Version=10.0.17763.24, Culture=neutral, PublicKeyToken=31bf3856ad364e35”不匹配。
                 已考虑使用“publish-sc\pt-BR\WindowsFormsIntegration.resources.dll”，
         			但它的名称“WindowsFormsIntegration.resources”
         			与预期名称“Microsoft.Windows.SDK.NET, Version=10.0.17763.24, Culture=neutral, PublicKeyToken=31bf3856ad364e35”不匹配。
                 已考虑使用“publish-sc\ReachFramework.dll”，
         			但它的名称“ReachFramework”
         			与预期名称“Microsoft.Windows.SDK.NET, Version=10.0.17763.24, Culture=neutral, PublicKeyToken=31bf3856ad364e35”不匹配。
                 已考虑使用“publish-sc\runtimes\win-x64\native\WebView2Loader.dll”，
         			但它的名称“WebView2Loader”
         			与预期名称“Microsoft.Windows.SDK.NET, Version=10.0.17763.24, Culture=neutral, PublicKeyToken=31bf3856ad364e35”不匹配。
                 已考虑使用“publish-sc\ru\Microsoft.VisualBasic.Forms.resources.dll”，
         			但它的名称“Microsoft.VisualBasic.Forms.resources”
         			与预期名称“Microsoft.Windows.SDK.NET, Version=10.0.17763.24, Culture=neutral, PublicKeyToken=31bf3856ad364e35”不匹配。
                 已考虑使用“publish-sc\ru\PresentationCore.resources.dll”，
         			但它的名称“PresentationCore.resources”
         			与预期名称“Microsoft.Windows.SDK.NET, Version=10.0.17763.24, Culture=neutral, PublicKeyToken=31bf3856ad364e35”不匹配。
                 已考虑使用“publish-sc\ru\PresentationFramework.resources.dll”，
         			但它的名称“PresentationFramework.resources”
         			与预期名称“Microsoft.Windows.SDK.NET, Version=10.0.17763.24, Culture=neutral, PublicKeyToken=31bf3856ad364e35”不匹配。
                 已考虑使用“publish-sc\ru\PresentationUI.resources.dll”，
         			但它的名称“PresentationUI.resources”
         			与预期名称“Microsoft.Windows.SDK.NET, Version=10.0.17763.24, Culture=neutral, PublicKeyToken=31bf3856ad364e35”不匹配。
                 已考虑使用“publish-sc\ru\ReachFramework.resources.dll”，
         			但它的名称“ReachFramework.resources”
         			与预期名称“Microsoft.Windows.SDK.NET, Version=10.0.17763.24, Culture=neutral, PublicKeyToken=31bf3856ad364e35”不匹配。
                 已考虑使用“publish-sc\ru\System.Windows.Controls.Ribbon.resources.dll”，
         			但它的名称“System.Windows.Controls.Ribbon.resources”
         			与预期名称“Microsoft.Windows.SDK.NET, Version=10.0.17763.24, Culture=neutral, PublicKeyToken=31bf3856ad364e35”不匹配。
                 已考虑使用“publish-sc\ru\System.Windows.Forms.Design.resources.dll”，
         			但它的名称“System.Windows.Forms.Design.resources”
         			与预期名称“Microsoft.Windows.SDK.NET, Version=10.0.17763.24, Culture=neutral, PublicKeyToken=31bf3856ad364e35”不匹配。
                 已考虑使用“publish-sc\ru\System.Windows.Forms.Primitives.resources.dll”，
         			但它的名称“System.Windows.Forms.Primitives.resources”
         			与预期名称“Microsoft.Windows.SDK.NET, Version=10.0.17763.24, Culture=neutral, PublicKeyToken=31bf3856ad364e35”不匹配。
                 已考虑使用“publish-sc\ru\System.Windows.Forms.resources.dll”，
         			但它的名称“System.Windows.Forms.resources”
         			与预期名称“Microsoft.Windows.SDK.NET, Version=10.0.17763.24, Culture=neutral, PublicKeyToken=31bf3856ad364e35”不匹配。
                 已考虑使用“publish-sc\ru\System.Windows.Input.Manipulations.resources.dll”，
         			但它的名称“System.Windows.Input.Manipulations.resources”
         			与预期名称“Microsoft.Windows.SDK.NET, Version=10.0.17763.24, Culture=neutral, PublicKeyToken=31bf3856ad364e35”不匹配。
                 已考虑使用“publish-sc\ru\System.Xaml.resources.dll”，
         			但它的名称“System.Xaml.resources”
         			与预期名称“Microsoft.Windows.SDK.NET, Version=10.0.17763.24, Culture=neutral, PublicKeyToken=31bf3856ad364e35”不匹配。
                 已考虑使用“publish-sc\ru\UIAutomationClient.resources.dll”，
         			但它的名称“UIAutomationClient.resources”
         			与预期名称“Microsoft.Windows.SDK.NET, Version=10.0.17763.24, Culture=neutral, PublicKeyToken=31bf3856ad364e35”不匹配。
                 已考虑使用“publish-sc\ru\UIAutomationClientSideProviders.resources.dll”，
         			但它的名称“UIAutomationClientSideProviders.resources”
         			与预期名称“Microsoft.Windows.SDK.NET, Version=10.0.17763.24, Culture=neutral, PublicKeyToken=31bf3856ad364e35”不匹配。
                 已考虑使用“publish-sc\ru\UIAutomationProvider.resources.dll”，
         			但它的名称“UIAutomationProvider.resources”
         			与预期名称“Microsoft.Windows.SDK.NET, Version=10.0.17763.24, Culture=neutral, PublicKeyToken=31bf3856ad364e35”不匹配。
                 已考虑使用“publish-sc\ru\UIAutomationTypes.resources.dll”，
         			但它的名称“UIAutomationTypes.resources”
         			与预期名称“Microsoft.Windows.SDK.NET, Version=10.0.17763.24, Culture=neutral, PublicKeyToken=31bf3856ad364e35”不匹配。
                 已考虑使用“publish-sc\ru\WindowsBase.resources.dll”，
         			但它的名称“WindowsBase.resources”
         			与预期名称“Microsoft.Windows.SDK.NET, Version=10.0.17763.24, Culture=neutral, PublicKeyToken=31bf3856ad364e35”不匹配。
                 已考虑使用“publish-sc\ru\WindowsFormsIntegration.resources.dll”，
         			但它的名称“WindowsFormsIntegration.resources”
         			与预期名称“Microsoft.Windows.SDK.NET, Version=10.0.17763.24, Culture=neutral, PublicKeyToken=31bf3856ad364e35”不匹配。
                 已考虑使用“publish-sc\SQLitePCLRaw.batteries_v2.dll”，
         			但它的名称“SQLitePCLRaw.batteries_v2”
         			与预期名称“Microsoft.Windows.SDK.NET, Version=10.0.17763.24, Culture=neutral, PublicKeyToken=31bf3856ad364e35”不匹配。
                 已考虑使用“publish-sc\SQLitePCLRaw.core.dll”，
         			但它的名称“SQLitePCLRaw.core”
         			与预期名称“Microsoft.Windows.SDK.NET, Version=10.0.17763.24, Culture=neutral, PublicKeyToken=31bf3856ad364e35”不匹配。
                 已考虑使用“publish-sc\SQLitePCLRaw.provider.e_sqlite3.dll”，
         			但它的名称“SQLitePCLRaw.provider.e_sqlite3”
         			与预期名称“Microsoft.Windows.SDK.NET, Version=10.0.17763.24, Culture=neutral, PublicKeyToken=31bf3856ad364e35”不匹配。
                 已考虑使用“publish-sc\System.AppContext.dll”，
         			但它的名称“System.AppContext”
         			与预期名称“Microsoft.Windows.SDK.NET, Version=10.0.17763.24, Culture=neutral, PublicKeyToken=31bf3856ad364e35”不匹配。
                 已考虑使用“publish-sc\System.Buffers.dll”，
         			但它的名称“System.Buffers”
         			与预期名称“Microsoft.Windows.SDK.NET, Version=10.0.17763.24, Culture=neutral, PublicKeyToken=31bf3856ad364e35”不匹配。
                 已考虑使用“publish-sc\System.CodeDom.dll”，
         			但它的名称“System.CodeDom”
         			与预期名称“Microsoft.Windows.SDK.NET, Version=10.0.17763.24, Culture=neutral, PublicKeyToken=31bf3856ad364e35”不匹配。
                 已考虑使用“publish-sc\System.Collections.Concurrent.dll”，
         			但它的名称“System.Collections.Concurrent”
         			与预期名称“Microsoft.Windows.SDK.NET, Version=10.0.17763.24, Culture=neutral, PublicKeyToken=31bf3856ad364e35”不匹配。
                 已考虑使用“publish-sc\System.Collections.dll”，
         			但它的名称“System.Collections”
         			与预期名称“Microsoft.Windows.SDK.NET, Version=10.0.17763.24, Culture=neutral, PublicKeyToken=31bf3856ad364e35”不匹配。
                 已考虑使用“publish-sc\System.Collections.Immutable.dll”，
         			但它的名称“System.Collections.Immutable”
         			与预期名称“Microsoft.Windows.SDK.NET, Version=10.0.17763.24, Culture=neutral, PublicKeyToken=31bf3856ad364e35”不匹配。
                 已考虑使用“publish-sc\System.Collections.NonGeneric.dll”，
         			但它的名称“System.Collections.NonGeneric”
         			与预期名称“Microsoft.Windows.SDK.NET, Version=10.0.17763.24, Culture=neutral, PublicKeyToken=31bf3856ad364e35”不匹配。
                 已考虑使用“publish-sc\System.Collections.Specialized.dll”，
         			但它的名称“System.Collections.Specialized”
         			与预期名称“Microsoft.Windows.SDK.NET, Version=10.0.17763.24, Culture=neutral, PublicKeyToken=31bf3856ad364e35”不匹配。
                 已考虑使用“publish-sc\System.ComponentModel.Annotations.dll”，
         			但它的名称“System.ComponentModel.Annotations”
         			与预期名称“Microsoft.Windows.SDK.NET, Version=10.0.17763.24, Culture=neutral, PublicKeyToken=31bf3856ad364e35”不匹配。
                 已考虑使用“publish-sc\System.ComponentModel.DataAnnotations.dll”，
         			但它的名称“System.ComponentModel.DataAnnotations”
         			与预期名称“Microsoft.Windows.SDK.NET, Version=10.0.17763.24, Culture=neutral, PublicKeyToken=31bf3856ad364e35”不匹配。
                 已考虑使用“publish-sc\System.ComponentModel.dll”，
         			但它的名称“System.ComponentModel”
         			与预期名称“Microsoft.Windows.SDK.NET, Version=10.0.17763.24, Culture=neutral, PublicKeyToken=31bf3856ad364e35”不匹配。
                 已考虑使用“publish-sc\System.ComponentModel.EventBasedAsync.dll”，
         			但它的名称“System.ComponentModel.EventBasedAsync”
         			与预期名称“Microsoft.Windows.SDK.NET, Version=10.0.17763.24, Culture=neutral, PublicKeyToken=31bf3856ad364e35”不匹配。
                 已考虑使用“publish-sc\System.ComponentModel.Primitives.dll”，
         			但它的名称“System.ComponentModel.Primitives”
         			与预期名称“Microsoft.Windows.SDK.NET, Version=10.0.17763.24, Culture=neutral, PublicKeyToken=31bf3856ad364e35”不匹配。
                 已考虑使用“publish-sc\System.ComponentModel.TypeConverter.dll”，
         			但它的名称“System.ComponentModel.TypeConverter”
         			与预期名称“Microsoft.Windows.SDK.NET, Version=10.0.17763.24, Culture=neutral, PublicKeyToken=31bf3856ad364e35”不匹配。
                 已考虑使用“publish-sc\System.Configuration.ConfigurationManager.dll”，
         			但它的名称“System.Configuration.ConfigurationManager”
         			与预期名称“Microsoft.Windows.SDK.NET, Version=10.0.17763.24, Culture=neutral, PublicKeyToken=31bf3856ad364e35”不匹配。
                 已考虑使用“publish-sc\System.Configuration.dll”，
         			但它的名称“System.Configuration”
         			与预期名称“Microsoft.Windows.SDK.NET, Version=10.0.17763.24, Culture=neutral, PublicKeyToken=31bf3856ad364e35”不匹配。
                 已考虑使用“publish-sc\System.Console.dll”，
         			但它的名称“System.Console”
         			与预期名称“Microsoft.Windows.SDK.NET, Version=10.0.17763.24, Culture=neutral, PublicKeyToken=31bf3856ad364e35”不匹配。
                 已考虑使用“publish-sc\System.Core.dll”，
         			但它的名称“System.Core”
         			与预期名称“Microsoft.Windows.SDK.NET, Version=10.0.17763.24, Culture=neutral, PublicKeyToken=31bf3856ad364e35”不匹配。
                 已考虑使用“publish-sc\System.Data.Common.dll”，
         			但它的名称“System.Data.Common”
         			与预期名称“Microsoft.Windows.SDK.NET, Version=10.0.17763.24, Culture=neutral, PublicKeyToken=31bf3856ad364e35”不匹配。
                 已考虑使用“publish-sc\System.Data.DataSetExtensions.dll”，
         			但它的名称“System.Data.DataSetExtensions”
         			与预期名称“Microsoft.Windows.SDK.NET, Version=10.0.17763.24, Culture=neutral, PublicKeyToken=31bf3856ad364e35”不匹配。
                 已考虑使用“publish-sc\System.Data.dll”，
         			但它的名称“System.Data”
         			与预期名称“Microsoft.Windows.SDK.NET, Version=10.0.17763.24, Culture=neutral, PublicKeyToken=31bf3856ad364e35”不匹配。
                 已考虑使用“publish-sc\System.Design.dll”，
         			但它的名称“System.Design”
         			与预期名称“Microsoft.Windows.SDK.NET, Version=10.0.17763.24, Culture=neutral, PublicKeyToken=31bf3856ad364e35”不匹配。
                 已考虑使用“publish-sc\System.Diagnostics.Contracts.dll”，
         			但它的名称“System.Diagnostics.Contracts”
         			与预期名称“Microsoft.Windows.SDK.NET, Version=10.0.17763.24, Culture=neutral, PublicKeyToken=31bf3856ad364e35”不匹配。
                 已考虑使用“publish-sc\System.Diagnostics.Debug.dll”，
         			但它的名称“System.Diagnostics.Debug”
         			与预期名称“Microsoft.Windows.SDK.NET, Version=10.0.17763.24, Culture=neutral, PublicKeyToken=31bf3856ad364e35”不匹配。
                 已考虑使用“publish-sc\System.Diagnostics.DiagnosticSource.dll”，
         			但它的名称“System.Diagnostics.DiagnosticSource”
         			与预期名称“Microsoft.Windows.SDK.NET, Version=10.0.17763.24, Culture=neutral, PublicKeyToken=31bf3856ad364e35”不匹配。
                 已考虑使用“publish-sc\System.Diagnostics.EventLog.dll”，
         			但它的名称“System.Diagnostics.EventLog”
         			与预期名称“Microsoft.Windows.SDK.NET, Version=10.0.17763.24, Culture=neutral, PublicKeyToken=31bf3856ad364e35”不匹配。
                 已考虑使用“publish-sc\System.Diagnostics.EventLog.Messages.dll”，
         			但它的名称“System.Diagnostics.EventLog.Messages”
         			与预期名称“Microsoft.Windows.SDK.NET, Version=10.0.17763.24, Culture=neutral, PublicKeyToken=31bf3856ad364e35”不匹配。
                 已考虑使用“publish-sc\System.Diagnostics.FileVersionInfo.dll”，
         			但它的名称“System.Diagnostics.FileVersionInfo”
         			与预期名称“Microsoft.Windows.SDK.NET, Version=10.0.17763.24, Culture=neutral, PublicKeyToken=31bf3856ad364e35”不匹配。
                 已考虑使用“publish-sc\System.Diagnostics.PerformanceCounter.dll”，
         			但它的名称“System.Diagnostics.PerformanceCounter”
         			与预期名称“Microsoft.Windows.SDK.NET, Version=10.0.17763.24, Culture=neutral, PublicKeyToken=31bf3856ad364e35”不匹配。
                 已考虑使用“publish-sc\System.Diagnostics.Process.dll”，
         			但它的名称“System.Diagnostics.Process”
         			与预期名称“Microsoft.Windows.SDK.NET, Version=10.0.17763.24, Culture=neutral, PublicKeyToken=31bf3856ad364e35”不匹配。
                 已考虑使用“publish-sc\System.Diagnostics.StackTrace.dll”，
         			但它的名称“System.Diagnostics.StackTrace”
         			与预期名称“Microsoft.Windows.SDK.NET, Version=10.0.17763.24, Culture=neutral, PublicKeyToken=31bf3856ad364e35”不匹配。
                 已考虑使用“publish-sc\System.Diagnostics.TextWriterTraceListener.dll”，
         			但它的名称“System.Diagnostics.TextWriterTraceListener”
         			与预期名称“Microsoft.Windows.SDK.NET, Version=10.0.17763.24, Culture=neutral, PublicKeyToken=31bf3856ad364e35”不匹配。
                 已考虑使用“publish-sc\System.Diagnostics.Tools.dll”，
         			但它的名称“System.Diagnostics.Tools”
         			与预期名称“Microsoft.Windows.SDK.NET, Version=10.0.17763.24, Culture=neutral, PublicKeyToken=31bf3856ad364e35”不匹配。
                 已考虑使用“publish-sc\System.Diagnostics.TraceSource.dll”，
         			但它的名称“System.Diagnostics.TraceSource”
         			与预期名称“Microsoft.Windows.SDK.NET, Version=10.0.17763.24, Culture=neutral, PublicKeyToken=31bf3856ad364e35”不匹配。
                 已考虑使用“publish-sc\System.Diagnostics.Tracing.dll”，
         			但它的名称“System.Diagnostics.Tracing”
         			与预期名称“Microsoft.Windows.SDK.NET, Version=10.0.17763.24, Culture=neutral, PublicKeyToken=31bf3856ad364e35”不匹配。
                 已考虑使用“publish-sc\System.DirectoryServices.dll”，
         			但它的名称“System.DirectoryServices”
         			与预期名称“Microsoft.Windows.SDK.NET, Version=10.0.17763.24, Culture=neutral, PublicKeyToken=31bf3856ad364e35”不匹配。
                 已考虑使用“publish-sc\System.dll”，
         			但它的名称“System”
         			与预期名称“Microsoft.Windows.SDK.NET, Version=10.0.17763.24, Culture=neutral, PublicKeyToken=31bf3856ad364e35”不匹配。
                 已考虑使用“publish-sc\System.Drawing.Common.dll”，
         			但它的名称“System.Drawing.Common”
         			与预期名称“Microsoft.Windows.SDK.NET, Version=10.0.17763.24, Culture=neutral, PublicKeyToken=31bf3856ad364e35”不匹配。
                 已考虑使用“publish-sc\System.Drawing.Design.dll”，
         			但它的名称“System.Drawing.Design”
         			与预期名称“Microsoft.Windows.SDK.NET, Version=10.0.17763.24, Culture=neutral, PublicKeyToken=31bf3856ad364e35”不匹配。
                 已考虑使用“publish-sc\System.Drawing.dll”，
         			但它的名称“System.Drawing”
         			与预期名称“Microsoft.Windows.SDK.NET, Version=10.0.17763.24, Culture=neutral, PublicKeyToken=31bf3856ad364e35”不匹配。
                 已考虑使用“publish-sc\System.Drawing.Primitives.dll”，
         			但它的名称“System.Drawing.Primitives”
         			与预期名称“Microsoft.Windows.SDK.NET, Version=10.0.17763.24, Culture=neutral, PublicKeyToken=31bf3856ad364e35”不匹配。
                 已考虑使用“publish-sc\System.Dynamic.Runtime.dll”，
         			但它的名称“System.Dynamic.Runtime”
         			与预期名称“Microsoft.Windows.SDK.NET, Version=10.0.17763.24, Culture=neutral, PublicKeyToken=31bf3856ad364e35”不匹配。
                 已考虑使用“publish-sc\System.Formats.Asn1.dll”，
         			但它的名称“System.Formats.Asn1”
         			与预期名称“Microsoft.Windows.SDK.NET, Version=10.0.17763.24, Culture=neutral, PublicKeyToken=31bf3856ad364e35”不匹配。
                 已考虑使用“publish-sc\System.Formats.Tar.dll”，
         			但它的名称“System.Formats.Tar”
         			与预期名称“Microsoft.Windows.SDK.NET, Version=10.0.17763.24, Culture=neutral, PublicKeyToken=31bf3856ad364e35”不匹配。
                 已考虑使用“publish-sc\System.Globalization.Calendars.dll”，
         			但它的名称“System.Globalization.Calendars”
         			与预期名称“Microsoft.Windows.SDK.NET, Version=10.0.17763.24, Culture=neutral, PublicKeyToken=31bf3856ad364e35”不匹配。
                 已考虑使用“publish-sc\System.Globalization.dll”，
         			但它的名称“System.Globalization”
         			与预期名称“Microsoft.Windows.SDK.NET, Version=10.0.17763.24, Culture=neutral, PublicKeyToken=31bf3856ad364e35”不匹配。
                 已考虑使用“publish-sc\System.Globalization.Extensions.dll”，
         			但它的名称“System.Globalization.Extensions”
         			与预期名称“Microsoft.Windows.SDK.NET, Version=10.0.17763.24, Culture=neutral, PublicKeyToken=31bf3856ad364e35”不匹配。
                 已考虑使用“publish-sc\System.IO.Compression.Brotli.dll”，
         			但它的名称“System.IO.Compression.Brotli”
         			与预期名称“Microsoft.Windows.SDK.NET, Version=10.0.17763.24, Culture=neutral, PublicKeyToken=31bf3856ad364e35”不匹配。
                 已考虑使用“publish-sc\System.IO.Compression.dll”，
         			但它的名称“System.IO.Compression”
         			与预期名称“Microsoft.Windows.SDK.NET, Version=10.0.17763.24, Culture=neutral, PublicKeyToken=31bf3856ad364e35”不匹配。
                 已考虑使用“publish-sc\System.IO.Compression.FileSystem.dll”，
         			但它的名称“System.IO.Compression.FileSystem”
         			与预期名称“Microsoft.Windows.SDK.NET, Version=10.0.17763.24, Culture=neutral, PublicKeyToken=31bf3856ad364e35”不匹配。
                 已考虑使用“publish-sc\System.IO.Compression.Native.dll”，
         			但它的名称“System.IO.Compression.Native”
         			与预期名称“Microsoft.Windows.SDK.NET, Version=10.0.17763.24, Culture=neutral, PublicKeyToken=31bf3856ad364e35”不匹配。
                 已考虑使用“publish-sc\System.IO.Compression.ZipFile.dll”，
         			但它的名称“System.IO.Compression.ZipFile”
         			与预期名称“Microsoft.Windows.SDK.NET, Version=10.0.17763.24, Culture=neutral, PublicKeyToken=31bf3856ad364e35”不匹配。
                 已考虑使用“publish-sc\System.IO.dll”，
         			但它的名称“System.IO”
         			与预期名称“Microsoft.Windows.SDK.NET, Version=10.0.17763.24, Culture=neutral, PublicKeyToken=31bf3856ad364e35”不匹配。
                 已考虑使用“publish-sc\System.IO.FileSystem.AccessControl.dll”，
         			但它的名称“System.IO.FileSystem.AccessControl”
         			与预期名称“Microsoft.Windows.SDK.NET, Version=10.0.17763.24, Culture=neutral, PublicKeyToken=31bf3856ad364e35”不匹配。
                 已考虑使用“publish-sc\System.IO.FileSystem.dll”，
         			但它的名称“System.IO.FileSystem”
         			与预期名称“Microsoft.Windows.SDK.NET, Version=10.0.17763.24, Culture=neutral, PublicKeyToken=31bf3856ad364e35”不匹配。
                 已考虑使用“publish-sc\System.IO.FileSystem.DriveInfo.dll”，
         			但它的名称“System.IO.FileSystem.DriveInfo”
         			与预期名称“Microsoft.Windows.SDK.NET, Version=10.0.17763.24, Culture=neutral, PublicKeyToken=31bf3856ad364e35”不匹配。
                 已考虑使用“publish-sc\System.IO.FileSystem.Primitives.dll”，
         			但它的名称“System.IO.FileSystem.Primitives”
         			与预期名称“Microsoft.Windows.SDK.NET, Version=10.0.17763.24, Culture=neutral, PublicKeyToken=31bf3856ad364e35”不匹配。
                 已考虑使用“publish-sc\System.IO.FileSystem.Watcher.dll”，
         			但它的名称“System.IO.FileSystem.Watcher”
         			与预期名称“Microsoft.Windows.SDK.NET, Version=10.0.17763.24, Culture=neutral, PublicKeyToken=31bf3856ad364e35”不匹配。
                 已考虑使用“publish-sc\System.IO.IsolatedStorage.dll”，
         			但它的名称“System.IO.IsolatedStorage”
         			与预期名称“Microsoft.Windows.SDK.NET, Version=10.0.17763.24, Culture=neutral, PublicKeyToken=31bf3856ad364e35”不匹配。
                 已考虑使用“publish-sc\System.IO.MemoryMappedFiles.dll”，
         			但它的名称“System.IO.MemoryMappedFiles”
         			与预期名称“Microsoft.Windows.SDK.NET, Version=10.0.17763.24, Culture=neutral, PublicKeyToken=31bf3856ad364e35”不匹配。
                 已考虑使用“publish-sc\System.IO.Packaging.dll”，
         			但它的名称“System.IO.Packaging”
         			与预期名称“Microsoft.Windows.SDK.NET, Version=10.0.17763.24, Culture=neutral, PublicKeyToken=31bf3856ad364e35”不匹配。
                 已考虑使用“publish-sc\System.IO.Pipelines.dll”，
         			但它的名称“System.IO.Pipelines”
         			与预期名称“Microsoft.Windows.SDK.NET, Version=10.0.17763.24, Culture=neutral, PublicKeyToken=31bf3856ad364e35”不匹配。
                 已考虑使用“publish-sc\System.IO.Pipes.AccessControl.dll”，
         			但它的名称“System.IO.Pipes.AccessControl”
         			与预期名称“Microsoft.Windows.SDK.NET, Version=10.0.17763.24, Culture=neutral, PublicKeyToken=31bf3856ad364e35”不匹配。
                 已考虑使用“publish-sc\System.IO.Pipes.dll”，
         			但它的名称“System.IO.Pipes”
         			与预期名称“Microsoft.Windows.SDK.NET, Version=10.0.17763.24, Culture=neutral, PublicKeyToken=31bf3856ad364e35”不匹配。
                 已考虑使用“publish-sc\System.IO.UnmanagedMemoryStream.dll”，
         			但它的名称“System.IO.UnmanagedMemoryStream”
         			与预期名称“Microsoft.Windows.SDK.NET, Version=10.0.17763.24, Culture=neutral, PublicKeyToken=31bf3856ad364e35”不匹配。
                 已考虑使用“publish-sc\System.Linq.dll”，
         			但它的名称“System.Linq”
         			与预期名称“Microsoft.Windows.SDK.NET, Version=10.0.17763.24, Culture=neutral, PublicKeyToken=31bf3856ad364e35”不匹配。
                 已考虑使用“publish-sc\System.Linq.Expressions.dll”，
         			但它的名称“System.Linq.Expressions”
         			与预期名称“Microsoft.Windows.SDK.NET, Version=10.0.17763.24, Culture=neutral, PublicKeyToken=31bf3856ad364e35”不匹配。
                 已考虑使用“publish-sc\System.Linq.Parallel.dll”，
         			但它的名称“System.Linq.Parallel”
         			与预期名称“Microsoft.Windows.SDK.NET, Version=10.0.17763.24, Culture=neutral, PublicKeyToken=31bf3856ad364e35”不匹配。
                 已考虑使用“publish-sc\System.Linq.Queryable.dll”，
         			但它的名称“System.Linq.Queryable”
         			与预期名称“Microsoft.Windows.SDK.NET, Version=10.0.17763.24, Culture=neutral, PublicKeyToken=31bf3856ad364e35”不匹配。
                 已考虑使用“publish-sc\System.Memory.dll”，
         			但它的名称“System.Memory”
         			与预期名称“Microsoft.Windows.SDK.NET, Version=10.0.17763.24, Culture=neutral, PublicKeyToken=31bf3856ad364e35”不匹配。
                 已考虑使用“publish-sc\System.Net.dll”，
         			但它的名称“System.Net”
         			与预期名称“Microsoft.Windows.SDK.NET, Version=10.0.17763.24, Culture=neutral, PublicKeyToken=31bf3856ad364e35”不匹配。
                 已考虑使用“publish-sc\System.Net.Http.dll”，
         			但它的名称“System.Net.Http”
         			与预期名称“Microsoft.Windows.SDK.NET, Version=10.0.17763.24, Culture=neutral, PublicKeyToken=31bf3856ad364e35”不匹配。
                 已考虑使用“publish-sc\System.Net.Http.Json.dll”，
         			但它的名称“System.Net.Http.Json”
         			与预期名称“Microsoft.Windows.SDK.NET, Version=10.0.17763.24, Culture=neutral, PublicKeyToken=31bf3856ad364e35”不匹配。
                 已考虑使用“publish-sc\System.Net.HttpListener.dll”，
         			但它的名称“System.Net.HttpListener”
         			与预期名称“Microsoft.Windows.SDK.NET, Version=10.0.17763.24, Culture=neutral, PublicKeyToken=31bf3856ad364e35”不匹配。
                 已考虑使用“publish-sc\System.Net.Mail.dll”，
         			但它的名称“System.Net.Mail”
         			与预期名称“Microsoft.Windows.SDK.NET, Version=10.0.17763.24, Culture=neutral, PublicKeyToken=31bf3856ad364e35”不匹配。
                 已考虑使用“publish-sc\System.Net.NameResolution.dll”，
         			但它的名称“System.Net.NameResolution”
         			与预期名称“Microsoft.Windows.SDK.NET, Version=10.0.17763.24, Culture=neutral, PublicKeyToken=31bf3856ad364e35”不匹配。
                 已考虑使用“publish-sc\System.Net.NetworkInformation.dll”，
         			但它的名称“System.Net.NetworkInformation”
         			与预期名称“Microsoft.Windows.SDK.NET, Version=10.0.17763.24, Culture=neutral, PublicKeyToken=31bf3856ad364e35”不匹配。
                 已考虑使用“publish-sc\System.Net.Ping.dll”，
         			但它的名称“System.Net.Ping”
         			与预期名称“Microsoft.Windows.SDK.NET, Version=10.0.17763.24, Culture=neutral, PublicKeyToken=31bf3856ad364e35”不匹配。
                 已考虑使用“publish-sc\System.Net.Primitives.dll”，
         			但它的名称“System.Net.Primitives”
         			与预期名称“Microsoft.Windows.SDK.NET, Version=10.0.17763.24, Culture=neutral, PublicKeyToken=31bf3856ad364e35”不匹配。
                 已考虑使用“publish-sc\System.Net.Quic.dll”，
         			但它的名称“System.Net.Quic”
         			与预期名称“Microsoft.Windows.SDK.NET, Version=10.0.17763.24, Culture=neutral, PublicKeyToken=31bf3856ad364e35”不匹配。
                 已考虑使用“publish-sc\System.Net.Requests.dll”，
         			但它的名称“System.Net.Requests”
         			与预期名称“Microsoft.Windows.SDK.NET, Version=10.0.17763.24, Culture=neutral, PublicKeyToken=31bf3856ad364e35”不匹配。
                 已考虑使用“publish-sc\System.Net.Security.dll”，
         			但它的名称“System.Net.Security”
         			与预期名称“Microsoft.Windows.SDK.NET, Version=10.0.17763.24, Culture=neutral, PublicKeyToken=31bf3856ad364e35”不匹配。
                 已考虑使用“publish-sc\System.Net.ServicePoint.dll”，
         			但它的名称“System.Net.ServicePoint”
         			与预期名称“Microsoft.Windows.SDK.NET, Version=10.0.17763.24, Culture=neutral, PublicKeyToken=31bf3856ad364e35”不匹配。
                 已考虑使用“publish-sc\System.Net.Sockets.dll”，
         			但它的名称“System.Net.Sockets”
         			与预期名称“Microsoft.Windows.SDK.NET, Version=10.0.17763.24, Culture=neutral, PublicKeyToken=31bf3856ad364e35”不匹配。
                 已考虑使用“publish-sc\System.Net.WebClient.dll”，
         			但它的名称“System.Net.WebClient”
         			与预期名称“Microsoft.Windows.SDK.NET, Version=10.0.17763.24, Culture=neutral, PublicKeyToken=31bf3856ad364e35”不匹配。
                 已考虑使用“publish-sc\System.Net.WebHeaderCollection.dll”，
         			但它的名称“System.Net.WebHeaderCollection”
         			与预期名称“Microsoft.Windows.SDK.NET, Version=10.0.17763.24, Culture=neutral, PublicKeyToken=31bf3856ad364e35”不匹配。
                 已考虑使用“publish-sc\System.Net.WebProxy.dll”，
         			但它的名称“System.Net.WebProxy”
         			与预期名称“Microsoft.Windows.SDK.NET, Version=10.0.17763.24, Culture=neutral, PublicKeyToken=31bf3856ad364e35”不匹配。
                 已考虑使用“publish-sc\System.Net.WebSockets.Client.dll”，
         			但它的名称“System.Net.WebSockets.Client”
         			与预期名称“Microsoft.Windows.SDK.NET, Version=10.0.17763.24, Culture=neutral, PublicKeyToken=31bf3856ad364e35”不匹配。
                 已考虑使用“publish-sc\System.Net.WebSockets.dll”，
         			但它的名称“System.Net.WebSockets”
         			与预期名称“Microsoft.Windows.SDK.NET, Version=10.0.17763.24, Culture=neutral, PublicKeyToken=31bf3856ad364e35”不匹配。
                 已考虑使用“publish-sc\System.Numerics.dll”，
         			但它的名称“System.Numerics”
         			与预期名称“Microsoft.Windows.SDK.NET, Version=10.0.17763.24, Culture=neutral, PublicKeyToken=31bf3856ad364e35”不匹配。
                 已考虑使用“publish-sc\System.Numerics.Vectors.dll”，
         			但它的名称“System.Numerics.Vectors”
         			与预期名称“Microsoft.Windows.SDK.NET, Version=10.0.17763.24, Culture=neutral, PublicKeyToken=31bf3856ad364e35”不匹配。
                 已考虑使用“publish-sc\System.ObjectModel.dll”，
         			但它的名称“System.ObjectModel”
         			与预期名称“Microsoft.Windows.SDK.NET, Version=10.0.17763.24, Culture=neutral, PublicKeyToken=31bf3856ad364e35”不匹配。
                 已考虑使用“publish-sc\System.Printing.dll”，
         			但它的名称“System.Printing”
         			与预期名称“Microsoft.Windows.SDK.NET, Version=10.0.17763.24, Culture=neutral, PublicKeyToken=31bf3856ad364e35”不匹配。
                 已考虑使用“publish-sc\System.Private.CoreLib.dll”，
         			但它的名称“System.Private.CoreLib”
         			与预期名称“Microsoft.Windows.SDK.NET, Version=10.0.17763.24, Culture=neutral, PublicKeyToken=31bf3856ad364e35”不匹配。
                 已考虑使用“publish-sc\System.Private.DataContractSerialization.dll”，
         			但它的名称“System.Private.DataContractSerialization”
         			与预期名称“Microsoft.Windows.SDK.NET, Version=10.0.17763.24, Culture=neutral, PublicKeyToken=31bf3856ad364e35”不匹配。
                 已考虑使用“publish-sc\System.Private.Uri.dll”，
         			但它的名称“System.Private.Uri”
         			与预期名称“Microsoft.Windows.SDK.NET, Version=10.0.17763.24, Culture=neutral, PublicKeyToken=31bf3856ad364e35”不匹配。
                 已考虑使用“publish-sc\System.Private.Xml.dll”，
         			但它的名称“System.Private.Xml”
         			与预期名称“Microsoft.Windows.SDK.NET, Version=10.0.17763.24, Culture=neutral, PublicKeyToken=31bf3856ad364e35”不匹配。
                 已考虑使用“publish-sc\System.Private.Xml.Linq.dll”，
         			但它的名称“System.Private.Xml.Linq”
         			与预期名称“Microsoft.Windows.SDK.NET, Version=10.0.17763.24, Culture=neutral, PublicKeyToken=31bf3856ad364e35”不匹配。
                 已考虑使用“publish-sc\System.Reflection.DispatchProxy.dll”，
         			但它的名称“System.Reflection.DispatchProxy”
         			与预期名称“Microsoft.Windows.SDK.NET, Version=10.0.17763.24, Culture=neutral, PublicKeyToken=31bf3856ad364e35”不匹配。
                 已考虑使用“publish-sc\System.Reflection.dll”，
         			但它的名称“System.Reflection”
         			与预期名称“Microsoft.Windows.SDK.NET, Version=10.0.17763.24, Culture=neutral, PublicKeyToken=31bf3856ad364e35”不匹配。
                 已考虑使用“publish-sc\System.Reflection.Emit.dll”，
         			但它的名称“System.Reflection.Emit”
         			与预期名称“Microsoft.Windows.SDK.NET, Version=10.0.17763.24, Culture=neutral, PublicKeyToken=31bf3856ad364e35”不匹配。
                 已考虑使用“publish-sc\System.Reflection.Emit.ILGeneration.dll”，
         			但它的名称“System.Reflection.Emit.ILGeneration”
         			与预期名称“Microsoft.Windows.SDK.NET, Version=10.0.17763.24, Culture=neutral, PublicKeyToken=31bf3856ad364e35”不匹配。
                 已考虑使用“publish-sc\System.Reflection.Emit.Lightweight.dll”，
         			但它的名称“System.Reflection.Emit.Lightweight”
         			与预期名称“Microsoft.Windows.SDK.NET, Version=10.0.17763.24, Culture=neutral, PublicKeyToken=31bf3856ad364e35”不匹配。
                 已考虑使用“publish-sc\System.Reflection.Extensions.dll”，
         			但它的名称“System.Reflection.Extensions”
         			与预期名称“Microsoft.Windows.SDK.NET, Version=10.0.17763.24, Culture=neutral, PublicKeyToken=31bf3856ad364e35”不匹配。
                 已考虑使用“publish-sc\System.Reflection.Metadata.dll”，
         			但它的名称“System.Reflection.Metadata”
         			与预期名称“Microsoft.Windows.SDK.NET, Version=10.0.17763.24, Culture=neutral, PublicKeyToken=31bf3856ad364e35”不匹配。
                 已考虑使用“publish-sc\System.Reflection.Primitives.dll”，
         			但它的名称“System.Reflection.Primitives”
         			与预期名称“Microsoft.Windows.SDK.NET, Version=10.0.17763.24, Culture=neutral, PublicKeyToken=31bf3856ad364e35”不匹配。
                 已考虑使用“publish-sc\System.Reflection.TypeExtensions.dll”，
         			但它的名称“System.Reflection.TypeExtensions”
         			与预期名称“Microsoft.Windows.SDK.NET, Version=10.0.17763.24, Culture=neutral, PublicKeyToken=31bf3856ad364e35”不匹配。
                 已考虑使用“publish-sc\System.Resources.Extensions.dll”，
         			但它的名称“System.Resources.Extensions”
         			与预期名称“Microsoft.Windows.SDK.NET, Version=10.0.17763.24, Culture=neutral, PublicKeyToken=31bf3856ad364e35”不匹配。
                 已考虑使用“publish-sc\System.Resources.Reader.dll”，
         			但它的名称“System.Resources.Reader”
         			与预期名称“Microsoft.Windows.SDK.NET, Version=10.0.17763.24, Culture=neutral, PublicKeyToken=31bf3856ad364e35”不匹配。
                 已考虑使用“publish-sc\System.Resources.ResourceManager.dll”，
         			但它的名称“System.Resources.ResourceManager”
         			与预期名称“Microsoft.Windows.SDK.NET, Version=10.0.17763.24, Culture=neutral, PublicKeyToken=31bf3856ad364e35”不匹配。
                 已考虑使用“publish-sc\System.Resources.Writer.dll”，
         			但它的名称“System.Resources.Writer”
         			与预期名称“Microsoft.Windows.SDK.NET, Version=10.0.17763.24, Culture=neutral, PublicKeyToken=31bf3856ad364e35”不匹配。
                 已考虑使用“publish-sc\System.Runtime.CompilerServices.Unsafe.dll”，
         			但它的名称“System.Runtime.CompilerServices.Unsafe”
         			与预期名称“Microsoft.Windows.SDK.NET, Version=10.0.17763.24, Culture=neutral, PublicKeyToken=31bf3856ad364e35”不匹配。
                 已考虑使用“publish-sc\System.Runtime.CompilerServices.VisualC.dll”，
         			但它的名称“System.Runtime.CompilerServices.VisualC”
         			与预期名称“Microsoft.Windows.SDK.NET, Version=10.0.17763.24, Culture=neutral, PublicKeyToken=31bf3856ad364e35”不匹配。
                 已考虑使用“publish-sc\System.Runtime.dll”，
         			但它的名称“System.Runtime”
         			与预期名称“Microsoft.Windows.SDK.NET, Version=10.0.17763.24, Culture=neutral, PublicKeyToken=31bf3856ad364e35”不匹配。
                 已考虑使用“publish-sc\System.Runtime.Extensions.dll”，
         			但它的名称“System.Runtime.Extensions”
         			与预期名称“Microsoft.Windows.SDK.NET, Version=10.0.17763.24, Culture=neutral, PublicKeyToken=31bf3856ad364e35”不匹配。
                 已考虑使用“publish-sc\System.Runtime.Handles.dll”，
         			但它的名称“System.Runtime.Handles”
         			与预期名称“Microsoft.Windows.SDK.NET, Version=10.0.17763.24, Culture=neutral, PublicKeyToken=31bf3856ad364e35”不匹配。
                 已考虑使用“publish-sc\System.Runtime.InteropServices.dll”，
         			但它的名称“System.Runtime.InteropServices”
         			与预期名称“Microsoft.Windows.SDK.NET, Version=10.0.17763.24, Culture=neutral, PublicKeyToken=31bf3856ad364e35”不匹配。
                 已考虑使用“publish-sc\System.Runtime.InteropServices.JavaScript.dll”，
         			但它的名称“System.Runtime.InteropServices.JavaScript”
         			与预期名称“Microsoft.Windows.SDK.NET, Version=10.0.17763.24, Culture=neutral, PublicKeyToken=31bf3856ad364e35”不匹配。
                 已考虑使用“publish-sc\System.Runtime.InteropServices.RuntimeInformation.dll”，
         			但它的名称“System.Runtime.InteropServices.RuntimeInformation”
         			与预期名称“Microsoft.Windows.SDK.NET, Version=10.0.17763.24, Culture=neutral, PublicKeyToken=31bf3856ad364e35”不匹配。
                 已考虑使用“publish-sc\System.Runtime.Intrinsics.dll”，
         			但它的名称“System.Runtime.Intrinsics”
         			与预期名称“Microsoft.Windows.SDK.NET, Version=10.0.17763.24, Culture=neutral, PublicKeyToken=31bf3856ad364e35”不匹配。
                 已考虑使用“publish-sc\System.Runtime.Loader.dll”，
         			但它的名称“System.Runtime.Loader”
         			与预期名称“Microsoft.Windows.SDK.NET, Version=10.0.17763.24, Culture=neutral, PublicKeyToken=31bf3856ad364e35”不匹配。
                 已考虑使用“publish-sc\System.Runtime.Numerics.dll”，
         			但它的名称“System.Runtime.Numerics”
         			与预期名称“Microsoft.Windows.SDK.NET, Version=10.0.17763.24, Culture=neutral, PublicKeyToken=31bf3856ad364e35”不匹配。
                 已考虑使用“publish-sc\System.Runtime.Serialization.dll”，
         			但它的名称“System.Runtime.Serialization”
         			与预期名称“Microsoft.Windows.SDK.NET, Version=10.0.17763.24, Culture=neutral, PublicKeyToken=31bf3856ad364e35”不匹配。
                 已考虑使用“publish-sc\System.Runtime.Serialization.Formatters.dll”，
         			但它的名称“System.Runtime.Serialization.Formatters”
         			与预期名称“Microsoft.Windows.SDK.NET, Version=10.0.17763.24, Culture=neutral, PublicKeyToken=31bf3856ad364e35”不匹配。
                 已考虑使用“publish-sc\System.Runtime.Serialization.Json.dll”，
         			但它的名称“System.Runtime.Serialization.Json”
         			与预期名称“Microsoft.Windows.SDK.NET, Version=10.0.17763.24, Culture=neutral, PublicKeyToken=31bf3856ad364e35”不匹配。
                 已考虑使用“publish-sc\System.Runtime.Serialization.Primitives.dll”，
         			但它的名称“System.Runtime.Serialization.Primitives”
         			与预期名称“Microsoft.Windows.SDK.NET, Version=10.0.17763.24, Culture=neutral, PublicKeyToken=31bf3856ad364e35”不匹配。
                 已考虑使用“publish-sc\System.Runtime.Serialization.Xml.dll”，
         			但它的名称“System.Runtime.Serialization.Xml”
         			与预期名称“Microsoft.Windows.SDK.NET, Version=10.0.17763.24, Culture=neutral, PublicKeyToken=31bf3856ad364e35”不匹配。
                 已考虑使用“publish-sc\System.Security.AccessControl.dll”，
         			但它的名称“System.Security.AccessControl”
         			与预期名称“Microsoft.Windows.SDK.NET, Version=10.0.17763.24, Culture=neutral, PublicKeyToken=31bf3856ad364e35”不匹配。
                 已考虑使用“publish-sc\System.Security.Claims.dll”，
         			但它的名称“System.Security.Claims”
         			与预期名称“Microsoft.Windows.SDK.NET, Version=10.0.17763.24, Culture=neutral, PublicKeyToken=31bf3856ad364e35”不匹配。
                 已考虑使用“publish-sc\System.Security.Cryptography.Algorithms.dll”，
         			但它的名称“System.Security.Cryptography.Algorithms”
         			与预期名称“Microsoft.Windows.SDK.NET, Version=10.0.17763.24, Culture=neutral, PublicKeyToken=31bf3856ad364e35”不匹配。
                 已考虑使用“publish-sc\System.Security.Cryptography.Cng.dll”，
         			但它的名称“System.Security.Cryptography.Cng”
         			与预期名称“Microsoft.Windows.SDK.NET, Version=10.0.17763.24, Culture=neutral, PublicKeyToken=31bf3856ad364e35”不匹配。
                 已考虑使用“publish-sc\System.Security.Cryptography.Csp.dll”，
         			但它的名称“System.Security.Cryptography.Csp”
         			与预期名称“Microsoft.Windows.SDK.NET, Version=10.0.17763.24, Culture=neutral, PublicKeyToken=31bf3856ad364e35”不匹配。
                 已考虑使用“publish-sc\System.Security.Cryptography.dll”，
         			但它的名称“System.Security.Cryptography”
         			与预期名称“Microsoft.Windows.SDK.NET, Version=10.0.17763.24, Culture=neutral, PublicKeyToken=31bf3856ad364e35”不匹配。
                 已考虑使用“publish-sc\System.Security.Cryptography.Encoding.dll”，
         			但它的名称“System.Security.Cryptography.Encoding”
         			与预期名称“Microsoft.Windows.SDK.NET, Version=10.0.17763.24, Culture=neutral, PublicKeyToken=31bf3856ad364e35”不匹配。
                 已考虑使用“publish-sc\System.Security.Cryptography.OpenSsl.dll”，
         			但它的名称“System.Security.Cryptography.OpenSsl”
         			与预期名称“Microsoft.Windows.SDK.NET, Version=10.0.17763.24, Culture=neutral, PublicKeyToken=31bf3856ad364e35”不匹配。
                 已考虑使用“publish-sc\System.Security.Cryptography.Pkcs.dll”，
         			但它的名称“System.Security.Cryptography.Pkcs”
         			与预期名称“Microsoft.Windows.SDK.NET, Version=10.0.17763.24, Culture=neutral, PublicKeyToken=31bf3856ad364e35”不匹配。
                 已考虑使用“publish-sc\System.Security.Cryptography.Primitives.dll”，
         			但它的名称“System.Security.Cryptography.Primitives”
         			与预期名称“Microsoft.Windows.SDK.NET, Version=10.0.17763.24, Culture=neutral, PublicKeyToken=31bf3856ad364e35”不匹配。
                 已考虑使用“publish-sc\System.Security.Cryptography.ProtectedData.dll”，
         			但它的名称“System.Security.Cryptography.ProtectedData”
         			与预期名称“Microsoft.Windows.SDK.NET, Version=10.0.17763.24, Culture=neutral, PublicKeyToken=31bf3856ad364e35”不匹配。
                 已考虑使用“publish-sc\System.Security.Cryptography.X509Certificates.dll”，
         			但它的名称“System.Security.Cryptography.X509Certificates”
         			与预期名称“Microsoft.Windows.SDK.NET, Version=10.0.17763.24, Culture=neutral, PublicKeyToken=31bf3856ad364e35”不匹配。
                 已考虑使用“publish-sc\System.Security.Cryptography.Xml.dll”，
         			但它的名称“System.Security.Cryptography.Xml”
         			与预期名称“Microsoft.Windows.SDK.NET, Version=10.0.17763.24, Culture=neutral, PublicKeyToken=31bf3856ad364e35”不匹配。
                 已考虑使用“publish-sc\System.Security.dll”，
         			但它的名称“System.Security”
         			与预期名称“Microsoft.Windows.SDK.NET, Version=10.0.17763.24, Culture=neutral, PublicKeyToken=31bf3856ad364e35”不匹配。
                 已考虑使用“publish-sc\System.Security.Permissions.dll”，
         			但它的名称“System.Security.Permissions”
         			与预期名称“Microsoft.Windows.SDK.NET, Version=10.0.17763.24, Culture=neutral, PublicKeyToken=31bf3856ad364e35”不匹配。
                 已考虑使用“publish-sc\System.Security.Principal.dll”，
         			但它的名称“System.Security.Principal”
         			与预期名称“Microsoft.Windows.SDK.NET, Version=10.0.17763.24, Culture=neutral, PublicKeyToken=31bf3856ad364e35”不匹配。
                 已考虑使用“publish-sc\System.Security.Principal.Windows.dll”，
         			但它的名称“System.Security.Principal.Windows”
         			与预期名称“Microsoft.Windows.SDK.NET, Version=10.0.17763.24, Culture=neutral, PublicKeyToken=31bf3856ad364e35”不匹配。
                 已考虑使用“publish-sc\System.Security.SecureString.dll”，
         			但它的名称“System.Security.SecureString”
         			与预期名称“Microsoft.Windows.SDK.NET, Version=10.0.17763.24, Culture=neutral, PublicKeyToken=31bf3856ad364e35”不匹配。
                 已考虑使用“publish-sc\System.ServiceModel.Web.dll”，
         			但它的名称“System.ServiceModel.Web”
         			与预期名称“Microsoft.Windows.SDK.NET, Version=10.0.17763.24, Culture=neutral, PublicKeyToken=31bf3856ad364e35”不匹配。
                 已考虑使用“publish-sc\System.ServiceProcess.dll”，
         			但它的名称“System.ServiceProcess”
         			与预期名称“Microsoft.Windows.SDK.NET, Version=10.0.17763.24, Culture=neutral, PublicKeyToken=31bf3856ad364e35”不匹配。
                 已考虑使用“publish-sc\System.Text.Encoding.CodePages.dll”，
         			但它的名称“System.Text.Encoding.CodePages”
         			与预期名称“Microsoft.Windows.SDK.NET, Version=10.0.17763.24, Culture=neutral, PublicKeyToken=31bf3856ad364e35”不匹配。
                 已考虑使用“publish-sc\System.Text.Encoding.dll”，
         			但它的名称“System.Text.Encoding”
         			与预期名称“Microsoft.Windows.SDK.NET, Version=10.0.17763.24, Culture=neutral, PublicKeyToken=31bf3856ad364e35”不匹配。
                 已考虑使用“publish-sc\System.Text.Encoding.Extensions.dll”，
         			但它的名称“System.Text.Encoding.Extensions”
         			与预期名称“Microsoft.Windows.SDK.NET, Version=10.0.17763.24, Culture=neutral, PublicKeyToken=31bf3856ad364e35”不匹配。
                 已考虑使用“publish-sc\System.Text.Encodings.Web.dll”，
         			但它的名称“System.Text.Encodings.Web”
         			与预期名称“Microsoft.Windows.SDK.NET, Version=10.0.17763.24, Culture=neutral, PublicKeyToken=31bf3856ad364e35”不匹配。
                 已考虑使用“publish-sc\System.Text.Json.dll”，
         			但它的名称“System.Text.Json”
         			与预期名称“Microsoft.Windows.SDK.NET, Version=10.0.17763.24, Culture=neutral, PublicKeyToken=31bf3856ad364e35”不匹配。
                 已考虑使用“publish-sc\System.Text.RegularExpressions.dll”，
         			但它的名称“System.Text.RegularExpressions”
         			与预期名称“Microsoft.Windows.SDK.NET, Version=10.0.17763.24, Culture=neutral, PublicKeyToken=31bf3856ad364e35”不匹配。
                 已考虑使用“publish-sc\System.Threading.AccessControl.dll”，
         			但它的名称“System.Threading.AccessControl”
         			与预期名称“Microsoft.Windows.SDK.NET, Version=10.0.17763.24, Culture=neutral, PublicKeyToken=31bf3856ad364e35”不匹配。
                 已考虑使用“publish-sc\System.Threading.Channels.dll”，
         			但它的名称“System.Threading.Channels”
         			与预期名称“Microsoft.Windows.SDK.NET, Version=10.0.17763.24, Culture=neutral, PublicKeyToken=31bf3856ad364e35”不匹配。
                 已考虑使用“publish-sc\System.Threading.dll”，
         			但它的名称“System.Threading”
         			与预期名称“Microsoft.Windows.SDK.NET, Version=10.0.17763.24, Culture=neutral, PublicKeyToken=31bf3856ad364e35”不匹配。
                 已考虑使用“publish-sc\System.Threading.Overlapped.dll”，
         			但它的名称“System.Threading.Overlapped”
         			与预期名称“Microsoft.Windows.SDK.NET, Version=10.0.17763.24, Culture=neutral, PublicKeyToken=31bf3856ad364e35”不匹配。
                 已考虑使用“publish-sc\System.Threading.Tasks.Dataflow.dll”，
         			但它的名称“System.Threading.Tasks.Dataflow”
         			与预期名称“Microsoft.Windows.SDK.NET, Version=10.0.17763.24, Culture=neutral, PublicKeyToken=31bf3856ad364e35”不匹配。
                 已考虑使用“publish-sc\System.Threading.Tasks.dll”，
         			但它的名称“System.Threading.Tasks”
         			与预期名称“Microsoft.Windows.SDK.NET, Version=10.0.17763.24, Culture=neutral, PublicKeyToken=31bf3856ad364e35”不匹配。
                 已考虑使用“publish-sc\System.Threading.Tasks.Extensions.dll”，
         			但它的名称“System.Threading.Tasks.Extensions”
         			与预期名称“Microsoft.Windows.SDK.NET, Version=10.0.17763.24, Culture=neutral, PublicKeyToken=31bf3856ad364e35”不匹配。
                 已考虑使用“publish-sc\System.Threading.Tasks.Parallel.dll”，
         			但它的名称“System.Threading.Tasks.Parallel”
         			与预期名称“Microsoft.Windows.SDK.NET, Version=10.0.17763.24, Culture=neutral, PublicKeyToken=31bf3856ad364e35”不匹配。
                 已考虑使用“publish-sc\System.Threading.Thread.dll”，
         			但它的名称“System.Threading.Thread”
         			与预期名称“Microsoft.Windows.SDK.NET, Version=10.0.17763.24, Culture=neutral, PublicKeyToken=31bf3856ad364e35”不匹配。
                 已考虑使用“publish-sc\System.Threading.ThreadPool.dll”，
         			但它的名称“System.Threading.ThreadPool”
         			与预期名称“Microsoft.Windows.SDK.NET, Version=10.0.17763.24, Culture=neutral, PublicKeyToken=31bf3856ad364e35”不匹配。
                 已考虑使用“publish-sc\System.Threading.Timer.dll”，
         			但它的名称“System.Threading.Timer”
         			与预期名称“Microsoft.Windows.SDK.NET, Version=10.0.17763.24, Culture=neutral, PublicKeyToken=31bf3856ad364e35”不匹配。
                 已考虑使用“publish-sc\System.Transactions.dll”，
         			但它的名称“System.Transactions”
         			与预期名称“Microsoft.Windows.SDK.NET, Version=10.0.17763.24, Culture=neutral, PublicKeyToken=31bf3856ad364e35”不匹配。
                 已考虑使用“publish-sc\System.Transactions.Local.dll”，
         			但它的名称“System.Transactions.Local”
         			与预期名称“Microsoft.Windows.SDK.NET, Version=10.0.17763.24, Culture=neutral, PublicKeyToken=31bf3856ad364e35”不匹配。
                 已考虑使用“publish-sc\System.ValueTuple.dll”，
         			但它的名称“System.ValueTuple”
         			与预期名称“Microsoft.Windows.SDK.NET, Version=10.0.17763.24, Culture=neutral, PublicKeyToken=31bf3856ad364e35”不匹配。
                 已考虑使用“publish-sc\System.Web.dll”，
         			但它的名称“System.Web”
         			与预期名称“Microsoft.Windows.SDK.NET, Version=10.0.17763.24, Culture=neutral, PublicKeyToken=31bf3856ad364e35”不匹配。
                 已考虑使用“publish-sc\System.Web.HttpUtility.dll”，
         			但它的名称“System.Web.HttpUtility”
         			与预期名称“Microsoft.Windows.SDK.NET, Version=10.0.17763.24, Culture=neutral, PublicKeyToken=31bf3856ad364e35”不匹配。
                 已考虑使用“publish-sc\System.Windows.Controls.Ribbon.dll”，
         			但它的名称“System.Windows.Controls.Ribbon”
         			与预期名称“Microsoft.Windows.SDK.NET, Version=10.0.17763.24, Culture=neutral, PublicKeyToken=31bf3856ad364e35”不匹配。
                 已考虑使用“publish-sc\System.Windows.dll”，
         			但它的名称“System.Windows”
         			与预期名称“Microsoft.Windows.SDK.NET, Version=10.0.17763.24, Culture=neutral, PublicKeyToken=31bf3856ad364e35”不匹配。
                 已考虑使用“publish-sc\System.Windows.Extensions.dll”，
         			但它的名称“System.Windows.Extensions”
         			与预期名称“Microsoft.Windows.SDK.NET, Version=10.0.17763.24, Culture=neutral, PublicKeyToken=31bf3856ad364e35”不匹配。
                 已考虑使用“publish-sc\System.Windows.Forms.Design.dll”，
         			但它的名称“System.Windows.Forms.Design”
         			与预期名称“Microsoft.Windows.SDK.NET, Version=10.0.17763.24, Culture=neutral, PublicKeyToken=31bf3856ad364e35”不匹配。
                 已考虑使用“publish-sc\System.Windows.Forms.Design.Editors.dll”，
         			但它的名称“System.Windows.Forms.Design.Editors”
         			与预期名称“Microsoft.Windows.SDK.NET, Version=10.0.17763.24, Culture=neutral, PublicKeyToken=31bf3856ad364e35”不匹配。
                 已考虑使用“publish-sc\System.Windows.Forms.dll”，
         			但它的名称“System.Windows.Forms”
         			与预期名称“Microsoft.Windows.SDK.NET, Version=10.0.17763.24, Culture=neutral, PublicKeyToken=31bf3856ad364e35”不匹配。
                 已考虑使用“publish-sc\System.Windows.Forms.Primitives.dll”，
         			但它的名称“System.Windows.Forms.Primitives”
         			与预期名称“Microsoft.Windows.SDK.NET, Version=10.0.17763.24, Culture=neutral, PublicKeyToken=31bf3856ad364e35”不匹配。
                 已考虑使用“publish-sc\System.Windows.Input.Manipulations.dll”，
         			但它的名称“System.Windows.Input.Manipulations”
         			与预期名称“Microsoft.Windows.SDK.NET, Version=10.0.17763.24, Culture=neutral, PublicKeyToken=31bf3856ad364e35”不匹配。
                 已考虑使用“publish-sc\System.Windows.Presentation.dll”，
         			但它的名称“System.Windows.Presentation”
         			与预期名称“Microsoft.Windows.SDK.NET, Version=10.0.17763.24, Culture=neutral, PublicKeyToken=31bf3856ad364e35”不匹配。
                 已考虑使用“publish-sc\System.Xaml.dll”，
         			但它的名称“System.Xaml”
         			与预期名称“Microsoft.Windows.SDK.NET, Version=10.0.17763.24, Culture=neutral, PublicKeyToken=31bf3856ad364e35”不匹配。
                 已考虑使用“publish-sc\System.Xml.dll”，
         			但它的名称“System.Xml”
         			与预期名称“Microsoft.Windows.SDK.NET, Version=10.0.17763.24, Culture=neutral, PublicKeyToken=31bf3856ad364e35”不匹配。
                 已考虑使用“publish-sc\System.Xml.Linq.dll”，
         			但它的名称“System.Xml.Linq”
         			与预期名称“Microsoft.Windows.SDK.NET, Version=10.0.17763.24, Culture=neutral, PublicKeyToken=31bf3856ad364e35”不匹配。
                 已考虑使用“publish-sc\System.Xml.ReaderWriter.dll”，
         			但它的名称“System.Xml.ReaderWriter”
         			与预期名称“Microsoft.Windows.SDK.NET, Version=10.0.17763.24, Culture=neutral, PublicKeyToken=31bf3856ad364e35”不匹配。
                 已考虑使用“publish-sc\System.Xml.Serialization.dll”，
         			但它的名称“System.Xml.Serialization”
         			与预期名称“Microsoft.Windows.SDK.NET, Version=10.0.17763.24, Culture=neutral, PublicKeyToken=31bf3856ad364e35”不匹配。
                 已考虑使用“publish-sc\System.Xml.XDocument.dll”，
         			但它的名称“System.Xml.XDocument”
         			与预期名称“Microsoft.Windows.SDK.NET, Version=10.0.17763.24, Culture=neutral, PublicKeyToken=31bf3856ad364e35”不匹配。
                 已考虑使用“publish-sc\System.Xml.XmlDocument.dll”，
         			但它的名称“System.Xml.XmlDocument”
         			与预期名称“Microsoft.Windows.SDK.NET, Version=10.0.17763.24, Culture=neutral, PublicKeyToken=31bf3856ad364e35”不匹配。
                 已考虑使用“publish-sc\System.Xml.XmlSerializer.dll”，
         			但它的名称“System.Xml.XmlSerializer”
         			与预期名称“Microsoft.Windows.SDK.NET, Version=10.0.17763.24, Culture=neutral, PublicKeyToken=31bf3856ad364e35”不匹配。
                 已考虑使用“publish-sc\System.Xml.XPath.dll”，
         			但它的名称“System.Xml.XPath”
         			与预期名称“Microsoft.Windows.SDK.NET, Version=10.0.17763.24, Culture=neutral, PublicKeyToken=31bf3856ad364e35”不匹配。
                 已考虑使用“publish-sc\System.Xml.XPath.XDocument.dll”，
         			但它的名称“System.Xml.XPath.XDocument”
         			与预期名称“Microsoft.Windows.SDK.NET, Version=10.0.17763.24, Culture=neutral, PublicKeyToken=31bf3856ad364e35”不匹配。
                 已考虑使用“publish-sc\tr\Microsoft.VisualBasic.Forms.resources.dll”，
         			但它的名称“Microsoft.VisualBasic.Forms.resources”
         			与预期名称“Microsoft.Windows.SDK.NET, Version=10.0.17763.24, Culture=neutral, PublicKeyToken=31bf3856ad364e35”不匹配。
                 已考虑使用“publish-sc\tr\PresentationCore.resources.dll”，
         			但它的名称“PresentationCore.resources”
         			与预期名称“Microsoft.Windows.SDK.NET, Version=10.0.17763.24, Culture=neutral, PublicKeyToken=31bf3856ad364e35”不匹配。
                 已考虑使用“publish-sc\tr\PresentationFramework.resources.dll”，
         			但它的名称“PresentationFramework.resources”
         			与预期名称“Microsoft.Windows.SDK.NET, Version=10.0.17763.24, Culture=neutral, PublicKeyToken=31bf3856ad364e35”不匹配。
                 已考虑使用“publish-sc\tr\PresentationUI.resources.dll”，
         			但它的名称“PresentationUI.resources”
         			与预期名称“Microsoft.Windows.SDK.NET, Version=10.0.17763.24, Culture=neutral, PublicKeyToken=31bf3856ad364e35”不匹配。
                 已考虑使用“publish-sc\tr\ReachFramework.resources.dll”，
         			但它的名称“ReachFramework.resources”
         			与预期名称“Microsoft.Windows.SDK.NET, Version=10.0.17763.24, Culture=neutral, PublicKeyToken=31bf3856ad364e35”不匹配。
                 已考虑使用“publish-sc\tr\System.Windows.Controls.Ribbon.resources.dll”，
         			但它的名称“System.Windows.Controls.Ribbon.resources”
         			与预期名称“Microsoft.Windows.SDK.NET, Version=10.0.17763.24, Culture=neutral, PublicKeyToken=31bf3856ad364e35”不匹配。
                 已考虑使用“publish-sc\tr\System.Windows.Forms.Design.resources.dll”，
         			但它的名称“System.Windows.Forms.Design.resources”
         			与预期名称“Microsoft.Windows.SDK.NET, Version=10.0.17763.24, Culture=neutral, PublicKeyToken=31bf3856ad364e35”不匹配。
                 已考虑使用“publish-sc\tr\System.Windows.Forms.Primitives.resources.dll”，
         			但它的名称“System.Windows.Forms.Primitives.resources”
         			与预期名称“Microsoft.Windows.SDK.NET, Version=10.0.17763.24, Culture=neutral, PublicKeyToken=31bf3856ad364e35”不匹配。
                 已考虑使用“publish-sc\tr\System.Windows.Forms.resources.dll”，
         			但它的名称“System.Windows.Forms.resources”
         			与预期名称“Microsoft.Windows.SDK.NET, Version=10.0.17763.24, Culture=neutral, PublicKeyToken=31bf3856ad364e35”不匹配。
                 已考虑使用“publish-sc\tr\System.Windows.Input.Manipulations.resources.dll”，
         			但它的名称“System.Windows.Input.Manipulations.resources”
         			与预期名称“Microsoft.Windows.SDK.NET, Version=10.0.17763.24, Culture=neutral, PublicKeyToken=31bf3856ad364e35”不匹配。
                 已考虑使用“publish-sc\tr\System.Xaml.resources.dll”，
         			但它的名称“System.Xaml.resources”
         			与预期名称“Microsoft.Windows.SDK.NET, Version=10.0.17763.24, Culture=neutral, PublicKeyToken=31bf3856ad364e35”不匹配。
                 已考虑使用“publish-sc\tr\UIAutomationClient.resources.dll”，
         			但它的名称“UIAutomationClient.resources”
         			与预期名称“Microsoft.Windows.SDK.NET, Version=10.0.17763.24, Culture=neutral, PublicKeyToken=31bf3856ad364e35”不匹配。
                 已考虑使用“publish-sc\tr\UIAutomationClientSideProviders.resources.dll”，
         			但它的名称“UIAutomationClientSideProviders.resources”
         			与预期名称“Microsoft.Windows.SDK.NET, Version=10.0.17763.24, Culture=neutral, PublicKeyToken=31bf3856ad364e35”不匹配。
                 已考虑使用“publish-sc\tr\UIAutomationProvider.resources.dll”，
         			但它的名称“UIAutomationProvider.resources”
         			与预期名称“Microsoft.Windows.SDK.NET, Version=10.0.17763.24, Culture=neutral, PublicKeyToken=31bf3856ad364e35”不匹配。
                 已考虑使用“publish-sc\tr\UIAutomationTypes.resources.dll”，
         			但它的名称“UIAutomationTypes.resources”
         			与预期名称“Microsoft.Windows.SDK.NET, Version=10.0.17763.24, Culture=neutral, PublicKeyToken=31bf3856ad364e35”不匹配。
                 已考虑使用“publish-sc\tr\WindowsBase.resources.dll”，
         			但它的名称“WindowsBase.resources”
         			与预期名称“Microsoft.Windows.SDK.NET, Version=10.0.17763.24, Culture=neutral, PublicKeyToken=31bf3856ad364e35”不匹配。
                 已考虑使用“publish-sc\tr\WindowsFormsIntegration.resources.dll”，
         			但它的名称“WindowsFormsIntegration.resources”
         			与预期名称“Microsoft.Windows.SDK.NET, Version=10.0.17763.24, Culture=neutral, PublicKeyToken=31bf3856ad364e35”不匹配。
                 已考虑使用“publish-sc\UIAutomationClient.dll”，
         			但它的名称“UIAutomationClient”
         			与预期名称“Microsoft.Windows.SDK.NET, Version=10.0.17763.24, Culture=neutral, PublicKeyToken=31bf3856ad364e35”不匹配。
                 已考虑使用“publish-sc\UIAutomationClientSideProviders.dll”，
         			但它的名称“UIAutomationClientSideProviders”
         			与预期名称“Microsoft.Windows.SDK.NET, Version=10.0.17763.24, Culture=neutral, PublicKeyToken=31bf3856ad364e35”不匹配。
                 已考虑使用“publish-sc\UIAutomationProvider.dll”，
         			但它的名称“UIAutomationProvider”
         			与预期名称“Microsoft.Windows.SDK.NET, Version=10.0.17763.24, Culture=neutral, PublicKeyToken=31bf3856ad364e35”不匹配。
                 已考虑使用“publish-sc\UIAutomationTypes.dll”，
         			但它的名称“UIAutomationTypes”
         			与预期名称“Microsoft.Windows.SDK.NET, Version=10.0.17763.24, Culture=neutral, PublicKeyToken=31bf3856ad364e35”不匹配。
                 已考虑使用“publish-sc\vcruntime140_cor3.dll”，
         			但它的名称“vcruntime140_cor3”
         			与预期名称“Microsoft.Windows.SDK.NET, Version=10.0.17763.24, Culture=neutral, PublicKeyToken=31bf3856ad364e35”不匹配。
                 已考虑使用“publish-sc\WebView2Loader.dll”，
         			但它的名称“WebView2Loader”
         			与预期名称“Microsoft.Windows.SDK.NET, Version=10.0.17763.24, Culture=neutral, PublicKeyToken=31bf3856ad364e35”不匹配。
                 已考虑使用“publish-sc\WebViewHub.dll”，
         			但它的名称“WebViewHub”
         			与预期名称“Microsoft.Windows.SDK.NET, Version=10.0.17763.24, Culture=neutral, PublicKeyToken=31bf3856ad364e35”不匹配。
                 已考虑使用“publish-sc\WebViewHub.exe”，
         			但它的名称“WebViewHub”
         			与预期名称“Microsoft.Windows.SDK.NET, Version=10.0.17763.24, Culture=neutral, PublicKeyToken=31bf3856ad364e35”不匹配。
                 已考虑使用“publish-sc\WindowsBase.dll”，
         			但它的名称“WindowsBase”
         			与预期名称“Microsoft.Windows.SDK.NET, Version=10.0.17763.24, Culture=neutral, PublicKeyToken=31bf3856ad364e35”不匹配。
                 已考虑使用“publish-sc\WindowsFormsIntegration.dll”，
         			但它的名称“WindowsFormsIntegration”
         			与预期名称“Microsoft.Windows.SDK.NET, Version=10.0.17763.24, Culture=neutral, PublicKeyToken=31bf3856ad364e35”不匹配。
                 已考虑使用“publish-sc\wpfgfx_cor3.dll”，
         			但它的名称“wpfgfx_cor3”
         			与预期名称“Microsoft.Windows.SDK.NET, Version=10.0.17763.24, Culture=neutral, PublicKeyToken=31bf3856ad364e35”不匹配。
                 已考虑使用“publish-sc\zh-Hans\Microsoft.VisualBasic.Forms.resources.dll”，
         			但它的名称“Microsoft.VisualBasic.Forms.resources”
         			与预期名称“Microsoft.Windows.SDK.NET, Version=10.0.17763.24, Culture=neutral, PublicKeyToken=31bf3856ad364e35”不匹配。
                 已考虑使用“publish-sc\zh-Hans\PresentationCore.resources.dll”，
         			但它的名称“PresentationCore.resources”
         			与预期名称“Microsoft.Windows.SDK.NET, Version=10.0.17763.24, Culture=neutral, PublicKeyToken=31bf3856ad364e35”不匹配。
                 已考虑使用“publish-sc\zh-Hans\PresentationFramework.resources.dll”，
         			但它的名称“PresentationFramework.resources”
         			与预期名称“Microsoft.Windows.SDK.NET, Version=10.0.17763.24, Culture=neutral, PublicKeyToken=31bf3856ad364e35”不匹配。
                 已考虑使用“publish-sc\zh-Hans\PresentationUI.resources.dll”，
         			但它的名称“PresentationUI.resources”
         			与预期名称“Microsoft.Windows.SDK.NET, Version=10.0.17763.24, Culture=neutral, PublicKeyToken=31bf3856ad364e35”不匹配。
                 已考虑使用“publish-sc\zh-Hans\ReachFramework.resources.dll”，
         			但它的名称“ReachFramework.resources”
         			与预期名称“Microsoft.Windows.SDK.NET, Version=10.0.17763.24, Culture=neutral, PublicKeyToken=31bf3856ad364e35”不匹配。
                 已考虑使用“publish-sc\zh-Hans\System.Windows.Controls.Ribbon.resources.dll”，
         			但它的名称“System.Windows.Controls.Ribbon.resources”
         			与预期名称“Microsoft.Windows.SDK.NET, Version=10.0.17763.24, Culture=neutral, PublicKeyToken=31bf3856ad364e35”不匹配。
                 已考虑使用“publish-sc\zh-Hans\System.Windows.Forms.Design.resources.dll”，
         			但它的名称“System.Windows.Forms.Design.resources”
         			与预期名称“Microsoft.Windows.SDK.NET, Version=10.0.17763.24, Culture=neutral, PublicKeyToken=31bf3856ad364e35”不匹配。
                 已考虑使用“publish-sc\zh-Hans\System.Windows.Forms.Primitives.resources.dll”，
         			但它的名称“System.Windows.Forms.Primitives.resources”
         			与预期名称“Microsoft.Windows.SDK.NET, Version=10.0.17763.24, Culture=neutral, PublicKeyToken=31bf3856ad364e35”不匹配。
                 已考虑使用“publish-sc\zh-Hans\System.Windows.Forms.resources.dll”，
         			但它的名称“System.Windows.Forms.resources”
         			与预期名称“Microsoft.Windows.SDK.NET, Version=10.0.17763.24, Culture=neutral, PublicKeyToken=31bf3856ad364e35”不匹配。
                 已考虑使用“publish-sc\zh-Hans\System.Windows.Input.Manipulations.resources.dll”，
         			但它的名称“System.Windows.Input.Manipulations.resources”
         			与预期名称“Microsoft.Windows.SDK.NET, Version=10.0.17763.24, Culture=neutral, PublicKeyToken=31bf3856ad364e35”不匹配。
                 已考虑使用“publish-sc\zh-Hans\System.Xaml.resources.dll”，
         			但它的名称“System.Xaml.resources”
         			与预期名称“Microsoft.Windows.SDK.NET, Version=10.0.17763.24, Culture=neutral, PublicKeyToken=31bf3856ad364e35”不匹配。
                 已考虑使用“publish-sc\zh-Hans\UIAutomationClient.resources.dll”，
         			但它的名称“UIAutomationClient.resources”
         			与预期名称“Microsoft.Windows.SDK.NET, Version=10.0.17763.24, Culture=neutral, PublicKeyToken=31bf3856ad364e35”不匹配。
                 已考虑使用“publish-sc\zh-Hans\UIAutomationClientSideProviders.resources.dll”，
         			但它的名称“UIAutomationClientSideProviders.resources”
         			与预期名称“Microsoft.Windows.SDK.NET, Version=10.0.17763.24, Culture=neutral, PublicKeyToken=31bf3856ad364e35”不匹配。
                 已考虑使用“publish-sc\zh-Hans\UIAutomationProvider.resources.dll”，
         			但它的名称“UIAutomationProvider.resources”
         			与预期名称“Microsoft.Windows.SDK.NET, Version=10.0.17763.24, Culture=neutral, PublicKeyToken=31bf3856ad364e35”不匹配。
                 已考虑使用“publish-sc\zh-Hans\UIAutomationTypes.resources.dll”，
         			但它的名称“UIAutomationTypes.resources”
         			与预期名称“Microsoft.Windows.SDK.NET, Version=10.0.17763.24, Culture=neutral, PublicKeyToken=31bf3856ad364e35”不匹配。
                 已考虑使用“publish-sc\zh-Hans\WindowsBase.resources.dll”，
         			但它的名称“WindowsBase.resources”
         			与预期名称“Microsoft.Windows.SDK.NET, Version=10.0.17763.24, Culture=neutral, PublicKeyToken=31bf3856ad364e35”不匹配。
                 已考虑使用“publish-sc\zh-Hans\WindowsFormsIntegration.resources.dll”，
         			但它的名称“WindowsFormsIntegration.resources”
         			与预期名称“Microsoft.Windows.SDK.NET, Version=10.0.17763.24, Culture=neutral, PublicKeyToken=31bf3856ad364e35”不匹配。
                 已考虑使用“publish-sc\zh-Hant\Microsoft.VisualBasic.Forms.resources.dll”，
         			但它的名称“Microsoft.VisualBasic.Forms.resources”
         			与预期名称“Microsoft.Windows.SDK.NET, Version=10.0.17763.24, Culture=neutral, PublicKeyToken=31bf3856ad364e35”不匹配。
                 已考虑使用“publish-sc\zh-Hant\PresentationCore.resources.dll”，
         			但它的名称“PresentationCore.resources”
         			与预期名称“Microsoft.Windows.SDK.NET, Version=10.0.17763.24, Culture=neutral, PublicKeyToken=31bf3856ad364e35”不匹配。
                 已考虑使用“publish-sc\zh-Hant\PresentationFramework.resources.dll”，
         			但它的名称“PresentationFramework.resources”
         			与预期名称“Microsoft.Windows.SDK.NET, Version=10.0.17763.24, Culture=neutral, PublicKeyToken=31bf3856ad364e35”不匹配。
                 已考虑使用“publish-sc\zh-Hant\PresentationUI.resources.dll”，
         			但它的名称“PresentationUI.resources”
         			与预期名称“Microsoft.Windows.SDK.NET, Version=10.0.17763.24, Culture=neutral, PublicKeyToken=31bf3856ad364e35”不匹配。
                 已考虑使用“publish-sc\zh-Hant\ReachFramework.resources.dll”，
         			但它的名称“ReachFramework.resources”
         			与预期名称“Microsoft.Windows.SDK.NET, Version=10.0.17763.24, Culture=neutral, PublicKeyToken=31bf3856ad364e35”不匹配。
                 已考虑使用“publish-sc\zh-Hant\System.Windows.Controls.Ribbon.resources.dll”，
         			但它的名称“System.Windows.Controls.Ribbon.resources”
         			与预期名称“Microsoft.Windows.SDK.NET, Version=10.0.17763.24, Culture=neutral, PublicKeyToken=31bf3856ad364e35”不匹配。
                 已考虑使用“publish-sc\zh-Hant\System.Windows.Forms.Design.resources.dll”，
         			但它的名称“System.Windows.Forms.Design.resources”
         			与预期名称“Microsoft.Windows.SDK.NET, Version=10.0.17763.24, Culture=neutral, PublicKeyToken=31bf3856ad364e35”不匹配。
                 已考虑使用“publish-sc\zh-Hant\System.Windows.Forms.Primitives.resources.dll”，
         			但它的名称“System.Windows.Forms.Primitives.resources”
         			与预期名称“Microsoft.Windows.SDK.NET, Version=10.0.17763.24, Culture=neutral, PublicKeyToken=31bf3856ad364e35”不匹配。
                 已考虑使用“publish-sc\zh-Hant\System.Windows.Forms.resources.dll”，
         			但它的名称“System.Windows.Forms.resources”
         			与预期名称“Microsoft.Windows.SDK.NET, Version=10.0.17763.24, Culture=neutral, PublicKeyToken=31bf3856ad364e35”不匹配。
                 已考虑使用“publish-sc\zh-Hant\System.Windows.Input.Manipulations.resources.dll”，
         			但它的名称“System.Windows.Input.Manipulations.resources”
         			与预期名称“Microsoft.Windows.SDK.NET, Version=10.0.17763.24, Culture=neutral, PublicKeyToken=31bf3856ad364e35”不匹配。
                 已考虑使用“publish-sc\zh-Hant\System.Xaml.resources.dll”，
         			但它的名称“System.Xaml.resources”
         			与预期名称“Microsoft.Windows.SDK.NET, Version=10.0.17763.24, Culture=neutral, PublicKeyToken=31bf3856ad364e35”不匹配。
                 已考虑使用“publish-sc\zh-Hant\UIAutomationClient.resources.dll”，
         			但它的名称“UIAutomationClient.resources”
         			与预期名称“Microsoft.Windows.SDK.NET, Version=10.0.17763.24, Culture=neutral, PublicKeyToken=31bf3856ad364e35”不匹配。
                 已考虑使用“publish-sc\zh-Hant\UIAutomationClientSideProviders.resources.dll”，
         			但它的名称“UIAutomationClientSideProviders.resources”
         			与预期名称“Microsoft.Windows.SDK.NET, Version=10.0.17763.24, Culture=neutral, PublicKeyToken=31bf3856ad364e35”不匹配。
                 已考虑使用“publish-sc\zh-Hant\UIAutomationProvider.resources.dll”，
         			但它的名称“UIAutomationProvider.resources”
         			与预期名称“Microsoft.Windows.SDK.NET, Version=10.0.17763.24, Culture=neutral, PublicKeyToken=31bf3856ad364e35”不匹配。
                 已考虑使用“publish-sc\zh-Hant\UIAutomationTypes.resources.dll”，
         			但它的名称“UIAutomationTypes.resources”
         			与预期名称“Microsoft.Windows.SDK.NET, Version=10.0.17763.24, Culture=neutral, PublicKeyToken=31bf3856ad364e35”不匹配。
                 已考虑使用“publish-sc\zh-Hant\WindowsBase.resources.dll”，
         			但它的名称“WindowsBase.resources”
         			与预期名称“Microsoft.Windows.SDK.NET, Version=10.0.17763.24, Culture=neutral, PublicKeyToken=31bf3856ad364e35”不匹配。
                 已考虑使用“publish-sc\zh-Hant\WindowsFormsIntegration.resources.dll”，
         			但它的名称“WindowsFormsIntegration.resources”
         			与预期名称“Microsoft.Windows.SDK.NET, Version=10.0.17763.24, Culture=neutral, PublicKeyToken=31bf3856ad364e35”不匹配。
                 已考虑使用“publish\CommunityToolkit.Mvvm.dll”，
         			但它的名称“CommunityToolkit.Mvvm”
         			与预期名称“Microsoft.Windows.SDK.NET, Version=10.0.17763.24, Culture=neutral, PublicKeyToken=31bf3856ad364e35”不匹配。
                 已考虑使用“publish\e_sqlite3.dll”，
         			但它的名称“e_sqlite3”
         			与预期名称“Microsoft.Windows.SDK.NET, Version=10.0.17763.24, Culture=neutral, PublicKeyToken=31bf3856ad364e35”不匹配。
                 已考虑使用“publish\Microsoft.Data.Sqlite.dll”，
         			但它的名称“Microsoft.Data.Sqlite”
         			与预期名称“Microsoft.Windows.SDK.NET, Version=10.0.17763.24, Culture=neutral, PublicKeyToken=31bf3856ad364e35”不匹配。
                 已考虑使用“publish\Microsoft.Web.WebView2.Core.dll”，
         			但它的名称“Microsoft.Web.WebView2.Core”
         			与预期名称“Microsoft.Windows.SDK.NET, Version=10.0.17763.24, Culture=neutral, PublicKeyToken=31bf3856ad364e35”不匹配。
                 已考虑使用“publish\Microsoft.Web.WebView2.WinForms.dll”，
         			但它的名称“Microsoft.Web.WebView2.WinForms”
         			与预期名称“Microsoft.Windows.SDK.NET, Version=10.0.17763.24, Culture=neutral, PublicKeyToken=31bf3856ad364e35”不匹配。
                 已考虑使用“publish\Microsoft.Web.WebView2.Wpf.dll”，
         			但它的名称“Microsoft.Web.WebView2.Wpf”
         			与预期名称“Microsoft.Windows.SDK.NET, Version=10.0.17763.24, Culture=neutral, PublicKeyToken=31bf3856ad364e35”不匹配。
                 已考虑使用“publish\runtimes\win-x64\native\WebView2Loader.dll”，
         			但它的名称“WebView2Loader”
         			与预期名称“Microsoft.Windows.SDK.NET, Version=10.0.17763.24, Culture=neutral, PublicKeyToken=31bf3856ad364e35”不匹配。
                 已考虑使用“publish\SQLitePCLRaw.batteries_v2.dll”，
         			但它的名称“SQLitePCLRaw.batteries_v2”
         			与预期名称“Microsoft.Windows.SDK.NET, Version=10.0.17763.24, Culture=neutral, PublicKeyToken=31bf3856ad364e35”不匹配。
                 已考虑使用“publish\SQLitePCLRaw.core.dll”，
         			但它的名称“SQLitePCLRaw.core”
         			与预期名称“Microsoft.Windows.SDK.NET, Version=10.0.17763.24, Culture=neutral, PublicKeyToken=31bf3856ad364e35”不匹配。
                 已考虑使用“publish\SQLitePCLRaw.provider.e_sqlite3.dll”，
         			但它的名称“SQLitePCLRaw.provider.e_sqlite3”
         			与预期名称“Microsoft.Windows.SDK.NET, Version=10.0.17763.24, Culture=neutral, PublicKeyToken=31bf3856ad364e35”不匹配。
                 已考虑使用“publish\System.IO.Pipelines.dll”，
         			但它的名称“System.IO.Pipelines”
         			与预期名称“Microsoft.Windows.SDK.NET, Version=10.0.17763.24, Culture=neutral, PublicKeyToken=31bf3856ad364e35”不匹配。
                 已考虑使用“publish\System.Text.Encodings.Web.dll”，
         			但它的名称“System.Text.Encodings.Web”
         			与预期名称“Microsoft.Windows.SDK.NET, Version=10.0.17763.24, Culture=neutral, PublicKeyToken=31bf3856ad364e35”不匹配。
                 已考虑使用“publish\System.Text.Json.dll”，
         			但它的名称“System.Text.Json”
         			与预期名称“Microsoft.Windows.SDK.NET, Version=10.0.17763.24, Culture=neutral, PublicKeyToken=31bf3856ad364e35”不匹配。
                 已考虑使用“publish\WebView2Loader.dll”，
         			但它的名称“WebView2Loader”
         			与预期名称“Microsoft.Windows.SDK.NET, Version=10.0.17763.24, Culture=neutral, PublicKeyToken=31bf3856ad364e35”不匹配。
                 已考虑使用“publish\WebViewHub.dll”，
         			但它的名称“WebViewHub”
         			与预期名称“Microsoft.Windows.SDK.NET, Version=10.0.17763.24, Culture=neutral, PublicKeyToken=31bf3856ad364e35”不匹配。
                 已考虑使用“publish\WebViewHub.exe”，
         			但它的名称“WebViewHub”
         			与预期名称“Microsoft.Windows.SDK.NET, Version=10.0.17763.24, Culture=neutral, PublicKeyToken=31bf3856ad364e35”不匹配。
             “C:\Users\Administrator\.nuget\packages\microsoft.web.webview2\1.0.2849.39\buildTransitive\..\\lib_manual\net5.0-windows10.0.17763.0\Microsoft.Web.WebView2.Wpf.dll”所必需的。
         依赖项“WinRT.Runtime, Version=1.6.0.0, Culture=neutral, PublicKeyToken=99ea127f02d97709”。
             未能解析此引用。未能找到程序集“WinRT.Runtime, Version=1.6.0.0, Culture=neutral, PublicKeyToken=99ea127f02d97709”。请检查磁盘上是否存在该程序集。 如果您的代码需要此引用，则可能出现编译错误。
                 对于 SearchPath“C:\Users\Administrator\.nuget\packages\microsoft.web.webview2\1.0.2849.39\lib_manual\net5.0-windows10.0.17763.0”(通过引用程序集“C:\Users\Administrator\.nuget\packages\microsoft.web.webview2\1.0.2849.39\lib_manual\net5.0-windows10.0.17763.0\Microsoft.Web.WebView2.Wpf.dll”添加)。
                 已考虑使用“C:\Users\Administrator\.nuget\packages\microsoft.web.webview2\1.0.2849.39\lib_manual\net5.0-windows10.0.17763.0\WinRT.Runtime.winmd”，但它不存在。
                 已考虑使用“C:\Users\Administrator\.nuget\packages\microsoft.web.webview2\1.0.2849.39\lib_manual\net5.0-windows10.0.17763.0\WinRT.Runtime.dll”，但它不存在。
                 已考虑使用“C:\Users\Administrator\.nuget\packages\microsoft.web.webview2\1.0.2849.39\lib_manual\net5.0-windows10.0.17763.0\WinRT.Runtime.exe”，但它不存在。
                 用于 SearchPath“{CandidateAssemblyFiles}”。
                 已考虑使用“C:\Users\Administrator\.nuget\packages\microsoft.web.webview2\1.0.2849.39\build\\..\runtimes\win-x86\native\WebView2Loader.dll”，
         			但它的名称“WebView2Loader”
         			与预期名称“WinRT.Runtime, Version=1.6.0.0, Culture=neutral, PublicKeyToken=99ea127f02d97709”不匹配。
                 已考虑使用“C:\Users\Administrator\.nuget\packages\microsoft.web.webview2\1.0.2849.39\build\\..\runtimes\win-x64\native\WebView2Loader.dll”，
         			但它的名称“WebView2Loader”
         			与预期名称“WinRT.Runtime, Version=1.6.0.0, Culture=neutral, PublicKeyToken=99ea127f02d97709”不匹配。
                 已考虑使用“C:\Users\Administrator\.nuget\packages\microsoft.web.webview2\1.0.2849.39\build\\..\runtimes\win-arm64\native\WebView2Loader.dll”，
         			但它的名称“WebView2Loader”
         			与预期名称“WinRT.Runtime, Version=1.6.0.0, Culture=neutral, PublicKeyToken=99ea127f02d97709”不匹配。
                 已考虑使用“installer\WebViewHub_Install_v1.0.0.exe”，
         			但它的名称“WebViewHub_Install_v1.0.0”
         			与预期名称“WinRT.Runtime, Version=1.6.0.0, Culture=neutral, PublicKeyToken=99ea127f02d97709”不匹配。
                 已考虑使用“publish-clean\D3DCompiler_47_cor3.dll”，
         			但它的名称“D3DCompiler_47_cor3”
         			与预期名称“WinRT.Runtime, Version=1.6.0.0, Culture=neutral, PublicKeyToken=99ea127f02d97709”不匹配。
                 已考虑使用“publish-clean\e_sqlite3.dll”，
         			但它的名称“e_sqlite3”
         			与预期名称“WinRT.Runtime, Version=1.6.0.0, Culture=neutral, PublicKeyToken=99ea127f02d97709”不匹配。
                 已考虑使用“publish-clean\PenImc_cor3.dll”，
         			但它的名称“PenImc_cor3”
         			与预期名称“WinRT.Runtime, Version=1.6.0.0, Culture=neutral, PublicKeyToken=99ea127f02d97709”不匹配。
                 已考虑使用“publish-clean\PresentationNative_cor3.dll”，
         			但它的名称“PresentationNative_cor3”
         			与预期名称“WinRT.Runtime, Version=1.6.0.0, Culture=neutral, PublicKeyToken=99ea127f02d97709”不匹配。
                 已考虑使用“publish-clean\runtimes\win-x64\native\WebView2Loader.dll”，
         			但它的名称“WebView2Loader”
         			与预期名称“WinRT.Runtime, Version=1.6.0.0, Culture=neutral, PublicKeyToken=99ea127f02d97709”不匹配。
                 已考虑使用“publish-clean\vcruntime140_cor3.dll”，
         			但它的名称“vcruntime140_cor3”
         			与预期名称“WinRT.Runtime, Version=1.6.0.0, Culture=neutral, PublicKeyToken=99ea127f02d97709”不匹配。
                 已考虑使用“publish-clean\WebView2Loader.dll”，
         			但它的名称“WebView2Loader”
         			与预期名称“WinRT.Runtime, Version=1.6.0.0, Culture=neutral, PublicKeyToken=99ea127f02d97709”不匹配。
                 已考虑使用“publish-clean\WebViewHub.exe”，
         			但它的名称“WebViewHub”
         			与预期名称“WinRT.Runtime, Version=1.6.0.0, Culture=neutral, PublicKeyToken=99ea127f02d97709”不匹配。
                 已考虑使用“publish-clean\wpfgfx_cor3.dll”，
         			但它的名称“wpfgfx_cor3”
         			与预期名称“WinRT.Runtime, Version=1.6.0.0, Culture=neutral, PublicKeyToken=99ea127f02d97709”不匹配。
                 已考虑使用“publish-sc\Accessibility.dll”，
         			但它的名称“Accessibility”
         			与预期名称“WinRT.Runtime, Version=1.6.0.0, Culture=neutral, PublicKeyToken=99ea127f02d97709”不匹配。
                 已考虑使用“publish-sc\clretwrc.dll”，
         			但它的名称“clretwrc”
         			与预期名称“WinRT.Runtime, Version=1.6.0.0, Culture=neutral, PublicKeyToken=99ea127f02d97709”不匹配。
                 已考虑使用“publish-sc\clrgc.dll”，
         			但它的名称“clrgc”
         			与预期名称“WinRT.Runtime, Version=1.6.0.0, Culture=neutral, PublicKeyToken=99ea127f02d97709”不匹配。
                 已考虑使用“publish-sc\clrjit.dll”，
         			但它的名称“clrjit”
         			与预期名称“WinRT.Runtime, Version=1.6.0.0, Culture=neutral, PublicKeyToken=99ea127f02d97709”不匹配。
                 已考虑使用“publish-sc\CommunityToolkit.Mvvm.dll”，
         			但它的名称“CommunityToolkit.Mvvm”
         			与预期名称“WinRT.Runtime, Version=1.6.0.0, Culture=neutral, PublicKeyToken=99ea127f02d97709”不匹配。
                 已考虑使用“publish-sc\coreclr.dll”，
         			但它的名称“coreclr”
         			与预期名称“WinRT.Runtime, Version=1.6.0.0, Culture=neutral, PublicKeyToken=99ea127f02d97709”不匹配。
                 已考虑使用“publish-sc\createdump.exe”，
         			但它的名称“createdump”
         			与预期名称“WinRT.Runtime, Version=1.6.0.0, Culture=neutral, PublicKeyToken=99ea127f02d97709”不匹配。
                 已考虑使用“publish-sc\cs\Microsoft.VisualBasic.Forms.resources.dll”，
         			但它的名称“Microsoft.VisualBasic.Forms.resources”
         			与预期名称“WinRT.Runtime, Version=1.6.0.0, Culture=neutral, PublicKeyToken=99ea127f02d97709”不匹配。
                 已考虑使用“publish-sc\cs\PresentationCore.resources.dll”，
         			但它的名称“PresentationCore.resources”
         			与预期名称“WinRT.Runtime, Version=1.6.0.0, Culture=neutral, PublicKeyToken=99ea127f02d97709”不匹配。
                 已考虑使用“publish-sc\cs\PresentationFramework.resources.dll”，
         			但它的名称“PresentationFramework.resources”
         			与预期名称“WinRT.Runtime, Version=1.6.0.0, Culture=neutral, PublicKeyToken=99ea127f02d97709”不匹配。
                 已考虑使用“publish-sc\cs\PresentationUI.resources.dll”，
         			但它的名称“PresentationUI.resources”
         			与预期名称“WinRT.Runtime, Version=1.6.0.0, Culture=neutral, PublicKeyToken=99ea127f02d97709”不匹配。
                 已考虑使用“publish-sc\cs\ReachFramework.resources.dll”，
         			但它的名称“ReachFramework.resources”
         			与预期名称“WinRT.Runtime, Version=1.6.0.0, Culture=neutral, PublicKeyToken=99ea127f02d97709”不匹配。
                 已考虑使用“publish-sc\cs\System.Windows.Controls.Ribbon.resources.dll”，
         			但它的名称“System.Windows.Controls.Ribbon.resources”
         			与预期名称“WinRT.Runtime, Version=1.6.0.0, Culture=neutral, PublicKeyToken=99ea127f02d97709”不匹配。
                 已考虑使用“publish-sc\cs\System.Windows.Forms.Design.resources.dll”，
         			但它的名称“System.Windows.Forms.Design.resources”
         			与预期名称“WinRT.Runtime, Version=1.6.0.0, Culture=neutral, PublicKeyToken=99ea127f02d97709”不匹配。
                 已考虑使用“publish-sc\cs\System.Windows.Forms.Primitives.resources.dll”，
         			但它的名称“System.Windows.Forms.Primitives.resources”
         			与预期名称“WinRT.Runtime, Version=1.6.0.0, Culture=neutral, PublicKeyToken=99ea127f02d97709”不匹配。
                 已考虑使用“publish-sc\cs\System.Windows.Forms.resources.dll”，
         			但它的名称“System.Windows.Forms.resources”
         			与预期名称“WinRT.Runtime, Version=1.6.0.0, Culture=neutral, PublicKeyToken=99ea127f02d97709”不匹配。
                 已考虑使用“publish-sc\cs\System.Windows.Input.Manipulations.resources.dll”，
         			但它的名称“System.Windows.Input.Manipulations.resources”
         			与预期名称“WinRT.Runtime, Version=1.6.0.0, Culture=neutral, PublicKeyToken=99ea127f02d97709”不匹配。
                 已考虑使用“publish-sc\cs\System.Xaml.resources.dll”，
         			但它的名称“System.Xaml.resources”
         			与预期名称“WinRT.Runtime, Version=1.6.0.0, Culture=neutral, PublicKeyToken=99ea127f02d97709”不匹配。
                 已考虑使用“publish-sc\cs\UIAutomationClient.resources.dll”，
         			但它的名称“UIAutomationClient.resources”
         			与预期名称“WinRT.Runtime, Version=1.6.0.0, Culture=neutral, PublicKeyToken=99ea127f02d97709”不匹配。
                 已考虑使用“publish-sc\cs\UIAutomationClientSideProviders.resources.dll”，
         			但它的名称“UIAutomationClientSideProviders.resources”
         			与预期名称“WinRT.Runtime, Version=1.6.0.0, Culture=neutral, PublicKeyToken=99ea127f02d97709”不匹配。
                 已考虑使用“publish-sc\cs\UIAutomationProvider.resources.dll”，
         			但它的名称“UIAutomationProvider.resources”
         			与预期名称“WinRT.Runtime, Version=1.6.0.0, Culture=neutral, PublicKeyToken=99ea127f02d97709”不匹配。
                 已考虑使用“publish-sc\cs\UIAutomationTypes.resources.dll”，
         			但它的名称“UIAutomationTypes.resources”
         			与预期名称“WinRT.Runtime, Version=1.6.0.0, Culture=neutral, PublicKeyToken=99ea127f02d97709”不匹配。
                 已考虑使用“publish-sc\cs\WindowsBase.resources.dll”，
         			但它的名称“WindowsBase.resources”
         			与预期名称“WinRT.Runtime, Version=1.6.0.0, Culture=neutral, PublicKeyToken=99ea127f02d97709”不匹配。
                 已考虑使用“publish-sc\cs\WindowsFormsIntegration.resources.dll”，
         			但它的名称“WindowsFormsIntegration.resources”
         			与预期名称“WinRT.Runtime, Version=1.6.0.0, Culture=neutral, PublicKeyToken=99ea127f02d97709”不匹配。
                 已考虑使用“publish-sc\D3DCompiler_47_cor3.dll”，
         			但它的名称“D3DCompiler_47_cor3”
         			与预期名称“WinRT.Runtime, Version=1.6.0.0, Culture=neutral, PublicKeyToken=99ea127f02d97709”不匹配。
                 已考虑使用“publish-sc\de\Microsoft.VisualBasic.Forms.resources.dll”，
         			但它的名称“Microsoft.VisualBasic.Forms.resources”
         			与预期名称“WinRT.Runtime, Version=1.6.0.0, Culture=neutral, PublicKeyToken=99ea127f02d97709”不匹配。
                 已考虑使用“publish-sc\de\PresentationCore.resources.dll”，
         			但它的名称“PresentationCore.resources”
         			与预期名称“WinRT.Runtime, Version=1.6.0.0, Culture=neutral, PublicKeyToken=99ea127f02d97709”不匹配。
                 已考虑使用“publish-sc\de\PresentationFramework.resources.dll”，
         			但它的名称“PresentationFramework.resources”
         			与预期名称“WinRT.Runtime, Version=1.6.0.0, Culture=neutral, PublicKeyToken=99ea127f02d97709”不匹配。
                 已考虑使用“publish-sc\de\PresentationUI.resources.dll”，
         			但它的名称“PresentationUI.resources”
         			与预期名称“WinRT.Runtime, Version=1.6.0.0, Culture=neutral, PublicKeyToken=99ea127f02d97709”不匹配。
                 已考虑使用“publish-sc\de\ReachFramework.resources.dll”，
         			但它的名称“ReachFramework.resources”
         			与预期名称“WinRT.Runtime, Version=1.6.0.0, Culture=neutral, PublicKeyToken=99ea127f02d97709”不匹配。
                 已考虑使用“publish-sc\de\System.Windows.Controls.Ribbon.resources.dll”，
         			但它的名称“System.Windows.Controls.Ribbon.resources”
         			与预期名称“WinRT.Runtime, Version=1.6.0.0, Culture=neutral, PublicKeyToken=99ea127f02d97709”不匹配。
                 已考虑使用“publish-sc\de\System.Windows.Forms.Design.resources.dll”，
         			但它的名称“System.Windows.Forms.Design.resources”
         			与预期名称“WinRT.Runtime, Version=1.6.0.0, Culture=neutral, PublicKeyToken=99ea127f02d97709”不匹配。
                 已考虑使用“publish-sc\de\System.Windows.Forms.Primitives.resources.dll”，
         			但它的名称“System.Windows.Forms.Primitives.resources”
         			与预期名称“WinRT.Runtime, Version=1.6.0.0, Culture=neutral, PublicKeyToken=99ea127f02d97709”不匹配。
                 已考虑使用“publish-sc\de\System.Windows.Forms.resources.dll”，
         			但它的名称“System.Windows.Forms.resources”
         			与预期名称“WinRT.Runtime, Version=1.6.0.0, Culture=neutral, PublicKeyToken=99ea127f02d97709”不匹配。
                 已考虑使用“publish-sc\de\System.Windows.Input.Manipulations.resources.dll”，
         			但它的名称“System.Windows.Input.Manipulations.resources”
         			与预期名称“WinRT.Runtime, Version=1.6.0.0, Culture=neutral, PublicKeyToken=99ea127f02d97709”不匹配。
                 已考虑使用“publish-sc\de\System.Xaml.resources.dll”，
         			但它的名称“System.Xaml.resources”
         			与预期名称“WinRT.Runtime, Version=1.6.0.0, Culture=neutral, PublicKeyToken=99ea127f02d97709”不匹配。
                 已考虑使用“publish-sc\de\UIAutomationClient.resources.dll”，
         			但它的名称“UIAutomationClient.resources”
         			与预期名称“WinRT.Runtime, Version=1.6.0.0, Culture=neutral, PublicKeyToken=99ea127f02d97709”不匹配。
                 已考虑使用“publish-sc\de\UIAutomationClientSideProviders.resources.dll”，
         			但它的名称“UIAutomationClientSideProviders.resources”
         			与预期名称“WinRT.Runtime, Version=1.6.0.0, Culture=neutral, PublicKeyToken=99ea127f02d97709”不匹配。
                 已考虑使用“publish-sc\de\UIAutomationProvider.resources.dll”，
         			但它的名称“UIAutomationProvider.resources”
         			与预期名称“WinRT.Runtime, Version=1.6.0.0, Culture=neutral, PublicKeyToken=99ea127f02d97709”不匹配。
                 已考虑使用“publish-sc\de\UIAutomationTypes.resources.dll”，
         			但它的名称“UIAutomationTypes.resources”
         			与预期名称“WinRT.Runtime, Version=1.6.0.0, Culture=neutral, PublicKeyToken=99ea127f02d97709”不匹配。
                 已考虑使用“publish-sc\de\WindowsBase.resources.dll”，
         			但它的名称“WindowsBase.resources”
         			与预期名称“WinRT.Runtime, Version=1.6.0.0, Culture=neutral, PublicKeyToken=99ea127f02d97709”不匹配。
                 已考虑使用“publish-sc\de\WindowsFormsIntegration.resources.dll”，
         			但它的名称“WindowsFormsIntegration.resources”
         			与预期名称“WinRT.Runtime, Version=1.6.0.0, Culture=neutral, PublicKeyToken=99ea127f02d97709”不匹配。
                 已考虑使用“publish-sc\DirectWriteForwarder.dll”，
         			但它的名称“DirectWriteForwarder”
         			与预期名称“WinRT.Runtime, Version=1.6.0.0, Culture=neutral, PublicKeyToken=99ea127f02d97709”不匹配。
                 已考虑使用“publish-sc\es\Microsoft.VisualBasic.Forms.resources.dll”，
         			但它的名称“Microsoft.VisualBasic.Forms.resources”
         			与预期名称“WinRT.Runtime, Version=1.6.0.0, Culture=neutral, PublicKeyToken=99ea127f02d97709”不匹配。
                 已考虑使用“publish-sc\es\PresentationCore.resources.dll”，
         			但它的名称“PresentationCore.resources”
         			与预期名称“WinRT.Runtime, Version=1.6.0.0, Culture=neutral, PublicKeyToken=99ea127f02d97709”不匹配。
                 已考虑使用“publish-sc\es\PresentationFramework.resources.dll”，
         			但它的名称“PresentationFramework.resources”
         			与预期名称“WinRT.Runtime, Version=1.6.0.0, Culture=neutral, PublicKeyToken=99ea127f02d97709”不匹配。
                 已考虑使用“publish-sc\es\PresentationUI.resources.dll”，
         			但它的名称“PresentationUI.resources”
         			与预期名称“WinRT.Runtime, Version=1.6.0.0, Culture=neutral, PublicKeyToken=99ea127f02d97709”不匹配。
                 已考虑使用“publish-sc\es\ReachFramework.resources.dll”，
         			但它的名称“ReachFramework.resources”
         			与预期名称“WinRT.Runtime, Version=1.6.0.0, Culture=neutral, PublicKeyToken=99ea127f02d97709”不匹配。
                 已考虑使用“publish-sc\es\System.Windows.Controls.Ribbon.resources.dll”，
         			但它的名称“System.Windows.Controls.Ribbon.resources”
         			与预期名称“WinRT.Runtime, Version=1.6.0.0, Culture=neutral, PublicKeyToken=99ea127f02d97709”不匹配。
                 已考虑使用“publish-sc\es\System.Windows.Forms.Design.resources.dll”，
         			但它的名称“System.Windows.Forms.Design.resources”
         			与预期名称“WinRT.Runtime, Version=1.6.0.0, Culture=neutral, PublicKeyToken=99ea127f02d97709”不匹配。
                 已考虑使用“publish-sc\es\System.Windows.Forms.Primitives.resources.dll”，
         			但它的名称“System.Windows.Forms.Primitives.resources”
         			与预期名称“WinRT.Runtime, Version=1.6.0.0, Culture=neutral, PublicKeyToken=99ea127f02d97709”不匹配。
                 已考虑使用“publish-sc\es\System.Windows.Forms.resources.dll”，
         			但它的名称“System.Windows.Forms.resources”
         			与预期名称“WinRT.Runtime, Version=1.6.0.0, Culture=neutral, PublicKeyToken=99ea127f02d97709”不匹配。
                 已考虑使用“publish-sc\es\System.Windows.Input.Manipulations.resources.dll”，
         			但它的名称“System.Windows.Input.Manipulations.resources”
         			与预期名称“WinRT.Runtime, Version=1.6.0.0, Culture=neutral, PublicKeyToken=99ea127f02d97709”不匹配。
                 已考虑使用“publish-sc\es\System.Xaml.resources.dll”，
         			但它的名称“System.Xaml.resources”
         			与预期名称“WinRT.Runtime, Version=1.6.0.0, Culture=neutral, PublicKeyToken=99ea127f02d97709”不匹配。
                 已考虑使用“publish-sc\es\UIAutomationClient.resources.dll”，
         			但它的名称“UIAutomationClient.resources”
         			与预期名称“WinRT.Runtime, Version=1.6.0.0, Culture=neutral, PublicKeyToken=99ea127f02d97709”不匹配。
                 已考虑使用“publish-sc\es\UIAutomationClientSideProviders.resources.dll”，
         			但它的名称“UIAutomationClientSideProviders.resources”
         			与预期名称“WinRT.Runtime, Version=1.6.0.0, Culture=neutral, PublicKeyToken=99ea127f02d97709”不匹配。
                 已考虑使用“publish-sc\es\UIAutomationProvider.resources.dll”，
         			但它的名称“UIAutomationProvider.resources”
         			与预期名称“WinRT.Runtime, Version=1.6.0.0, Culture=neutral, PublicKeyToken=99ea127f02d97709”不匹配。
                 已考虑使用“publish-sc\es\UIAutomationTypes.resources.dll”，
         			但它的名称“UIAutomationTypes.resources”
         			与预期名称“WinRT.Runtime, Version=1.6.0.0, Culture=neutral, PublicKeyToken=99ea127f02d97709”不匹配。
                 已考虑使用“publish-sc\es\WindowsBase.resources.dll”，
         			但它的名称“WindowsBase.resources”
         			与预期名称“WinRT.Runtime, Version=1.6.0.0, Culture=neutral, PublicKeyToken=99ea127f02d97709”不匹配。
                 已考虑使用“publish-sc\es\WindowsFormsIntegration.resources.dll”，
         			但它的名称“WindowsFormsIntegration.resources”
         			与预期名称“WinRT.Runtime, Version=1.6.0.0, Culture=neutral, PublicKeyToken=99ea127f02d97709”不匹配。
                 已考虑使用“publish-sc\e_sqlite3.dll”，
         			但它的名称“e_sqlite3”
         			与预期名称“WinRT.Runtime, Version=1.6.0.0, Culture=neutral, PublicKeyToken=99ea127f02d97709”不匹配。
                 已考虑使用“publish-sc\fr\Microsoft.VisualBasic.Forms.resources.dll”，
         			但它的名称“Microsoft.VisualBasic.Forms.resources”
         			与预期名称“WinRT.Runtime, Version=1.6.0.0, Culture=neutral, PublicKeyToken=99ea127f02d97709”不匹配。
                 已考虑使用“publish-sc\fr\PresentationCore.resources.dll”，
         			但它的名称“PresentationCore.resources”
         			与预期名称“WinRT.Runtime, Version=1.6.0.0, Culture=neutral, PublicKeyToken=99ea127f02d97709”不匹配。
                 已考虑使用“publish-sc\fr\PresentationFramework.resources.dll”，
         			但它的名称“PresentationFramework.resources”
         			与预期名称“WinRT.Runtime, Version=1.6.0.0, Culture=neutral, PublicKeyToken=99ea127f02d97709”不匹配。
                 已考虑使用“publish-sc\fr\PresentationUI.resources.dll”，
         			但它的名称“PresentationUI.resources”
         			与预期名称“WinRT.Runtime, Version=1.6.0.0, Culture=neutral, PublicKeyToken=99ea127f02d97709”不匹配。
                 已考虑使用“publish-sc\fr\ReachFramework.resources.dll”，
         			但它的名称“ReachFramework.resources”
         			与预期名称“WinRT.Runtime, Version=1.6.0.0, Culture=neutral, PublicKeyToken=99ea127f02d97709”不匹配。
                 已考虑使用“publish-sc\fr\System.Windows.Controls.Ribbon.resources.dll”，
         			但它的名称“System.Windows.Controls.Ribbon.resources”
         			与预期名称“WinRT.Runtime, Version=1.6.0.0, Culture=neutral, PublicKeyToken=99ea127f02d97709”不匹配。
                 已考虑使用“publish-sc\fr\System.Windows.Forms.Design.resources.dll”，
         			但它的名称“System.Windows.Forms.Design.resources”
         			与预期名称“WinRT.Runtime, Version=1.6.0.0, Culture=neutral, PublicKeyToken=99ea127f02d97709”不匹配。
                 已考虑使用“publish-sc\fr\System.Windows.Forms.Primitives.resources.dll”，
         			但它的名称“System.Windows.Forms.Primitives.resources”
         			与预期名称“WinRT.Runtime, Version=1.6.0.0, Culture=neutral, PublicKeyToken=99ea127f02d97709”不匹配。
                 已考虑使用“publish-sc\fr\System.Windows.Forms.resources.dll”，
         			但它的名称“System.Windows.Forms.resources”
         			与预期名称“WinRT.Runtime, Version=1.6.0.0, Culture=neutral, PublicKeyToken=99ea127f02d97709”不匹配。
                 已考虑使用“publish-sc\fr\System.Windows.Input.Manipulations.resources.dll”，
         			但它的名称“System.Windows.Input.Manipulations.resources”
         			与预期名称“WinRT.Runtime, Version=1.6.0.0, Culture=neutral, PublicKeyToken=99ea127f02d97709”不匹配。
                 已考虑使用“publish-sc\fr\System.Xaml.resources.dll”，
         			但它的名称“System.Xaml.resources”
         			与预期名称“WinRT.Runtime, Version=1.6.0.0, Culture=neutral, PublicKeyToken=99ea127f02d97709”不匹配。
                 已考虑使用“publish-sc\fr\UIAutomationClient.resources.dll”，
         			但它的名称“UIAutomationClient.resources”
         			与预期名称“WinRT.Runtime, Version=1.6.0.0, Culture=neutral, PublicKeyToken=99ea127f02d97709”不匹配。
                 已考虑使用“publish-sc\fr\UIAutomationClientSideProviders.resources.dll”，
         			但它的名称“UIAutomationClientSideProviders.resources”
         			与预期名称“WinRT.Runtime, Version=1.6.0.0, Culture=neutral, PublicKeyToken=99ea127f02d97709”不匹配。
                 已考虑使用“publish-sc\fr\UIAutomationProvider.resources.dll”，
         			但它的名称“UIAutomationProvider.resources”
         			与预期名称“WinRT.Runtime, Version=1.6.0.0, Culture=neutral, PublicKeyToken=99ea127f02d97709”不匹配。
                 已考虑使用“publish-sc\fr\UIAutomationTypes.resources.dll”，
         			但它的名称“UIAutomationTypes.resources”
         			与预期名称“WinRT.Runtime, Version=1.6.0.0, Culture=neutral, PublicKeyToken=99ea127f02d97709”不匹配。
                 已考虑使用“publish-sc\fr\WindowsBase.resources.dll”，
         			但它的名称“WindowsBase.resources”
         			与预期名称“WinRT.Runtime, Version=1.6.0.0, Culture=neutral, PublicKeyToken=99ea127f02d97709”不匹配。
                 已考虑使用“publish-sc\fr\WindowsFormsIntegration.resources.dll”，
         			但它的名称“WindowsFormsIntegration.resources”
         			与预期名称“WinRT.Runtime, Version=1.6.0.0, Culture=neutral, PublicKeyToken=99ea127f02d97709”不匹配。
                 已考虑使用“publish-sc\hostfxr.dll”，
         			但它的名称“hostfxr”
         			与预期名称“WinRT.Runtime, Version=1.6.0.0, Culture=neutral, PublicKeyToken=99ea127f02d97709”不匹配。
                 已考虑使用“publish-sc\hostpolicy.dll”，
         			但它的名称“hostpolicy”
         			与预期名称“WinRT.Runtime, Version=1.6.0.0, Culture=neutral, PublicKeyToken=99ea127f02d97709”不匹配。
                 已考虑使用“publish-sc\it\Microsoft.VisualBasic.Forms.resources.dll”，
         			但它的名称“Microsoft.VisualBasic.Forms.resources”
         			与预期名称“WinRT.Runtime, Version=1.6.0.0, Culture=neutral, PublicKeyToken=99ea127f02d97709”不匹配。
                 已考虑使用“publish-sc\it\PresentationCore.resources.dll”，
         			但它的名称“PresentationCore.resources”
         			与预期名称“WinRT.Runtime, Version=1.6.0.0, Culture=neutral, PublicKeyToken=99ea127f02d97709”不匹配。
                 已考虑使用“publish-sc\it\PresentationFramework.resources.dll”，
         			但它的名称“PresentationFramework.resources”
         			与预期名称“WinRT.Runtime, Version=1.6.0.0, Culture=neutral, PublicKeyToken=99ea127f02d97709”不匹配。
                 已考虑使用“publish-sc\it\PresentationUI.resources.dll”，
         			但它的名称“PresentationUI.resources”
         			与预期名称“WinRT.Runtime, Version=1.6.0.0, Culture=neutral, PublicKeyToken=99ea127f02d97709”不匹配。
                 已考虑使用“publish-sc\it\ReachFramework.resources.dll”，
         			但它的名称“ReachFramework.resources”
         			与预期名称“WinRT.Runtime, Version=1.6.0.0, Culture=neutral, PublicKeyToken=99ea127f02d97709”不匹配。
                 已考虑使用“publish-sc\it\System.Windows.Controls.Ribbon.resources.dll”，
         			但它的名称“System.Windows.Controls.Ribbon.resources”
         			与预期名称“WinRT.Runtime, Version=1.6.0.0, Culture=neutral, PublicKeyToken=99ea127f02d97709”不匹配。
                 已考虑使用“publish-sc\it\System.Windows.Forms.Design.resources.dll”，
         			但它的名称“System.Windows.Forms.Design.resources”
         			与预期名称“WinRT.Runtime, Version=1.6.0.0, Culture=neutral, PublicKeyToken=99ea127f02d97709”不匹配。
                 已考虑使用“publish-sc\it\System.Windows.Forms.Primitives.resources.dll”，
         			但它的名称“System.Windows.Forms.Primitives.resources”
         			与预期名称“WinRT.Runtime, Version=1.6.0.0, Culture=neutral, PublicKeyToken=99ea127f02d97709”不匹配。
                 已考虑使用“publish-sc\it\System.Windows.Forms.resources.dll”，
         			但它的名称“System.Windows.Forms.resources”
         			与预期名称“WinRT.Runtime, Version=1.6.0.0, Culture=neutral, PublicKeyToken=99ea127f02d97709”不匹配。
                 已考虑使用“publish-sc\it\System.Windows.Input.Manipulations.resources.dll”，
         			但它的名称“System.Windows.Input.Manipulations.resources”
         			与预期名称“WinRT.Runtime, Version=1.6.0.0, Culture=neutral, PublicKeyToken=99ea127f02d97709”不匹配。
                 已考虑使用“publish-sc\it\System.Xaml.resources.dll”，
         			但它的名称“System.Xaml.resources”
         			与预期名称“WinRT.Runtime, Version=1.6.0.0, Culture=neutral, PublicKeyToken=99ea127f02d97709”不匹配。
                 已考虑使用“publish-sc\it\UIAutomationClient.resources.dll”，
         			但它的名称“UIAutomationClient.resources”
         			与预期名称“WinRT.Runtime, Version=1.6.0.0, Culture=neutral, PublicKeyToken=99ea127f02d97709”不匹配。
                 已考虑使用“publish-sc\it\UIAutomationClientSideProviders.resources.dll”，
         			但它的名称“UIAutomationClientSideProviders.resources”
         			与预期名称“WinRT.Runtime, Version=1.6.0.0, Culture=neutral, PublicKeyToken=99ea127f02d97709”不匹配。
                 已考虑使用“publish-sc\it\UIAutomationProvider.resources.dll”，
         			但它的名称“UIAutomationProvider.resources”
         			与预期名称“WinRT.Runtime, Version=1.6.0.0, Culture=neutral, PublicKeyToken=99ea127f02d97709”不匹配。
                 已考虑使用“publish-sc\it\UIAutomationTypes.resources.dll”，
         			但它的名称“UIAutomationTypes.resources”
         			与预期名称“WinRT.Runtime, Version=1.6.0.0, Culture=neutral, PublicKeyToken=99ea127f02d97709”不匹配。
                 已考虑使用“publish-sc\it\WindowsBase.resources.dll”，
         			但它的名称“WindowsBase.resources”
         			与预期名称“WinRT.Runtime, Version=1.6.0.0, Culture=neutral, PublicKeyToken=99ea127f02d97709”不匹配。
                 已考虑使用“publish-sc\it\WindowsFormsIntegration.resources.dll”，
         			但它的名称“WindowsFormsIntegration.resources”
         			与预期名称“WinRT.Runtime, Version=1.6.0.0, Culture=neutral, PublicKeyToken=99ea127f02d97709”不匹配。
                 已考虑使用“publish-sc\ja\Microsoft.VisualBasic.Forms.resources.dll”，
         			但它的名称“Microsoft.VisualBasic.Forms.resources”
         			与预期名称“WinRT.Runtime, Version=1.6.0.0, Culture=neutral, PublicKeyToken=99ea127f02d97709”不匹配。
                 已考虑使用“publish-sc\ja\PresentationCore.resources.dll”，
         			但它的名称“PresentationCore.resources”
         			与预期名称“WinRT.Runtime, Version=1.6.0.0, Culture=neutral, PublicKeyToken=99ea127f02d97709”不匹配。
                 已考虑使用“publish-sc\ja\PresentationFramework.resources.dll”，
         			但它的名称“PresentationFramework.resources”
         			与预期名称“WinRT.Runtime, Version=1.6.0.0, Culture=neutral, PublicKeyToken=99ea127f02d97709”不匹配。
                 已考虑使用“publish-sc\ja\PresentationUI.resources.dll”，
         			但它的名称“PresentationUI.resources”
         			与预期名称“WinRT.Runtime, Version=1.6.0.0, Culture=neutral, PublicKeyToken=99ea127f02d97709”不匹配。
                 已考虑使用“publish-sc\ja\ReachFramework.resources.dll”，
         			但它的名称“ReachFramework.resources”
         			与预期名称“WinRT.Runtime, Version=1.6.0.0, Culture=neutral, PublicKeyToken=99ea127f02d97709”不匹配。
                 已考虑使用“publish-sc\ja\System.Windows.Controls.Ribbon.resources.dll”，
         			但它的名称“System.Windows.Controls.Ribbon.resources”
         			与预期名称“WinRT.Runtime, Version=1.6.0.0, Culture=neutral, PublicKeyToken=99ea127f02d97709”不匹配。
                 已考虑使用“publish-sc\ja\System.Windows.Forms.Design.resources.dll”，
         			但它的名称“System.Windows.Forms.Design.resources”
         			与预期名称“WinRT.Runtime, Version=1.6.0.0, Culture=neutral, PublicKeyToken=99ea127f02d97709”不匹配。
                 已考虑使用“publish-sc\ja\System.Windows.Forms.Primitives.resources.dll”，
         			但它的名称“System.Windows.Forms.Primitives.resources”
         			与预期名称“WinRT.Runtime, Version=1.6.0.0, Culture=neutral, PublicKeyToken=99ea127f02d97709”不匹配。
                 已考虑使用“publish-sc\ja\System.Windows.Forms.resources.dll”，
         			但它的名称“System.Windows.Forms.resources”
         			与预期名称“WinRT.Runtime, Version=1.6.0.0, Culture=neutral, PublicKeyToken=99ea127f02d97709”不匹配。
                 已考虑使用“publish-sc\ja\System.Windows.Input.Manipulations.resources.dll”，
         			但它的名称“System.Windows.Input.Manipulations.resources”
         			与预期名称“WinRT.Runtime, Version=1.6.0.0, Culture=neutral, PublicKeyToken=99ea127f02d97709”不匹配。
                 已考虑使用“publish-sc\ja\System.Xaml.resources.dll”，
         			但它的名称“System.Xaml.resources”
         			与预期名称“WinRT.Runtime, Version=1.6.0.0, Culture=neutral, PublicKeyToken=99ea127f02d97709”不匹配。
                 已考虑使用“publish-sc\ja\UIAutomationClient.resources.dll”，
         			但它的名称“UIAutomationClient.resources”
         			与预期名称“WinRT.Runtime, Version=1.6.0.0, Culture=neutral, PublicKeyToken=99ea127f02d97709”不匹配。
                 已考虑使用“publish-sc\ja\UIAutomationClientSideProviders.resources.dll”，
         			但它的名称“UIAutomationClientSideProviders.resources”
         			与预期名称“WinRT.Runtime, Version=1.6.0.0, Culture=neutral, PublicKeyToken=99ea127f02d97709”不匹配。
                 已考虑使用“publish-sc\ja\UIAutomationProvider.resources.dll”，
         			但它的名称“UIAutomationProvider.resources”
         			与预期名称“WinRT.Runtime, Version=1.6.0.0, Culture=neutral, PublicKeyToken=99ea127f02d97709”不匹配。
                 已考虑使用“publish-sc\ja\UIAutomationTypes.resources.dll”，
         			但它的名称“UIAutomationTypes.resources”
         			与预期名称“WinRT.Runtime, Version=1.6.0.0, Culture=neutral, PublicKeyToken=99ea127f02d97709”不匹配。
                 已考虑使用“publish-sc\ja\WindowsBase.resources.dll”，
         			但它的名称“WindowsBase.resources”
         			与预期名称“WinRT.Runtime, Version=1.6.0.0, Culture=neutral, PublicKeyToken=99ea127f02d97709”不匹配。
                 已考虑使用“publish-sc\ja\WindowsFormsIntegration.resources.dll”，
         			但它的名称“WindowsFormsIntegration.resources”
         			与预期名称“WinRT.Runtime, Version=1.6.0.0, Culture=neutral, PublicKeyToken=99ea127f02d97709”不匹配。
                 已考虑使用“publish-sc\ko\Microsoft.VisualBasic.Forms.resources.dll”，
         			但它的名称“Microsoft.VisualBasic.Forms.resources”
         			与预期名称“WinRT.Runtime, Version=1.6.0.0, Culture=neutral, PublicKeyToken=99ea127f02d97709”不匹配。
                 已考虑使用“publish-sc\ko\PresentationCore.resources.dll”，
         			但它的名称“PresentationCore.resources”
         			与预期名称“WinRT.Runtime, Version=1.6.0.0, Culture=neutral, PublicKeyToken=99ea127f02d97709”不匹配。
                 已考虑使用“publish-sc\ko\PresentationFramework.resources.dll”，
         			但它的名称“PresentationFramework.resources”
         			与预期名称“WinRT.Runtime, Version=1.6.0.0, Culture=neutral, PublicKeyToken=99ea127f02d97709”不匹配。
                 已考虑使用“publish-sc\ko\PresentationUI.resources.dll”，
         			但它的名称“PresentationUI.resources”
         			与预期名称“WinRT.Runtime, Version=1.6.0.0, Culture=neutral, PublicKeyToken=99ea127f02d97709”不匹配。
                 已考虑使用“publish-sc\ko\ReachFramework.resources.dll”，
         			但它的名称“ReachFramework.resources”
         			与预期名称“WinRT.Runtime, Version=1.6.0.0, Culture=neutral, PublicKeyToken=99ea127f02d97709”不匹配。
                 已考虑使用“publish-sc\ko\System.Windows.Controls.Ribbon.resources.dll”，
         			但它的名称“System.Windows.Controls.Ribbon.resources”
         			与预期名称“WinRT.Runtime, Version=1.6.0.0, Culture=neutral, PublicKeyToken=99ea127f02d97709”不匹配。
                 已考虑使用“publish-sc\ko\System.Windows.Forms.Design.resources.dll”，
         			但它的名称“System.Windows.Forms.Design.resources”
         			与预期名称“WinRT.Runtime, Version=1.6.0.0, Culture=neutral, PublicKeyToken=99ea127f02d97709”不匹配。
                 已考虑使用“publish-sc\ko\System.Windows.Forms.Primitives.resources.dll”，
         			但它的名称“System.Windows.Forms.Primitives.resources”
         			与预期名称“WinRT.Runtime, Version=1.6.0.0, Culture=neutral, PublicKeyToken=99ea127f02d97709”不匹配。
                 已考虑使用“publish-sc\ko\System.Windows.Forms.resources.dll”，
         			但它的名称“System.Windows.Forms.resources”
         			与预期名称“WinRT.Runtime, Version=1.6.0.0, Culture=neutral, PublicKeyToken=99ea127f02d97709”不匹配。
                 已考虑使用“publish-sc\ko\System.Windows.Input.Manipulations.resources.dll”，
         			但它的名称“System.Windows.Input.Manipulations.resources”
         			与预期名称“WinRT.Runtime, Version=1.6.0.0, Culture=neutral, PublicKeyToken=99ea127f02d97709”不匹配。
                 已考虑使用“publish-sc\ko\System.Xaml.resources.dll”，
         			但它的名称“System.Xaml.resources”
         			与预期名称“WinRT.Runtime, Version=1.6.0.0, Culture=neutral, PublicKeyToken=99ea127f02d97709”不匹配。
                 已考虑使用“publish-sc\ko\UIAutomationClient.resources.dll”，
         			但它的名称“UIAutomationClient.resources”
         			与预期名称“WinRT.Runtime, Version=1.6.0.0, Culture=neutral, PublicKeyToken=99ea127f02d97709”不匹配。
                 已考虑使用“publish-sc\ko\UIAutomationClientSideProviders.resources.dll”，
         			但它的名称“UIAutomationClientSideProviders.resources”
         			与预期名称“WinRT.Runtime, Version=1.6.0.0, Culture=neutral, PublicKeyToken=99ea127f02d97709”不匹配。
                 已考虑使用“publish-sc\ko\UIAutomationProvider.resources.dll”，
         			但它的名称“UIAutomationProvider.resources”
         			与预期名称“WinRT.Runtime, Version=1.6.0.0, Culture=neutral, PublicKeyToken=99ea127f02d97709”不匹配。
                 已考虑使用“publish-sc\ko\UIAutomationTypes.resources.dll”，
         			但它的名称“UIAutomationTypes.resources”
         			与预期名称“WinRT.Runtime, Version=1.6.0.0, Culture=neutral, PublicKeyToken=99ea127f02d97709”不匹配。
                 已考虑使用“publish-sc\ko\WindowsBase.resources.dll”，
         			但它的名称“WindowsBase.resources”
         			与预期名称“WinRT.Runtime, Version=1.6.0.0, Culture=neutral, PublicKeyToken=99ea127f02d97709”不匹配。
                 已考虑使用“publish-sc\ko\WindowsFormsIntegration.resources.dll”，
         			但它的名称“WindowsFormsIntegration.resources”
         			与预期名称“WinRT.Runtime, Version=1.6.0.0, Culture=neutral, PublicKeyToken=99ea127f02d97709”不匹配。
                 已考虑使用“publish-sc\Microsoft.CSharp.dll”，
         			但它的名称“Microsoft.CSharp”
         			与预期名称“WinRT.Runtime, Version=1.6.0.0, Culture=neutral, PublicKeyToken=99ea127f02d97709”不匹配。
                 已考虑使用“publish-sc\Microsoft.Data.Sqlite.dll”，
         			但它的名称“Microsoft.Data.Sqlite”
         			与预期名称“WinRT.Runtime, Version=1.6.0.0, Culture=neutral, PublicKeyToken=99ea127f02d97709”不匹配。
                 已考虑使用“publish-sc\Microsoft.DiaSymReader.Native.amd64.dll”，
         			但它的名称“Microsoft.DiaSymReader.Native.amd64”
         			与预期名称“WinRT.Runtime, Version=1.6.0.0, Culture=neutral, PublicKeyToken=99ea127f02d97709”不匹配。
                 已考虑使用“publish-sc\Microsoft.VisualBasic.Core.dll”，
         			但它的名称“Microsoft.VisualBasic.Core”
         			与预期名称“WinRT.Runtime, Version=1.6.0.0, Culture=neutral, PublicKeyToken=99ea127f02d97709”不匹配。
                 已考虑使用“publish-sc\Microsoft.VisualBasic.dll”，
         			但它的名称“Microsoft.VisualBasic”
         			与预期名称“WinRT.Runtime, Version=1.6.0.0, Culture=neutral, PublicKeyToken=99ea127f02d97709”不匹配。
                 已考虑使用“publish-sc\Microsoft.VisualBasic.Forms.dll”，
         			但它的名称“Microsoft.VisualBasic.Forms”
         			与预期名称“WinRT.Runtime, Version=1.6.0.0, Culture=neutral, PublicKeyToken=99ea127f02d97709”不匹配。
                 已考虑使用“publish-sc\Microsoft.Web.WebView2.Core.dll”，
         			但它的名称“Microsoft.Web.WebView2.Core”
         			与预期名称“WinRT.Runtime, Version=1.6.0.0, Culture=neutral, PublicKeyToken=99ea127f02d97709”不匹配。
                 已考虑使用“publish-sc\Microsoft.Web.WebView2.WinForms.dll”，
         			但它的名称“Microsoft.Web.WebView2.WinForms”
         			与预期名称“WinRT.Runtime, Version=1.6.0.0, Culture=neutral, PublicKeyToken=99ea127f02d97709”不匹配。
                 已考虑使用“publish-sc\Microsoft.Web.WebView2.Wpf.dll”，
         			但它的名称“Microsoft.Web.WebView2.Wpf”
         			与预期名称“WinRT.Runtime, Version=1.6.0.0, Culture=neutral, PublicKeyToken=99ea127f02d97709”不匹配。
                 已考虑使用“publish-sc\Microsoft.Win32.Primitives.dll”，
         			但它的名称“Microsoft.Win32.Primitives”
         			与预期名称“WinRT.Runtime, Version=1.6.0.0, Culture=neutral, PublicKeyToken=99ea127f02d97709”不匹配。
                 已考虑使用“publish-sc\Microsoft.Win32.Registry.AccessControl.dll”，
         			但它的名称“Microsoft.Win32.Registry.AccessControl”
         			与预期名称“WinRT.Runtime, Version=1.6.0.0, Culture=neutral, PublicKeyToken=99ea127f02d97709”不匹配。
                 已考虑使用“publish-sc\Microsoft.Win32.Registry.dll”，
         			但它的名称“Microsoft.Win32.Registry”
         			与预期名称“WinRT.Runtime, Version=1.6.0.0, Culture=neutral, PublicKeyToken=99ea127f02d97709”不匹配。
                 已考虑使用“publish-sc\Microsoft.Win32.SystemEvents.dll”，
         			但它的名称“Microsoft.Win32.SystemEvents”
         			与预期名称“WinRT.Runtime, Version=1.6.0.0, Culture=neutral, PublicKeyToken=99ea127f02d97709”不匹配。
                 已考虑使用“publish-sc\mscordaccore.dll”，
         			但它的名称“mscordaccore”
         			与预期名称“WinRT.Runtime, Version=1.6.0.0, Culture=neutral, PublicKeyToken=99ea127f02d97709”不匹配。
                 已考虑使用“publish-sc\mscordaccore_amd64_amd64_8.0.2426.7010.dll”，
         			但它的名称“mscordaccore_amd64_amd64_8.0.2426.7010”
         			与预期名称“WinRT.Runtime, Version=1.6.0.0, Culture=neutral, PublicKeyToken=99ea127f02d97709”不匹配。
                 已考虑使用“publish-sc\mscordbi.dll”，
         			但它的名称“mscordbi”
         			与预期名称“WinRT.Runtime, Version=1.6.0.0, Culture=neutral, PublicKeyToken=99ea127f02d97709”不匹配。
                 已考虑使用“publish-sc\mscorlib.dll”，
         			但它的名称“mscorlib”
         			与预期名称“WinRT.Runtime, Version=1.6.0.0, Culture=neutral, PublicKeyToken=99ea127f02d97709”不匹配。
                 已考虑使用“publish-sc\mscorrc.dll”，
         			但它的名称“mscorrc”
         			与预期名称“WinRT.Runtime, Version=1.6.0.0, Culture=neutral, PublicKeyToken=99ea127f02d97709”不匹配。
                 已考虑使用“publish-sc\msquic.dll”，
         			但它的名称“msquic”
         			与预期名称“WinRT.Runtime, Version=1.6.0.0, Culture=neutral, PublicKeyToken=99ea127f02d97709”不匹配。
                 已考虑使用“publish-sc\netstandard.dll”，
         			但它的名称“netstandard”
         			与预期名称“WinRT.Runtime, Version=1.6.0.0, Culture=neutral, PublicKeyToken=99ea127f02d97709”不匹配。
                 已考虑使用“publish-sc\PenImc_cor3.dll”，
         			但它的名称“PenImc_cor3”
         			与预期名称“WinRT.Runtime, Version=1.6.0.0, Culture=neutral, PublicKeyToken=99ea127f02d97709”不匹配。
                 已考虑使用“publish-sc\pl\Microsoft.VisualBasic.Forms.resources.dll”，
         			但它的名称“Microsoft.VisualBasic.Forms.resources”
         			与预期名称“WinRT.Runtime, Version=1.6.0.0, Culture=neutral, PublicKeyToken=99ea127f02d97709”不匹配。
                 已考虑使用“publish-sc\pl\PresentationCore.resources.dll”，
         			但它的名称“PresentationCore.resources”
         			与预期名称“WinRT.Runtime, Version=1.6.0.0, Culture=neutral, PublicKeyToken=99ea127f02d97709”不匹配。
                 已考虑使用“publish-sc\pl\PresentationFramework.resources.dll”，
         			但它的名称“PresentationFramework.resources”
         			与预期名称“WinRT.Runtime, Version=1.6.0.0, Culture=neutral, PublicKeyToken=99ea127f02d97709”不匹配。
                 已考虑使用“publish-sc\pl\PresentationUI.resources.dll”，
         			但它的名称“PresentationUI.resources”
         			与预期名称“WinRT.Runtime, Version=1.6.0.0, Culture=neutral, PublicKeyToken=99ea127f02d97709”不匹配。
                 已考虑使用“publish-sc\pl\ReachFramework.resources.dll”，
         			但它的名称“ReachFramework.resources”
         			与预期名称“WinRT.Runtime, Version=1.6.0.0, Culture=neutral, PublicKeyToken=99ea127f02d97709”不匹配。
                 已考虑使用“publish-sc\pl\System.Windows.Controls.Ribbon.resources.dll”，
         			但它的名称“System.Windows.Controls.Ribbon.resources”
         			与预期名称“WinRT.Runtime, Version=1.6.0.0, Culture=neutral, PublicKeyToken=99ea127f02d97709”不匹配。
                 已考虑使用“publish-sc\pl\System.Windows.Forms.Design.resources.dll”，
         			但它的名称“System.Windows.Forms.Design.resources”
         			与预期名称“WinRT.Runtime, Version=1.6.0.0, Culture=neutral, PublicKeyToken=99ea127f02d97709”不匹配。
                 已考虑使用“publish-sc\pl\System.Windows.Forms.Primitives.resources.dll”，
         			但它的名称“System.Windows.Forms.Primitives.resources”
         			与预期名称“WinRT.Runtime, Version=1.6.0.0, Culture=neutral, PublicKeyToken=99ea127f02d97709”不匹配。
                 已考虑使用“publish-sc\pl\System.Windows.Forms.resources.dll”，
         			但它的名称“System.Windows.Forms.resources”
         			与预期名称“WinRT.Runtime, Version=1.6.0.0, Culture=neutral, PublicKeyToken=99ea127f02d97709”不匹配。
                 已考虑使用“publish-sc\pl\System.Windows.Input.Manipulations.resources.dll”，
         			但它的名称“System.Windows.Input.Manipulations.resources”
         			与预期名称“WinRT.Runtime, Version=1.6.0.0, Culture=neutral, PublicKeyToken=99ea127f02d97709”不匹配。
                 已考虑使用“publish-sc\pl\System.Xaml.resources.dll”，
         			但它的名称“System.Xaml.resources”
         			与预期名称“WinRT.Runtime, Version=1.6.0.0, Culture=neutral, PublicKeyToken=99ea127f02d97709”不匹配。
                 已考虑使用“publish-sc\pl\UIAutomationClient.resources.dll”，
         			但它的名称“UIAutomationClient.resources”
         			与预期名称“WinRT.Runtime, Version=1.6.0.0, Culture=neutral, PublicKeyToken=99ea127f02d97709”不匹配。
                 已考虑使用“publish-sc\pl\UIAutomationClientSideProviders.resources.dll”，
         			但它的名称“UIAutomationClientSideProviders.resources”
         			与预期名称“WinRT.Runtime, Version=1.6.0.0, Culture=neutral, PublicKeyToken=99ea127f02d97709”不匹配。
                 已考虑使用“publish-sc\pl\UIAutomationProvider.resources.dll”，
         			但它的名称“UIAutomationProvider.resources”
         			与预期名称“WinRT.Runtime, Version=1.6.0.0, Culture=neutral, PublicKeyToken=99ea127f02d97709”不匹配。
                 已考虑使用“publish-sc\pl\UIAutomationTypes.resources.dll”，
         			但它的名称“UIAutomationTypes.resources”
         			与预期名称“WinRT.Runtime, Version=1.6.0.0, Culture=neutral, PublicKeyToken=99ea127f02d97709”不匹配。
                 已考虑使用“publish-sc\pl\WindowsBase.resources.dll”，
         			但它的名称“WindowsBase.resources”
         			与预期名称“WinRT.Runtime, Version=1.6.0.0, Culture=neutral, PublicKeyToken=99ea127f02d97709”不匹配。
                 已考虑使用“publish-sc\pl\WindowsFormsIntegration.resources.dll”，
         			但它的名称“WindowsFormsIntegration.resources”
         			与预期名称“WinRT.Runtime, Version=1.6.0.0, Culture=neutral, PublicKeyToken=99ea127f02d97709”不匹配。
                 已考虑使用“publish-sc\PresentationCore.dll”，
         			但它的名称“PresentationCore”
         			与预期名称“WinRT.Runtime, Version=1.6.0.0, Culture=neutral, PublicKeyToken=99ea127f02d97709”不匹配。
                 已考虑使用“publish-sc\PresentationFramework-SystemCore.dll”，
         			但它的名称“PresentationFramework-SystemCore”
         			与预期名称“WinRT.Runtime, Version=1.6.0.0, Culture=neutral, PublicKeyToken=99ea127f02d97709”不匹配。
                 已考虑使用“publish-sc\PresentationFramework-SystemData.dll”，
         			但它的名称“PresentationFramework-SystemData”
         			与预期名称“WinRT.Runtime, Version=1.6.0.0, Culture=neutral, PublicKeyToken=99ea127f02d97709”不匹配。
                 已考虑使用“publish-sc\PresentationFramework-SystemDrawing.dll”，
         			但它的名称“PresentationFramework-SystemDrawing”
         			与预期名称“WinRT.Runtime, Version=1.6.0.0, Culture=neutral, PublicKeyToken=99ea127f02d97709”不匹配。
                 已考虑使用“publish-sc\PresentationFramework-SystemXml.dll”，
         			但它的名称“PresentationFramework-SystemXml”
         			与预期名称“WinRT.Runtime, Version=1.6.0.0, Culture=neutral, PublicKeyToken=99ea127f02d97709”不匹配。
                 已考虑使用“publish-sc\PresentationFramework-SystemXmlLinq.dll”，
         			但它的名称“PresentationFramework-SystemXmlLinq”
         			与预期名称“WinRT.Runtime, Version=1.6.0.0, Culture=neutral, PublicKeyToken=99ea127f02d97709”不匹配。
                 已考虑使用“publish-sc\PresentationFramework.Aero.dll”，
         			但它的名称“PresentationFramework.Aero”
         			与预期名称“WinRT.Runtime, Version=1.6.0.0, Culture=neutral, PublicKeyToken=99ea127f02d97709”不匹配。
                 已考虑使用“publish-sc\PresentationFramework.Aero2.dll”，
         			但它的名称“PresentationFramework.Aero2”
         			与预期名称“WinRT.Runtime, Version=1.6.0.0, Culture=neutral, PublicKeyToken=99ea127f02d97709”不匹配。
                 已考虑使用“publish-sc\PresentationFramework.AeroLite.dll”，
         			但它的名称“PresentationFramework.AeroLite”
         			与预期名称“WinRT.Runtime, Version=1.6.0.0, Culture=neutral, PublicKeyToken=99ea127f02d97709”不匹配。
                 已考虑使用“publish-sc\PresentationFramework.Classic.dll”，
         			但它的名称“PresentationFramework.Classic”
         			与预期名称“WinRT.Runtime, Version=1.6.0.0, Culture=neutral, PublicKeyToken=99ea127f02d97709”不匹配。
                 已考虑使用“publish-sc\PresentationFramework.dll”，
         			但它的名称“PresentationFramework”
         			与预期名称“WinRT.Runtime, Version=1.6.0.0, Culture=neutral, PublicKeyToken=99ea127f02d97709”不匹配。
                 已考虑使用“publish-sc\PresentationFramework.Luna.dll”，
         			但它的名称“PresentationFramework.Luna”
         			与预期名称“WinRT.Runtime, Version=1.6.0.0, Culture=neutral, PublicKeyToken=99ea127f02d97709”不匹配。
                 已考虑使用“publish-sc\PresentationFramework.Royale.dll”，
         			但它的名称“PresentationFramework.Royale”
         			与预期名称“WinRT.Runtime, Version=1.6.0.0, Culture=neutral, PublicKeyToken=99ea127f02d97709”不匹配。
                 已考虑使用“publish-sc\PresentationNative_cor3.dll”，
         			但它的名称“PresentationNative_cor3”
         			与预期名称“WinRT.Runtime, Version=1.6.0.0, Culture=neutral, PublicKeyToken=99ea127f02d97709”不匹配。
                 已考虑使用“publish-sc\PresentationUI.dll”，
         			但它的名称“PresentationUI”
         			与预期名称“WinRT.Runtime, Version=1.6.0.0, Culture=neutral, PublicKeyToken=99ea127f02d97709”不匹配。
                 已考虑使用“publish-sc\pt-BR\Microsoft.VisualBasic.Forms.resources.dll”，
         			但它的名称“Microsoft.VisualBasic.Forms.resources”
         			与预期名称“WinRT.Runtime, Version=1.6.0.0, Culture=neutral, PublicKeyToken=99ea127f02d97709”不匹配。
                 已考虑使用“publish-sc\pt-BR\PresentationCore.resources.dll”，
         			但它的名称“PresentationCore.resources”
         			与预期名称“WinRT.Runtime, Version=1.6.0.0, Culture=neutral, PublicKeyToken=99ea127f02d97709”不匹配。
                 已考虑使用“publish-sc\pt-BR\PresentationFramework.resources.dll”，
         			但它的名称“PresentationFramework.resources”
         			与预期名称“WinRT.Runtime, Version=1.6.0.0, Culture=neutral, PublicKeyToken=99ea127f02d97709”不匹配。
                 已考虑使用“publish-sc\pt-BR\PresentationUI.resources.dll”，
         			但它的名称“PresentationUI.resources”
         			与预期名称“WinRT.Runtime, Version=1.6.0.0, Culture=neutral, PublicKeyToken=99ea127f02d97709”不匹配。
                 已考虑使用“publish-sc\pt-BR\ReachFramework.resources.dll”，
         			但它的名称“ReachFramework.resources”
         			与预期名称“WinRT.Runtime, Version=1.6.0.0, Culture=neutral, PublicKeyToken=99ea127f02d97709”不匹配。
                 已考虑使用“publish-sc\pt-BR\System.Windows.Controls.Ribbon.resources.dll”，
         			但它的名称“System.Windows.Controls.Ribbon.resources”
         			与预期名称“WinRT.Runtime, Version=1.6.0.0, Culture=neutral, PublicKeyToken=99ea127f02d97709”不匹配。
                 已考虑使用“publish-sc\pt-BR\System.Windows.Forms.Design.resources.dll”，
         			但它的名称“System.Windows.Forms.Design.resources”
         			与预期名称“WinRT.Runtime, Version=1.6.0.0, Culture=neutral, PublicKeyToken=99ea127f02d97709”不匹配。
                 已考虑使用“publish-sc\pt-BR\System.Windows.Forms.Primitives.resources.dll”，
         			但它的名称“System.Windows.Forms.Primitives.resources”
         			与预期名称“WinRT.Runtime, Version=1.6.0.0, Culture=neutral, PublicKeyToken=99ea127f02d97709”不匹配。
                 已考虑使用“publish-sc\pt-BR\System.Windows.Forms.resources.dll”，
         			但它的名称“System.Windows.Forms.resources”
         			与预期名称“WinRT.Runtime, Version=1.6.0.0, Culture=neutral, PublicKeyToken=99ea127f02d97709”不匹配。
                 已考虑使用“publish-sc\pt-BR\System.Windows.Input.Manipulations.resources.dll”，
         			但它的名称“System.Windows.Input.Manipulations.resources”
         			与预期名称“WinRT.Runtime, Version=1.6.0.0, Culture=neutral, PublicKeyToken=99ea127f02d97709”不匹配。
                 已考虑使用“publish-sc\pt-BR\System.Xaml.resources.dll”，
         			但它的名称“System.Xaml.resources”
         			与预期名称“WinRT.Runtime, Version=1.6.0.0, Culture=neutral, PublicKeyToken=99ea127f02d97709”不匹配。
                 已考虑使用“publish-sc\pt-BR\UIAutomationClient.resources.dll”，
         			但它的名称“UIAutomationClient.resources”
         			与预期名称“WinRT.Runtime, Version=1.6.0.0, Culture=neutral, PublicKeyToken=99ea127f02d97709”不匹配。
                 已考虑使用“publish-sc\pt-BR\UIAutomationClientSideProviders.resources.dll”，
         			但它的名称“UIAutomationClientSideProviders.resources”
         			与预期名称“WinRT.Runtime, Version=1.6.0.0, Culture=neutral, PublicKeyToken=99ea127f02d97709”不匹配。
                 已考虑使用“publish-sc\pt-BR\UIAutomationProvider.resources.dll”，
         			但它的名称“UIAutomationProvider.resources”
         			与预期名称“WinRT.Runtime, Version=1.6.0.0, Culture=neutral, PublicKeyToken=99ea127f02d97709”不匹配。
                 已考虑使用“publish-sc\pt-BR\UIAutomationTypes.resources.dll”，
         			但它的名称“UIAutomationTypes.resources”
         			与预期名称“WinRT.Runtime, Version=1.6.0.0, Culture=neutral, PublicKeyToken=99ea127f02d97709”不匹配。
                 已考虑使用“publish-sc\pt-BR\WindowsBase.resources.dll”，
         			但它的名称“WindowsBase.resources”
         			与预期名称“WinRT.Runtime, Version=1.6.0.0, Culture=neutral, PublicKeyToken=99ea127f02d97709”不匹配。
                 已考虑使用“publish-sc\pt-BR\WindowsFormsIntegration.resources.dll”，
         			但它的名称“WindowsFormsIntegration.resources”
         			与预期名称“WinRT.Runtime, Version=1.6.0.0, Culture=neutral, PublicKeyToken=99ea127f02d97709”不匹配。
                 已考虑使用“publish-sc\ReachFramework.dll”，
         			但它的名称“ReachFramework”
         			与预期名称“WinRT.Runtime, Version=1.6.0.0, Culture=neutral, PublicKeyToken=99ea127f02d97709”不匹配。
                 已考虑使用“publish-sc\runtimes\win-x64\native\WebView2Loader.dll”，
         			但它的名称“WebView2Loader”
         			与预期名称“WinRT.Runtime, Version=1.6.0.0, Culture=neutral, PublicKeyToken=99ea127f02d97709”不匹配。
                 已考虑使用“publish-sc\ru\Microsoft.VisualBasic.Forms.resources.dll”，
         			但它的名称“Microsoft.VisualBasic.Forms.resources”
         			与预期名称“WinRT.Runtime, Version=1.6.0.0, Culture=neutral, PublicKeyToken=99ea127f02d97709”不匹配。
                 已考虑使用“publish-sc\ru\PresentationCore.resources.dll”，
         			但它的名称“PresentationCore.resources”
         			与预期名称“WinRT.Runtime, Version=1.6.0.0, Culture=neutral, PublicKeyToken=99ea127f02d97709”不匹配。
                 已考虑使用“publish-sc\ru\PresentationFramework.resources.dll”，
         			但它的名称“PresentationFramework.resources”
         			与预期名称“WinRT.Runtime, Version=1.6.0.0, Culture=neutral, PublicKeyToken=99ea127f02d97709”不匹配。
                 已考虑使用“publish-sc\ru\PresentationUI.resources.dll”，
         			但它的名称“PresentationUI.resources”
         			与预期名称“WinRT.Runtime, Version=1.6.0.0, Culture=neutral, PublicKeyToken=99ea127f02d97709”不匹配。
                 已考虑使用“publish-sc\ru\ReachFramework.resources.dll”，
         			但它的名称“ReachFramework.resources”
         			与预期名称“WinRT.Runtime, Version=1.6.0.0, Culture=neutral, PublicKeyToken=99ea127f02d97709”不匹配。
                 已考虑使用“publish-sc\ru\System.Windows.Controls.Ribbon.resources.dll”，
         			但它的名称“System.Windows.Controls.Ribbon.resources”
         			与预期名称“WinRT.Runtime, Version=1.6.0.0, Culture=neutral, PublicKeyToken=99ea127f02d97709”不匹配。
                 已考虑使用“publish-sc\ru\System.Windows.Forms.Design.resources.dll”，
         			但它的名称“System.Windows.Forms.Design.resources”
         			与预期名称“WinRT.Runtime, Version=1.6.0.0, Culture=neutral, PublicKeyToken=99ea127f02d97709”不匹配。
                 已考虑使用“publish-sc\ru\System.Windows.Forms.Primitives.resources.dll”，
         			但它的名称“System.Windows.Forms.Primitives.resources”
         			与预期名称“WinRT.Runtime, Version=1.6.0.0, Culture=neutral, PublicKeyToken=99ea127f02d97709”不匹配。
                 已考虑使用“publish-sc\ru\System.Windows.Forms.resources.dll”，
         			但它的名称“System.Windows.Forms.resources”
         			与预期名称“WinRT.Runtime, Version=1.6.0.0, Culture=neutral, PublicKeyToken=99ea127f02d97709”不匹配。
                 已考虑使用“publish-sc\ru\System.Windows.Input.Manipulations.resources.dll”，
         			但它的名称“System.Windows.Input.Manipulations.resources”
         			与预期名称“WinRT.Runtime, Version=1.6.0.0, Culture=neutral, PublicKeyToken=99ea127f02d97709”不匹配。
                 已考虑使用“publish-sc\ru\System.Xaml.resources.dll”，
         			但它的名称“System.Xaml.resources”
         			与预期名称“WinRT.Runtime, Version=1.6.0.0, Culture=neutral, PublicKeyToken=99ea127f02d97709”不匹配。
                 已考虑使用“publish-sc\ru\UIAutomationClient.resources.dll”，
         			但它的名称“UIAutomationClient.resources”
         			与预期名称“WinRT.Runtime, Version=1.6.0.0, Culture=neutral, PublicKeyToken=99ea127f02d97709”不匹配。
                 已考虑使用“publish-sc\ru\UIAutomationClientSideProviders.resources.dll”，
         			但它的名称“UIAutomationClientSideProviders.resources”
         			与预期名称“WinRT.Runtime, Version=1.6.0.0, Culture=neutral, PublicKeyToken=99ea127f02d97709”不匹配。
                 已考虑使用“publish-sc\ru\UIAutomationProvider.resources.dll”，
         			但它的名称“UIAutomationProvider.resources”
         			与预期名称“WinRT.Runtime, Version=1.6.0.0, Culture=neutral, PublicKeyToken=99ea127f02d97709”不匹配。
                 已考虑使用“publish-sc\ru\UIAutomationTypes.resources.dll”，
         			但它的名称“UIAutomationTypes.resources”
         			与预期名称“WinRT.Runtime, Version=1.6.0.0, Culture=neutral, PublicKeyToken=99ea127f02d97709”不匹配。
                 已考虑使用“publish-sc\ru\WindowsBase.resources.dll”，
         			但它的名称“WindowsBase.resources”
         			与预期名称“WinRT.Runtime, Version=1.6.0.0, Culture=neutral, PublicKeyToken=99ea127f02d97709”不匹配。
                 已考虑使用“publish-sc\ru\WindowsFormsIntegration.resources.dll”，
         			但它的名称“WindowsFormsIntegration.resources”
         			与预期名称“WinRT.Runtime, Version=1.6.0.0, Culture=neutral, PublicKeyToken=99ea127f02d97709”不匹配。
                 已考虑使用“publish-sc\SQLitePCLRaw.batteries_v2.dll”，
         			但它的名称“SQLitePCLRaw.batteries_v2”
         			与预期名称“WinRT.Runtime, Version=1.6.0.0, Culture=neutral, PublicKeyToken=99ea127f02d97709”不匹配。
                 已考虑使用“publish-sc\SQLitePCLRaw.core.dll”，
         			但它的名称“SQLitePCLRaw.core”
         			与预期名称“WinRT.Runtime, Version=1.6.0.0, Culture=neutral, PublicKeyToken=99ea127f02d97709”不匹配。
                 已考虑使用“publish-sc\SQLitePCLRaw.provider.e_sqlite3.dll”，
         			但它的名称“SQLitePCLRaw.provider.e_sqlite3”
         			与预期名称“WinRT.Runtime, Version=1.6.0.0, Culture=neutral, PublicKeyToken=99ea127f02d97709”不匹配。
                 已考虑使用“publish-sc\System.AppContext.dll”，
         			但它的名称“System.AppContext”
         			与预期名称“WinRT.Runtime, Version=1.6.0.0, Culture=neutral, PublicKeyToken=99ea127f02d97709”不匹配。
                 已考虑使用“publish-sc\System.Buffers.dll”，
         			但它的名称“System.Buffers”
         			与预期名称“WinRT.Runtime, Version=1.6.0.0, Culture=neutral, PublicKeyToken=99ea127f02d97709”不匹配。
                 已考虑使用“publish-sc\System.CodeDom.dll”，
         			但它的名称“System.CodeDom”
         			与预期名称“WinRT.Runtime, Version=1.6.0.0, Culture=neutral, PublicKeyToken=99ea127f02d97709”不匹配。
                 已考虑使用“publish-sc\System.Collections.Concurrent.dll”，
         			但它的名称“System.Collections.Concurrent”
         			与预期名称“WinRT.Runtime, Version=1.6.0.0, Culture=neutral, PublicKeyToken=99ea127f02d97709”不匹配。
                 已考虑使用“publish-sc\System.Collections.dll”，
         			但它的名称“System.Collections”
         			与预期名称“WinRT.Runtime, Version=1.6.0.0, Culture=neutral, PublicKeyToken=99ea127f02d97709”不匹配。
                 已考虑使用“publish-sc\System.Collections.Immutable.dll”，
         			但它的名称“System.Collections.Immutable”
         			与预期名称“WinRT.Runtime, Version=1.6.0.0, Culture=neutral, PublicKeyToken=99ea127f02d97709”不匹配。
                 已考虑使用“publish-sc\System.Collections.NonGeneric.dll”，
         			但它的名称“System.Collections.NonGeneric”
         			与预期名称“WinRT.Runtime, Version=1.6.0.0, Culture=neutral, PublicKeyToken=99ea127f02d97709”不匹配。
                 已考虑使用“publish-sc\System.Collections.Specialized.dll”，
         			但它的名称“System.Collections.Specialized”
         			与预期名称“WinRT.Runtime, Version=1.6.0.0, Culture=neutral, PublicKeyToken=99ea127f02d97709”不匹配。
                 已考虑使用“publish-sc\System.ComponentModel.Annotations.dll”，
         			但它的名称“System.ComponentModel.Annotations”
         			与预期名称“WinRT.Runtime, Version=1.6.0.0, Culture=neutral, PublicKeyToken=99ea127f02d97709”不匹配。
                 已考虑使用“publish-sc\System.ComponentModel.DataAnnotations.dll”，
         			但它的名称“System.ComponentModel.DataAnnotations”
         			与预期名称“WinRT.Runtime, Version=1.6.0.0, Culture=neutral, PublicKeyToken=99ea127f02d97709”不匹配。
                 已考虑使用“publish-sc\System.ComponentModel.dll”，
         			但它的名称“System.ComponentModel”
         			与预期名称“WinRT.Runtime, Version=1.6.0.0, Culture=neutral, PublicKeyToken=99ea127f02d97709”不匹配。
                 已考虑使用“publish-sc\System.ComponentModel.EventBasedAsync.dll”，
         			但它的名称“System.ComponentModel.EventBasedAsync”
         			与预期名称“WinRT.Runtime, Version=1.6.0.0, Culture=neutral, PublicKeyToken=99ea127f02d97709”不匹配。
                 已考虑使用“publish-sc\System.ComponentModel.Primitives.dll”，
         			但它的名称“System.ComponentModel.Primitives”
         			与预期名称“WinRT.Runtime, Version=1.6.0.0, Culture=neutral, PublicKeyToken=99ea127f02d97709”不匹配。
                 已考虑使用“publish-sc\System.ComponentModel.TypeConverter.dll”，
         			但它的名称“System.ComponentModel.TypeConverter”
         			与预期名称“WinRT.Runtime, Version=1.6.0.0, Culture=neutral, PublicKeyToken=99ea127f02d97709”不匹配。
                 已考虑使用“publish-sc\System.Configuration.ConfigurationManager.dll”，
         			但它的名称“System.Configuration.ConfigurationManager”
         			与预期名称“WinRT.Runtime, Version=1.6.0.0, Culture=neutral, PublicKeyToken=99ea127f02d97709”不匹配。
                 已考虑使用“publish-sc\System.Configuration.dll”，
         			但它的名称“System.Configuration”
         			与预期名称“WinRT.Runtime, Version=1.6.0.0, Culture=neutral, PublicKeyToken=99ea127f02d97709”不匹配。
                 已考虑使用“publish-sc\System.Console.dll”，
         			但它的名称“System.Console”
         			与预期名称“WinRT.Runtime, Version=1.6.0.0, Culture=neutral, PublicKeyToken=99ea127f02d97709”不匹配。
                 已考虑使用“publish-sc\System.Core.dll”，
         			但它的名称“System.Core”
         			与预期名称“WinRT.Runtime, Version=1.6.0.0, Culture=neutral, PublicKeyToken=99ea127f02d97709”不匹配。
                 已考虑使用“publish-sc\System.Data.Common.dll”，
         			但它的名称“System.Data.Common”
         			与预期名称“WinRT.Runtime, Version=1.6.0.0, Culture=neutral, PublicKeyToken=99ea127f02d97709”不匹配。
                 已考虑使用“publish-sc\System.Data.DataSetExtensions.dll”，
         			但它的名称“System.Data.DataSetExtensions”
         			与预期名称“WinRT.Runtime, Version=1.6.0.0, Culture=neutral, PublicKeyToken=99ea127f02d97709”不匹配。
                 已考虑使用“publish-sc\System.Data.dll”，
         			但它的名称“System.Data”
         			与预期名称“WinRT.Runtime, Version=1.6.0.0, Culture=neutral, PublicKeyToken=99ea127f02d97709”不匹配。
                 已考虑使用“publish-sc\System.Design.dll”，
         			但它的名称“System.Design”
         			与预期名称“WinRT.Runtime, Version=1.6.0.0, Culture=neutral, PublicKeyToken=99ea127f02d97709”不匹配。
                 已考虑使用“publish-sc\System.Diagnostics.Contracts.dll”，
         			但它的名称“System.Diagnostics.Contracts”
         			与预期名称“WinRT.Runtime, Version=1.6.0.0, Culture=neutral, PublicKeyToken=99ea127f02d97709”不匹配。
                 已考虑使用“publish-sc\System.Diagnostics.Debug.dll”，
         			但它的名称“System.Diagnostics.Debug”
         			与预期名称“WinRT.Runtime, Version=1.6.0.0, Culture=neutral, PublicKeyToken=99ea127f02d97709”不匹配。
                 已考虑使用“publish-sc\System.Diagnostics.DiagnosticSource.dll”，
         			但它的名称“System.Diagnostics.DiagnosticSource”
         			与预期名称“WinRT.Runtime, Version=1.6.0.0, Culture=neutral, PublicKeyToken=99ea127f02d97709”不匹配。
                 已考虑使用“publish-sc\System.Diagnostics.EventLog.dll”，
         			但它的名称“System.Diagnostics.EventLog”
         			与预期名称“WinRT.Runtime, Version=1.6.0.0, Culture=neutral, PublicKeyToken=99ea127f02d97709”不匹配。
                 已考虑使用“publish-sc\System.Diagnostics.EventLog.Messages.dll”，
         			但它的名称“System.Diagnostics.EventLog.Messages”
         			与预期名称“WinRT.Runtime, Version=1.6.0.0, Culture=neutral, PublicKeyToken=99ea127f02d97709”不匹配。
                 已考虑使用“publish-sc\System.Diagnostics.FileVersionInfo.dll”，
         			但它的名称“System.Diagnostics.FileVersionInfo”
         			与预期名称“WinRT.Runtime, Version=1.6.0.0, Culture=neutral, PublicKeyToken=99ea127f02d97709”不匹配。
                 已考虑使用“publish-sc\System.Diagnostics.PerformanceCounter.dll”，
         			但它的名称“System.Diagnostics.PerformanceCounter”
         			与预期名称“WinRT.Runtime, Version=1.6.0.0, Culture=neutral, PublicKeyToken=99ea127f02d97709”不匹配。
                 已考虑使用“publish-sc\System.Diagnostics.Process.dll”，
         			但它的名称“System.Diagnostics.Process”
         			与预期名称“WinRT.Runtime, Version=1.6.0.0, Culture=neutral, PublicKeyToken=99ea127f02d97709”不匹配。
                 已考虑使用“publish-sc\System.Diagnostics.StackTrace.dll”，
         			但它的名称“System.Diagnostics.StackTrace”
         			与预期名称“WinRT.Runtime, Version=1.6.0.0, Culture=neutral, PublicKeyToken=99ea127f02d97709”不匹配。
                 已考虑使用“publish-sc\System.Diagnostics.TextWriterTraceListener.dll”，
         			但它的名称“System.Diagnostics.TextWriterTraceListener”
         			与预期名称“WinRT.Runtime, Version=1.6.0.0, Culture=neutral, PublicKeyToken=99ea127f02d97709”不匹配。
                 已考虑使用“publish-sc\System.Diagnostics.Tools.dll”，
         			但它的名称“System.Diagnostics.Tools”
         			与预期名称“WinRT.Runtime, Version=1.6.0.0, Culture=neutral, PublicKeyToken=99ea127f02d97709”不匹配。
                 已考虑使用“publish-sc\System.Diagnostics.TraceSource.dll”，
         			但它的名称“System.Diagnostics.TraceSource”
         			与预期名称“WinRT.Runtime, Version=1.6.0.0, Culture=neutral, PublicKeyToken=99ea127f02d97709”不匹配。
                 已考虑使用“publish-sc\System.Diagnostics.Tracing.dll”，
         			但它的名称“System.Diagnostics.Tracing”
         			与预期名称“WinRT.Runtime, Version=1.6.0.0, Culture=neutral, PublicKeyToken=99ea127f02d97709”不匹配。
                 已考虑使用“publish-sc\System.DirectoryServices.dll”，
         			但它的名称“System.DirectoryServices”
         			与预期名称“WinRT.Runtime, Version=1.6.0.0, Culture=neutral, PublicKeyToken=99ea127f02d97709”不匹配。
                 已考虑使用“publish-sc\System.dll”，
         			但它的名称“System”
         			与预期名称“WinRT.Runtime, Version=1.6.0.0, Culture=neutral, PublicKeyToken=99ea127f02d97709”不匹配。
                 已考虑使用“publish-sc\System.Drawing.Common.dll”，
         			但它的名称“System.Drawing.Common”
         			与预期名称“WinRT.Runtime, Version=1.6.0.0, Culture=neutral, PublicKeyToken=99ea127f02d97709”不匹配。
                 已考虑使用“publish-sc\System.Drawing.Design.dll”，
         			但它的名称“System.Drawing.Design”
         			与预期名称“WinRT.Runtime, Version=1.6.0.0, Culture=neutral, PublicKeyToken=99ea127f02d97709”不匹配。
                 已考虑使用“publish-sc\System.Drawing.dll”，
         			但它的名称“System.Drawing”
         			与预期名称“WinRT.Runtime, Version=1.6.0.0, Culture=neutral, PublicKeyToken=99ea127f02d97709”不匹配。
                 已考虑使用“publish-sc\System.Drawing.Primitives.dll”，
         			但它的名称“System.Drawing.Primitives”
         			与预期名称“WinRT.Runtime, Version=1.6.0.0, Culture=neutral, PublicKeyToken=99ea127f02d97709”不匹配。
                 已考虑使用“publish-sc\System.Dynamic.Runtime.dll”，
         			但它的名称“System.Dynamic.Runtime”
         			与预期名称“WinRT.Runtime, Version=1.6.0.0, Culture=neutral, PublicKeyToken=99ea127f02d97709”不匹配。
                 已考虑使用“publish-sc\System.Formats.Asn1.dll”，
         			但它的名称“System.Formats.Asn1”
         			与预期名称“WinRT.Runtime, Version=1.6.0.0, Culture=neutral, PublicKeyToken=99ea127f02d97709”不匹配。
                 已考虑使用“publish-sc\System.Formats.Tar.dll”，
         			但它的名称“System.Formats.Tar”
         			与预期名称“WinRT.Runtime, Version=1.6.0.0, Culture=neutral, PublicKeyToken=99ea127f02d97709”不匹配。
                 已考虑使用“publish-sc\System.Globalization.Calendars.dll”，
         			但它的名称“System.Globalization.Calendars”
         			与预期名称“WinRT.Runtime, Version=1.6.0.0, Culture=neutral, PublicKeyToken=99ea127f02d97709”不匹配。
                 已考虑使用“publish-sc\System.Globalization.dll”，
         			但它的名称“System.Globalization”
         			与预期名称“WinRT.Runtime, Version=1.6.0.0, Culture=neutral, PublicKeyToken=99ea127f02d97709”不匹配。
                 已考虑使用“publish-sc\System.Globalization.Extensions.dll”，
         			但它的名称“System.Globalization.Extensions”
         			与预期名称“WinRT.Runtime, Version=1.6.0.0, Culture=neutral, PublicKeyToken=99ea127f02d97709”不匹配。
                 已考虑使用“publish-sc\System.IO.Compression.Brotli.dll”，
         			但它的名称“System.IO.Compression.Brotli”
         			与预期名称“WinRT.Runtime, Version=1.6.0.0, Culture=neutral, PublicKeyToken=99ea127f02d97709”不匹配。
                 已考虑使用“publish-sc\System.IO.Compression.dll”，
         			但它的名称“System.IO.Compression”
         			与预期名称“WinRT.Runtime, Version=1.6.0.0, Culture=neutral, PublicKeyToken=99ea127f02d97709”不匹配。
                 已考虑使用“publish-sc\System.IO.Compression.FileSystem.dll”，
         			但它的名称“System.IO.Compression.FileSystem”
         			与预期名称“WinRT.Runtime, Version=1.6.0.0, Culture=neutral, PublicKeyToken=99ea127f02d97709”不匹配。
                 已考虑使用“publish-sc\System.IO.Compression.Native.dll”，
         			但它的名称“System.IO.Compression.Native”
         			与预期名称“WinRT.Runtime, Version=1.6.0.0, Culture=neutral, PublicKeyToken=99ea127f02d97709”不匹配。
                 已考虑使用“publish-sc\System.IO.Compression.ZipFile.dll”，
         			但它的名称“System.IO.Compression.ZipFile”
         			与预期名称“WinRT.Runtime, Version=1.6.0.0, Culture=neutral, PublicKeyToken=99ea127f02d97709”不匹配。
                 已考虑使用“publish-sc\System.IO.dll”，
         			但它的名称“System.IO”
         			与预期名称“WinRT.Runtime, Version=1.6.0.0, Culture=neutral, PublicKeyToken=99ea127f02d97709”不匹配。
                 已考虑使用“publish-sc\System.IO.FileSystem.AccessControl.dll”，
         			但它的名称“System.IO.FileSystem.AccessControl”
         			与预期名称“WinRT.Runtime, Version=1.6.0.0, Culture=neutral, PublicKeyToken=99ea127f02d97709”不匹配。
                 已考虑使用“publish-sc\System.IO.FileSystem.dll”，
         			但它的名称“System.IO.FileSystem”
         			与预期名称“WinRT.Runtime, Version=1.6.0.0, Culture=neutral, PublicKeyToken=99ea127f02d97709”不匹配。
                 已考虑使用“publish-sc\System.IO.FileSystem.DriveInfo.dll”，
         			但它的名称“System.IO.FileSystem.DriveInfo”
         			与预期名称“WinRT.Runtime, Version=1.6.0.0, Culture=neutral, PublicKeyToken=99ea127f02d97709”不匹配。
                 已考虑使用“publish-sc\System.IO.FileSystem.Primitives.dll”，
         			但它的名称“System.IO.FileSystem.Primitives”
         			与预期名称“WinRT.Runtime, Version=1.6.0.0, Culture=neutral, PublicKeyToken=99ea127f02d97709”不匹配。
                 已考虑使用“publish-sc\System.IO.FileSystem.Watcher.dll”，
         			但它的名称“System.IO.FileSystem.Watcher”
         			与预期名称“WinRT.Runtime, Version=1.6.0.0, Culture=neutral, PublicKeyToken=99ea127f02d97709”不匹配。
                 已考虑使用“publish-sc\System.IO.IsolatedStorage.dll”，
         			但它的名称“System.IO.IsolatedStorage”
         			与预期名称“WinRT.Runtime, Version=1.6.0.0, Culture=neutral, PublicKeyToken=99ea127f02d97709”不匹配。
                 已考虑使用“publish-sc\System.IO.MemoryMappedFiles.dll”，
         			但它的名称“System.IO.MemoryMappedFiles”
         			与预期名称“WinRT.Runtime, Version=1.6.0.0, Culture=neutral, PublicKeyToken=99ea127f02d97709”不匹配。
                 已考虑使用“publish-sc\System.IO.Packaging.dll”，
         			但它的名称“System.IO.Packaging”
         			与预期名称“WinRT.Runtime, Version=1.6.0.0, Culture=neutral, PublicKeyToken=99ea127f02d97709”不匹配。
                 已考虑使用“publish-sc\System.IO.Pipelines.dll”，
         			但它的名称“System.IO.Pipelines”
         			与预期名称“WinRT.Runtime, Version=1.6.0.0, Culture=neutral, PublicKeyToken=99ea127f02d97709”不匹配。
                 已考虑使用“publish-sc\System.IO.Pipes.AccessControl.dll”，
         			但它的名称“System.IO.Pipes.AccessControl”
         			与预期名称“WinRT.Runtime, Version=1.6.0.0, Culture=neutral, PublicKeyToken=99ea127f02d97709”不匹配。
                 已考虑使用“publish-sc\System.IO.Pipes.dll”，
         			但它的名称“System.IO.Pipes”
         			与预期名称“WinRT.Runtime, Version=1.6.0.0, Culture=neutral, PublicKeyToken=99ea127f02d97709”不匹配。
                 已考虑使用“publish-sc\System.IO.UnmanagedMemoryStream.dll”，
         			但它的名称“System.IO.UnmanagedMemoryStream”
         			与预期名称“WinRT.Runtime, Version=1.6.0.0, Culture=neutral, PublicKeyToken=99ea127f02d97709”不匹配。
                 已考虑使用“publish-sc\System.Linq.dll”，
         			但它的名称“System.Linq”
         			与预期名称“WinRT.Runtime, Version=1.6.0.0, Culture=neutral, PublicKeyToken=99ea127f02d97709”不匹配。
                 已考虑使用“publish-sc\System.Linq.Expressions.dll”，
         			但它的名称“System.Linq.Expressions”
         			与预期名称“WinRT.Runtime, Version=1.6.0.0, Culture=neutral, PublicKeyToken=99ea127f02d97709”不匹配。
                 已考虑使用“publish-sc\System.Linq.Parallel.dll”，
         			但它的名称“System.Linq.Parallel”
         			与预期名称“WinRT.Runtime, Version=1.6.0.0, Culture=neutral, PublicKeyToken=99ea127f02d97709”不匹配。
                 已考虑使用“publish-sc\System.Linq.Queryable.dll”，
         			但它的名称“System.Linq.Queryable”
         			与预期名称“WinRT.Runtime, Version=1.6.0.0, Culture=neutral, PublicKeyToken=99ea127f02d97709”不匹配。
                 已考虑使用“publish-sc\System.Memory.dll”，
         			但它的名称“System.Memory”
         			与预期名称“WinRT.Runtime, Version=1.6.0.0, Culture=neutral, PublicKeyToken=99ea127f02d97709”不匹配。
                 已考虑使用“publish-sc\System.Net.dll”，
         			但它的名称“System.Net”
         			与预期名称“WinRT.Runtime, Version=1.6.0.0, Culture=neutral, PublicKeyToken=99ea127f02d97709”不匹配。
                 已考虑使用“publish-sc\System.Net.Http.dll”，
         			但它的名称“System.Net.Http”
         			与预期名称“WinRT.Runtime, Version=1.6.0.0, Culture=neutral, PublicKeyToken=99ea127f02d97709”不匹配。
                 已考虑使用“publish-sc\System.Net.Http.Json.dll”，
         			但它的名称“System.Net.Http.Json”
         			与预期名称“WinRT.Runtime, Version=1.6.0.0, Culture=neutral, PublicKeyToken=99ea127f02d97709”不匹配。
                 已考虑使用“publish-sc\System.Net.HttpListener.dll”，
         			但它的名称“System.Net.HttpListener”
         			与预期名称“WinRT.Runtime, Version=1.6.0.0, Culture=neutral, PublicKeyToken=99ea127f02d97709”不匹配。
                 已考虑使用“publish-sc\System.Net.Mail.dll”，
         			但它的名称“System.Net.Mail”
         			与预期名称“WinRT.Runtime, Version=1.6.0.0, Culture=neutral, PublicKeyToken=99ea127f02d97709”不匹配。
                 已考虑使用“publish-sc\System.Net.NameResolution.dll”，
         			但它的名称“System.Net.NameResolution”
         			与预期名称“WinRT.Runtime, Version=1.6.0.0, Culture=neutral, PublicKeyToken=99ea127f02d97709”不匹配。
                 已考虑使用“publish-sc\System.Net.NetworkInformation.dll”，
         			但它的名称“System.Net.NetworkInformation”
         			与预期名称“WinRT.Runtime, Version=1.6.0.0, Culture=neutral, PublicKeyToken=99ea127f02d97709”不匹配。
                 已考虑使用“publish-sc\System.Net.Ping.dll”，
         			但它的名称“System.Net.Ping”
         			与预期名称“WinRT.Runtime, Version=1.6.0.0, Culture=neutral, PublicKeyToken=99ea127f02d97709”不匹配。
                 已考虑使用“publish-sc\System.Net.Primitives.dll”，
         			但它的名称“System.Net.Primitives”
         			与预期名称“WinRT.Runtime, Version=1.6.0.0, Culture=neutral, PublicKeyToken=99ea127f02d97709”不匹配。
                 已考虑使用“publish-sc\System.Net.Quic.dll”，
         			但它的名称“System.Net.Quic”
         			与预期名称“WinRT.Runtime, Version=1.6.0.0, Culture=neutral, PublicKeyToken=99ea127f02d97709”不匹配。
                 已考虑使用“publish-sc\System.Net.Requests.dll”，
         			但它的名称“System.Net.Requests”
         			与预期名称“WinRT.Runtime, Version=1.6.0.0, Culture=neutral, PublicKeyToken=99ea127f02d97709”不匹配。
                 已考虑使用“publish-sc\System.Net.Security.dll”，
         			但它的名称“System.Net.Security”
         			与预期名称“WinRT.Runtime, Version=1.6.0.0, Culture=neutral, PublicKeyToken=99ea127f02d97709”不匹配。
                 已考虑使用“publish-sc\System.Net.ServicePoint.dll”，
         			但它的名称“System.Net.ServicePoint”
         			与预期名称“WinRT.Runtime, Version=1.6.0.0, Culture=neutral, PublicKeyToken=99ea127f02d97709”不匹配。
                 已考虑使用“publish-sc\System.Net.Sockets.dll”，
         			但它的名称“System.Net.Sockets”
         			与预期名称“WinRT.Runtime, Version=1.6.0.0, Culture=neutral, PublicKeyToken=99ea127f02d97709”不匹配。
                 已考虑使用“publish-sc\System.Net.WebClient.dll”，
         			但它的名称“System.Net.WebClient”
         			与预期名称“WinRT.Runtime, Version=1.6.0.0, Culture=neutral, PublicKeyToken=99ea127f02d97709”不匹配。
                 已考虑使用“publish-sc\System.Net.WebHeaderCollection.dll”，
         			但它的名称“System.Net.WebHeaderCollection”
         			与预期名称“WinRT.Runtime, Version=1.6.0.0, Culture=neutral, PublicKeyToken=99ea127f02d97709”不匹配。
                 已考虑使用“publish-sc\System.Net.WebProxy.dll”，
         			但它的名称“System.Net.WebProxy”
         			与预期名称“WinRT.Runtime, Version=1.6.0.0, Culture=neutral, PublicKeyToken=99ea127f02d97709”不匹配。
                 已考虑使用“publish-sc\System.Net.WebSockets.Client.dll”，
         			但它的名称“System.Net.WebSockets.Client”
         			与预期名称“WinRT.Runtime, Version=1.6.0.0, Culture=neutral, PublicKeyToken=99ea127f02d97709”不匹配。
                 已考虑使用“publish-sc\System.Net.WebSockets.dll”，
         			但它的名称“System.Net.WebSockets”
         			与预期名称“WinRT.Runtime, Version=1.6.0.0, Culture=neutral, PublicKeyToken=99ea127f02d97709”不匹配。
                 已考虑使用“publish-sc\System.Numerics.dll”，
         			但它的名称“System.Numerics”
         			与预期名称“WinRT.Runtime, Version=1.6.0.0, Culture=neutral, PublicKeyToken=99ea127f02d97709”不匹配。
                 已考虑使用“publish-sc\System.Numerics.Vectors.dll”，
         			但它的名称“System.Numerics.Vectors”
         			与预期名称“WinRT.Runtime, Version=1.6.0.0, Culture=neutral, PublicKeyToken=99ea127f02d97709”不匹配。
                 已考虑使用“publish-sc\System.ObjectModel.dll”，
         			但它的名称“System.ObjectModel”
         			与预期名称“WinRT.Runtime, Version=1.6.0.0, Culture=neutral, PublicKeyToken=99ea127f02d97709”不匹配。
                 已考虑使用“publish-sc\System.Printing.dll”，
         			但它的名称“System.Printing”
         			与预期名称“WinRT.Runtime, Version=1.6.0.0, Culture=neutral, PublicKeyToken=99ea127f02d97709”不匹配。
                 已考虑使用“publish-sc\System.Private.CoreLib.dll”，
         			但它的名称“System.Private.CoreLib”
         			与预期名称“WinRT.Runtime, Version=1.6.0.0, Culture=neutral, PublicKeyToken=99ea127f02d97709”不匹配。
                 已考虑使用“publish-sc\System.Private.DataContractSerialization.dll”，
         			但它的名称“System.Private.DataContractSerialization”
         			与预期名称“WinRT.Runtime, Version=1.6.0.0, Culture=neutral, PublicKeyToken=99ea127f02d97709”不匹配。
                 已考虑使用“publish-sc\System.Private.Uri.dll”，
         			但它的名称“System.Private.Uri”
         			与预期名称“WinRT.Runtime, Version=1.6.0.0, Culture=neutral, PublicKeyToken=99ea127f02d97709”不匹配。
                 已考虑使用“publish-sc\System.Private.Xml.dll”，
         			但它的名称“System.Private.Xml”
         			与预期名称“WinRT.Runtime, Version=1.6.0.0, Culture=neutral, PublicKeyToken=99ea127f02d97709”不匹配。
                 已考虑使用“publish-sc\System.Private.Xml.Linq.dll”，
         			但它的名称“System.Private.Xml.Linq”
         			与预期名称“WinRT.Runtime, Version=1.6.0.0, Culture=neutral, PublicKeyToken=99ea127f02d97709”不匹配。
                 已考虑使用“publish-sc\System.Reflection.DispatchProxy.dll”，
         			但它的名称“System.Reflection.DispatchProxy”
         			与预期名称“WinRT.Runtime, Version=1.6.0.0, Culture=neutral, PublicKeyToken=99ea127f02d97709”不匹配。
                 已考虑使用“publish-sc\System.Reflection.dll”，
         			但它的名称“System.Reflection”
         			与预期名称“WinRT.Runtime, Version=1.6.0.0, Culture=neutral, PublicKeyToken=99ea127f02d97709”不匹配。
                 已考虑使用“publish-sc\System.Reflection.Emit.dll”，
         			但它的名称“System.Reflection.Emit”
         			与预期名称“WinRT.Runtime, Version=1.6.0.0, Culture=neutral, PublicKeyToken=99ea127f02d97709”不匹配。
                 已考虑使用“publish-sc\System.Reflection.Emit.ILGeneration.dll”，
         			但它的名称“System.Reflection.Emit.ILGeneration”
         			与预期名称“WinRT.Runtime, Version=1.6.0.0, Culture=neutral, PublicKeyToken=99ea127f02d97709”不匹配。
                 已考虑使用“publish-sc\System.Reflection.Emit.Lightweight.dll”，
         			但它的名称“System.Reflection.Emit.Lightweight”
         			与预期名称“WinRT.Runtime, Version=1.6.0.0, Culture=neutral, PublicKeyToken=99ea127f02d97709”不匹配。
                 已考虑使用“publish-sc\System.Reflection.Extensions.dll”，
         			但它的名称“System.Reflection.Extensions”
         			与预期名称“WinRT.Runtime, Version=1.6.0.0, Culture=neutral, PublicKeyToken=99ea127f02d97709”不匹配。
                 已考虑使用“publish-sc\System.Reflection.Metadata.dll”，
         			但它的名称“System.Reflection.Metadata”
         			与预期名称“WinRT.Runtime, Version=1.6.0.0, Culture=neutral, PublicKeyToken=99ea127f02d97709”不匹配。
                 已考虑使用“publish-sc\System.Reflection.Primitives.dll”，
         			但它的名称“System.Reflection.Primitives”
         			与预期名称“WinRT.Runtime, Version=1.6.0.0, Culture=neutral, PublicKeyToken=99ea127f02d97709”不匹配。
                 已考虑使用“publish-sc\System.Reflection.TypeExtensions.dll”，
         			但它的名称“System.Reflection.TypeExtensions”
         			与预期名称“WinRT.Runtime, Version=1.6.0.0, Culture=neutral, PublicKeyToken=99ea127f02d97709”不匹配。
                 已考虑使用“publish-sc\System.Resources.Extensions.dll”，
         			但它的名称“System.Resources.Extensions”
         			与预期名称“WinRT.Runtime, Version=1.6.0.0, Culture=neutral, PublicKeyToken=99ea127f02d97709”不匹配。
                 已考虑使用“publish-sc\System.Resources.Reader.dll”，
         			但它的名称“System.Resources.Reader”
         			与预期名称“WinRT.Runtime, Version=1.6.0.0, Culture=neutral, PublicKeyToken=99ea127f02d97709”不匹配。
                 已考虑使用“publish-sc\System.Resources.ResourceManager.dll”，
         			但它的名称“System.Resources.ResourceManager”
         			与预期名称“WinRT.Runtime, Version=1.6.0.0, Culture=neutral, PublicKeyToken=99ea127f02d97709”不匹配。
                 已考虑使用“publish-sc\System.Resources.Writer.dll”，
         			但它的名称“System.Resources.Writer”
         			与预期名称“WinRT.Runtime, Version=1.6.0.0, Culture=neutral, PublicKeyToken=99ea127f02d97709”不匹配。
                 已考虑使用“publish-sc\System.Runtime.CompilerServices.Unsafe.dll”，
         			但它的名称“System.Runtime.CompilerServices.Unsafe”
         			与预期名称“WinRT.Runtime, Version=1.6.0.0, Culture=neutral, PublicKeyToken=99ea127f02d97709”不匹配。
                 已考虑使用“publish-sc\System.Runtime.CompilerServices.VisualC.dll”，
         			但它的名称“System.Runtime.CompilerServices.VisualC”
         			与预期名称“WinRT.Runtime, Version=1.6.0.0, Culture=neutral, PublicKeyToken=99ea127f02d97709”不匹配。
                 已考虑使用“publish-sc\System.Runtime.dll”，
         			但它的名称“System.Runtime”
         			与预期名称“WinRT.Runtime, Version=1.6.0.0, Culture=neutral, PublicKeyToken=99ea127f02d97709”不匹配。
                 已考虑使用“publish-sc\System.Runtime.Extensions.dll”，
         			但它的名称“System.Runtime.Extensions”
         			与预期名称“WinRT.Runtime, Version=1.6.0.0, Culture=neutral, PublicKeyToken=99ea127f02d97709”不匹配。
                 已考虑使用“publish-sc\System.Runtime.Handles.dll”，
         			但它的名称“System.Runtime.Handles”
         			与预期名称“WinRT.Runtime, Version=1.6.0.0, Culture=neutral, PublicKeyToken=99ea127f02d97709”不匹配。
                 已考虑使用“publish-sc\System.Runtime.InteropServices.dll”，
         			但它的名称“System.Runtime.InteropServices”
         			与预期名称“WinRT.Runtime, Version=1.6.0.0, Culture=neutral, PublicKeyToken=99ea127f02d97709”不匹配。
                 已考虑使用“publish-sc\System.Runtime.InteropServices.JavaScript.dll”，
         			但它的名称“System.Runtime.InteropServices.JavaScript”
         			与预期名称“WinRT.Runtime, Version=1.6.0.0, Culture=neutral, PublicKeyToken=99ea127f02d97709”不匹配。
                 已考虑使用“publish-sc\System.Runtime.InteropServices.RuntimeInformation.dll”，
         			但它的名称“System.Runtime.InteropServices.RuntimeInformation”
         			与预期名称“WinRT.Runtime, Version=1.6.0.0, Culture=neutral, PublicKeyToken=99ea127f02d97709”不匹配。
                 已考虑使用“publish-sc\System.Runtime.Intrinsics.dll”，
         			但它的名称“System.Runtime.Intrinsics”
         			与预期名称“WinRT.Runtime, Version=1.6.0.0, Culture=neutral, PublicKeyToken=99ea127f02d97709”不匹配。
                 已考虑使用“publish-sc\System.Runtime.Loader.dll”，
         			但它的名称“System.Runtime.Loader”
         			与预期名称“WinRT.Runtime, Version=1.6.0.0, Culture=neutral, PublicKeyToken=99ea127f02d97709”不匹配。
                 已考虑使用“publish-sc\System.Runtime.Numerics.dll”，
         			但它的名称“System.Runtime.Numerics”
         			与预期名称“WinRT.Runtime, Version=1.6.0.0, Culture=neutral, PublicKeyToken=99ea127f02d97709”不匹配。
                 已考虑使用“publish-sc\System.Runtime.Serialization.dll”，
         			但它的名称“System.Runtime.Serialization”
         			与预期名称“WinRT.Runtime, Version=1.6.0.0, Culture=neutral, PublicKeyToken=99ea127f02d97709”不匹配。
                 已考虑使用“publish-sc\System.Runtime.Serialization.Formatters.dll”，
         			但它的名称“System.Runtime.Serialization.Formatters”
         			与预期名称“WinRT.Runtime, Version=1.6.0.0, Culture=neutral, PublicKeyToken=99ea127f02d97709”不匹配。
                 已考虑使用“publish-sc\System.Runtime.Serialization.Json.dll”，
         			但它的名称“System.Runtime.Serialization.Json”
         			与预期名称“WinRT.Runtime, Version=1.6.0.0, Culture=neutral, PublicKeyToken=99ea127f02d97709”不匹配。
                 已考虑使用“publish-sc\System.Runtime.Serialization.Primitives.dll”，
         			但它的名称“System.Runtime.Serialization.Primitives”
         			与预期名称“WinRT.Runtime, Version=1.6.0.0, Culture=neutral, PublicKeyToken=99ea127f02d97709”不匹配。
                 已考虑使用“publish-sc\System.Runtime.Serialization.Xml.dll”，
         			但它的名称“System.Runtime.Serialization.Xml”
         			与预期名称“WinRT.Runtime, Version=1.6.0.0, Culture=neutral, PublicKeyToken=99ea127f02d97709”不匹配。
                 已考虑使用“publish-sc\System.Security.AccessControl.dll”，
         			但它的名称“System.Security.AccessControl”
         			与预期名称“WinRT.Runtime, Version=1.6.0.0, Culture=neutral, PublicKeyToken=99ea127f02d97709”不匹配。
                 已考虑使用“publish-sc\System.Security.Claims.dll”，
         			但它的名称“System.Security.Claims”
         			与预期名称“WinRT.Runtime, Version=1.6.0.0, Culture=neutral, PublicKeyToken=99ea127f02d97709”不匹配。
                 已考虑使用“publish-sc\System.Security.Cryptography.Algorithms.dll”，
         			但它的名称“System.Security.Cryptography.Algorithms”
         			与预期名称“WinRT.Runtime, Version=1.6.0.0, Culture=neutral, PublicKeyToken=99ea127f02d97709”不匹配。
                 已考虑使用“publish-sc\System.Security.Cryptography.Cng.dll”，
         			但它的名称“System.Security.Cryptography.Cng”
         			与预期名称“WinRT.Runtime, Version=1.6.0.0, Culture=neutral, PublicKeyToken=99ea127f02d97709”不匹配。
                 已考虑使用“publish-sc\System.Security.Cryptography.Csp.dll”，
         			但它的名称“System.Security.Cryptography.Csp”
         			与预期名称“WinRT.Runtime, Version=1.6.0.0, Culture=neutral, PublicKeyToken=99ea127f02d97709”不匹配。
                 已考虑使用“publish-sc\System.Security.Cryptography.dll”，
         			但它的名称“System.Security.Cryptography”
         			与预期名称“WinRT.Runtime, Version=1.6.0.0, Culture=neutral, PublicKeyToken=99ea127f02d97709”不匹配。
                 已考虑使用“publish-sc\System.Security.Cryptography.Encoding.dll”，
         			但它的名称“System.Security.Cryptography.Encoding”
         			与预期名称“WinRT.Runtime, Version=1.6.0.0, Culture=neutral, PublicKeyToken=99ea127f02d97709”不匹配。
                 已考虑使用“publish-sc\System.Security.Cryptography.OpenSsl.dll”，
         			但它的名称“System.Security.Cryptography.OpenSsl”
         			与预期名称“WinRT.Runtime, Version=1.6.0.0, Culture=neutral, PublicKeyToken=99ea127f02d97709”不匹配。
                 已考虑使用“publish-sc\System.Security.Cryptography.Pkcs.dll”，
         			但它的名称“System.Security.Cryptography.Pkcs”
         			与预期名称“WinRT.Runtime, Version=1.6.0.0, Culture=neutral, PublicKeyToken=99ea127f02d97709”不匹配。
                 已考虑使用“publish-sc\System.Security.Cryptography.Primitives.dll”，
         			但它的名称“System.Security.Cryptography.Primitives”
         			与预期名称“WinRT.Runtime, Version=1.6.0.0, Culture=neutral, PublicKeyToken=99ea127f02d97709”不匹配。
                 已考虑使用“publish-sc\System.Security.Cryptography.ProtectedData.dll”，
         			但它的名称“System.Security.Cryptography.ProtectedData”
         			与预期名称“WinRT.Runtime, Version=1.6.0.0, Culture=neutral, PublicKeyToken=99ea127f02d97709”不匹配。
                 已考虑使用“publish-sc\System.Security.Cryptography.X509Certificates.dll”，
         			但它的名称“System.Security.Cryptography.X509Certificates”
         			与预期名称“WinRT.Runtime, Version=1.6.0.0, Culture=neutral, PublicKeyToken=99ea127f02d97709”不匹配。
                 已考虑使用“publish-sc\System.Security.Cryptography.Xml.dll”，
         			但它的名称“System.Security.Cryptography.Xml”
         			与预期名称“WinRT.Runtime, Version=1.6.0.0, Culture=neutral, PublicKeyToken=99ea127f02d97709”不匹配。
                 已考虑使用“publish-sc\System.Security.dll”，
         			但它的名称“System.Security”
         			与预期名称“WinRT.Runtime, Version=1.6.0.0, Culture=neutral, PublicKeyToken=99ea127f02d97709”不匹配。
                 已考虑使用“publish-sc\System.Security.Permissions.dll”，
         			但它的名称“System.Security.Permissions”
         			与预期名称“WinRT.Runtime, Version=1.6.0.0, Culture=neutral, PublicKeyToken=99ea127f02d97709”不匹配。
                 已考虑使用“publish-sc\System.Security.Principal.dll”，
         			但它的名称“System.Security.Principal”
         			与预期名称“WinRT.Runtime, Version=1.6.0.0, Culture=neutral, PublicKeyToken=99ea127f02d97709”不匹配。
                 已考虑使用“publish-sc\System.Security.Principal.Windows.dll”，
         			但它的名称“System.Security.Principal.Windows”
         			与预期名称“WinRT.Runtime, Version=1.6.0.0, Culture=neutral, PublicKeyToken=99ea127f02d97709”不匹配。
                 已考虑使用“publish-sc\System.Security.SecureString.dll”，
         			但它的名称“System.Security.SecureString”
         			与预期名称“WinRT.Runtime, Version=1.6.0.0, Culture=neutral, PublicKeyToken=99ea127f02d97709”不匹配。
                 已考虑使用“publish-sc\System.ServiceModel.Web.dll”，
         			但它的名称“System.ServiceModel.Web”
         			与预期名称“WinRT.Runtime, Version=1.6.0.0, Culture=neutral, PublicKeyToken=99ea127f02d97709”不匹配。
                 已考虑使用“publish-sc\System.ServiceProcess.dll”，
         			但它的名称“System.ServiceProcess”
         			与预期名称“WinRT.Runtime, Version=1.6.0.0, Culture=neutral, PublicKeyToken=99ea127f02d97709”不匹配。
                 已考虑使用“publish-sc\System.Text.Encoding.CodePages.dll”，
         			但它的名称“System.Text.Encoding.CodePages”
         			与预期名称“WinRT.Runtime, Version=1.6.0.0, Culture=neutral, PublicKeyToken=99ea127f02d97709”不匹配。
                 已考虑使用“publish-sc\System.Text.Encoding.dll”，
         			但它的名称“System.Text.Encoding”
         			与预期名称“WinRT.Runtime, Version=1.6.0.0, Culture=neutral, PublicKeyToken=99ea127f02d97709”不匹配。
                 已考虑使用“publish-sc\System.Text.Encoding.Extensions.dll”，
         			但它的名称“System.Text.Encoding.Extensions”
         			与预期名称“WinRT.Runtime, Version=1.6.0.0, Culture=neutral, PublicKeyToken=99ea127f02d97709”不匹配。
                 已考虑使用“publish-sc\System.Text.Encodings.Web.dll”，
         			但它的名称“System.Text.Encodings.Web”
         			与预期名称“WinRT.Runtime, Version=1.6.0.0, Culture=neutral, PublicKeyToken=99ea127f02d97709”不匹配。
                 已考虑使用“publish-sc\System.Text.Json.dll”，
         			但它的名称“System.Text.Json”
         			与预期名称“WinRT.Runtime, Version=1.6.0.0, Culture=neutral, PublicKeyToken=99ea127f02d97709”不匹配。
                 已考虑使用“publish-sc\System.Text.RegularExpressions.dll”，
         			但它的名称“System.Text.RegularExpressions”
         			与预期名称“WinRT.Runtime, Version=1.6.0.0, Culture=neutral, PublicKeyToken=99ea127f02d97709”不匹配。
                 已考虑使用“publish-sc\System.Threading.AccessControl.dll”，
         			但它的名称“System.Threading.AccessControl”
         			与预期名称“WinRT.Runtime, Version=1.6.0.0, Culture=neutral, PublicKeyToken=99ea127f02d97709”不匹配。
                 已考虑使用“publish-sc\System.Threading.Channels.dll”，
         			但它的名称“System.Threading.Channels”
         			与预期名称“WinRT.Runtime, Version=1.6.0.0, Culture=neutral, PublicKeyToken=99ea127f02d97709”不匹配。
                 已考虑使用“publish-sc\System.Threading.dll”，
         			但它的名称“System.Threading”
         			与预期名称“WinRT.Runtime, Version=1.6.0.0, Culture=neutral, PublicKeyToken=99ea127f02d97709”不匹配。
                 已考虑使用“publish-sc\System.Threading.Overlapped.dll”，
         			但它的名称“System.Threading.Overlapped”
         			与预期名称“WinRT.Runtime, Version=1.6.0.0, Culture=neutral, PublicKeyToken=99ea127f02d97709”不匹配。
                 已考虑使用“publish-sc\System.Threading.Tasks.Dataflow.dll”，
         			但它的名称“System.Threading.Tasks.Dataflow”
         			与预期名称“WinRT.Runtime, Version=1.6.0.0, Culture=neutral, PublicKeyToken=99ea127f02d97709”不匹配。
                 已考虑使用“publish-sc\System.Threading.Tasks.dll”，
         			但它的名称“System.Threading.Tasks”
         			与预期名称“WinRT.Runtime, Version=1.6.0.0, Culture=neutral, PublicKeyToken=99ea127f02d97709”不匹配。
                 已考虑使用“publish-sc\System.Threading.Tasks.Extensions.dll”，
         			但它的名称“System.Threading.Tasks.Extensions”
         			与预期名称“WinRT.Runtime, Version=1.6.0.0, Culture=neutral, PublicKeyToken=99ea127f02d97709”不匹配。
                 已考虑使用“publish-sc\System.Threading.Tasks.Parallel.dll”，
         			但它的名称“System.Threading.Tasks.Parallel”
         			与预期名称“WinRT.Runtime, Version=1.6.0.0, Culture=neutral, PublicKeyToken=99ea127f02d97709”不匹配。
                 已考虑使用“publish-sc\System.Threading.Thread.dll”，
         			但它的名称“System.Threading.Thread”
         			与预期名称“WinRT.Runtime, Version=1.6.0.0, Culture=neutral, PublicKeyToken=99ea127f02d97709”不匹配。
                 已考虑使用“publish-sc\System.Threading.ThreadPool.dll”，
         			但它的名称“System.Threading.ThreadPool”
         			与预期名称“WinRT.Runtime, Version=1.6.0.0, Culture=neutral, PublicKeyToken=99ea127f02d97709”不匹配。
                 已考虑使用“publish-sc\System.Threading.Timer.dll”，
         			但它的名称“System.Threading.Timer”
         			与预期名称“WinRT.Runtime, Version=1.6.0.0, Culture=neutral, PublicKeyToken=99ea127f02d97709”不匹配。
                 已考虑使用“publish-sc\System.Transactions.dll”，
         			但它的名称“System.Transactions”
         			与预期名称“WinRT.Runtime, Version=1.6.0.0, Culture=neutral, PublicKeyToken=99ea127f02d97709”不匹配。
                 已考虑使用“publish-sc\System.Transactions.Local.dll”，
         			但它的名称“System.Transactions.Local”
         			与预期名称“WinRT.Runtime, Version=1.6.0.0, Culture=neutral, PublicKeyToken=99ea127f02d97709”不匹配。
                 已考虑使用“publish-sc\System.ValueTuple.dll”，
         			但它的名称“System.ValueTuple”
         			与预期名称“WinRT.Runtime, Version=1.6.0.0, Culture=neutral, PublicKeyToken=99ea127f02d97709”不匹配。
                 已考虑使用“publish-sc\System.Web.dll”，
         			但它的名称“System.Web”
         			与预期名称“WinRT.Runtime, Version=1.6.0.0, Culture=neutral, PublicKeyToken=99ea127f02d97709”不匹配。
                 已考虑使用“publish-sc\System.Web.HttpUtility.dll”，
         			但它的名称“System.Web.HttpUtility”
         			与预期名称“WinRT.Runtime, Version=1.6.0.0, Culture=neutral, PublicKeyToken=99ea127f02d97709”不匹配。
                 已考虑使用“publish-sc\System.Windows.Controls.Ribbon.dll”，
         			但它的名称“System.Windows.Controls.Ribbon”
         			与预期名称“WinRT.Runtime, Version=1.6.0.0, Culture=neutral, PublicKeyToken=99ea127f02d97709”不匹配。
                 已考虑使用“publish-sc\System.Windows.dll”，
         			但它的名称“System.Windows”
         			与预期名称“WinRT.Runtime, Version=1.6.0.0, Culture=neutral, PublicKeyToken=99ea127f02d97709”不匹配。
                 已考虑使用“publish-sc\System.Windows.Extensions.dll”，
         			但它的名称“System.Windows.Extensions”
         			与预期名称“WinRT.Runtime, Version=1.6.0.0, Culture=neutral, PublicKeyToken=99ea127f02d97709”不匹配。
                 已考虑使用“publish-sc\System.Windows.Forms.Design.dll”，
         			但它的名称“System.Windows.Forms.Design”
         			与预期名称“WinRT.Runtime, Version=1.6.0.0, Culture=neutral, PublicKeyToken=99ea127f02d97709”不匹配。
                 已考虑使用“publish-sc\System.Windows.Forms.Design.Editors.dll”，
         			但它的名称“System.Windows.Forms.Design.Editors”
         			与预期名称“WinRT.Runtime, Version=1.6.0.0, Culture=neutral, PublicKeyToken=99ea127f02d97709”不匹配。
                 已考虑使用“publish-sc\System.Windows.Forms.dll”，
         			但它的名称“System.Windows.Forms”
         			与预期名称“WinRT.Runtime, Version=1.6.0.0, Culture=neutral, PublicKeyToken=99ea127f02d97709”不匹配。
                 已考虑使用“publish-sc\System.Windows.Forms.Primitives.dll”，
         			但它的名称“System.Windows.Forms.Primitives”
         			与预期名称“WinRT.Runtime, Version=1.6.0.0, Culture=neutral, PublicKeyToken=99ea127f02d97709”不匹配。
                 已考虑使用“publish-sc\System.Windows.Input.Manipulations.dll”，
         			但它的名称“System.Windows.Input.Manipulations”
         			与预期名称“WinRT.Runtime, Version=1.6.0.0, Culture=neutral, PublicKeyToken=99ea127f02d97709”不匹配。
                 已考虑使用“publish-sc\System.Windows.Presentation.dll”，
         			但它的名称“System.Windows.Presentation”
         			与预期名称“WinRT.Runtime, Version=1.6.0.0, Culture=neutral, PublicKeyToken=99ea127f02d97709”不匹配。
                 已考虑使用“publish-sc\System.Xaml.dll”，
         			但它的名称“System.Xaml”
         			与预期名称“WinRT.Runtime, Version=1.6.0.0, Culture=neutral, PublicKeyToken=99ea127f02d97709”不匹配。
                 已考虑使用“publish-sc\System.Xml.dll”，
         			但它的名称“System.Xml”
         			与预期名称“WinRT.Runtime, Version=1.6.0.0, Culture=neutral, PublicKeyToken=99ea127f02d97709”不匹配。
                 已考虑使用“publish-sc\System.Xml.Linq.dll”，
         			但它的名称“System.Xml.Linq”
         			与预期名称“WinRT.Runtime, Version=1.6.0.0, Culture=neutral, PublicKeyToken=99ea127f02d97709”不匹配。
                 已考虑使用“publish-sc\System.Xml.ReaderWriter.dll”，
         			但它的名称“System.Xml.ReaderWriter”
         			与预期名称“WinRT.Runtime, Version=1.6.0.0, Culture=neutral, PublicKeyToken=99ea127f02d97709”不匹配。
                 已考虑使用“publish-sc\System.Xml.Serialization.dll”，
         			但它的名称“System.Xml.Serialization”
         			与预期名称“WinRT.Runtime, Version=1.6.0.0, Culture=neutral, PublicKeyToken=99ea127f02d97709”不匹配。
                 已考虑使用“publish-sc\System.Xml.XDocument.dll”，
         			但它的名称“System.Xml.XDocument”
         			与预期名称“WinRT.Runtime, Version=1.6.0.0, Culture=neutral, PublicKeyToken=99ea127f02d97709”不匹配。
                 已考虑使用“publish-sc\System.Xml.XmlDocument.dll”，
         			但它的名称“System.Xml.XmlDocument”
         			与预期名称“WinRT.Runtime, Version=1.6.0.0, Culture=neutral, PublicKeyToken=99ea127f02d97709”不匹配。
                 已考虑使用“publish-sc\System.Xml.XmlSerializer.dll”，
         			但它的名称“System.Xml.XmlSerializer”
         			与预期名称“WinRT.Runtime, Version=1.6.0.0, Culture=neutral, PublicKeyToken=99ea127f02d97709”不匹配。
                 已考虑使用“publish-sc\System.Xml.XPath.dll”，
         			但它的名称“System.Xml.XPath”
         			与预期名称“WinRT.Runtime, Version=1.6.0.0, Culture=neutral, PublicKeyToken=99ea127f02d97709”不匹配。
                 已考虑使用“publish-sc\System.Xml.XPath.XDocument.dll”，
         			但它的名称“System.Xml.XPath.XDocument”
         			与预期名称“WinRT.Runtime, Version=1.6.0.0, Culture=neutral, PublicKeyToken=99ea127f02d97709”不匹配。
                 已考虑使用“publish-sc\tr\Microsoft.VisualBasic.Forms.resources.dll”，
         			但它的名称“Microsoft.VisualBasic.Forms.resources”
         			与预期名称“WinRT.Runtime, Version=1.6.0.0, Culture=neutral, PublicKeyToken=99ea127f02d97709”不匹配。
                 已考虑使用“publish-sc\tr\PresentationCore.resources.dll”，
         			但它的名称“PresentationCore.resources”
         			与预期名称“WinRT.Runtime, Version=1.6.0.0, Culture=neutral, PublicKeyToken=99ea127f02d97709”不匹配。
                 已考虑使用“publish-sc\tr\PresentationFramework.resources.dll”，
         			但它的名称“PresentationFramework.resources”
         			与预期名称“WinRT.Runtime, Version=1.6.0.0, Culture=neutral, PublicKeyToken=99ea127f02d97709”不匹配。
                 已考虑使用“publish-sc\tr\PresentationUI.resources.dll”，
         			但它的名称“PresentationUI.resources”
         			与预期名称“WinRT.Runtime, Version=1.6.0.0, Culture=neutral, PublicKeyToken=99ea127f02d97709”不匹配。
                 已考虑使用“publish-sc\tr\ReachFramework.resources.dll”，
         			但它的名称“ReachFramework.resources”
         			与预期名称“WinRT.Runtime, Version=1.6.0.0, Culture=neutral, PublicKeyToken=99ea127f02d97709”不匹配。
                 已考虑使用“publish-sc\tr\System.Windows.Controls.Ribbon.resources.dll”，
         			但它的名称“System.Windows.Controls.Ribbon.resources”
         			与预期名称“WinRT.Runtime, Version=1.6.0.0, Culture=neutral, PublicKeyToken=99ea127f02d97709”不匹配。
                 已考虑使用“publish-sc\tr\System.Windows.Forms.Design.resources.dll”，
         			但它的名称“System.Windows.Forms.Design.resources”
         			与预期名称“WinRT.Runtime, Version=1.6.0.0, Culture=neutral, PublicKeyToken=99ea127f02d97709”不匹配。
                 已考虑使用“publish-sc\tr\System.Windows.Forms.Primitives.resources.dll”，
         			但它的名称“System.Windows.Forms.Primitives.resources”
         			与预期名称“WinRT.Runtime, Version=1.6.0.0, Culture=neutral, PublicKeyToken=99ea127f02d97709”不匹配。
                 已考虑使用“publish-sc\tr\System.Windows.Forms.resources.dll”，
         			但它的名称“System.Windows.Forms.resources”
         			与预期名称“WinRT.Runtime, Version=1.6.0.0, Culture=neutral, PublicKeyToken=99ea127f02d97709”不匹配。
                 已考虑使用“publish-sc\tr\System.Windows.Input.Manipulations.resources.dll”，
         			但它的名称“System.Windows.Input.Manipulations.resources”
         			与预期名称“WinRT.Runtime, Version=1.6.0.0, Culture=neutral, PublicKeyToken=99ea127f02d97709”不匹配。
                 已考虑使用“publish-sc\tr\System.Xaml.resources.dll”，
         			但它的名称“System.Xaml.resources”
         			与预期名称“WinRT.Runtime, Version=1.6.0.0, Culture=neutral, PublicKeyToken=99ea127f02d97709”不匹配。
                 已考虑使用“publish-sc\tr\UIAutomationClient.resources.dll”，
         			但它的名称“UIAutomationClient.resources”
         			与预期名称“WinRT.Runtime, Version=1.6.0.0, Culture=neutral, PublicKeyToken=99ea127f02d97709”不匹配。
                 已考虑使用“publish-sc\tr\UIAutomationClientSideProviders.resources.dll”，
         			但它的名称“UIAutomationClientSideProviders.resources”
         			与预期名称“WinRT.Runtime, Version=1.6.0.0, Culture=neutral, PublicKeyToken=99ea127f02d97709”不匹配。
                 已考虑使用“publish-sc\tr\UIAutomationProvider.resources.dll”，
         			但它的名称“UIAutomationProvider.resources”
         			与预期名称“WinRT.Runtime, Version=1.6.0.0, Culture=neutral, PublicKeyToken=99ea127f02d97709”不匹配。
                 已考虑使用“publish-sc\tr\UIAutomationTypes.resources.dll”，
         			但它的名称“UIAutomationTypes.resources”
         			与预期名称“WinRT.Runtime, Version=1.6.0.0, Culture=neutral, PublicKeyToken=99ea127f02d97709”不匹配。
                 已考虑使用“publish-sc\tr\WindowsBase.resources.dll”，
         			但它的名称“WindowsBase.resources”
         			与预期名称“WinRT.Runtime, Version=1.6.0.0, Culture=neutral, PublicKeyToken=99ea127f02d97709”不匹配。
                 已考虑使用“publish-sc\tr\WindowsFormsIntegration.resources.dll”，
         			但它的名称“WindowsFormsIntegration.resources”
         			与预期名称“WinRT.Runtime, Version=1.6.0.0, Culture=neutral, PublicKeyToken=99ea127f02d97709”不匹配。
                 已考虑使用“publish-sc\UIAutomationClient.dll”，
         			但它的名称“UIAutomationClient”
         			与预期名称“WinRT.Runtime, Version=1.6.0.0, Culture=neutral, PublicKeyToken=99ea127f02d97709”不匹配。
                 已考虑使用“publish-sc\UIAutomationClientSideProviders.dll”，
         			但它的名称“UIAutomationClientSideProviders”
         			与预期名称“WinRT.Runtime, Version=1.6.0.0, Culture=neutral, PublicKeyToken=99ea127f02d97709”不匹配。
                 已考虑使用“publish-sc\UIAutomationProvider.dll”，
         			但它的名称“UIAutomationProvider”
         			与预期名称“WinRT.Runtime, Version=1.6.0.0, Culture=neutral, PublicKeyToken=99ea127f02d97709”不匹配。
                 已考虑使用“publish-sc\UIAutomationTypes.dll”，
         			但它的名称“UIAutomationTypes”
         			与预期名称“WinRT.Runtime, Version=1.6.0.0, Culture=neutral, PublicKeyToken=99ea127f02d97709”不匹配。
                 已考虑使用“publish-sc\vcruntime140_cor3.dll”，
         			但它的名称“vcruntime140_cor3”
         			与预期名称“WinRT.Runtime, Version=1.6.0.0, Culture=neutral, PublicKeyToken=99ea127f02d97709”不匹配。
                 已考虑使用“publish-sc\WebView2Loader.dll”，
         			但它的名称“WebView2Loader”
         			与预期名称“WinRT.Runtime, Version=1.6.0.0, Culture=neutral, PublicKeyToken=99ea127f02d97709”不匹配。
                 已考虑使用“publish-sc\WebViewHub.dll”，
         			但它的名称“WebViewHub”
         			与预期名称“WinRT.Runtime, Version=1.6.0.0, Culture=neutral, PublicKeyToken=99ea127f02d97709”不匹配。
                 已考虑使用“publish-sc\WebViewHub.exe”，
         			但它的名称“WebViewHub”
         			与预期名称“WinRT.Runtime, Version=1.6.0.0, Culture=neutral, PublicKeyToken=99ea127f02d97709”不匹配。
                 已考虑使用“publish-sc\WindowsBase.dll”，
         			但它的名称“WindowsBase”
         			与预期名称“WinRT.Runtime, Version=1.6.0.0, Culture=neutral, PublicKeyToken=99ea127f02d97709”不匹配。
                 已考虑使用“publish-sc\WindowsFormsIntegration.dll”，
         			但它的名称“WindowsFormsIntegration”
         			与预期名称“WinRT.Runtime, Version=1.6.0.0, Culture=neutral, PublicKeyToken=99ea127f02d97709”不匹配。
                 已考虑使用“publish-sc\wpfgfx_cor3.dll”，
         			但它的名称“wpfgfx_cor3”
         			与预期名称“WinRT.Runtime, Version=1.6.0.0, Culture=neutral, PublicKeyToken=99ea127f02d97709”不匹配。
                 已考虑使用“publish-sc\zh-Hans\Microsoft.VisualBasic.Forms.resources.dll”，
         			但它的名称“Microsoft.VisualBasic.Forms.resources”
         			与预期名称“WinRT.Runtime, Version=1.6.0.0, Culture=neutral, PublicKeyToken=99ea127f02d97709”不匹配。
                 已考虑使用“publish-sc\zh-Hans\PresentationCore.resources.dll”，
         			但它的名称“PresentationCore.resources”
         			与预期名称“WinRT.Runtime, Version=1.6.0.0, Culture=neutral, PublicKeyToken=99ea127f02d97709”不匹配。
                 已考虑使用“publish-sc\zh-Hans\PresentationFramework.resources.dll”，
         			但它的名称“PresentationFramework.resources”
         			与预期名称“WinRT.Runtime, Version=1.6.0.0, Culture=neutral, PublicKeyToken=99ea127f02d97709”不匹配。
                 已考虑使用“publish-sc\zh-Hans\PresentationUI.resources.dll”，
         			但它的名称“PresentationUI.resources”
         			与预期名称“WinRT.Runtime, Version=1.6.0.0, Culture=neutral, PublicKeyToken=99ea127f02d97709”不匹配。
                 已考虑使用“publish-sc\zh-Hans\ReachFramework.resources.dll”，
         			但它的名称“ReachFramework.resources”
         			与预期名称“WinRT.Runtime, Version=1.6.0.0, Culture=neutral, PublicKeyToken=99ea127f02d97709”不匹配。
                 已考虑使用“publish-sc\zh-Hans\System.Windows.Controls.Ribbon.resources.dll”，
         			但它的名称“System.Windows.Controls.Ribbon.resources”
         			与预期名称“WinRT.Runtime, Version=1.6.0.0, Culture=neutral, PublicKeyToken=99ea127f02d97709”不匹配。
                 已考虑使用“publish-sc\zh-Hans\System.Windows.Forms.Design.resources.dll”，
         			但它的名称“System.Windows.Forms.Design.resources”
         			与预期名称“WinRT.Runtime, Version=1.6.0.0, Culture=neutral, PublicKeyToken=99ea127f02d97709”不匹配。
                 已考虑使用“publish-sc\zh-Hans\System.Windows.Forms.Primitives.resources.dll”，
         			但它的名称“System.Windows.Forms.Primitives.resources”
         			与预期名称“WinRT.Runtime, Version=1.6.0.0, Culture=neutral, PublicKeyToken=99ea127f02d97709”不匹配。
                 已考虑使用“publish-sc\zh-Hans\System.Windows.Forms.resources.dll”，
         			但它的名称“System.Windows.Forms.resources”
         			与预期名称“WinRT.Runtime, Version=1.6.0.0, Culture=neutral, PublicKeyToken=99ea127f02d97709”不匹配。
                 已考虑使用“publish-sc\zh-Hans\System.Windows.Input.Manipulations.resources.dll”，
         			但它的名称“System.Windows.Input.Manipulations.resources”
         			与预期名称“WinRT.Runtime, Version=1.6.0.0, Culture=neutral, PublicKeyToken=99ea127f02d97709”不匹配。
                 已考虑使用“publish-sc\zh-Hans\System.Xaml.resources.dll”，
         			但它的名称“System.Xaml.resources”
         			与预期名称“WinRT.Runtime, Version=1.6.0.0, Culture=neutral, PublicKeyToken=99ea127f02d97709”不匹配。
                 已考虑使用“publish-sc\zh-Hans\UIAutomationClient.resources.dll”，
         			但它的名称“UIAutomationClient.resources”
         			与预期名称“WinRT.Runtime, Version=1.6.0.0, Culture=neutral, PublicKeyToken=99ea127f02d97709”不匹配。
                 已考虑使用“publish-sc\zh-Hans\UIAutomationClientSideProviders.resources.dll”，
         			但它的名称“UIAutomationClientSideProviders.resources”
         			与预期名称“WinRT.Runtime, Version=1.6.0.0, Culture=neutral, PublicKeyToken=99ea127f02d97709”不匹配。
                 已考虑使用“publish-sc\zh-Hans\UIAutomationProvider.resources.dll”，
         			但它的名称“UIAutomationProvider.resources”
         			与预期名称“WinRT.Runtime, Version=1.6.0.0, Culture=neutral, PublicKeyToken=99ea127f02d97709”不匹配。
                 已考虑使用“publish-sc\zh-Hans\UIAutomationTypes.resources.dll”，
         			但它的名称“UIAutomationTypes.resources”
         			与预期名称“WinRT.Runtime, Version=1.6.0.0, Culture=neutral, PublicKeyToken=99ea127f02d97709”不匹配。
                 已考虑使用“publish-sc\zh-Hans\WindowsBase.resources.dll”，
         			但它的名称“WindowsBase.resources”
         			与预期名称“WinRT.Runtime, Version=1.6.0.0, Culture=neutral, PublicKeyToken=99ea127f02d97709”不匹配。
                 已考虑使用“publish-sc\zh-Hans\WindowsFormsIntegration.resources.dll”，
         			但它的名称“WindowsFormsIntegration.resources”
         			与预期名称“WinRT.Runtime, Version=1.6.0.0, Culture=neutral, PublicKeyToken=99ea127f02d97709”不匹配。
                 已考虑使用“publish-sc\zh-Hant\Microsoft.VisualBasic.Forms.resources.dll”，
         			但它的名称“Microsoft.VisualBasic.Forms.resources”
         			与预期名称“WinRT.Runtime, Version=1.6.0.0, Culture=neutral, PublicKeyToken=99ea127f02d97709”不匹配。
                 已考虑使用“publish-sc\zh-Hant\PresentationCore.resources.dll”，
         			但它的名称“PresentationCore.resources”
         			与预期名称“WinRT.Runtime, Version=1.6.0.0, Culture=neutral, PublicKeyToken=99ea127f02d97709”不匹配。
                 已考虑使用“publish-sc\zh-Hant\PresentationFramework.resources.dll”，
         			但它的名称“PresentationFramework.resources”
         			与预期名称“WinRT.Runtime, Version=1.6.0.0, Culture=neutral, PublicKeyToken=99ea127f02d97709”不匹配。
                 已考虑使用“publish-sc\zh-Hant\PresentationUI.resources.dll”，
         			但它的名称“PresentationUI.resources”
         			与预期名称“WinRT.Runtime, Version=1.6.0.0, Culture=neutral, PublicKeyToken=99ea127f02d97709”不匹配。
                 已考虑使用“publish-sc\zh-Hant\ReachFramework.resources.dll”，
         			但它的名称“ReachFramework.resources”
         			与预期名称“WinRT.Runtime, Version=1.6.0.0, Culture=neutral, PublicKeyToken=99ea127f02d97709”不匹配。
                 已考虑使用“publish-sc\zh-Hant\System.Windows.Controls.Ribbon.resources.dll”，
         			但它的名称“System.Windows.Controls.Ribbon.resources”
         			与预期名称“WinRT.Runtime, Version=1.6.0.0, Culture=neutral, PublicKeyToken=99ea127f02d97709”不匹配。
                 已考虑使用“publish-sc\zh-Hant\System.Windows.Forms.Design.resources.dll”，
         			但它的名称“System.Windows.Forms.Design.resources”
         			与预期名称“WinRT.Runtime, Version=1.6.0.0, Culture=neutral, PublicKeyToken=99ea127f02d97709”不匹配。
                 已考虑使用“publish-sc\zh-Hant\System.Windows.Forms.Primitives.resources.dll”，
         			但它的名称“System.Windows.Forms.Primitives.resources”
         			与预期名称“WinRT.Runtime, Version=1.6.0.0, Culture=neutral, PublicKeyToken=99ea127f02d97709”不匹配。
                 已考虑使用“publish-sc\zh-Hant\System.Windows.Forms.resources.dll”，
         			但它的名称“System.Windows.Forms.resources”
         			与预期名称“WinRT.Runtime, Version=1.6.0.0, Culture=neutral, PublicKeyToken=99ea127f02d97709”不匹配。
                 已考虑使用“publish-sc\zh-Hant\System.Windows.Input.Manipulations.resources.dll”，
         			但它的名称“System.Windows.Input.Manipulations.resources”
         			与预期名称“WinRT.Runtime, Version=1.6.0.0, Culture=neutral, PublicKeyToken=99ea127f02d97709”不匹配。
                 已考虑使用“publish-sc\zh-Hant\System.Xaml.resources.dll”，
         			但它的名称“System.Xaml.resources”
         			与预期名称“WinRT.Runtime, Version=1.6.0.0, Culture=neutral, PublicKeyToken=99ea127f02d97709”不匹配。
                 已考虑使用“publish-sc\zh-Hant\UIAutomationClient.resources.dll”，
         			但它的名称“UIAutomationClient.resources”
         			与预期名称“WinRT.Runtime, Version=1.6.0.0, Culture=neutral, PublicKeyToken=99ea127f02d97709”不匹配。
                 已考虑使用“publish-sc\zh-Hant\UIAutomationClientSideProviders.resources.dll”，
         			但它的名称“UIAutomationClientSideProviders.resources”
         			与预期名称“WinRT.Runtime, Version=1.6.0.0, Culture=neutral, PublicKeyToken=99ea127f02d97709”不匹配。
                 已考虑使用“publish-sc\zh-Hant\UIAutomationProvider.resources.dll”，
         			但它的名称“UIAutomationProvider.resources”
         			与预期名称“WinRT.Runtime, Version=1.6.0.0, Culture=neutral, PublicKeyToken=99ea127f02d97709”不匹配。
                 已考虑使用“publish-sc\zh-Hant\UIAutomationTypes.resources.dll”，
         			但它的名称“UIAutomationTypes.resources”
         			与预期名称“WinRT.Runtime, Version=1.6.0.0, Culture=neutral, PublicKeyToken=99ea127f02d97709”不匹配。
                 已考虑使用“publish-sc\zh-Hant\WindowsBase.resources.dll”，
         			但它的名称“WindowsBase.resources”
         			与预期名称“WinRT.Runtime, Version=1.6.0.0, Culture=neutral, PublicKeyToken=99ea127f02d97709”不匹配。
                 已考虑使用“publish-sc\zh-Hant\WindowsFormsIntegration.resources.dll”，
         			但它的名称“WindowsFormsIntegration.resources”
         			与预期名称“WinRT.Runtime, Version=1.6.0.0, Culture=neutral, PublicKeyToken=99ea127f02d97709”不匹配。
                 已考虑使用“publish\CommunityToolkit.Mvvm.dll”，
         			但它的名称“CommunityToolkit.Mvvm”
         			与预期名称“WinRT.Runtime, Version=1.6.0.0, Culture=neutral, PublicKeyToken=99ea127f02d97709”不匹配。
                 已考虑使用“publish\e_sqlite3.dll”，
         			但它的名称“e_sqlite3”
         			与预期名称“WinRT.Runtime, Version=1.6.0.0, Culture=neutral, PublicKeyToken=99ea127f02d97709”不匹配。
                 已考虑使用“publish\Microsoft.Data.Sqlite.dll”，
         			但它的名称“Microsoft.Data.Sqlite”
         			与预期名称“WinRT.Runtime, Version=1.6.0.0, Culture=neutral, PublicKeyToken=99ea127f02d97709”不匹配。
                 已考虑使用“publish\Microsoft.Web.WebView2.Core.dll”，
         			但它的名称“Microsoft.Web.WebView2.Core”
         			与预期名称“WinRT.Runtime, Version=1.6.0.0, Culture=neutral, PublicKeyToken=99ea127f02d97709”不匹配。
                 已考虑使用“publish\Microsoft.Web.WebView2.WinForms.dll”，
         			但它的名称“Microsoft.Web.WebView2.WinForms”
         			与预期名称“WinRT.Runtime, Version=1.6.0.0, Culture=neutral, PublicKeyToken=99ea127f02d97709”不匹配。
                 已考虑使用“publish\Microsoft.Web.WebView2.Wpf.dll”，
         			但它的名称“Microsoft.Web.WebView2.Wpf”
         			与预期名称“WinRT.Runtime, Version=1.6.0.0, Culture=neutral, PublicKeyToken=99ea127f02d97709”不匹配。
                 已考虑使用“publish\runtimes\win-x64\native\WebView2Loader.dll”，
         			但它的名称“WebView2Loader”
         			与预期名称“WinRT.Runtime, Version=1.6.0.0, Culture=neutral, PublicKeyToken=99ea127f02d97709”不匹配。
                 已考虑使用“publish\SQLitePCLRaw.batteries_v2.dll”，
         			但它的名称“SQLitePCLRaw.batteries_v2”
         			与预期名称“WinRT.Runtime, Version=1.6.0.0, Culture=neutral, PublicKeyToken=99ea127f02d97709”不匹配。
                 已考虑使用“publish\SQLitePCLRaw.core.dll”，
         			但它的名称“SQLitePCLRaw.core”
         			与预期名称“WinRT.Runtime, Version=1.6.0.0, Culture=neutral, PublicKeyToken=99ea127f02d97709”不匹配。
                 已考虑使用“publish\SQLitePCLRaw.provider.e_sqlite3.dll”，
         			但它的名称“SQLitePCLRaw.provider.e_sqlite3”
         			与预期名称“WinRT.Runtime, Version=1.6.0.0, Culture=neutral, PublicKeyToken=99ea127f02d97709”不匹配。
                 已考虑使用“publish\System.IO.Pipelines.dll”，
         			但它的名称“System.IO.Pipelines”
         			与预期名称“WinRT.Runtime, Version=1.6.0.0, Culture=neutral, PublicKeyToken=99ea127f02d97709”不匹配。
                 已考虑使用“publish\System.Text.Encodings.Web.dll”，
         			但它的名称“System.Text.Encodings.Web”
         			与预期名称“WinRT.Runtime, Version=1.6.0.0, Culture=neutral, PublicKeyToken=99ea127f02d97709”不匹配。
                 已考虑使用“publish\System.Text.Json.dll”，
         			但它的名称“System.Text.Json”
         			与预期名称“WinRT.Runtime, Version=1.6.0.0, Culture=neutral, PublicKeyToken=99ea127f02d97709”不匹配。
                 已考虑使用“publish\WebView2Loader.dll”，
         			但它的名称“WebView2Loader”
         			与预期名称“WinRT.Runtime, Version=1.6.0.0, Culture=neutral, PublicKeyToken=99ea127f02d97709”不匹配。
                 已考虑使用“publish\WebViewHub.dll”，
         			但它的名称“WebViewHub”
         			与预期名称“WinRT.Runtime, Version=1.6.0.0, Culture=neutral, PublicKeyToken=99ea127f02d97709”不匹配。
                 已考虑使用“publish\WebViewHub.exe”，
         			但它的名称“WebViewHub”
         			与预期名称“WinRT.Runtime, Version=1.6.0.0, Culture=neutral, PublicKeyToken=99ea127f02d97709”不匹配。
             “C:\Users\Administrator\.nuget\packages\microsoft.web.webview2\1.0.2849.39\buildTransitive\..\\lib_manual\net5.0-windows10.0.17763.0\Microsoft.Web.WebView2.Wpf.dll”所必需的。
       已完成执行任务“ResolveAssemblyReference”的操作。
   1:7>已完成在项目“WebViewHub.csproj”中生成目标“ResolveAssemblyReferences”的操作。
   1:7>来自项目“E:\ProjectMy\WebViewHub\WebViewHub.csproj”的文件“C:\Program Files\dotnet\sdk\10.0.103\Microsoft.Common.CurrentVersion.targets”中的目标“AfterResolveReferences”(目标“ResolveReferences”依赖于它):
   1:7>已完成在项目“WebViewHub.csproj”中生成目标“AfterResolveReferences”的操作。
   1:7>来自项目“E:\ProjectMy\WebViewHub\WebViewHub.csproj”的文件“C:\Program Files\dotnet\sdk\10.0.103\Microsoft.Common.CurrentVersion.targets”中的目标“ResolveReferences”(目标“_BlockWinMDsOnUnsupportedTFMs”依赖于它):
   1:7>已完成在项目“WebViewHub.csproj”中生成目标“ResolveReferences”的操作。
   1:7>来自项目“E:\ProjectMy\WebViewHub\WebViewHub.csproj”的文件“C:\Program Files\dotnet\sdk\10.0.103\Sdks\Microsoft.NET.Sdk\targets\Microsoft.NET.Sdk.targets”中的目标“_BlockWinMDsOnUnsupportedTFMs”(目标“CoreBuild”依赖于它):
       正在使用程序集“C:\Program Files\dotnet\sdk\10.0.103\Sdks\Microsoft.NET.Sdk\targets\..\tools\net10.0\Microsoft.NET.Build.Tasks.dll”中的“CheckForUnsupportedWinMDReferences”任务。
       任务“CheckForUnsupportedWinMDReferences”
       已完成执行任务“CheckForUnsupportedWinMDReferences”的操作。
   1:7>已完成在项目“WebViewHub.csproj”中生成目标“_BlockWinMDsOnUnsupportedTFMs”的操作。
       已跳过目标“ResolveReferences”。以前的生成已成功。
   1:7>来自项目“E:\ProjectMy\WebViewHub\WebViewHub.csproj”的文件“C:\Program Files\dotnet\sdk\10.0.103\Sdks\Microsoft.NET.Sdk.WindowsDesktop\targets\Microsoft.WinFX.targets”中的目标“MarkupCompilePass1”(目标“PrepareResources”依赖于它):
       在 TaskRun 期间加载的程序集: PresentationBuildTasks, Version=10.0.3.0, Culture=neutral, PublicKeyToken=31bf3856ad364e35 (位置: C:\Program Files\dotnet\sdk\10.0.103\Sdks\Microsoft.NET.Sdk.WindowsDesktop\tools\net10.0\PresentationBuildTasks.dll，MVID: 998aef56-c393-41c2-862b-fc95f38aaff8，AssemblyLoadContext: MSBuild plugin C:\Program Files\dotnet\sdk\10.0.103\Sdks\Microsoft.NET.Sdk.WindowsDesktop\tools\net10.0\PresentationBuildTasks.dll)
       正在使用程序集“C:\Program Files\dotnet\sdk\10.0.103\Sdks\Microsoft.NET.Sdk.WindowsDesktop\tools\net10.0\PresentationBuildTasks.dll”中的“MarkupCompilePass1”任务。
       任务“MarkupCompilePass1”
         
         
         Microsoft (R) 生成任务“MarkupCompilePass1”版本“10.0.326.7603”。
         版权所有(C) Microsoft Corporation 2005。保留所有权利。
         
         
         输入: 标记 ApplicationDefinition 文件:“E:\ProjectMy\WebViewHub\App.xaml”。
         当前的项目目录是“E:\ProjectMy\WebViewHub\”。
         分析结果:“PagesWithLocalType”。
         重新编译的 XAML 文件:“E:\ProjectMy\WebViewHub\Controls\CentralCommandPanel.xaml”。
         重新编译的 XAML 文件:“E:\ProjectMy\WebViewHub\Controls\WebViewContainer.xaml”。
         重新编译的 XAML 文件:“E:\ProjectMy\WebViewHub\MainWindow.xaml”。
         启动标记编译。
         OutputType 是“winexe”。
         输入: 程序集 Reference 文件:“C:\Users\Administrator\.nuget\packages\microsoft.windowsdesktop.app.ref\8.0.24\ref\net8.0\Accessibility.dll”。
         输入: 程序集 Reference 文件:“C:\Users\Administrator\.nuget\packages\communitytoolkit.mvvm\8.4.0\lib\net8.0\CommunityToolkit.Mvvm.dll”。
         输入: 程序集 Reference 文件:“C:\Users\Administrator\.nuget\packages\markdig\0.22.0\lib\netcoreapp3.1\Markdig.dll”。
         输入: 程序集 Reference 文件:“C:\Users\Administrator\.nuget\packages\markdig.wpf\0.5.0.1\lib\net5.0-windows7.0\Markdig.Wpf.dll”。
         输入: 程序集 Reference 文件:“C:\Users\Administrator\.nuget\packages\microsoft.netcore.app.ref\8.0.24\ref\net8.0\Microsoft.CSharp.dll”。
         输入: 程序集 Reference 文件:“C:\Users\Administrator\.nuget\packages\microsoft.data.sqlite.core\9.0.0\lib\net8.0\Microsoft.Data.Sqlite.dll”。
         输入: 程序集 Reference 文件:“C:\Users\Administrator\.nuget\packages\microsoft.netcore.app.ref\8.0.24\ref\net8.0\Microsoft.VisualBasic.Core.dll”。
         输入: 程序集 Reference 文件:“C:\Users\Administrator\.nuget\packages\microsoft.netcore.app.ref\8.0.24\ref\net8.0\Microsoft.VisualBasic.dll”。
         输入: 程序集 Reference 文件:“C:\Users\Administrator\.nuget\packages\microsoft.web.webview2\1.0.2849.39\lib_manual\netcoreapp3.0\Microsoft.Web.WebView2.Core.dll”。
         输入: 程序集 Reference 文件:“C:\Users\Administrator\.nuget\packages\microsoft.web.webview2\1.0.2849.39\lib_manual\netcoreapp3.0\Microsoft.Web.WebView2.WinForms.dll”。
         输入: 程序集 Reference 文件:“C:\Users\Administrator\.nuget\packages\microsoft.web.webview2\1.0.2849.39\lib_manual\net5.0-windows10.0.17763.0\Microsoft.Web.WebView2.Wpf.dll”。
         输入: 程序集 Reference 文件:“C:\Users\Administrator\.nuget\packages\microsoft.netcore.app.ref\8.0.24\ref\net8.0\Microsoft.Win32.Primitives.dll”。
         输入: 程序集 Reference 文件:“C:\Users\Administrator\.nuget\packages\microsoft.windowsdesktop.app.ref\8.0.24\ref\net8.0\Microsoft.Win32.Registry.AccessControl.dll”。
         输入: 程序集 Reference 文件:“C:\Users\Administrator\.nuget\packages\microsoft.netcore.app.ref\8.0.24\ref\net8.0\Microsoft.Win32.Registry.dll”。
         输入: 程序集 Reference 文件:“C:\Users\Administrator\.nuget\packages\microsoft.windowsdesktop.app.ref\8.0.24\ref\net8.0\Microsoft.Win32.SystemEvents.dll”。
         输入: 程序集 Reference 文件:“C:\Users\Administrator\.nuget\packages\microsoft.netcore.app.ref\8.0.24\ref\net8.0\mscorlib.dll”。
         输入: 程序集 Reference 文件:“C:\Users\Administrator\.nuget\packages\microsoft.netcore.app.ref\8.0.24\ref\net8.0\netstandard.dll”。
         输入: 程序集 Reference 文件:“C:\Users\Administrator\.nuget\packages\microsoft.windowsdesktop.app.ref\8.0.24\ref\net8.0\PresentationCore.dll”。
         输入: 程序集 Reference 文件:“C:\Users\Administrator\.nuget\packages\microsoft.windowsdesktop.app.ref\8.0.24\ref\net8.0\PresentationFramework.Aero.dll”。
         输入: 程序集 Reference 文件:“C:\Users\Administrator\.nuget\packages\microsoft.windowsdesktop.app.ref\8.0.24\ref\net8.0\PresentationFramework.Aero2.dll”。
         输入: 程序集 Reference 文件:“C:\Users\Administrator\.nuget\packages\microsoft.windowsdesktop.app.ref\8.0.24\ref\net8.0\PresentationFramework.AeroLite.dll”。
         输入: 程序集 Reference 文件:“C:\Users\Administrator\.nuget\packages\microsoft.windowsdesktop.app.ref\8.0.24\ref\net8.0\PresentationFramework.Classic.dll”。
         输入: 程序集 Reference 文件:“C:\Users\Administrator\.nuget\packages\microsoft.windowsdesktop.app.ref\8.0.24\ref\net8.0\PresentationFramework.dll”。
         输入: 程序集 Reference 文件:“C:\Users\Administrator\.nuget\packages\microsoft.windowsdesktop.app.ref\8.0.24\ref\net8.0\PresentationFramework.Luna.dll”。
         输入: 程序集 Reference 文件:“C:\Users\Administrator\.nuget\packages\microsoft.windowsdesktop.app.ref\8.0.24\ref\net8.0\PresentationFramework.Royale.dll”。
         输入: 程序集 Reference 文件:“C:\Users\Administrator\.nuget\packages\microsoft.windowsdesktop.app.ref\8.0.24\ref\net8.0\PresentationUI.dll”。
         输入: 程序集 Reference 文件:“C:\Users\Administrator\.nuget\packages\microsoft.windowsdesktop.app.ref\8.0.24\ref\net8.0\ReachFramework.dll”。
         输入: 程序集 Reference 文件:“C:\Users\Administrator\.nuget\packages\sqlitepclraw.bundle_e_sqlite3\2.1.10\lib\netstandard2.0\SQLitePCLRaw.batteries_v2.dll”。
         输入: 程序集 Reference 文件:“C:\Users\Administrator\.nuget\packages\sqlitepclraw.core\2.1.10\lib\netstandard2.0\SQLitePCLRaw.core.dll”。
         输入: 程序集 Reference 文件:“C:\Users\Administrator\.nuget\packages\sqlitepclraw.provider.e_sqlite3\2.1.10\lib\net6.0-windows7.0\SQLitePCLRaw.provider.e_sqlite3.dll”。
         输入: 程序集 Reference 文件:“C:\Users\Administrator\.nuget\packages\microsoft.netcore.app.ref\8.0.24\ref\net8.0\System.AppContext.dll”。
         输入: 程序集 Reference 文件:“C:\Users\Administrator\.nuget\packages\microsoft.netcore.app.ref\8.0.24\ref\net8.0\System.Buffers.dll”。
         输入: 程序集 Reference 文件:“C:\Users\Administrator\.nuget\packages\microsoft.windowsdesktop.app.ref\8.0.24\ref\net8.0\System.CodeDom.dll”。
         输入: 程序集 Reference 文件:“C:\Users\Administrator\.nuget\packages\microsoft.netcore.app.ref\8.0.24\ref\net8.0\System.Collections.Concurrent.dll”。
         输入: 程序集 Reference 文件:“C:\Users\Administrator\.nuget\packages\microsoft.netcore.app.ref\8.0.24\ref\net8.0\System.Collections.dll”。
         输入: 程序集 Reference 文件:“C:\Users\Administrator\.nuget\packages\microsoft.netcore.app.ref\8.0.24\ref\net8.0\System.Collections.Immutable.dll”。
         输入: 程序集 Reference 文件:“C:\Users\Administrator\.nuget\packages\microsoft.netcore.app.ref\8.0.24\ref\net8.0\System.Collections.NonGeneric.dll”。
         输入: 程序集 Reference 文件:“C:\Users\Administrator\.nuget\packages\microsoft.netcore.app.ref\8.0.24\ref\net8.0\System.Collections.Specialized.dll”。
         输入: 程序集 Reference 文件:“C:\Users\Administrator\.nuget\packages\microsoft.netcore.app.ref\8.0.24\ref\net8.0\System.ComponentModel.Annotations.dll”。
         输入: 程序集 Reference 文件:“C:\Users\Administrator\.nuget\packages\microsoft.netcore.app.ref\8.0.24\ref\net8.0\System.ComponentModel.DataAnnotations.dll”。
         输入: 程序集 Reference 文件:“C:\Users\Administrator\.nuget\packages\microsoft.netcore.app.ref\8.0.24\ref\net8.0\System.ComponentModel.dll”。
         输入: 程序集 Reference 文件:“C:\Users\Administrator\.nuget\packages\microsoft.netcore.app.ref\8.0.24\ref\net8.0\System.ComponentModel.EventBasedAsync.dll”。
         输入: 程序集 Reference 文件:“C:\Users\Administrator\.nuget\packages\microsoft.netcore.app.ref\8.0.24\ref\net8.0\System.ComponentModel.Primitives.dll”。
         输入: 程序集 Reference 文件:“C:\Users\Administrator\.nuget\packages\microsoft.netcore.app.ref\8.0.24\ref\net8.0\System.ComponentModel.TypeConverter.dll”。
         输入: 程序集 Reference 文件:“C:\Users\Administrator\.nuget\packages\microsoft.windowsdesktop.app.ref\8.0.24\ref\net8.0\System.Configuration.ConfigurationManager.dll”。
         输入: 程序集 Reference 文件:“C:\Users\Administrator\.nuget\packages\microsoft.netcore.app.ref\8.0.24\ref\net8.0\System.Configuration.dll”。
         输入: 程序集 Reference 文件:“C:\Users\Administrator\.nuget\packages\microsoft.netcore.app.ref\8.0.24\ref\net8.0\System.Console.dll”。
         输入: 程序集 Reference 文件:“C:\Users\Administrator\.nuget\packages\microsoft.netcore.app.ref\8.0.24\ref\net8.0\System.Core.dll”。
         输入: 程序集 Reference 文件:“C:\Users\Administrator\.nuget\packages\microsoft.netcore.app.ref\8.0.24\ref\net8.0\System.Data.Common.dll”。
         输入: 程序集 Reference 文件:“C:\Users\Administrator\.nuget\packages\microsoft.netcore.app.ref\8.0.24\ref\net8.0\System.Data.DataSetExtensions.dll”。
         输入: 程序集 Reference 文件:“C:\Users\Administrator\.nuget\packages\microsoft.netcore.app.ref\8.0.24\ref\net8.0\System.Data.dll”。
         输入: 程序集 Reference 文件:“C:\Users\Administrator\.nuget\packages\microsoft.netcore.app.ref\8.0.24\ref\net8.0\System.Diagnostics.Contracts.dll”。
         输入: 程序集 Reference 文件:“C:\Users\Administrator\.nuget\packages\microsoft.netcore.app.ref\8.0.24\ref\net8.0\System.Diagnostics.Debug.dll”。
         输入: 程序集 Reference 文件:“C:\Users\Administrator\.nuget\packages\microsoft.netcore.app.ref\8.0.24\ref\net8.0\System.Diagnostics.DiagnosticSource.dll”。
         输入: 程序集 Reference 文件:“C:\Users\Administrator\.nuget\packages\microsoft.windowsdesktop.app.ref\8.0.24\ref\net8.0\System.Diagnostics.EventLog.dll”。
         输入: 程序集 Reference 文件:“C:\Users\Administrator\.nuget\packages\microsoft.netcore.app.ref\8.0.24\ref\net8.0\System.Diagnostics.FileVersionInfo.dll”。
         输入: 程序集 Reference 文件:“C:\Users\Administrator\.nuget\packages\microsoft.windowsdesktop.app.ref\8.0.24\ref\net8.0\System.Diagnostics.PerformanceCounter.dll”。
         输入: 程序集 Reference 文件:“C:\Users\Administrator\.nuget\packages\microsoft.netcore.app.ref\8.0.24\ref\net8.0\System.Diagnostics.Process.dll”。
         输入: 程序集 Reference 文件:“C:\Users\Administrator\.nuget\packages\microsoft.netcore.app.ref\8.0.24\ref\net8.0\System.Diagnostics.StackTrace.dll”。
         输入: 程序集 Reference 文件:“C:\Users\Administrator\.nuget\packages\microsoft.netcore.app.ref\8.0.24\ref\net8.0\System.Diagnostics.TextWriterTraceListener.dll”。
         输入: 程序集 Reference 文件:“C:\Users\Administrator\.nuget\packages\microsoft.netcore.app.ref\8.0.24\ref\net8.0\System.Diagnostics.Tools.dll”。
         输入: 程序集 Reference 文件:“C:\Users\Administrator\.nuget\packages\microsoft.netcore.app.ref\8.0.24\ref\net8.0\System.Diagnostics.TraceSource.dll”。
         输入: 程序集 Reference 文件:“C:\Users\Administrator\.nuget\packages\microsoft.netcore.app.ref\8.0.24\ref\net8.0\System.Diagnostics.Tracing.dll”。
         输入: 程序集 Reference 文件:“C:\Users\Administrator\.nuget\packages\microsoft.windowsdesktop.app.ref\8.0.24\ref\net8.0\System.DirectoryServices.dll”。
         输入: 程序集 Reference 文件:“C:\Users\Administrator\.nuget\packages\microsoft.netcore.app.ref\8.0.24\ref\net8.0\System.dll”。
         输入: 程序集 Reference 文件:“C:\Users\Administrator\.nuget\packages\microsoft.netcore.app.ref\8.0.24\ref\net8.0\System.Drawing.dll”。
         输入: 程序集 Reference 文件:“C:\Users\Administrator\.nuget\packages\microsoft.netcore.app.ref\8.0.24\ref\net8.0\System.Drawing.Primitives.dll”。
         输入: 程序集 Reference 文件:“C:\Users\Administrator\.nuget\packages\microsoft.netcore.app.ref\8.0.24\ref\net8.0\System.Dynamic.Runtime.dll”。
         输入: 程序集 Reference 文件:“C:\Users\Administrator\.nuget\packages\microsoft.netcore.app.ref\8.0.24\ref\net8.0\System.Formats.Asn1.dll”。
         输入: 程序集 Reference 文件:“C:\Users\Administrator\.nuget\packages\microsoft.netcore.app.ref\8.0.24\ref\net8.0\System.Formats.Tar.dll”。
         输入: 程序集 Reference 文件:“C:\Users\Administrator\.nuget\packages\microsoft.netcore.app.ref\8.0.24\ref\net8.0\System.Globalization.Calendars.dll”。
         输入: 程序集 Reference 文件:“C:\Users\Administrator\.nuget\packages\microsoft.netcore.app.ref\8.0.24\ref\net8.0\System.Globalization.dll”。
         输入: 程序集 Reference 文件:“C:\Users\Administrator\.nuget\packages\microsoft.netcore.app.ref\8.0.24\ref\net8.0\System.Globalization.Extensions.dll”。
         输入: 程序集 Reference 文件:“C:\Users\Administrator\.nuget\packages\microsoft.netcore.app.ref\8.0.24\ref\net8.0\System.IO.Compression.Brotli.dll”。
         输入: 程序集 Reference 文件:“C:\Users\Administrator\.nuget\packages\microsoft.netcore.app.ref\8.0.24\ref\net8.0\System.IO.Compression.dll”。
         输入: 程序集 Reference 文件:“C:\Users\Administrator\.nuget\packages\microsoft.netcore.app.ref\8.0.24\ref\net8.0\System.IO.Compression.FileSystem.dll”。
         输入: 程序集 Reference 文件:“C:\Users\Administrator\.nuget\packages\microsoft.netcore.app.ref\8.0.24\ref\net8.0\System.IO.Compression.ZipFile.dll”。
         输入: 程序集 Reference 文件:“C:\Users\Administrator\.nuget\packages\microsoft.netcore.app.ref\8.0.24\ref\net8.0\System.IO.dll”。
         输入: 程序集 Reference 文件:“C:\Users\Administrator\.nuget\packages\microsoft.netcore.app.ref\8.0.24\ref\net8.0\System.IO.FileSystem.AccessControl.dll”。
         输入: 程序集 Reference 文件:“C:\Users\Administrator\.nuget\packages\microsoft.netcore.app.ref\8.0.24\ref\net8.0\System.IO.FileSystem.dll”。
         输入: 程序集 Reference 文件:“C:\Users\Administrator\.nuget\packages\microsoft.netcore.app.ref\8.0.24\ref\net8.0\System.IO.FileSystem.DriveInfo.dll”。
         输入: 程序集 Reference 文件:“C:\Users\Administrator\.nuget\packages\microsoft.netcore.app.ref\8.0.24\ref\net8.0\System.IO.FileSystem.Primitives.dll”。
         输入: 程序集 Reference 文件:“C:\Users\Administrator\.nuget\packages\microsoft.netcore.app.ref\8.0.24\ref\net8.0\System.IO.FileSystem.Watcher.dll”。
         输入: 程序集 Reference 文件:“C:\Users\Administrator\.nuget\packages\microsoft.netcore.app.ref\8.0.24\ref\net8.0\System.IO.IsolatedStorage.dll”。
         输入: 程序集 Reference 文件:“C:\Users\Administrator\.nuget\packages\microsoft.netcore.app.ref\8.0.24\ref\net8.0\System.IO.MemoryMappedFiles.dll”。
         输入: 程序集 Reference 文件:“C:\Users\Administrator\.nuget\packages\microsoft.windowsdesktop.app.ref\8.0.24\ref\net8.0\System.IO.Packaging.dll”。
         输入: 程序集 Reference 文件:“C:\Users\Administrator\.nuget\packages\system.io.pipelines\9.0.0\lib\net8.0\System.IO.Pipelines.dll”。
         输入: 程序集 Reference 文件:“C:\Users\Administrator\.nuget\packages\microsoft.netcore.app.ref\8.0.24\ref\net8.0\System.IO.Pipes.AccessControl.dll”。
         输入: 程序集 Reference 文件:“C:\Users\Administrator\.nuget\packages\microsoft.netcore.app.ref\8.0.24\ref\net8.0\System.IO.Pipes.dll”。
         输入: 程序集 Reference 文件:“C:\Users\Administrator\.nuget\packages\microsoft.netcore.app.ref\8.0.24\ref\net8.0\System.IO.UnmanagedMemoryStream.dll”。
         输入: 程序集 Reference 文件:“C:\Users\Administrator\.nuget\packages\microsoft.netcore.app.ref\8.0.24\ref\net8.0\System.Linq.dll”。
         输入: 程序集 Reference 文件:“C:\Users\Administrator\.nuget\packages\microsoft.netcore.app.ref\8.0.24\ref\net8.0\System.Linq.Expressions.dll”。
         输入: 程序集 Reference 文件:“C:\Users\Administrator\.nuget\packages\microsoft.netcore.app.ref\8.0.24\ref\net8.0\System.Linq.Parallel.dll”。
         输入: 程序集 Reference 文件:“C:\Users\Administrator\.nuget\packages\microsoft.netcore.app.ref\8.0.24\ref\net8.0\System.Linq.Queryable.dll”。
         输入: 程序集 Reference 文件:“C:\Users\Administrator\.nuget\packages\microsoft.netcore.app.ref\8.0.24\ref\net8.0\System.Memory.dll”。
         输入: 程序集 Reference 文件:“C:\Users\Administrator\.nuget\packages\microsoft.netcore.app.ref\8.0.24\ref\net8.0\System.Net.dll”。
         输入: 程序集 Reference 文件:“C:\Users\Administrator\.nuget\packages\microsoft.netcore.app.ref\8.0.24\ref\net8.0\System.Net.Http.dll”。
         输入: 程序集 Reference 文件:“C:\Users\Administrator\.nuget\packages\microsoft.netcore.app.ref\8.0.24\ref\net8.0\System.Net.Http.Json.dll”。
         输入: 程序集 Reference 文件:“C:\Users\Administrator\.nuget\packages\microsoft.netcore.app.ref\8.0.24\ref\net8.0\System.Net.HttpListener.dll”。
         输入: 程序集 Reference 文件:“C:\Users\Administrator\.nuget\packages\microsoft.netcore.app.ref\8.0.24\ref\net8.0\System.Net.Mail.dll”。
         输入: 程序集 Reference 文件:“C:\Users\Administrator\.nuget\packages\microsoft.netcore.app.ref\8.0.24\ref\net8.0\System.Net.NameResolution.dll”。
         输入: 程序集 Reference 文件:“C:\Users\Administrator\.nuget\packages\microsoft.netcore.app.ref\8.0.24\ref\net8.0\System.Net.NetworkInformation.dll”。
         输入: 程序集 Reference 文件:“C:\Users\Administrator\.nuget\packages\microsoft.netcore.app.ref\8.0.24\ref\net8.0\System.Net.Ping.dll”。
         输入: 程序集 Reference 文件:“C:\Users\Administrator\.nuget\packages\microsoft.netcore.app.ref\8.0.24\ref\net8.0\System.Net.Primitives.dll”。
         输入: 程序集 Reference 文件:“C:\Users\Administrator\.nuget\packages\microsoft.netcore.app.ref\8.0.24\ref\net8.0\System.Net.Quic.dll”。
         输入: 程序集 Reference 文件:“C:\Users\Administrator\.nuget\packages\microsoft.netcore.app.ref\8.0.24\ref\net8.0\System.Net.Requests.dll”。
         输入: 程序集 Reference 文件:“C:\Users\Administrator\.nuget\packages\microsoft.netcore.app.ref\8.0.24\ref\net8.0\System.Net.Security.dll”。
         输入: 程序集 Reference 文件:“C:\Users\Administrator\.nuget\packages\microsoft.netcore.app.ref\8.0.24\ref\net8.0\System.Net.ServicePoint.dll”。
         输入: 程序集 Reference 文件:“C:\Users\Administrator\.nuget\packages\microsoft.netcore.app.ref\8.0.24\ref\net8.0\System.Net.Sockets.dll”。
         输入: 程序集 Reference 文件:“C:\Users\Administrator\.nuget\packages\microsoft.netcore.app.ref\8.0.24\ref\net8.0\System.Net.WebClient.dll”。
         输入: 程序集 Reference 文件:“C:\Users\Administrator\.nuget\packages\microsoft.netcore.app.ref\8.0.24\ref\net8.0\System.Net.WebHeaderCollection.dll”。
         输入: 程序集 Reference 文件:“C:\Users\Administrator\.nuget\packages\microsoft.netcore.app.ref\8.0.24\ref\net8.0\System.Net.WebProxy.dll”。
         输入: 程序集 Reference 文件:“C:\Users\Administrator\.nuget\packages\microsoft.netcore.app.ref\8.0.24\ref\net8.0\System.Net.WebSockets.Client.dll”。
         输入: 程序集 Reference 文件:“C:\Users\Administrator\.nuget\packages\microsoft.netcore.app.ref\8.0.24\ref\net8.0\System.Net.WebSockets.dll”。
         输入: 程序集 Reference 文件:“C:\Users\Administrator\.nuget\packages\microsoft.netcore.app.ref\8.0.24\ref\net8.0\System.Numerics.dll”。
         输入: 程序集 Reference 文件:“C:\Users\Administrator\.nuget\packages\microsoft.netcore.app.ref\8.0.24\ref\net8.0\System.Numerics.Vectors.dll”。
         输入: 程序集 Reference 文件:“C:\Users\Administrator\.nuget\packages\microsoft.netcore.app.ref\8.0.24\ref\net8.0\System.ObjectModel.dll”。
         输入: 程序集 Reference 文件:“C:\Users\Administrator\.nuget\packages\microsoft.windowsdesktop.app.ref\8.0.24\ref\net8.0\System.Printing.dll”。
         输入: 程序集 Reference 文件:“C:\Users\Administrator\.nuget\packages\microsoft.netcore.app.ref\8.0.24\ref\net8.0\System.Reflection.DispatchProxy.dll”。
         输入: 程序集 Reference 文件:“C:\Users\Administrator\.nuget\packages\microsoft.netcore.app.ref\8.0.24\ref\net8.0\System.Reflection.dll”。
         输入: 程序集 Reference 文件:“C:\Users\Administrator\.nuget\packages\microsoft.netcore.app.ref\8.0.24\ref\net8.0\System.Reflection.Emit.dll”。
         输入: 程序集 Reference 文件:“C:\Users\Administrator\.nuget\packages\microsoft.netcore.app.ref\8.0.24\ref\net8.0\System.Reflection.Emit.ILGeneration.dll”。
         输入: 程序集 Reference 文件:“C:\Users\Administrator\.nuget\packages\microsoft.netcore.app.ref\8.0.24\ref\net8.0\System.Reflection.Emit.Lightweight.dll”。
         输入: 程序集 Reference 文件:“C:\Users\Administrator\.nuget\packages\microsoft.netcore.app.ref\8.0.24\ref\net8.0\System.Reflection.Extensions.dll”。
         输入: 程序集 Reference 文件:“C:\Users\Administrator\.nuget\packages\microsoft.netcore.app.ref\8.0.24\ref\net8.0\System.Reflection.Metadata.dll”。
         输入: 程序集 Reference 文件:“C:\Users\Administrator\.nuget\packages\microsoft.netcore.app.ref\8.0.24\ref\net8.0\System.Reflection.Primitives.dll”。
         输入: 程序集 Reference 文件:“C:\Users\Administrator\.nuget\packages\microsoft.netcore.app.ref\8.0.24\ref\net8.0\System.Reflection.TypeExtensions.dll”。
         输入: 程序集 Reference 文件:“C:\Users\Administrator\.nuget\packages\microsoft.windowsdesktop.app.ref\8.0.24\ref\net8.0\System.Resources.Extensions.dll”。
         输入: 程序集 Reference 文件:“C:\Users\Administrator\.nuget\packages\microsoft.netcore.app.ref\8.0.24\ref\net8.0\System.Resources.Reader.dll”。
         输入: 程序集 Reference 文件:“C:\Users\Administrator\.nuget\packages\microsoft.netcore.app.ref\8.0.24\ref\net8.0\System.Resources.ResourceManager.dll”。
         输入: 程序集 Reference 文件:“C:\Users\Administrator\.nuget\packages\microsoft.netcore.app.ref\8.0.24\ref\net8.0\System.Resources.Writer.dll”。
         输入: 程序集 Reference 文件:“C:\Users\Administrator\.nuget\packages\microsoft.netcore.app.ref\8.0.24\ref\net8.0\System.Runtime.CompilerServices.Unsafe.dll”。
         输入: 程序集 Reference 文件:“C:\Users\Administrator\.nuget\packages\microsoft.netcore.app.ref\8.0.24\ref\net8.0\System.Runtime.CompilerServices.VisualC.dll”。
         输入: 程序集 Reference 文件:“C:\Users\Administrator\.nuget\packages\microsoft.netcore.app.ref\8.0.24\ref\net8.0\System.Runtime.dll”。
         输入: 程序集 Reference 文件:“C:\Users\Administrator\.nuget\packages\microsoft.netcore.app.ref\8.0.24\ref\net8.0\System.Runtime.Extensions.dll”。
         输入: 程序集 Reference 文件:“C:\Users\Administrator\.nuget\packages\microsoft.netcore.app.ref\8.0.24\ref\net8.0\System.Runtime.Handles.dll”。
         输入: 程序集 Reference 文件:“C:\Users\Administrator\.nuget\packages\microsoft.netcore.app.ref\8.0.24\ref\net8.0\System.Runtime.InteropServices.dll”。
         输入: 程序集 Reference 文件:“C:\Users\Administrator\.nuget\packages\microsoft.netcore.app.ref\8.0.24\ref\net8.0\System.Runtime.InteropServices.JavaScript.dll”。
         输入: 程序集 Reference 文件:“C:\Users\Administrator\.nuget\packages\microsoft.netcore.app.ref\8.0.24\ref\net8.0\System.Runtime.InteropServices.RuntimeInformation.dll”。
         输入: 程序集 Reference 文件:“C:\Users\Administrator\.nuget\packages\microsoft.netcore.app.ref\8.0.24\ref\net8.0\System.Runtime.Intrinsics.dll”。
         输入: 程序集 Reference 文件:“C:\Users\Administrator\.nuget\packages\microsoft.netcore.app.ref\8.0.24\ref\net8.0\System.Runtime.Loader.dll”。
         输入: 程序集 Reference 文件:“C:\Users\Administrator\.nuget\packages\microsoft.netcore.app.ref\8.0.24\ref\net8.0\System.Runtime.Numerics.dll”。
         输入: 程序集 Reference 文件:“C:\Users\Administrator\.nuget\packages\microsoft.netcore.app.ref\8.0.24\ref\net8.0\System.Runtime.Serialization.dll”。
         输入: 程序集 Reference 文件:“C:\Users\Administrator\.nuget\packages\microsoft.netcore.app.ref\8.0.24\ref\net8.0\System.Runtime.Serialization.Formatters.dll”。
         输入: 程序集 Reference 文件:“C:\Users\Administrator\.nuget\packages\microsoft.netcore.app.ref\8.0.24\ref\net8.0\System.Runtime.Serialization.Json.dll”。
         输入: 程序集 Reference 文件:“C:\Users\Administrator\.nuget\packages\microsoft.netcore.app.ref\8.0.24\ref\net8.0\System.Runtime.Serialization.Primitives.dll”。
         输入: 程序集 Reference 文件:“C:\Users\Administrator\.nuget\packages\microsoft.netcore.app.ref\8.0.24\ref\net8.0\System.Runtime.Serialization.Xml.dll”。
         输入: 程序集 Reference 文件:“C:\Users\Administrator\.nuget\packages\microsoft.netcore.app.ref\8.0.24\ref\net8.0\System.Security.AccessControl.dll”。
         输入: 程序集 Reference 文件:“C:\Users\Administrator\.nuget\packages\microsoft.netcore.app.ref\8.0.24\ref\net8.0\System.Security.Claims.dll”。
         输入: 程序集 Reference 文件:“C:\Users\Administrator\.nuget\packages\microsoft.netcore.app.ref\8.0.24\ref\net8.0\System.Security.Cryptography.Algorithms.dll”。
         输入: 程序集 Reference 文件:“C:\Users\Administrator\.nuget\packages\microsoft.netcore.app.ref\8.0.24\ref\net8.0\System.Security.Cryptography.Cng.dll”。
         输入: 程序集 Reference 文件:“C:\Users\Administrator\.nuget\packages\microsoft.netcore.app.ref\8.0.24\ref\net8.0\System.Security.Cryptography.Csp.dll”。
         输入: 程序集 Reference 文件:“C:\Users\Administrator\.nuget\packages\microsoft.netcore.app.ref\8.0.24\ref\net8.0\System.Security.Cryptography.dll”。
         输入: 程序集 Reference 文件:“C:\Users\Administrator\.nuget\packages\microsoft.netcore.app.ref\8.0.24\ref\net8.0\System.Security.Cryptography.Encoding.dll”。
         输入: 程序集 Reference 文件:“C:\Users\Administrator\.nuget\packages\microsoft.netcore.app.ref\8.0.24\ref\net8.0\System.Security.Cryptography.OpenSsl.dll”。
         输入: 程序集 Reference 文件:“C:\Users\Administrator\.nuget\packages\microsoft.windowsdesktop.app.ref\8.0.24\ref\net8.0\System.Security.Cryptography.Pkcs.dll”。
         输入: 程序集 Reference 文件:“C:\Users\Administrator\.nuget\packages\microsoft.netcore.app.ref\8.0.24\ref\net8.0\System.Security.Cryptography.Primitives.dll”。
         输入: 程序集 Reference 文件:“C:\Users\Administrator\.nuget\packages\microsoft.windowsdesktop.app.ref\8.0.24\ref\net8.0\System.Security.Cryptography.ProtectedData.dll”。
         输入: 程序集 Reference 文件:“C:\Users\Administrator\.nuget\packages\microsoft.netcore.app.ref\8.0.24\ref\net8.0\System.Security.Cryptography.X509Certificates.dll”。
         输入: 程序集 Reference 文件:“C:\Users\Administrator\.nuget\packages\microsoft.windowsdesktop.app.ref\8.0.24\ref\net8.0\System.Security.Cryptography.Xml.dll”。
         输入: 程序集 Reference 文件:“C:\Users\Administrator\.nuget\packages\microsoft.netcore.app.ref\8.0.24\ref\net8.0\System.Security.dll”。
         输入: 程序集 Reference 文件:“C:\Users\Administrator\.nuget\packages\microsoft.windowsdesktop.app.ref\8.0.24\ref\net8.0\System.Security.Permissions.dll”。
         输入: 程序集 Reference 文件:“C:\Users\Administrator\.nuget\packages\microsoft.netcore.app.ref\8.0.24\ref\net8.0\System.Security.Principal.dll”。
         输入: 程序集 Reference 文件:“C:\Users\Administrator\.nuget\packages\microsoft.netcore.app.ref\8.0.24\ref\net8.0\System.Security.Principal.Windows.dll”。
         输入: 程序集 Reference 文件:“C:\Users\Administrator\.nuget\packages\microsoft.netcore.app.ref\8.0.24\ref\net8.0\System.Security.SecureString.dll”。
         输入: 程序集 Reference 文件:“C:\Users\Administrator\.nuget\packages\microsoft.netcore.app.ref\8.0.24\ref\net8.0\System.ServiceModel.Web.dll”。
         输入: 程序集 Reference 文件:“C:\Users\Administrator\.nuget\packages\microsoft.netcore.app.ref\8.0.24\ref\net8.0\System.ServiceProcess.dll”。
         输入: 程序集 Reference 文件:“C:\Users\Administrator\.nuget\packages\microsoft.netcore.app.ref\8.0.24\ref\net8.0\System.Text.Encoding.CodePages.dll”。
         输入: 程序集 Reference 文件:“C:\Users\Administrator\.nuget\packages\microsoft.netcore.app.ref\8.0.24\ref\net8.0\System.Text.Encoding.dll”。
         输入: 程序集 Reference 文件:“C:\Users\Administrator\.nuget\packages\microsoft.netcore.app.ref\8.0.24\ref\net8.0\System.Text.Encoding.Extensions.dll”。
         输入: 程序集 Reference 文件:“C:\Users\Administrator\.nuget\packages\system.text.encodings.web\9.0.0\lib\net8.0\System.Text.Encodings.Web.dll”。
         输入: 程序集 Reference 文件:“C:\Users\Administrator\.nuget\packages\system.text.json\9.0.0\lib\net8.0\System.Text.Json.dll”。
         输入: 程序集 Reference 文件:“C:\Users\Administrator\.nuget\packages\microsoft.netcore.app.ref\8.0.24\ref\net8.0\System.Text.RegularExpressions.dll”。
         输入: 程序集 Reference 文件:“C:\Users\Administrator\.nuget\packages\microsoft.windowsdesktop.app.ref\8.0.24\ref\net8.0\System.Threading.AccessControl.dll”。
         输入: 程序集 Reference 文件:“C:\Users\Administrator\.nuget\packages\microsoft.netcore.app.ref\8.0.24\ref\net8.0\System.Threading.Channels.dll”。
         输入: 程序集 Reference 文件:“C:\Users\Administrator\.nuget\packages\microsoft.netcore.app.ref\8.0.24\ref\net8.0\System.Threading.dll”。
         输入: 程序集 Reference 文件:“C:\Users\Administrator\.nuget\packages\microsoft.netcore.app.ref\8.0.24\ref\net8.0\System.Threading.Overlapped.dll”。
         输入: 程序集 Reference 文件:“C:\Users\Administrator\.nuget\packages\microsoft.netcore.app.ref\8.0.24\ref\net8.0\System.Threading.Tasks.Dataflow.dll”。
         输入: 程序集 Reference 文件:“C:\Users\Administrator\.nuget\packages\microsoft.netcore.app.ref\8.0.24\ref\net8.0\System.Threading.Tasks.dll”。
         输入: 程序集 Reference 文件:“C:\Users\Administrator\.nuget\packages\microsoft.netcore.app.ref\8.0.24\ref\net8.0\System.Threading.Tasks.Extensions.dll”。
         输入: 程序集 Reference 文件:“C:\Users\Administrator\.nuget\packages\microsoft.netcore.app.ref\8.0.24\ref\net8.0\System.Threading.Tasks.Parallel.dll”。
         输入: 程序集 Reference 文件:“C:\Users\Administrator\.nuget\packages\microsoft.netcore.app.ref\8.0.24\ref\net8.0\System.Threading.Thread.dll”。
         输入: 程序集 Reference 文件:“C:\Users\Administrator\.nuget\packages\microsoft.netcore.app.ref\8.0.24\ref\net8.0\System.Threading.ThreadPool.dll”。
         输入: 程序集 Reference 文件:“C:\Users\Administrator\.nuget\packages\microsoft.netcore.app.ref\8.0.24\ref\net8.0\System.Threading.Timer.dll”。
         输入: 程序集 Reference 文件:“C:\Users\Administrator\.nuget\packages\microsoft.netcore.app.ref\8.0.24\ref\net8.0\System.Transactions.dll”。
         输入: 程序集 Reference 文件:“C:\Users\Administrator\.nuget\packages\microsoft.netcore.app.ref\8.0.24\ref\net8.0\System.Transactions.Local.dll”。
         输入: 程序集 Reference 文件:“C:\Users\Administrator\.nuget\packages\microsoft.netcore.app.ref\8.0.24\ref\net8.0\System.ValueTuple.dll”。
         输入: 程序集 Reference 文件:“C:\Users\Administrator\.nuget\packages\microsoft.netcore.app.ref\8.0.24\ref\net8.0\System.Web.dll”。
         输入: 程序集 Reference 文件:“C:\Users\Administrator\.nuget\packages\microsoft.netcore.app.ref\8.0.24\ref\net8.0\System.Web.HttpUtility.dll”。
         输入: 程序集 Reference 文件:“C:\Users\Administrator\.nuget\packages\microsoft.windowsdesktop.app.ref\8.0.24\ref\net8.0\System.Windows.Controls.Ribbon.dll”。
         输入: 程序集 Reference 文件:“C:\Users\Administrator\.nuget\packages\microsoft.netcore.app.ref\8.0.24\ref\net8.0\System.Windows.dll”。
         输入: 程序集 Reference 文件:“C:\Users\Administrator\.nuget\packages\microsoft.windowsdesktop.app.ref\8.0.24\ref\net8.0\System.Windows.Extensions.dll”。
         输入: 程序集 Reference 文件:“C:\Users\Administrator\.nuget\packages\microsoft.windowsdesktop.app.ref\8.0.24\ref\net8.0\System.Windows.Input.Manipulations.dll”。
         输入: 程序集 Reference 文件:“C:\Users\Administrator\.nuget\packages\microsoft.windowsdesktop.app.ref\8.0.24\ref\net8.0\System.Windows.Presentation.dll”。
         输入: 程序集 Reference 文件:“C:\Users\Administrator\.nuget\packages\microsoft.windowsdesktop.app.ref\8.0.24\ref\net8.0\System.Xaml.dll”。
         输入: 程序集 Reference 文件:“C:\Users\Administrator\.nuget\packages\microsoft.netcore.app.ref\8.0.24\ref\net8.0\System.Xml.dll”。
         输入: 程序集 Reference 文件:“C:\Users\Administrator\.nuget\packages\microsoft.netcore.app.ref\8.0.24\ref\net8.0\System.Xml.Linq.dll”。
         输入: 程序集 Reference 文件:“C:\Users\Administrator\.nuget\packages\microsoft.netcore.app.ref\8.0.24\ref\net8.0\System.Xml.ReaderWriter.dll”。
         输入: 程序集 Reference 文件:“C:\Users\Administrator\.nuget\packages\microsoft.netcore.app.ref\8.0.24\ref\net8.0\System.Xml.Serialization.dll”。
         输入: 程序集 Reference 文件:“C:\Users\Administrator\.nuget\packages\microsoft.netcore.app.ref\8.0.24\ref\net8.0\System.Xml.XDocument.dll”。
         输入: 程序集 Reference 文件:“C:\Users\Administrator\.nuget\packages\microsoft.netcore.app.ref\8.0.24\ref\net8.0\System.Xml.XmlDocument.dll”。
         输入: 程序集 Reference 文件:“C:\Users\Administrator\.nuget\packages\microsoft.netcore.app.ref\8.0.24\ref\net8.0\System.Xml.XmlSerializer.dll”。
         输入: 程序集 Reference 文件:“C:\Users\Administrator\.nuget\packages\microsoft.netcore.app.ref\8.0.24\ref\net8.0\System.Xml.XPath.dll”。
         输入: 程序集 Reference 文件:“C:\Users\Administrator\.nuget\packages\microsoft.netcore.app.ref\8.0.24\ref\net8.0\System.Xml.XPath.XDocument.dll”。
         输入: 程序集 Reference 文件:“C:\Users\Administrator\.nuget\packages\microsoft.windowsdesktop.app.ref\8.0.24\ref\net8.0\UIAutomationClient.dll”。
         输入: 程序集 Reference 文件:“C:\Users\Administrator\.nuget\packages\microsoft.windowsdesktop.app.ref\8.0.24\ref\net8.0\UIAutomationClientSideProviders.dll”。
         输入: 程序集 Reference 文件:“C:\Users\Administrator\.nuget\packages\microsoft.windowsdesktop.app.ref\8.0.24\ref\net8.0\UIAutomationProvider.dll”。
         输入: 程序集 Reference 文件:“C:\Users\Administrator\.nuget\packages\microsoft.windowsdesktop.app.ref\8.0.24\ref\net8.0\UIAutomationTypes.dll”。
         输入: 程序集 Reference 文件:“C:\Users\Administrator\.nuget\packages\microsoft.windowsdesktop.app.ref\8.0.24\ref\net8.0\WindowsBase.dll”。
         输入文件“E:\ProjectMy\WebViewHub\Controls\CentralCommandPanel.xaml”在目录“E:\ProjectMy\WebViewHub\”处被解析为新的相对路径“Controls\CentralCommandPanel.xaml”。
         输入文件“E:\ProjectMy\WebViewHub\Controls\WebViewContainer.xaml”在目录“E:\ProjectMy\WebViewHub\”处被解析为新的相对路径“Controls\WebViewContainer.xaml”。
         输入文件“E:\ProjectMy\WebViewHub\MainWindow.xaml”在目录“E:\ProjectMy\WebViewHub\”处被解析为新的相对路径“MainWindow.xaml”。
         生成的代码文件:“E:\ProjectMy\WebViewHub\obj\Debug\net8.0-windows\Controls\AppleMessageBox.g.cs”。
         生成的 BAML 文件:“E:\ProjectMy\WebViewHub\obj\Debug\net8.0-windows\Controls\AppleMessageBox.baml”。
         生成的代码文件:“E:\ProjectMy\WebViewHub\obj\Debug\net8.0-windows\Controls\AppleRoleDialog.g.cs”。
         生成的 BAML 文件:“E:\ProjectMy\WebViewHub\obj\Debug\net8.0-windows\Controls\AppleRoleDialog.baml”。
         生成的代码文件:“E:\ProjectMy\WebViewHub\obj\Debug\net8.0-windows\Controls\AppleUrlDialog.g.cs”。
         生成的 BAML 文件:“E:\ProjectMy\WebViewHub\obj\Debug\net8.0-windows\Controls\AppleUrlDialog.baml”。
         生成的代码文件:“E:\ProjectMy\WebViewHub\obj\Debug\net8.0-windows\Controls\CentralCommandPanel.g.cs”。
         生成的代码文件:“E:\ProjectMy\WebViewHub\obj\Debug\net8.0-windows\Controls\WebViewContainer.g.cs”。
         生成的代码文件:“E:\ProjectMy\WebViewHub\obj\Debug\net8.0-windows\Controls\WebViewUnit.g.cs”。
         生成的 BAML 文件:“E:\ProjectMy\WebViewHub\obj\Debug\net8.0-windows\Controls\WebViewUnit.baml”。
         生成的代码文件:“E:\ProjectMy\WebViewHub\obj\Debug\net8.0-windows\MainWindow.g.cs”。
         生成的 BAML 文件:“E:\ProjectMy\WebViewHub\obj\Debug\net8.0-windows\Styles\AppStyles.baml”。
         生成的代码文件:“E:\ProjectMy\WebViewHub\obj\Debug\net8.0-windows\App.g.cs”。
         生成的 BAML 文件:“E:\ProjectMy\WebViewHub\obj\Debug\net8.0-windows\App.baml”。
         已完成标记编译。
         MarkupCompilePass1 成功生成 BAML 或源代码文件。
       C:\Program Files\dotnet\sdk\10.0.103\Sdks\Microsoft.NET.Sdk.WindowsDesktop\targets\Microsoft.WinFX.targets(242,15): message : 在 C:\Program Files\dotnet\sdk\10.0.103\Sdks\Microsoft.NET.Sdk.WindowsDesktop\targets\Microsoft.WinFX.targets (242,15) 处重新分配属性: $(_RequireMCPass2ForMainAssembly)=“True”(先前值:“false”) [E:\ProjectMy\WebViewHub\WebViewHub.csproj]
       C:\Program Files\dotnet\sdk\10.0.103\Sdks\Microsoft.NET.Sdk.WindowsDesktop\targets\Microsoft.WinFX.targets(243,15): message : 在 C:\Program Files\dotnet\sdk\10.0.103\Sdks\Microsoft.NET.Sdk.WindowsDesktop\targets\Microsoft.WinFX.targets (243,15) 处重新分配属性: $(_RequireMCPass2ForSatelliteAssemblyOnly)=“False”(先前值:“false”) [E:\ProjectMy\WebViewHub\WebViewHub.csproj]
       已完成执行任务“MarkupCompilePass1”的操作。
   1:7>已完成在项目“WebViewHub.csproj”中生成目标“MarkupCompilePass1”的操作。
   1:7>来自项目“E:\ProjectMy\WebViewHub\WebViewHub.csproj”的文件“C:\Program Files\dotnet\sdk\10.0.103\Sdks\Microsoft.NET.Sdk.WindowsDesktop\targets\Microsoft.WinFX.targets”中的目标“AfterMarkupCompilePass1”(目标“PrepareResources”依赖于它):
   1:7>已完成在项目“WebViewHub.csproj”中生成目标“AfterMarkupCompilePass1”的操作。
   1:7>来自项目“E:\ProjectMy\WebViewHub\WebViewHub.csproj”的文件“C:\Program Files\dotnet\sdk\10.0.103\Sdks\Microsoft.NET.Sdk.WindowsDesktop\targets\Microsoft.WinFX.targets”中的目标“GenerateTemporaryTargetAssembly”(目标“MarkupCompilePass2ForMainAssembly”依赖于它):
       正在使用程序集“Microsoft.Build.Tasks.Core, Version=15.1.0.0, Culture=neutral, PublicKeyToken=b03f5f7f11d50a3a”中的“Copy”任务。
       任务“Copy”
         正在将文件从“E:\ProjectMy\WebViewHub\obj\WebViewHub.csproj.nuget.dgspec.json”复制到“E:\ProjectMy\WebViewHub\obj\WebViewHub_qifb1lgk_wpftmp.csproj.nuget.dgspec.json”。
         正在将文件从“E:\ProjectMy\WebViewHub\obj\WebViewHub.csproj.nuget.g.targets”复制到“E:\ProjectMy\WebViewHub\obj\WebViewHub_qifb1lgk_wpftmp.csproj.nuget.g.targets”。
         正在将文件从“E:\ProjectMy\WebViewHub\obj\WebViewHub.csproj.nuget.g.props”复制到“E:\ProjectMy\WebViewHub\obj\WebViewHub_qifb1lgk_wpftmp.csproj.nuget.g.props”。
       已完成执行任务“Copy”的操作。
       正在使用程序集“C:\Program Files\dotnet\sdk\10.0.103\Sdks\Microsoft.NET.Sdk.WindowsDesktop\tools\net10.0\PresentationBuildTasks.dll”中的“GenerateTemporaryTargetAssembly”任务。
       任务“GenerateTemporaryTargetAssembly”
     0>C:\Program Files\dotnet\sdk\10.0.103\Sdks\Microsoft.NET.Sdk\Sdk\Sdk.props(49,11): message : 值为“C:\Program Files\dotnet\sdk\10.0.103\”的属性“MSBuildExtensionsPath”从环境中展开。
       E:\ProjectMy\WebViewHub\obj\WebViewHub_qifb1lgk_wpftmp.csproj.nuget.g.props(7,5): message : 值为“C:\Users\Administrator”的属性“USERPROFILE”从环境中展开。
       C:\Program Files\dotnet\sdk\10.0.103\Current\Microsoft.Common.props(84,119): message : 值为“C:\Users\Administrator\AppData\Local\Microsoft\MSBuild”的属性“MSBuildUserExtensionsPath”从环境中展开。
       C:\Program Files\dotnet\sdk\10.0.103\Sdks\Microsoft.NET.Sdk\targets\Microsoft.NET.Sdk.props(90,5): message : 在 C:\Program Files\dotnet\sdk\10.0.103\Sdks\Microsoft.NET.Sdk\targets\Microsoft.NET.Sdk.props (90,5) 处重新分配属性: $(AssemblySearchPaths)=“{CandidateAssemblyFiles};{HintPathFromItem}”(先前值:“{CandidateAssemblyFiles}”)
       C:\Program Files\dotnet\sdk\10.0.103\Sdks\Microsoft.NET.Sdk\targets\Microsoft.NET.Sdk.props(91,5): message : 在 C:\Program Files\dotnet\sdk\10.0.103\Sdks\Microsoft.NET.Sdk\targets\Microsoft.NET.Sdk.props (91,5) 处重新分配属性: $(AssemblySearchPaths)=“{CandidateAssemblyFiles};{HintPathFromItem};{TargetFrameworkDirectory}”(先前值:“{CandidateAssemblyFiles};{HintPathFromItem}”)
       C:\Program Files\dotnet\sdk\10.0.103\Sdks\Microsoft.NET.Sdk\targets\Microsoft.NET.Sdk.props(92,5): message : 在 C:\Program Files\dotnet\sdk\10.0.103\Sdks\Microsoft.NET.Sdk\targets\Microsoft.NET.Sdk.props (92,5) 处重新分配属性: $(AssemblySearchPaths)=“{CandidateAssemblyFiles};{HintPathFromItem};{TargetFrameworkDirectory};{RawFileName}”(先前值:“{CandidateAssemblyFiles};{HintPathFromItem};{TargetFrameworkDirectory}”)
       E:\ProjectMy\WebViewHub\WebViewHub_qifb1lgk_wpftmp.csproj(12,5): message : 在 E:\ProjectMy\WebViewHub\WebViewHub_qifb1lgk_wpftmp.csproj (12,5) 处重新分配属性: $(OutputType)=“WinExe”(先前值:“Library”)
       C:\Program Files\dotnet\sdk\10.0.103\Sdks\Microsoft.NET.Sdk\targets\Microsoft.NET.Sdk.ImportPublishProfile.targets(28,5): message : 在 C:\Program Files\dotnet\sdk\10.0.103\Sdks\Microsoft.NET.Sdk\targets\Microsoft.NET.Sdk.ImportPublishProfile.targets (28,5) 处重新分配属性: $(PublishProfileImported)=“false”(先前值:“true”)
       C:\Program Files\dotnet\sdk\10.0.103\Sdks\Microsoft.NET.Sdk\targets\Microsoft.NET.TargetFrameworkInference.targets(80,5): message : 在 C:\Program Files\dotnet\sdk\10.0.103\Sdks\Microsoft.NET.Sdk\targets\Microsoft.NET.TargetFrameworkInference.targets (80,5) 处重新分配属性: $(TargetPlatformVersion)=“0.0”(先前值:“0.0.0.0”)
       C:\Program Files\dotnet\sdk\10.0.103\Sdks\Microsoft.NET.Sdk\targets\Microsoft.NET.TargetFrameworkInference.targets(81,5): message : 在 C:\Program Files\dotnet\sdk\10.0.103\Sdks\Microsoft.NET.Sdk\targets\Microsoft.NET.TargetFrameworkInference.targets (81,5) 处重新分配属性: $(TargetPlatformVersion)=“”(先前值:“0.0”)
       C:\Program Files\dotnet\sdk\10.0.103\Sdks\Microsoft.NET.Sdk\targets\Microsoft.NET.TargetFrameworkInference.targets(84,5): message : 在 C:\Program Files\dotnet\sdk\10.0.103\Sdks\Microsoft.NET.Sdk\targets\Microsoft.NET.TargetFrameworkInference.targets (84,5) 处重新分配属性: $(TargetPlatformIdentifier)=“Windows”(先前值:“windows”)
       C:\Program Files\dotnet\sdk\10.0.103\Sdks\Microsoft.NET.Sdk\targets\Microsoft.NET.DefaultOutputPaths.targets(127,5): message : 在 C:\Program Files\dotnet\sdk\10.0.103\Sdks\Microsoft.NET.Sdk\targets\Microsoft.NET.DefaultOutputPaths.targets (127,5) 处重新分配属性: $(DefaultItemExcludes)=“;bin\Debug\/**;obj\Debug\/**”(先前值:“;bin\Debug\/**”)
       C:\Program Files\dotnet\sdk\10.0.103\Sdks\Microsoft.NET.Sdk\targets\Microsoft.NET.DefaultOutputPaths.targets(142,5): message : 在 C:\Program Files\dotnet\sdk\10.0.103\Sdks\Microsoft.NET.Sdk\targets\Microsoft.NET.DefaultOutputPaths.targets (142,5) 处重新分配属性: $(OutputPath)=“bin\Debug\net8.0-windows\”(先前值:“bin\Debug\”)
       C:\Program Files\dotnet\sdk\10.0.103\Sdks\Microsoft.NET.Sdk\targets\Microsoft.NET.DefaultOutputPaths.targets(147,5): message : 在 C:\Program Files\dotnet\sdk\10.0.103\Sdks\Microsoft.NET.Sdk\targets\Microsoft.NET.DefaultOutputPaths.targets (147,5) 处重新分配属性: $(IntermediateOutputPath)=“obj\Debug\net8.0-windows\”(先前值:“obj\Debug\”)
       C:\Program Files\dotnet\sdk\10.0.103\Sdks\Microsoft.NET.Sdk\targets\Microsoft.NET.Sdk.BeforeCommon.targets(371,5): message : 在 C:\Program Files\dotnet\sdk\10.0.103\Sdks\Microsoft.NET.Sdk\targets\Microsoft.NET.Sdk.BeforeCommon.targets (371,5) 处重新分配属性: $(RoslynTargetsPath)=“C:\Program Files\dotnet\sdk\10.0.103\Sdks\Microsoft.NET.Sdk\targets\..\..\..\Roslyn”(先前值:“C:\Program Files\dotnet\sdk\10.0.103\Roslyn”)
       C:\Program Files\dotnet\sdk\10.0.103\Roslyn\Microsoft.Managed.Core.targets(6,5): message : 在 C:\Program Files\dotnet\sdk\10.0.103\Roslyn\Microsoft.Managed.Core.targets (6,5) 处重新分配属性: $(_BuildTasksDirectory)=“C:\Program Files\dotnet\sdk\10.0.103\Sdks\Microsoft.NET.Sdk\targets\..\..\..\Roslyn\”(先前值:“C:\Program Files\dotnet\sdk\10.0.103\Roslyn\”)
       C:\Program Files\dotnet\sdk\10.0.103\Roslyn\Microsoft.CSharp.Core.targets(200,5): message : 在 C:\Program Files\dotnet\sdk\10.0.103\Roslyn\Microsoft.CSharp.Core.targets (200,5) 处重新分配属性: $(CommandLineArgsForDesignTimeEvaluation)=“-langversion:12.0 -define:TRACE”(先前值:“-langversion:12.0”)
       C:\Program Files\dotnet\sdk\10.0.103\Microsoft.Common.CurrentVersion.targets(175,5): message : 在 C:\Program Files\dotnet\sdk\10.0.103\Microsoft.Common.CurrentVersion.targets (175,5) 处重新分配属性: $(_DebugSymbolsProduced)=“true”(先前值:“false”)
       C:\Program Files\dotnet\sdk\10.0.103\Microsoft.Common.CurrentVersion.targets(185,5): message : 在 C:\Program Files\dotnet\sdk\10.0.103\Microsoft.Common.CurrentVersion.targets (185,5) 处重新分配属性: $(_DocumentationFileProduced)=“false”(先前值:“true”)
       C:\Program Files\dotnet\sdk\10.0.103\Microsoft.Common.CurrentVersion.targets(392,5): message : 在 C:\Program Files\dotnet\sdk\10.0.103\Microsoft.Common.CurrentVersion.targets (392,5) 处重新分配属性: $(MSBuildCopyMarkerName)=“WebViewH.F74457C3”(先前值:“WebViewHub_qifb1lgk_wpftmp.csproj”)
       C:\Program Files\dotnet\sdk\10.0.103\Microsoft.Common.CurrentVersion.targets(393,5): message : 在 C:\Program Files\dotnet\sdk\10.0.103\Microsoft.Common.CurrentVersion.targets (393,5) 处重新分配属性: $(MSBuildCopyMarkerName)=“WebViewH.F74457C3.Up2Date”(先前值:“WebViewH.F74457C3”)
       C:\Program Files\dotnet\sdk\10.0.103\Microsoft.Common.CurrentVersion.targets(541,5): message : 在 C:\Program Files\dotnet\sdk\10.0.103\Microsoft.Common.CurrentVersion.targets (541,5) 处重新分配属性: $(ProcessorArchitecture)=“msil”(先前值:“”)
       C:\Program Files\dotnet\sdk\10.0.103\Microsoft.Common.CurrentVersion.targets(580,5): message : 在 C:\Program Files\dotnet\sdk\10.0.103\Microsoft.Common.CurrentVersion.targets (580,5) 处重新分配属性: $(DelaySign)=“”(先前值:“false”)
       C:\Program Files\dotnet\sdk\10.0.103\Microsoft.Common.CurrentVersion.targets(2606,5): message : 值为“C:\Users\Administrator\AppData\Local”的属性“LOCALAPPDATA”从环境中展开。
       C:\Program Files\dotnet\sdk\10.0.103\Microsoft.Common.CurrentVersion.targets(3934,5): message : 在 C:\Program Files\dotnet\sdk\10.0.103\Microsoft.Common.CurrentVersion.targets (3934,5) 处重新分配属性: $(_SGenGenerateSerializationAssembliesConfig)=“Auto”(先前值:“”)
       C:\Program Files\dotnet\sdk\10.0.103\Microsoft.Common.CurrentVersion.targets(3935,5): message : 在 C:\Program Files\dotnet\sdk\10.0.103\Microsoft.Common.CurrentVersion.targets (3935,5) 处重新分配属性: $(_SGenGenerateSerializationAssembliesConfig)=“Off”(先前值:“Auto”)
       C:\Program Files\dotnet\sdk\10.0.103\Microsoft.Common.CurrentVersion.targets(5146,5): message : 在 C:\Program Files\dotnet\sdk\10.0.103\Microsoft.Common.CurrentVersion.targets (5146,5) 处重新分配属性: $(_TargetsThatPrepareProjectReferences)=“
       C:\Program Files\dotnet\sdk\10.0.103\Microsoft.Common.CurrentVersion.targets(5146,5): message :       AssignProjectConfiguration;
       C:\Program Files\dotnet\sdk\10.0.103\Microsoft.Common.CurrentVersion.targets(5146,5): message :       _SplitProjectReferencesByFileExistence
       C:\Program Files\dotnet\sdk\10.0.103\Microsoft.Common.CurrentVersion.targets(5146,5): message :     ”(先前值:“_SplitProjectReferencesByFileExistence”)
       C:\Program Files\dotnet\sdk\10.0.103\Microsoft.Common.CurrentVersion.targets(6959,5): message : 值为“C:\Program Files\dotnet\sdk\10.0.103”的属性“MSBuildExtensionsPath32”从环境中展开。
       “NuGetInteractive”属性是全局属性，不能修改。
       C:\Users\Administrator\.nuget\packages\microsoft.web.webview2\1.0.2849.39\build\Common.targets(37,5): message : 在 C:\Users\Administrator\.nuget\packages\microsoft.web.webview2\1.0.2849.39\build\Common.targets (37,5) 处重新分配属性: $(EffectivePlatform)=“x86”(先前值:“AnyCPU”)
       C:\Users\Administrator\.nuget\packages\microsoft.web.webview2\1.0.2849.39\build\Common.targets(39,5): message : 在 C:\Users\Administrator\.nuget\packages\microsoft.web.webview2\1.0.2849.39\build\Common.targets (39,5) 处重新分配属性: $(EffectivePlatform)=“x64”(先前值:“x86”)
       C:\Users\Administrator\.nuget\packages\microsoft.web.webview2\1.0.2849.39\build\Common.targets(60,5): message : 在 C:\Users\Administrator\.nuget\packages\microsoft.web.webview2\1.0.2849.39\build\Common.targets (60,5) 处重新分配属性: $(EffectivePlatform)=“x86”(先前值:“x64”)
       C:\Program Files\dotnet\sdk\10.0.103\Sdks\Microsoft.NET.Sdk\targets\Microsoft.PackageDependencyResolution.targets(29,5): message : 在 C:\Program Files\dotnet\sdk\10.0.103\Sdks\Microsoft.NET.Sdk\targets\Microsoft.PackageDependencyResolution.targets (29,5) 处重新分配属性: $(ProjectAssetsCacheFile)=“E:\ProjectMy\WebViewHub\obj\Debug\net8.0-windows\WebViewHub_qifb1lgk_wpftmp.assets.cache”(先前值:“obj\Debug\net8.0-windows\WebViewHub_qifb1lgk_wpftmp.assets.cache”)
       C:\Program Files\dotnet\sdk\10.0.103\Sdks\Microsoft.NET.Sdk\targets\Microsoft.PackageDependencyResolution.targets(80,5): message : 在 C:\Program Files\dotnet\sdk\10.0.103\Sdks\Microsoft.NET.Sdk\targets\Microsoft.PackageDependencyResolution.targets (80,5) 处重新分配属性: $(ResolveAssemblyReferencesDependsOn)=“
       C:\Program Files\dotnet\sdk\10.0.103\Sdks\Microsoft.NET.Sdk\targets\Microsoft.PackageDependencyResolution.targets(80,5): message :       
       C:\Program Files\dotnet\sdk\10.0.103\Sdks\Microsoft.NET.Sdk\targets\Microsoft.PackageDependencyResolution.targets(80,5): message :       ResolveProjectReferences;
       C:\Program Files\dotnet\sdk\10.0.103\Sdks\Microsoft.NET.Sdk\targets\Microsoft.PackageDependencyResolution.targets(80,5): message :       FindInvalidProjectReferences;
       C:\Program Files\dotnet\sdk\10.0.103\Sdks\Microsoft.NET.Sdk\targets\Microsoft.PackageDependencyResolution.targets(80,5): message :       GetFrameworkPaths;
       C:\Program Files\dotnet\sdk\10.0.103\Sdks\Microsoft.NET.Sdk\targets\Microsoft.PackageDependencyResolution.targets(80,5): message :       GetReferenceAssemblyPaths;
       C:\Program Files\dotnet\sdk\10.0.103\Sdks\Microsoft.NET.Sdk\targets\Microsoft.PackageDependencyResolution.targets(80,5): message :       PrepareForBuild;
       C:\Program Files\dotnet\sdk\10.0.103\Sdks\Microsoft.NET.Sdk\targets\Microsoft.PackageDependencyResolution.targets(80,5): message :       ResolveSDKReferences;
       C:\Program Files\dotnet\sdk\10.0.103\Sdks\Microsoft.NET.Sdk\targets\Microsoft.PackageDependencyResolution.targets(80,5): message :       ExpandSDKReferences;
       C:\Program Files\dotnet\sdk\10.0.103\Sdks\Microsoft.NET.Sdk\targets\Microsoft.PackageDependencyResolution.targets(80,5): message :     ;
       C:\Program Files\dotnet\sdk\10.0.103\Sdks\Microsoft.NET.Sdk\targets\Microsoft.PackageDependencyResolution.targets(80,5): message :       ResolvePackageDependenciesForBuild;
       C:\Program Files\dotnet\sdk\10.0.103\Sdks\Microsoft.NET.Sdk\targets\Microsoft.PackageDependencyResolution.targets(80,5): message :       _HandlePackageFileConflicts;
       C:\Program Files\dotnet\sdk\10.0.103\Sdks\Microsoft.NET.Sdk\targets\Microsoft.PackageDependencyResolution.targets(80,5): message :     ”(先前值:“
       C:\Program Files\dotnet\sdk\10.0.103\Sdks\Microsoft.NET.Sdk\targets\Microsoft.PackageDependencyResolution.targets(80,5): message :       ResolveProjectReferences;
       C:\Program Files\dotnet\sdk\10.0.103\Sdks\Microsoft.NET.Sdk\targets\Microsoft.PackageDependencyResolution.targets(80,5): message :       FindInvalidProjectReferences;
       C:\Program Files\dotnet\sdk\10.0.103\Sdks\Microsoft.NET.Sdk\targets\Microsoft.PackageDependencyResolution.targets(80,5): message :       GetFrameworkPaths;
       C:\Program Files\dotnet\sdk\10.0.103\Sdks\Microsoft.NET.Sdk\targets\Microsoft.PackageDependencyResolution.targets(80,5): message :       GetReferenceAssemblyPaths;
       C:\Program Files\dotnet\sdk\10.0.103\Sdks\Microsoft.NET.Sdk\targets\Microsoft.PackageDependencyResolution.targets(80,5): message :       PrepareForBuild;
       C:\Program Files\dotnet\sdk\10.0.103\Sdks\Microsoft.NET.Sdk\targets\Microsoft.PackageDependencyResolution.targets(80,5): message :       ResolveSDKReferences;
       C:\Program Files\dotnet\sdk\10.0.103\Sdks\Microsoft.NET.Sdk\targets\Microsoft.PackageDependencyResolution.targets(80,5): message :       ExpandSDKReferences;
       C:\Program Files\dotnet\sdk\10.0.103\Sdks\Microsoft.NET.Sdk\targets\Microsoft.PackageDependencyResolution.targets(80,5): message :     ”)
       C:\Program Files\dotnet\sdk\10.0.103\Sdks\Microsoft.NET.Sdk\targets\Microsoft.PackageDependencyResolution.targets(86,5): message : 在 C:\Program Files\dotnet\sdk\10.0.103\Sdks\Microsoft.NET.Sdk\targets\Microsoft.PackageDependencyResolution.targets (86,5) 处重新分配属性: $(PrepareResourcesDependsOn)=“
       C:\Program Files\dotnet\sdk\10.0.103\Sdks\Microsoft.NET.Sdk\targets\Microsoft.PackageDependencyResolution.targets(86,5): message :       ResolvePackageDependenciesForBuild;
       C:\Program Files\dotnet\sdk\10.0.103\Sdks\Microsoft.NET.Sdk\targets\Microsoft.PackageDependencyResolution.targets(86,5): message :       _HandlePackageFileConflicts;
       C:\Program Files\dotnet\sdk\10.0.103\Sdks\Microsoft.NET.Sdk\targets\Microsoft.PackageDependencyResolution.targets(86,5): message :       
       C:\Program Files\dotnet\sdk\10.0.103\Sdks\Microsoft.NET.Sdk\targets\Microsoft.PackageDependencyResolution.targets(86,5): message :       ;
       C:\Program Files\dotnet\sdk\10.0.103\Sdks\Microsoft.NET.Sdk\targets\Microsoft.PackageDependencyResolution.targets(86,5): message :       PrepareResourceNames;
       C:\Program Files\dotnet\sdk\10.0.103\Sdks\Microsoft.NET.Sdk\targets\Microsoft.PackageDependencyResolution.targets(86,5): message :       ResGen;
       C:\Program Files\dotnet\sdk\10.0.103\Sdks\Microsoft.NET.Sdk\targets\Microsoft.PackageDependencyResolution.targets(86,5): message :       CompileLicxFiles
       C:\Program Files\dotnet\sdk\10.0.103\Sdks\Microsoft.NET.Sdk\targets\Microsoft.PackageDependencyResolution.targets(86,5): message :     
       C:\Program Files\dotnet\sdk\10.0.103\Sdks\Microsoft.NET.Sdk\targets\Microsoft.PackageDependencyResolution.targets(86,5): message :     ”(先前值:“
       C:\Program Files\dotnet\sdk\10.0.103\Sdks\Microsoft.NET.Sdk\targets\Microsoft.PackageDependencyResolution.targets(86,5): message :       ;
       C:\Program Files\dotnet\sdk\10.0.103\Sdks\Microsoft.NET.Sdk\targets\Microsoft.PackageDependencyResolution.targets(86,5): message :       PrepareResourceNames;
       C:\Program Files\dotnet\sdk\10.0.103\Sdks\Microsoft.NET.Sdk\targets\Microsoft.PackageDependencyResolution.targets(86,5): message :       ResGen;
       C:\Program Files\dotnet\sdk\10.0.103\Sdks\Microsoft.NET.Sdk\targets\Microsoft.PackageDependencyResolution.targets(86,5): message :       CompileLicxFiles
       C:\Program Files\dotnet\sdk\10.0.103\Sdks\Microsoft.NET.Sdk\targets\Microsoft.PackageDependencyResolution.targets(86,5): message :     ”)
       C:\Program Files\dotnet\sdk\10.0.103\Sdks\Microsoft.NET.Sdk\targets\Microsoft.NET.Sdk.DefaultItems.targets(35,5): message : 在 C:\Program Files\dotnet\sdk\10.0.103\Sdks\Microsoft.NET.Sdk\targets\Microsoft.NET.Sdk.DefaultItems.targets (35,5) 处重新分配属性: $(DefaultItemExcludes)=“;bin\Debug\/**;obj\Debug\/**;bin\/**”(先前值:“;bin\Debug\/**;obj\Debug\/**”)
       C:\Program Files\dotnet\sdk\10.0.103\Sdks\Microsoft.NET.Sdk\targets\Microsoft.NET.Sdk.DefaultItems.targets(37,5): message : 在 C:\Program Files\dotnet\sdk\10.0.103\Sdks\Microsoft.NET.Sdk\targets\Microsoft.NET.Sdk.DefaultItems.targets (37,5) 处重新分配属性: $(DefaultItemExcludes)=“;bin\Debug\/**;obj\Debug\/**;bin\/**;obj\/**”(先前值:“;bin\Debug\/**;obj\Debug\/**;bin\/**”)
       C:\Program Files\dotnet\sdk\10.0.103\Sdks\Microsoft.NET.Sdk\targets\Microsoft.NET.Sdk.DefaultItems.targets(40,5): message : 在 C:\Program Files\dotnet\sdk\10.0.103\Sdks\Microsoft.NET.Sdk\targets\Microsoft.NET.Sdk.DefaultItems.targets (40,5) 处重新分配属性: $(DefaultItemExcludes)=“;bin\Debug\/**;obj\Debug\/**;bin\/**;obj\/**;**/*.user”(先前值:“;bin\Debug\/**;obj\Debug\/**;bin\/**;obj\/**”)
       C:\Program Files\dotnet\sdk\10.0.103\Sdks\Microsoft.NET.Sdk\targets\Microsoft.NET.Sdk.DefaultItems.targets(41,5): message : 在 C:\Program Files\dotnet\sdk\10.0.103\Sdks\Microsoft.NET.Sdk\targets\Microsoft.NET.Sdk.DefaultItems.targets (41,5) 处重新分配属性: $(DefaultItemExcludes)=“;bin\Debug\/**;obj\Debug\/**;bin\/**;obj\/**;**/*.user;**/*.*proj”(先前值:“;bin\Debug\/**;obj\Debug\/**;bin\/**;obj\/**;**/*.user”)
       C:\Program Files\dotnet\sdk\10.0.103\Sdks\Microsoft.NET.Sdk\targets\Microsoft.NET.Sdk.DefaultItems.targets(42,5): message : 在 C:\Program Files\dotnet\sdk\10.0.103\Sdks\Microsoft.NET.Sdk\targets\Microsoft.NET.Sdk.DefaultItems.targets (42,5) 处重新分配属性: $(DefaultItemExcludes)=“;bin\Debug\/**;obj\Debug\/**;bin\/**;obj\/**;**/*.user;**/*.*proj;**/*.sln”(先前值:“;bin\Debug\/**;obj\Debug\/**;bin\/**;obj\/**;**/*.user;**/*.*proj”)
       C:\Program Files\dotnet\sdk\10.0.103\Sdks\Microsoft.NET.Sdk\targets\Microsoft.NET.Sdk.DefaultItems.targets(43,5): message : 在 C:\Program Files\dotnet\sdk\10.0.103\Sdks\Microsoft.NET.Sdk\targets\Microsoft.NET.Sdk.DefaultItems.targets (43,5) 处重新分配属性: $(DefaultItemExcludes)=“;bin\Debug\/**;obj\Debug\/**;bin\/**;obj\/**;**/*.user;**/*.*proj;**/*.sln;**/*.slnx”(先前值:“;bin\Debug\/**;obj\Debug\/**;bin\/**;obj\/**;**/*.user;**/*.*proj;**/*.sln”)
       C:\Program Files\dotnet\sdk\10.0.103\Sdks\Microsoft.NET.Sdk\targets\Microsoft.NET.Sdk.DefaultItems.targets(44,5): message : 在 C:\Program Files\dotnet\sdk\10.0.103\Sdks\Microsoft.NET.Sdk\targets\Microsoft.NET.Sdk.DefaultItems.targets (44,5) 处重新分配属性: $(DefaultItemExcludes)=“;bin\Debug\/**;obj\Debug\/**;bin\/**;obj\/**;**/*.user;**/*.*proj;**/*.sln;**/*.slnx;**/*.vssscc”(先前值:“;bin\Debug\/**;obj\Debug\/**;bin\/**;obj\/**;**/*.user;**/*.*proj;**/*.sln;**/*.slnx”)
       C:\Program Files\dotnet\sdk\10.0.103\Sdks\Microsoft.NET.Sdk\targets\Microsoft.NET.Sdk.DefaultItems.targets(45,5): message : 在 C:\Program Files\dotnet\sdk\10.0.103\Sdks\Microsoft.NET.Sdk\targets\Microsoft.NET.Sdk.DefaultItems.targets (45,5) 处重新分配属性: $(DefaultItemExcludes)=“;bin\Debug\/**;obj\Debug\/**;bin\/**;obj\/**;**/*.user;**/*.*proj;**/*.sln;**/*.slnx;**/*.vssscc;**/.DS_Store”(先前值:“;bin\Debug\/**;obj\Debug\/**;bin\/**;obj\/**;**/*.user;**/*.*proj;**/*.sln;**/*.slnx;**/*.vssscc”)
       C:\Program Files\dotnet\sdk\10.0.103\Sdks\Microsoft.NET.Sdk\targets\Microsoft.NET.Sdk.FrameworkReferenceResolution.targets(14,5): message : 在 C:\Program Files\dotnet\sdk\10.0.103\Sdks\Microsoft.NET.Sdk\targets\Microsoft.NET.Sdk.FrameworkReferenceResolution.targets (14,5) 处重新分配属性: $(ResolveAssemblyReferencesDependsOn)=“
       C:\Program Files\dotnet\sdk\10.0.103\Sdks\Microsoft.NET.Sdk\targets\Microsoft.NET.Sdk.FrameworkReferenceResolution.targets(14,5): message :       
       C:\Program Files\dotnet\sdk\10.0.103\Sdks\Microsoft.NET.Sdk\targets\Microsoft.NET.Sdk.FrameworkReferenceResolution.targets(14,5): message :       
       C:\Program Files\dotnet\sdk\10.0.103\Sdks\Microsoft.NET.Sdk\targets\Microsoft.NET.Sdk.FrameworkReferenceResolution.targets(14,5): message :       ResolveProjectReferences;
       C:\Program Files\dotnet\sdk\10.0.103\Sdks\Microsoft.NET.Sdk\targets\Microsoft.NET.Sdk.FrameworkReferenceResolution.targets(14,5): message :       FindInvalidProjectReferences;
       C:\Program Files\dotnet\sdk\10.0.103\Sdks\Microsoft.NET.Sdk\targets\Microsoft.NET.Sdk.FrameworkReferenceResolution.targets(14,5): message :       GetFrameworkPaths;
       C:\Program Files\dotnet\sdk\10.0.103\Sdks\Microsoft.NET.Sdk\targets\Microsoft.NET.Sdk.FrameworkReferenceResolution.targets(14,5): message :       GetReferenceAssemblyPaths;
       C:\Program Files\dotnet\sdk\10.0.103\Sdks\Microsoft.NET.Sdk\targets\Microsoft.NET.Sdk.FrameworkReferenceResolution.targets(14,5): message :       PrepareForBuild;
       C:\Program Files\dotnet\sdk\10.0.103\Sdks\Microsoft.NET.Sdk\targets\Microsoft.NET.Sdk.FrameworkReferenceResolution.targets(14,5): message :       ResolveSDKReferences;
       C:\Program Files\dotnet\sdk\10.0.103\Sdks\Microsoft.NET.Sdk\targets\Microsoft.NET.Sdk.FrameworkReferenceResolution.targets(14,5): message :       ExpandSDKReferences;
       C:\Program Files\dotnet\sdk\10.0.103\Sdks\Microsoft.NET.Sdk\targets\Microsoft.NET.Sdk.FrameworkReferenceResolution.targets(14,5): message :     ;
       C:\Program Files\dotnet\sdk\10.0.103\Sdks\Microsoft.NET.Sdk\targets\Microsoft.NET.Sdk.FrameworkReferenceResolution.targets(14,5): message :       ResolvePackageDependenciesForBuild;
       C:\Program Files\dotnet\sdk\10.0.103\Sdks\Microsoft.NET.Sdk\targets\Microsoft.NET.Sdk.FrameworkReferenceResolution.targets(14,5): message :       _HandlePackageFileConflicts;
       C:\Program Files\dotnet\sdk\10.0.103\Sdks\Microsoft.NET.Sdk\targets\Microsoft.NET.Sdk.FrameworkReferenceResolution.targets(14,5): message :     ;
       C:\Program Files\dotnet\sdk\10.0.103\Sdks\Microsoft.NET.Sdk\targets\Microsoft.NET.Sdk.FrameworkReferenceResolution.targets(14,5): message :       ResolveTargetingPackAssets;
       C:\Program Files\dotnet\sdk\10.0.103\Sdks\Microsoft.NET.Sdk\targets\Microsoft.NET.Sdk.FrameworkReferenceResolution.targets(14,5): message :     ”(先前值:“
       C:\Program Files\dotnet\sdk\10.0.103\Sdks\Microsoft.NET.Sdk\targets\Microsoft.NET.Sdk.FrameworkReferenceResolution.targets(14,5): message :       
       C:\Program Files\dotnet\sdk\10.0.103\Sdks\Microsoft.NET.Sdk\targets\Microsoft.NET.Sdk.FrameworkReferenceResolution.targets(14,5): message :       ResolveProjectReferences;
       C:\Program Files\dotnet\sdk\10.0.103\Sdks\Microsoft.NET.Sdk\targets\Microsoft.NET.Sdk.FrameworkReferenceResolution.targets(14,5): message :       FindInvalidProjectReferences;
       C:\Program Files\dotnet\sdk\10.0.103\Sdks\Microsoft.NET.Sdk\targets\Microsoft.NET.Sdk.FrameworkReferenceResolution.targets(14,5): message :       GetFrameworkPaths;
       C:\Program Files\dotnet\sdk\10.0.103\Sdks\Microsoft.NET.Sdk\targets\Microsoft.NET.Sdk.FrameworkReferenceResolution.targets(14,5): message :       GetReferenceAssemblyPaths;
       C:\Program Files\dotnet\sdk\10.0.103\Sdks\Microsoft.NET.Sdk\targets\Microsoft.NET.Sdk.FrameworkReferenceResolution.targets(14,5): message :       PrepareForBuild;
       C:\Program Files\dotnet\sdk\10.0.103\Sdks\Microsoft.NET.Sdk\targets\Microsoft.NET.Sdk.FrameworkReferenceResolution.targets(14,5): message :       ResolveSDKReferences;
       C:\Program Files\dotnet\sdk\10.0.103\Sdks\Microsoft.NET.Sdk\targets\Microsoft.NET.Sdk.FrameworkReferenceResolution.targets(14,5): message :       ExpandSDKReferences;
       C:\Program Files\dotnet\sdk\10.0.103\Sdks\Microsoft.NET.Sdk\targets\Microsoft.NET.Sdk.FrameworkReferenceResolution.targets(14,5): message :     ;
       C:\Program Files\dotnet\sdk\10.0.103\Sdks\Microsoft.NET.Sdk\targets\Microsoft.NET.Sdk.FrameworkReferenceResolution.targets(14,5): message :       ResolvePackageDependenciesForBuild;
       C:\Program Files\dotnet\sdk\10.0.103\Sdks\Microsoft.NET.Sdk\targets\Microsoft.NET.Sdk.FrameworkReferenceResolution.targets(14,5): message :       _HandlePackageFileConflicts;
       C:\Program Files\dotnet\sdk\10.0.103\Sdks\Microsoft.NET.Sdk\targets\Microsoft.NET.Sdk.FrameworkReferenceResolution.targets(14,5): message :     ”)
       C:\Program Files\dotnet\sdk\10.0.103\Sdks\Microsoft.NET.Sdk\targets\Microsoft.NET.Sdk.targets(44,5): message : 在 C:\Program Files\dotnet\sdk\10.0.103\Sdks\Microsoft.NET.Sdk\targets\Microsoft.NET.Sdk.targets (44,5) 处重新分配属性: $(_GenerateRuntimeConfigurationPropertyInputsCache)=“E:\ProjectMy\WebViewHub\obj\Debug\net8.0-windows\WebViewHub_qifb1lgk_wpftmp.genruntimeconfig.cache”(先前值:“obj\Debug\net8.0-windows\WebViewHub_qifb1lgk_wpftmp.genruntimeconfig.cache”)
       C:\Program Files\dotnet\sdk\10.0.103\Sdks\Microsoft.NET.Sdk\targets\Microsoft.NET.Sdk.targets(46,5): message : 在 C:\Program Files\dotnet\sdk\10.0.103\Sdks\Microsoft.NET.Sdk\targets\Microsoft.NET.Sdk.targets (46,5) 处重新分配属性: $(_GeneratePublishDependencyFilePropertyInputsCache)=“E:\ProjectMy\WebViewHub\obj\Debug\net8.0-windows\WebViewHub_qifb1lgk_wpftmp.genpublishdeps.cache”(先前值:“obj\Debug\net8.0-windows\WebViewHub_qifb1lgk_wpftmp.genpublishdeps.cache”)
       C:\Program Files\dotnet\sdk\10.0.103\Sdks\Microsoft.NET.Sdk\targets\Microsoft.NET.Sdk.targets(48,5): message : 在 C:\Program Files\dotnet\sdk\10.0.103\Sdks\Microsoft.NET.Sdk\targets\Microsoft.NET.Sdk.targets (48,5) 处重新分配属性: $(_GenerateSingleFileBundlePropertyInputsCache)=“E:\ProjectMy\WebViewHub\obj\Debug\net8.0-windows\WebViewHub_qifb1lgk_wpftmp.genbundle.cache”(先前值:“obj\Debug\net8.0-windows\WebViewHub_qifb1lgk_wpftmp.genbundle.cache”)
       C:\Program Files\dotnet\sdk\10.0.103\Sdks\Microsoft.NET.Sdk\targets\Microsoft.NET.Sdk.targets(81,5): message : 在 C:\Program Files\dotnet\sdk\10.0.103\Sdks\Microsoft.NET.Sdk\targets\Microsoft.NET.Sdk.targets (81,5) 处重新分配属性: $(GenerateRuntimeConfigDevFile)=“false”(先前值:“true”)
       C:\Program Files\dotnet\sdk\10.0.103\Sdks\Microsoft.NET.Sdk\targets\Microsoft.NET.Sdk.targets(98,5): message : 在 C:\Program Files\dotnet\sdk\10.0.103\Sdks\Microsoft.NET.Sdk\targets\Microsoft.NET.Sdk.targets (98,5) 处重新分配属性: $(_DefaultUserProfileRuntimeStorePath)=“C:\Users\Administrator”(先前值:“”)
       C:\Program Files\dotnet\sdk\10.0.103\Sdks\Microsoft.NET.Sdk\targets\Microsoft.NET.Sdk.targets(99,5): message : 在 C:\Program Files\dotnet\sdk\10.0.103\Sdks\Microsoft.NET.Sdk\targets\Microsoft.NET.Sdk.targets (99,5) 处重新分配属性: $(_DefaultUserProfileRuntimeStorePath)=“C:\Users\Administrator\.dotnet\store”(先前值:“C:\Users\Administrator”)
       C:\Program Files\dotnet\sdk\10.0.103\Sdks\Microsoft.NET.Sdk\targets\Microsoft.NET.Sdk.targets(144,5): message : 在 C:\Program Files\dotnet\sdk\10.0.103\Sdks\Microsoft.NET.Sdk\targets\Microsoft.NET.Sdk.targets (144,5) 处重新分配属性: $(AvailablePlatforms)=“Any CPU,x86,x64,ARM32”(先前值:“Any CPU,x86,x64”)
       C:\Program Files\dotnet\sdk\10.0.103\Sdks\Microsoft.NET.Sdk\targets\Microsoft.NET.Sdk.targets(148,5): message : 在 C:\Program Files\dotnet\sdk\10.0.103\Sdks\Microsoft.NET.Sdk\targets\Microsoft.NET.Sdk.targets (148,5) 处重新分配属性: $(AvailablePlatforms)=“Any CPU,x86,x64,ARM32,ARM64”(先前值:“Any CPU,x86,x64,ARM32”)
       C:\Program Files\dotnet\sdk\10.0.103\Sdks\Microsoft.NET.Sdk\targets\Microsoft.NET.Sdk.targets(204,5): message : 在 C:\Program Files\dotnet\sdk\10.0.103\Sdks\Microsoft.NET.Sdk\targets\Microsoft.NET.Sdk.targets (204,5) 处重新分配属性: $(CoreBuildDependsOn)=“
       C:\Program Files\dotnet\sdk\10.0.103\Sdks\Microsoft.NET.Sdk\targets\Microsoft.NET.Sdk.targets(204,5): message :       _CheckForBuildWithNoBuild;
       C:\Program Files\dotnet\sdk\10.0.103\Sdks\Microsoft.NET.Sdk\targets\Microsoft.NET.Sdk.targets(204,5): message :       
       C:\Program Files\dotnet\sdk\10.0.103\Sdks\Microsoft.NET.Sdk\targets\Microsoft.NET.Sdk.targets(204,5): message :       BuildOnlySettings;
       C:\Program Files\dotnet\sdk\10.0.103\Sdks\Microsoft.NET.Sdk\targets\Microsoft.NET.Sdk.targets(204,5): message :       PrepareForBuild;
       C:\Program Files\dotnet\sdk\10.0.103\Sdks\Microsoft.NET.Sdk\targets\Microsoft.NET.Sdk.targets(204,5): message :       PreBuildEvent;
       C:\Program Files\dotnet\sdk\10.0.103\Sdks\Microsoft.NET.Sdk\targets\Microsoft.NET.Sdk.targets(204,5): message :       ResolveReferences;
       C:\Program Files\dotnet\sdk\10.0.103\Sdks\Microsoft.NET.Sdk\targets\Microsoft.NET.Sdk.targets(204,5): message :       PrepareResources;
       C:\Program Files\dotnet\sdk\10.0.103\Sdks\Microsoft.NET.Sdk\targets\Microsoft.NET.Sdk.targets(204,5): message :       ResolveKeySource;
       C:\Program Files\dotnet\sdk\10.0.103\Sdks\Microsoft.NET.Sdk\targets\Microsoft.NET.Sdk.targets(204,5): message :       Compile;
       C:\Program Files\dotnet\sdk\10.0.103\Sdks\Microsoft.NET.Sdk\targets\Microsoft.NET.Sdk.targets(204,5): message :       ExportWindowsMDFile;
       C:\Program Files\dotnet\sdk\10.0.103\Sdks\Microsoft.NET.Sdk\targets\Microsoft.NET.Sdk.targets(204,5): message :       UnmanagedUnregistration;
       C:\Program Files\dotnet\sdk\10.0.103\Sdks\Microsoft.NET.Sdk\targets\Microsoft.NET.Sdk.targets(204,5): message :       GenerateSerializationAssemblies;
       C:\Program Files\dotnet\sdk\10.0.103\Sdks\Microsoft.NET.Sdk\targets\Microsoft.NET.Sdk.targets(204,5): message :       CreateSatelliteAssemblies;
       C:\Program Files\dotnet\sdk\10.0.103\Sdks\Microsoft.NET.Sdk\targets\Microsoft.NET.Sdk.targets(204,5): message :       GenerateManifests;
       C:\Program Files\dotnet\sdk\10.0.103\Sdks\Microsoft.NET.Sdk\targets\Microsoft.NET.Sdk.targets(204,5): message :       GetTargetPath;
       C:\Program Files\dotnet\sdk\10.0.103\Sdks\Microsoft.NET.Sdk\targets\Microsoft.NET.Sdk.targets(204,5): message :       PrepareForRun;
       C:\Program Files\dotnet\sdk\10.0.103\Sdks\Microsoft.NET.Sdk\targets\Microsoft.NET.Sdk.targets(204,5): message :       UnmanagedRegistration;
       C:\Program Files\dotnet\sdk\10.0.103\Sdks\Microsoft.NET.Sdk\targets\Microsoft.NET.Sdk.targets(204,5): message :       IncrementalClean;
       C:\Program Files\dotnet\sdk\10.0.103\Sdks\Microsoft.NET.Sdk\targets\Microsoft.NET.Sdk.targets(204,5): message :       PostBuildEvent
       C:\Program Files\dotnet\sdk\10.0.103\Sdks\Microsoft.NET.Sdk\targets\Microsoft.NET.Sdk.targets(204,5): message :     ;
       C:\Program Files\dotnet\sdk\10.0.103\Sdks\Microsoft.NET.Sdk\targets\Microsoft.NET.Sdk.targets(204,5): message :       GenerateBuildDependencyFile;
       C:\Program Files\dotnet\sdk\10.0.103\Sdks\Microsoft.NET.Sdk\targets\Microsoft.NET.Sdk.targets(204,5): message :       GenerateBuildRuntimeConfigurationFiles
       C:\Program Files\dotnet\sdk\10.0.103\Sdks\Microsoft.NET.Sdk\targets\Microsoft.NET.Sdk.targets(204,5): message :     ”(先前值:“
       C:\Program Files\dotnet\sdk\10.0.103\Sdks\Microsoft.NET.Sdk\targets\Microsoft.NET.Sdk.targets(204,5): message :       BuildOnlySettings;
       C:\Program Files\dotnet\sdk\10.0.103\Sdks\Microsoft.NET.Sdk\targets\Microsoft.NET.Sdk.targets(204,5): message :       PrepareForBuild;
       C:\Program Files\dotnet\sdk\10.0.103\Sdks\Microsoft.NET.Sdk\targets\Microsoft.NET.Sdk.targets(204,5): message :       PreBuildEvent;
       C:\Program Files\dotnet\sdk\10.0.103\Sdks\Microsoft.NET.Sdk\targets\Microsoft.NET.Sdk.targets(204,5): message :       ResolveReferences;
       C:\Program Files\dotnet\sdk\10.0.103\Sdks\Microsoft.NET.Sdk\targets\Microsoft.NET.Sdk.targets(204,5): message :       PrepareResources;
       C:\Program Files\dotnet\sdk\10.0.103\Sdks\Microsoft.NET.Sdk\targets\Microsoft.NET.Sdk.targets(204,5): message :       ResolveKeySource;
       C:\Program Files\dotnet\sdk\10.0.103\Sdks\Microsoft.NET.Sdk\targets\Microsoft.NET.Sdk.targets(204,5): message :       Compile;
       C:\Program Files\dotnet\sdk\10.0.103\Sdks\Microsoft.NET.Sdk\targets\Microsoft.NET.Sdk.targets(204,5): message :       ExportWindowsMDFile;
       C:\Program Files\dotnet\sdk\10.0.103\Sdks\Microsoft.NET.Sdk\targets\Microsoft.NET.Sdk.targets(204,5): message :       UnmanagedUnregistration;
       C:\Program Files\dotnet\sdk\10.0.103\Sdks\Microsoft.NET.Sdk\targets\Microsoft.NET.Sdk.targets(204,5): message :       GenerateSerializationAssemblies;
       C:\Program Files\dotnet\sdk\10.0.103\Sdks\Microsoft.NET.Sdk\targets\Microsoft.NET.Sdk.targets(204,5): message :       CreateSatelliteAssemblies;
       C:\Program Files\dotnet\sdk\10.0.103\Sdks\Microsoft.NET.Sdk\targets\Microsoft.NET.Sdk.targets(204,5): message :       GenerateManifests;
       C:\Program Files\dotnet\sdk\10.0.103\Sdks\Microsoft.NET.Sdk\targets\Microsoft.NET.Sdk.targets(204,5): message :       GetTargetPath;
       C:\Program Files\dotnet\sdk\10.0.103\Sdks\Microsoft.NET.Sdk\targets\Microsoft.NET.Sdk.targets(204,5): message :       PrepareForRun;
       C:\Program Files\dotnet\sdk\10.0.103\Sdks\Microsoft.NET.Sdk\targets\Microsoft.NET.Sdk.targets(204,5): message :       UnmanagedRegistration;
       C:\Program Files\dotnet\sdk\10.0.103\Sdks\Microsoft.NET.Sdk\targets\Microsoft.NET.Sdk.targets(204,5): message :       IncrementalClean;
       C:\Program Files\dotnet\sdk\10.0.103\Sdks\Microsoft.NET.Sdk\targets\Microsoft.NET.Sdk.targets(204,5): message :       PostBuildEvent
       C:\Program Files\dotnet\sdk\10.0.103\Sdks\Microsoft.NET.Sdk\targets\Microsoft.NET.Sdk.targets(204,5): message :     ”)
       C:\Program Files\dotnet\sdk\10.0.103\Sdks\Microsoft.NET.Sdk\targets\Microsoft.NET.Sdk.targets(213,5): message : 在 C:\Program Files\dotnet\sdk\10.0.103\Sdks\Microsoft.NET.Sdk\targets\Microsoft.NET.Sdk.targets (213,5) 处重新分配属性: $(CoreCleanDependsOn)=“
       C:\Program Files\dotnet\sdk\10.0.103\Sdks\Microsoft.NET.Sdk\targets\Microsoft.NET.Sdk.targets(213,5): message :       _SdkBeforeClean;
       C:\Program Files\dotnet\sdk\10.0.103\Sdks\Microsoft.NET.Sdk\targets\Microsoft.NET.Sdk.targets(213,5): message :       
       C:\Program Files\dotnet\sdk\10.0.103\Sdks\Microsoft.NET.Sdk\targets\Microsoft.NET.Sdk.targets(213,5): message :     ”(先前值:“”)
       C:\Program Files\dotnet\sdk\10.0.103\Sdks\Microsoft.NET.Sdk\targets\Microsoft.NET.Sdk.targets(220,5): message : 在 C:\Program Files\dotnet\sdk\10.0.103\Sdks\Microsoft.NET.Sdk\targets\Microsoft.NET.Sdk.targets (220,5) 处重新分配属性: $(RebuildDependsOn)=“
       C:\Program Files\dotnet\sdk\10.0.103\Sdks\Microsoft.NET.Sdk\targets\Microsoft.NET.Sdk.targets(220,5): message :       _SdkBeforeRebuild;
       C:\Program Files\dotnet\sdk\10.0.103\Sdks\Microsoft.NET.Sdk\targets\Microsoft.NET.Sdk.targets(220,5): message :       
       C:\Program Files\dotnet\sdk\10.0.103\Sdks\Microsoft.NET.Sdk\targets\Microsoft.NET.Sdk.targets(220,5): message :       BeforeRebuild;
       C:\Program Files\dotnet\sdk\10.0.103\Sdks\Microsoft.NET.Sdk\targets\Microsoft.NET.Sdk.targets(220,5): message :       Clean;
       C:\Program Files\dotnet\sdk\10.0.103\Sdks\Microsoft.NET.Sdk\targets\Microsoft.NET.Sdk.targets(220,5): message :       Build;
       C:\Program Files\dotnet\sdk\10.0.103\Sdks\Microsoft.NET.Sdk\targets\Microsoft.NET.Sdk.targets(220,5): message :       AfterRebuild;
       C:\Program Files\dotnet\sdk\10.0.103\Sdks\Microsoft.NET.Sdk\targets\Microsoft.NET.Sdk.targets(220,5): message :     
       C:\Program Files\dotnet\sdk\10.0.103\Sdks\Microsoft.NET.Sdk\targets\Microsoft.NET.Sdk.targets(220,5): message :     ”(先前值:“
       C:\Program Files\dotnet\sdk\10.0.103\Sdks\Microsoft.NET.Sdk\targets\Microsoft.NET.Sdk.targets(220,5): message :       BeforeRebuild;
       C:\Program Files\dotnet\sdk\10.0.103\Sdks\Microsoft.NET.Sdk\targets\Microsoft.NET.Sdk.targets(220,5): message :       Clean;
       C:\Program Files\dotnet\sdk\10.0.103\Sdks\Microsoft.NET.Sdk\targets\Microsoft.NET.Sdk.targets(220,5): message :       Build;
       C:\Program Files\dotnet\sdk\10.0.103\Sdks\Microsoft.NET.Sdk\targets\Microsoft.NET.Sdk.targets(220,5): message :       AfterRebuild;
       C:\Program Files\dotnet\sdk\10.0.103\Sdks\Microsoft.NET.Sdk\targets\Microsoft.NET.Sdk.targets(220,5): message :     ”)
       C:\Program Files\dotnet\sdk\10.0.103\Sdks\Microsoft.NET.Sdk\targets\Microsoft.NET.Sdk.targets(799,5): message : 在 C:\Program Files\dotnet\sdk\10.0.103\Sdks\Microsoft.NET.Sdk\targets\Microsoft.NET.Sdk.targets (799,5) 处重新分配属性: $(CompileDependsOn)=“
       C:\Program Files\dotnet\sdk\10.0.103\Sdks\Microsoft.NET.Sdk\targets\Microsoft.NET.Sdk.targets(799,5): message :       
       C:\Program Files\dotnet\sdk\10.0.103\Sdks\Microsoft.NET.Sdk\targets\Microsoft.NET.Sdk.targets(799,5): message :       ResolveReferences;
       C:\Program Files\dotnet\sdk\10.0.103\Sdks\Microsoft.NET.Sdk\targets\Microsoft.NET.Sdk.targets(799,5): message :       ResolveKeySource;
       C:\Program Files\dotnet\sdk\10.0.103\Sdks\Microsoft.NET.Sdk\targets\Microsoft.NET.Sdk.targets(799,5): message :       SetWin32ManifestProperties;
       C:\Program Files\dotnet\sdk\10.0.103\Sdks\Microsoft.NET.Sdk\targets\Microsoft.NET.Sdk.targets(799,5): message :       _SetPreferNativeArm64Win32ManifestProperties;
       C:\Program Files\dotnet\sdk\10.0.103\Sdks\Microsoft.NET.Sdk\targets\Microsoft.NET.Sdk.targets(799,5): message :       FindReferenceAssembliesForReferences;
       C:\Program Files\dotnet\sdk\10.0.103\Sdks\Microsoft.NET.Sdk\targets\Microsoft.NET.Sdk.targets(799,5): message :       _GenerateCompileInputs;
       C:\Program Files\dotnet\sdk\10.0.103\Sdks\Microsoft.NET.Sdk\targets\Microsoft.NET.Sdk.targets(799,5): message :       BeforeCompile;
       C:\Program Files\dotnet\sdk\10.0.103\Sdks\Microsoft.NET.Sdk\targets\Microsoft.NET.Sdk.targets(799,5): message :       _TimeStampBeforeCompile;
       C:\Program Files\dotnet\sdk\10.0.103\Sdks\Microsoft.NET.Sdk\targets\Microsoft.NET.Sdk.targets(799,5): message :       _GenerateCompileDependencyCache;
       C:\Program Files\dotnet\sdk\10.0.103\Sdks\Microsoft.NET.Sdk\targets\Microsoft.NET.Sdk.targets(799,5): message :       CoreCompile;
       C:\Program Files\dotnet\sdk\10.0.103\Sdks\Microsoft.NET.Sdk\targets\Microsoft.NET.Sdk.targets(799,5): message :       _TimeStampAfterCompile;
       C:\Program Files\dotnet\sdk\10.0.103\Sdks\Microsoft.NET.Sdk\targets\Microsoft.NET.Sdk.targets(799,5): message :       AfterCompile;
       C:\Program Files\dotnet\sdk\10.0.103\Sdks\Microsoft.NET.Sdk\targets\Microsoft.NET.Sdk.targets(799,5): message :     ;
       C:\Program Files\dotnet\sdk\10.0.103\Sdks\Microsoft.NET.Sdk\targets\Microsoft.NET.Sdk.targets(799,5): message :       _CreateAppHost;
       C:\Program Files\dotnet\sdk\10.0.103\Sdks\Microsoft.NET.Sdk\targets\Microsoft.NET.Sdk.targets(799,5): message :       _CreateComHost;
       C:\Program Files\dotnet\sdk\10.0.103\Sdks\Microsoft.NET.Sdk\targets\Microsoft.NET.Sdk.targets(799,5): message :       _GetIjwHostPaths;
       C:\Program Files\dotnet\sdk\10.0.103\Sdks\Microsoft.NET.Sdk\targets\Microsoft.NET.Sdk.targets(799,5): message :     ”(先前值:“
       C:\Program Files\dotnet\sdk\10.0.103\Sdks\Microsoft.NET.Sdk\targets\Microsoft.NET.Sdk.targets(799,5): message :       ResolveReferences;
       C:\Program Files\dotnet\sdk\10.0.103\Sdks\Microsoft.NET.Sdk\targets\Microsoft.NET.Sdk.targets(799,5): message :       ResolveKeySource;
       C:\Program Files\dotnet\sdk\10.0.103\Sdks\Microsoft.NET.Sdk\targets\Microsoft.NET.Sdk.targets(799,5): message :       SetWin32ManifestProperties;
       C:\Program Files\dotnet\sdk\10.0.103\Sdks\Microsoft.NET.Sdk\targets\Microsoft.NET.Sdk.targets(799,5): message :       _SetPreferNativeArm64Win32ManifestProperties;
       C:\Program Files\dotnet\sdk\10.0.103\Sdks\Microsoft.NET.Sdk\targets\Microsoft.NET.Sdk.targets(799,5): message :       FindReferenceAssembliesForReferences;
       C:\Program Files\dotnet\sdk\10.0.103\Sdks\Microsoft.NET.Sdk\targets\Microsoft.NET.Sdk.targets(799,5): message :       _GenerateCompileInputs;
       C:\Program Files\dotnet\sdk\10.0.103\Sdks\Microsoft.NET.Sdk\targets\Microsoft.NET.Sdk.targets(799,5): message :       BeforeCompile;
       C:\Program Files\dotnet\sdk\10.0.103\Sdks\Microsoft.NET.Sdk\targets\Microsoft.NET.Sdk.targets(799,5): message :       _TimeStampBeforeCompile;
       C:\Program Files\dotnet\sdk\10.0.103\Sdks\Microsoft.NET.Sdk\targets\Microsoft.NET.Sdk.targets(799,5): message :       _GenerateCompileDependencyCache;
       C:\Program Files\dotnet\sdk\10.0.103\Sdks\Microsoft.NET.Sdk\targets\Microsoft.NET.Sdk.targets(799,5): message :       CoreCompile;
       C:\Program Files\dotnet\sdk\10.0.103\Sdks\Microsoft.NET.Sdk\targets\Microsoft.NET.Sdk.targets(799,5): message :       _TimeStampAfterCompile;
       C:\Program Files\dotnet\sdk\10.0.103\Sdks\Microsoft.NET.Sdk\targets\Microsoft.NET.Sdk.targets(799,5): message :       AfterCompile;
       C:\Program Files\dotnet\sdk\10.0.103\Sdks\Microsoft.NET.Sdk\targets\Microsoft.NET.Sdk.targets(799,5): message :     ”)
       C:\Program Files\dotnet\sdk\10.0.103\Sdks\Microsoft.NET.Sdk\targets\Microsoft.NET.Sdk.targets(1131,5): message : 在 C:\Program Files\dotnet\sdk\10.0.103\Sdks\Microsoft.NET.Sdk\targets\Microsoft.NET.Sdk.targets (1131,5) 处重新分配属性: $(CreateSatelliteAssembliesDependsOn)=“
       C:\Program Files\dotnet\sdk\10.0.103\Sdks\Microsoft.NET.Sdk\targets\Microsoft.NET.Sdk.targets(1131,5): message :       
       C:\Program Files\dotnet\sdk\10.0.103\Sdks\Microsoft.NET.Sdk\targets\Microsoft.NET.Sdk.targets(1131,5): message :       ;
       C:\Program Files\dotnet\sdk\10.0.103\Sdks\Microsoft.NET.Sdk\targets\Microsoft.NET.Sdk.targets(1131,5): message :       _GenerateSatelliteAssemblyInputs;
       C:\Program Files\dotnet\sdk\10.0.103\Sdks\Microsoft.NET.Sdk\targets\Microsoft.NET.Sdk.targets(1131,5): message :       ComputeIntermediateSatelliteAssemblies;
       C:\Program Files\dotnet\sdk\10.0.103\Sdks\Microsoft.NET.Sdk\targets\Microsoft.NET.Sdk.targets(1131,5): message :       GenerateSatelliteAssemblies
       C:\Program Files\dotnet\sdk\10.0.103\Sdks\Microsoft.NET.Sdk\targets\Microsoft.NET.Sdk.targets(1131,5): message :     ;
       C:\Program Files\dotnet\sdk\10.0.103\Sdks\Microsoft.NET.Sdk\targets\Microsoft.NET.Sdk.targets(1131,5): message :       CoreGenerateSatelliteAssemblies
       C:\Program Files\dotnet\sdk\10.0.103\Sdks\Microsoft.NET.Sdk\targets\Microsoft.NET.Sdk.targets(1131,5): message :     ”(先前值:“
       C:\Program Files\dotnet\sdk\10.0.103\Sdks\Microsoft.NET.Sdk\targets\Microsoft.NET.Sdk.targets(1131,5): message :       ;
       C:\Program Files\dotnet\sdk\10.0.103\Sdks\Microsoft.NET.Sdk\targets\Microsoft.NET.Sdk.targets(1131,5): message :       _GenerateSatelliteAssemblyInputs;
       C:\Program Files\dotnet\sdk\10.0.103\Sdks\Microsoft.NET.Sdk\targets\Microsoft.NET.Sdk.targets(1131,5): message :       ComputeIntermediateSatelliteAssemblies;
       C:\Program Files\dotnet\sdk\10.0.103\Sdks\Microsoft.NET.Sdk\targets\Microsoft.NET.Sdk.targets(1131,5): message :       GenerateSatelliteAssemblies
       C:\Program Files\dotnet\sdk\10.0.103\Sdks\Microsoft.NET.Sdk\targets\Microsoft.NET.Sdk.targets(1131,5): message :     ”)
       C:\Program Files\dotnet\sdk\10.0.103\Sdks\Microsoft.SourceLink.GitLab\build\Microsoft.SourceLink.GitLab.targets(12,5): message : 在 C:\Program Files\dotnet\sdk\10.0.103\Sdks\Microsoft.SourceLink.GitLab\build\Microsoft.SourceLink.GitLab.targets (12,5) 处重新分配属性: $(SourceLinkUrlInitializerTargets)=“;_InitializeGitHubSourceLinkUrl;_InitializeGitLabSourceLinkUrl”(先前值:“;_InitializeGitHubSourceLinkUrl”)
       C:\Program Files\dotnet\sdk\10.0.103\Sdks\Microsoft.SourceLink.GitLab\build\Microsoft.SourceLink.GitLab.targets(13,5): message : 在 C:\Program Files\dotnet\sdk\10.0.103\Sdks\Microsoft.SourceLink.GitLab\build\Microsoft.SourceLink.GitLab.targets (13,5) 处重新分配属性: $(SourceControlManagerUrlTranslationTargets)=“;TranslateGitHubUrlsInSourceControlInformation;TranslateGitLabUrlsInSourceControlInformation”(先前值:“;TranslateGitHubUrlsInSourceControlInformation”)
       C:\Program Files\dotnet\sdk\10.0.103\Sdks\Microsoft.SourceLink.AzureRepos.Git\build\Microsoft.SourceLink.AzureRepos.Git.targets(12,5): message : 在 C:\Program Files\dotnet\sdk\10.0.103\Sdks\Microsoft.SourceLink.AzureRepos.Git\build\Microsoft.SourceLink.AzureRepos.Git.targets (12,5) 处重新分配属性: $(SourceLinkUrlInitializerTargets)=“;_InitializeGitHubSourceLinkUrl;_InitializeGitLabSourceLinkUrl;_InitializeAzureReposGitSourceLinkUrl”(先前值:“;_InitializeGitHubSourceLinkUrl;_InitializeGitLabSourceLinkUrl”)
       C:\Program Files\dotnet\sdk\10.0.103\Sdks\Microsoft.SourceLink.AzureRepos.Git\build\Microsoft.SourceLink.AzureRepos.Git.targets(13,5): message : 在 C:\Program Files\dotnet\sdk\10.0.103\Sdks\Microsoft.SourceLink.AzureRepos.Git\build\Microsoft.SourceLink.AzureRepos.Git.targets (13,5) 处重新分配属性: $(SourceControlManagerUrlTranslationTargets)=“;TranslateGitHubUrlsInSourceControlInformation;TranslateGitLabUrlsInSourceControlInformation;TranslateAzureReposGitUrlsInSourceControlInformation”(先前值:“;TranslateGitHubUrlsInSourceControlInformation;TranslateGitLabUrlsInSourceControlInformation”)
       C:\Program Files\dotnet\sdk\10.0.103\Sdks\Microsoft.SourceLink.Bitbucket.Git\build\Microsoft.SourceLink.Bitbucket.Git.targets(12,5): message : 在 C:\Program Files\dotnet\sdk\10.0.103\Sdks\Microsoft.SourceLink.Bitbucket.Git\build\Microsoft.SourceLink.Bitbucket.Git.targets (12,5) 处重新分配属性: $(SourceLinkUrlInitializerTargets)=“;_InitializeGitHubSourceLinkUrl;_InitializeGitLabSourceLinkUrl;_InitializeAzureReposGitSourceLinkUrl;_InitializeBitbucketGitSourceLinkUrl”(先前值:“;_InitializeGitHubSourceLinkUrl;_InitializeGitLabSourceLinkUrl;_InitializeAzureReposGitSourceLinkUrl”)
       C:\Program Files\dotnet\sdk\10.0.103\Sdks\Microsoft.SourceLink.Bitbucket.Git\build\Microsoft.SourceLink.Bitbucket.Git.targets(13,5): message : 在 C:\Program Files\dotnet\sdk\10.0.103\Sdks\Microsoft.SourceLink.Bitbucket.Git\build\Microsoft.SourceLink.Bitbucket.Git.targets (13,5) 处重新分配属性: $(SourceControlManagerUrlTranslationTargets)=“;TranslateGitHubUrlsInSourceControlInformation;TranslateGitLabUrlsInSourceControlInformation;TranslateAzureReposGitUrlsInSourceControlInformation;TranslateBitbucketGitUrlsInSourceControlInformation”(先前值:“;TranslateGitHubUrlsInSourceControlInformation;TranslateGitLabUrlsInSourceControlInformation;TranslateAzureReposGitUrlsInSourceControlInformation”)
       C:\Program Files\dotnet\sdk\10.0.103\Sdks\Microsoft.NET.Sdk\targets\Microsoft.NET.DesignerSupport.targets(21,5): message : 在 C:\Program Files\dotnet\sdk\10.0.103\Sdks\Microsoft.NET.Sdk\targets\Microsoft.NET.DesignerSupport.targets (21,5) 处重新分配属性: $(DesignerRuntimeImplementationProjectOutputGroupDependsOn)=“
       C:\Program Files\dotnet\sdk\10.0.103\Sdks\Microsoft.NET.Sdk\targets\Microsoft.NET.DesignerSupport.targets(21,5): message :       
       C:\Program Files\dotnet\sdk\10.0.103\Sdks\Microsoft.NET.Sdk\targets\Microsoft.NET.DesignerSupport.targets(21,5): message :       ;
       C:\Program Files\dotnet\sdk\10.0.103\Sdks\Microsoft.NET.Sdk\targets\Microsoft.NET.DesignerSupport.targets(21,5): message :       
       C:\Program Files\dotnet\sdk\10.0.103\Sdks\Microsoft.NET.Sdk\targets\Microsoft.NET.DesignerSupport.targets(21,5): message :       ;
       C:\Program Files\dotnet\sdk\10.0.103\Sdks\Microsoft.NET.Sdk\targets\Microsoft.NET.DesignerSupport.targets(21,5): message :       BuildOnlySettings;
       C:\Program Files\dotnet\sdk\10.0.103\Sdks\Microsoft.NET.Sdk\targets\Microsoft.NET.DesignerSupport.targets(21,5): message :       PrepareForBuild;
       C:\Program Files\dotnet\sdk\10.0.103\Sdks\Microsoft.NET.Sdk\targets\Microsoft.NET.DesignerSupport.targets(21,5): message :       AssignTargetPaths;
       C:\Program Files\dotnet\sdk\10.0.103\Sdks\Microsoft.NET.Sdk\targets\Microsoft.NET.DesignerSupport.targets(21,5): message :       ResolveReferences
       C:\Program Files\dotnet\sdk\10.0.103\Sdks\Microsoft.NET.Sdk\targets\Microsoft.NET.DesignerSupport.targets(21,5): message :     
       C:\Program Files\dotnet\sdk\10.0.103\Sdks\Microsoft.NET.Sdk\targets\Microsoft.NET.DesignerSupport.targets(21,5): message :     ;
       C:\Program Files\dotnet\sdk\10.0.103\Sdks\Microsoft.NET.Sdk\targets\Microsoft.NET.DesignerSupport.targets(21,5): message :       _GenerateDesignerDepsFile;
       C:\Program Files\dotnet\sdk\10.0.103\Sdks\Microsoft.NET.Sdk\targets\Microsoft.NET.DesignerSupport.targets(21,5): message :       _GenerateDesignerRuntimeConfigFile;
       C:\Program Files\dotnet\sdk\10.0.103\Sdks\Microsoft.NET.Sdk\targets\Microsoft.NET.DesignerSupport.targets(21,5): message :       GetCopyToOutputDirectoryItems;
       C:\Program Files\dotnet\sdk\10.0.103\Sdks\Microsoft.NET.Sdk\targets\Microsoft.NET.DesignerSupport.targets(21,5): message :       _GatherDesignerShadowCopyFiles;
       C:\Program Files\dotnet\sdk\10.0.103\Sdks\Microsoft.NET.Sdk\targets\Microsoft.NET.DesignerSupport.targets(21,5): message :     ”(先前值:“
       C:\Program Files\dotnet\sdk\10.0.103\Sdks\Microsoft.NET.Sdk\targets\Microsoft.NET.DesignerSupport.targets(21,5): message :       ;
       C:\Program Files\dotnet\sdk\10.0.103\Sdks\Microsoft.NET.Sdk\targets\Microsoft.NET.DesignerSupport.targets(21,5): message :       
       C:\Program Files\dotnet\sdk\10.0.103\Sdks\Microsoft.NET.Sdk\targets\Microsoft.NET.DesignerSupport.targets(21,5): message :       ;
       C:\Program Files\dotnet\sdk\10.0.103\Sdks\Microsoft.NET.Sdk\targets\Microsoft.NET.DesignerSupport.targets(21,5): message :       BuildOnlySettings;
       C:\Program Files\dotnet\sdk\10.0.103\Sdks\Microsoft.NET.Sdk\targets\Microsoft.NET.DesignerSupport.targets(21,5): message :       PrepareForBuild;
       C:\Program Files\dotnet\sdk\10.0.103\Sdks\Microsoft.NET.Sdk\targets\Microsoft.NET.DesignerSupport.targets(21,5): message :       AssignTargetPaths;
       C:\Program Files\dotnet\sdk\10.0.103\Sdks\Microsoft.NET.Sdk\targets\Microsoft.NET.DesignerSupport.targets(21,5): message :       ResolveReferences
       C:\Program Files\dotnet\sdk\10.0.103\Sdks\Microsoft.NET.Sdk\targets\Microsoft.NET.DesignerSupport.targets(21,5): message :     
       C:\Program Files\dotnet\sdk\10.0.103\Sdks\Microsoft.NET.Sdk\targets\Microsoft.NET.DesignerSupport.targets(21,5): message :     ”)
       C:\Program Files\dotnet\sdk\10.0.103\Sdks\Microsoft.NET.Sdk\targets\Microsoft.NET.Sdk.CSharp.targets(31,5): message : 在 C:\Program Files\dotnet\sdk\10.0.103\Sdks\Microsoft.NET.Sdk\targets\Microsoft.NET.Sdk.CSharp.targets (31,5) 处重新分配属性: $(DefineConstants)=“TRACE;DEBUG”(先前值:“TRACE”)
       C:\Program Files\dotnet\sdk\10.0.103\Sdks\Microsoft.NET.Sdk\targets\Microsoft.NET.Sdk.CSharp.targets(45,5): message : 在 C:\Program Files\dotnet\sdk\10.0.103\Sdks\Microsoft.NET.Sdk\targets\Microsoft.NET.Sdk.CSharp.targets (45,5) 处重新分配属性: $(WarningsAsErrors)=“;NU1605;SYSLIB0011”(先前值:“;NU1605”)
       C:\Program Files\dotnet\sdk\10.0.103\Sdks\Microsoft.NET.Sdk\targets\Microsoft.NET.Windows.targets(49,5): message : 在 C:\Program Files\dotnet\sdk\10.0.103\Sdks\Microsoft.NET.Sdk\targets\Microsoft.NET.Windows.targets (49,5) 处重新分配属性: $(TargetPlatformVersion)=“7.0”(先前值:“”)
       C:\Program Files\dotnet\sdk\10.0.103\Sdks\Microsoft.NET.Sdk\targets\Microsoft.NET.Windows.targets(50,5): message : 在 C:\Program Files\dotnet\sdk\10.0.103\Sdks\Microsoft.NET.Sdk\targets\Microsoft.NET.Windows.targets (50,5) 处重新分配属性: $(EffectiveTargetPlatformVersion)=“7.0”(先前值:“”)
       C:\Program Files\dotnet\sdk\10.0.103\Sdks\Microsoft.NET.Sdk\targets\Microsoft.NET.Windows.targets(60,5): message : 在 C:\Program Files\dotnet\sdk\10.0.103\Sdks\Microsoft.NET.Sdk\targets\Microsoft.NET.Windows.targets (60,5) 处重新分配属性: $(SupportedOSPlatformVersion)=“7.0”(先前值:“”)
       C:\Program Files\dotnet\sdk\10.0.103\Sdks\Microsoft.NET.Sdk\targets\Microsoft.NET.Windows.targets(61,5): message : 在 C:\Program Files\dotnet\sdk\10.0.103\Sdks\Microsoft.NET.Sdk\targets\Microsoft.NET.Windows.targets (61,5) 处重新分配属性: $(TargetPlatformMinVersion)=“7.0”(先前值:“”)
       C:\Program Files\dotnet\sdk\10.0.103\Sdks\Microsoft.NET.Sdk\targets\Microsoft.NET.Windows.targets(239,5): message : 在 C:\Program Files\dotnet\sdk\10.0.103\Sdks\Microsoft.NET.Sdk\targets\Microsoft.NET.Windows.targets (239,5) 处重新分配属性: $(_RunCsWinRTGeneratorPropertyInputsCachePath)=“E:\ProjectMy\WebViewHub\obj\Debug\net8.0-windows\WebViewHub_qifb1lgk_wpftmp.cswinrtgen.cache”(先前值:“obj\Debug\net8.0-windows\WebViewHub_qifb1lgk_wpftmp.cswinrtgen.cache”)
       C:\Program Files\dotnet\sdk\10.0.103\Sdks\Microsoft.NET.Sdk\targets\Microsoft.NET.Sdk.targets(1497,5): message : 在 C:\Program Files\dotnet\sdk\10.0.103\Sdks\Microsoft.NET.Sdk\targets\Microsoft.NET.Sdk.targets (1497,5) 处重新分配属性: $(TargetPlatformDisplayName)=“Windows 7.0”(先前值:“Windows ”)
       C:\Program Files\dotnet\sdk\10.0.103\Sdks\Microsoft.NET.Sdk.WindowsDesktop\targets\Microsoft.NET.Sdk.WindowsDesktop.targets(51,5): message : 在 C:\Program Files\dotnet\sdk\10.0.103\Sdks\Microsoft.NET.Sdk.WindowsDesktop\targets\Microsoft.NET.Sdk.WindowsDesktop.targets (51,5) 处重新分配属性: $(_TargetFrameworkVersionValue)=“8.0”(先前值:“0.0”)
       C:\Program Files\dotnet\sdk\10.0.103\Sdks\Microsoft.NET.Sdk.WindowsDesktop\targets\Microsoft.WinFX.targets(61,7): message : 在 C:\Program Files\dotnet\sdk\10.0.103\Sdks\Microsoft.NET.Sdk.WindowsDesktop\targets\Microsoft.WinFX.targets (61,7) 处重新分配属性: $(PrepareResourceNamesDependsOn)=“
       C:\Program Files\dotnet\sdk\10.0.103\Sdks\Microsoft.NET.Sdk.WindowsDesktop\targets\Microsoft.WinFX.targets(61,7): message :                     AssignWinFXEmbeddedResource;
       C:\Program Files\dotnet\sdk\10.0.103\Sdks\Microsoft.NET.Sdk.WindowsDesktop\targets\Microsoft.WinFX.targets(61,7): message :                     
       C:\Program Files\dotnet\sdk\10.0.103\Sdks\Microsoft.NET.Sdk.WindowsDesktop\targets\Microsoft.WinFX.targets(61,7): message :       AssignTargetPaths;
       C:\Program Files\dotnet\sdk\10.0.103\Sdks\Microsoft.NET.Sdk.WindowsDesktop\targets\Microsoft.WinFX.targets(61,7): message :       SplitResourcesByCulture;
       C:\Program Files\dotnet\sdk\10.0.103\Sdks\Microsoft.NET.Sdk.WindowsDesktop\targets\Microsoft.WinFX.targets(61,7): message :       CreateManifestResourceNames;
       C:\Program Files\dotnet\sdk\10.0.103\Sdks\Microsoft.NET.Sdk.WindowsDesktop\targets\Microsoft.WinFX.targets(61,7): message :       CreateCustomManifestResourceNames
       C:\Program Files\dotnet\sdk\10.0.103\Sdks\Microsoft.NET.Sdk.WindowsDesktop\targets\Microsoft.WinFX.targets(61,7): message :     
       C:\Program Files\dotnet\sdk\10.0.103\Sdks\Microsoft.NET.Sdk.WindowsDesktop\targets\Microsoft.WinFX.targets(61,7): message :       ”(先前值:“
       C:\Program Files\dotnet\sdk\10.0.103\Sdks\Microsoft.NET.Sdk.WindowsDesktop\targets\Microsoft.WinFX.targets(61,7): message :       AssignTargetPaths;
       C:\Program Files\dotnet\sdk\10.0.103\Sdks\Microsoft.NET.Sdk.WindowsDesktop\targets\Microsoft.WinFX.targets(61,7): message :       SplitResourcesByCulture;
       C:\Program Files\dotnet\sdk\10.0.103\Sdks\Microsoft.NET.Sdk.WindowsDesktop\targets\Microsoft.WinFX.targets(61,7): message :       CreateManifestResourceNames;
       C:\Program Files\dotnet\sdk\10.0.103\Sdks\Microsoft.NET.Sdk.WindowsDesktop\targets\Microsoft.WinFX.targets(61,7): message :       CreateCustomManifestResourceNames
       C:\Program Files\dotnet\sdk\10.0.103\Sdks\Microsoft.NET.Sdk.WindowsDesktop\targets\Microsoft.WinFX.targets(61,7): message :     ”)
       C:\Program Files\dotnet\sdk\10.0.103\Sdks\Microsoft.NET.Sdk.WindowsDesktop\targets\Microsoft.WinFX.targets(69,7): message : 在 C:\Program Files\dotnet\sdk\10.0.103\Sdks\Microsoft.NET.Sdk.WindowsDesktop\targets\Microsoft.WinFX.targets (69,7) 处重新分配属性: $(PrepareResourcesDependsOn)=“
       C:\Program Files\dotnet\sdk\10.0.103\Sdks\Microsoft.NET.Sdk.WindowsDesktop\targets\Microsoft.WinFX.targets(69,7): message :                 MarkupCompilePass1;
       C:\Program Files\dotnet\sdk\10.0.103\Sdks\Microsoft.NET.Sdk.WindowsDesktop\targets\Microsoft.WinFX.targets(69,7): message :                 AfterMarkupCompilePass1;
       C:\Program Files\dotnet\sdk\10.0.103\Sdks\Microsoft.NET.Sdk.WindowsDesktop\targets\Microsoft.WinFX.targets(69,7): message :                 MarkupCompilePass2ForMainAssembly;
       C:\Program Files\dotnet\sdk\10.0.103\Sdks\Microsoft.NET.Sdk.WindowsDesktop\targets\Microsoft.WinFX.targets(69,7): message :                 FileClassification;
       C:\Program Files\dotnet\sdk\10.0.103\Sdks\Microsoft.NET.Sdk.WindowsDesktop\targets\Microsoft.WinFX.targets(69,7): message :                 MainResourcesGeneration;
       C:\Program Files\dotnet\sdk\10.0.103\Sdks\Microsoft.NET.Sdk.WindowsDesktop\targets\Microsoft.WinFX.targets(69,7): message :                 
       C:\Program Files\dotnet\sdk\10.0.103\Sdks\Microsoft.NET.Sdk.WindowsDesktop\targets\Microsoft.WinFX.targets(69,7): message :       ResolvePackageDependenciesForBuild;
       C:\Program Files\dotnet\sdk\10.0.103\Sdks\Microsoft.NET.Sdk.WindowsDesktop\targets\Microsoft.WinFX.targets(69,7): message :       _HandlePackageFileConflicts;
       C:\Program Files\dotnet\sdk\10.0.103\Sdks\Microsoft.NET.Sdk.WindowsDesktop\targets\Microsoft.WinFX.targets(69,7): message :       
       C:\Program Files\dotnet\sdk\10.0.103\Sdks\Microsoft.NET.Sdk.WindowsDesktop\targets\Microsoft.WinFX.targets(69,7): message :       ;
       C:\Program Files\dotnet\sdk\10.0.103\Sdks\Microsoft.NET.Sdk.WindowsDesktop\targets\Microsoft.WinFX.targets(69,7): message :       PrepareResourceNames;
       C:\Program Files\dotnet\sdk\10.0.103\Sdks\Microsoft.NET.Sdk.WindowsDesktop\targets\Microsoft.WinFX.targets(69,7): message :       ResGen;
       C:\Program Files\dotnet\sdk\10.0.103\Sdks\Microsoft.NET.Sdk.WindowsDesktop\targets\Microsoft.WinFX.targets(69,7): message :       CompileLicxFiles
       C:\Program Files\dotnet\sdk\10.0.103\Sdks\Microsoft.NET.Sdk.WindowsDesktop\targets\Microsoft.WinFX.targets(69,7): message :     
       C:\Program Files\dotnet\sdk\10.0.103\Sdks\Microsoft.NET.Sdk.WindowsDesktop\targets\Microsoft.WinFX.targets(69,7): message :     
       C:\Program Files\dotnet\sdk\10.0.103\Sdks\Microsoft.NET.Sdk.WindowsDesktop\targets\Microsoft.WinFX.targets(69,7): message :       ”(先前值:“
       C:\Program Files\dotnet\sdk\10.0.103\Sdks\Microsoft.NET.Sdk.WindowsDesktop\targets\Microsoft.WinFX.targets(69,7): message :       ResolvePackageDependenciesForBuild;
       C:\Program Files\dotnet\sdk\10.0.103\Sdks\Microsoft.NET.Sdk.WindowsDesktop\targets\Microsoft.WinFX.targets(69,7): message :       _HandlePackageFileConflicts;
       C:\Program Files\dotnet\sdk\10.0.103\Sdks\Microsoft.NET.Sdk.WindowsDesktop\targets\Microsoft.WinFX.targets(69,7): message :       
       C:\Program Files\dotnet\sdk\10.0.103\Sdks\Microsoft.NET.Sdk.WindowsDesktop\targets\Microsoft.WinFX.targets(69,7): message :       ;
       C:\Program Files\dotnet\sdk\10.0.103\Sdks\Microsoft.NET.Sdk.WindowsDesktop\targets\Microsoft.WinFX.targets(69,7): message :       PrepareResourceNames;
       C:\Program Files\dotnet\sdk\10.0.103\Sdks\Microsoft.NET.Sdk.WindowsDesktop\targets\Microsoft.WinFX.targets(69,7): message :       ResGen;
       C:\Program Files\dotnet\sdk\10.0.103\Sdks\Microsoft.NET.Sdk.WindowsDesktop\targets\Microsoft.WinFX.targets(69,7): message :       CompileLicxFiles
       C:\Program Files\dotnet\sdk\10.0.103\Sdks\Microsoft.NET.Sdk.WindowsDesktop\targets\Microsoft.WinFX.targets(69,7): message :     
       C:\Program Files\dotnet\sdk\10.0.103\Sdks\Microsoft.NET.Sdk.WindowsDesktop\targets\Microsoft.WinFX.targets(69,7): message :     ”)
       C:\Program Files\dotnet\sdk\10.0.103\Sdks\Microsoft.NET.Sdk.WindowsDesktop\targets\Microsoft.WinFX.targets(136,5): message : 在 C:\Program Files\dotnet\sdk\10.0.103\Sdks\Microsoft.NET.Sdk.WindowsDesktop\targets\Microsoft.WinFX.targets (136,5) 处重新分配属性: $(CompileDependsOn)=“
       C:\Program Files\dotnet\sdk\10.0.103\Sdks\Microsoft.NET.Sdk.WindowsDesktop\targets\Microsoft.WinFX.targets(136,5): message :         
       C:\Program Files\dotnet\sdk\10.0.103\Sdks\Microsoft.NET.Sdk.WindowsDesktop\targets\Microsoft.WinFX.targets(136,5): message :       
       C:\Program Files\dotnet\sdk\10.0.103\Sdks\Microsoft.NET.Sdk.WindowsDesktop\targets\Microsoft.WinFX.targets(136,5): message :       ResolveReferences;
       C:\Program Files\dotnet\sdk\10.0.103\Sdks\Microsoft.NET.Sdk.WindowsDesktop\targets\Microsoft.WinFX.targets(136,5): message :       ResolveKeySource;
       C:\Program Files\dotnet\sdk\10.0.103\Sdks\Microsoft.NET.Sdk.WindowsDesktop\targets\Microsoft.WinFX.targets(136,5): message :       SetWin32ManifestProperties;
       C:\Program Files\dotnet\sdk\10.0.103\Sdks\Microsoft.NET.Sdk.WindowsDesktop\targets\Microsoft.WinFX.targets(136,5): message :       _SetPreferNativeArm64Win32ManifestProperties;
       C:\Program Files\dotnet\sdk\10.0.103\Sdks\Microsoft.NET.Sdk.WindowsDesktop\targets\Microsoft.WinFX.targets(136,5): message :       FindReferenceAssembliesForReferences;
       C:\Program Files\dotnet\sdk\10.0.103\Sdks\Microsoft.NET.Sdk.WindowsDesktop\targets\Microsoft.WinFX.targets(136,5): message :       _GenerateCompileInputs;
       C:\Program Files\dotnet\sdk\10.0.103\Sdks\Microsoft.NET.Sdk.WindowsDesktop\targets\Microsoft.WinFX.targets(136,5): message :       BeforeCompile;
       C:\Program Files\dotnet\sdk\10.0.103\Sdks\Microsoft.NET.Sdk.WindowsDesktop\targets\Microsoft.WinFX.targets(136,5): message :       _TimeStampBeforeCompile;
       C:\Program Files\dotnet\sdk\10.0.103\Sdks\Microsoft.NET.Sdk.WindowsDesktop\targets\Microsoft.WinFX.targets(136,5): message :       _GenerateCompileDependencyCache;
       C:\Program Files\dotnet\sdk\10.0.103\Sdks\Microsoft.NET.Sdk.WindowsDesktop\targets\Microsoft.WinFX.targets(136,5): message :       CoreCompile;
       C:\Program Files\dotnet\sdk\10.0.103\Sdks\Microsoft.NET.Sdk.WindowsDesktop\targets\Microsoft.WinFX.targets(136,5): message :       _TimeStampAfterCompile;
       C:\Program Files\dotnet\sdk\10.0.103\Sdks\Microsoft.NET.Sdk.WindowsDesktop\targets\Microsoft.WinFX.targets(136,5): message :       AfterCompile;
       C:\Program Files\dotnet\sdk\10.0.103\Sdks\Microsoft.NET.Sdk.WindowsDesktop\targets\Microsoft.WinFX.targets(136,5): message :     ;
       C:\Program Files\dotnet\sdk\10.0.103\Sdks\Microsoft.NET.Sdk.WindowsDesktop\targets\Microsoft.WinFX.targets(136,5): message :       _CreateAppHost;
       C:\Program Files\dotnet\sdk\10.0.103\Sdks\Microsoft.NET.Sdk.WindowsDesktop\targets\Microsoft.WinFX.targets(136,5): message :       _CreateComHost;
       C:\Program Files\dotnet\sdk\10.0.103\Sdks\Microsoft.NET.Sdk.WindowsDesktop\targets\Microsoft.WinFX.targets(136,5): message :       _GetIjwHostPaths;
       C:\Program Files\dotnet\sdk\10.0.103\Sdks\Microsoft.NET.Sdk.WindowsDesktop\targets\Microsoft.WinFX.targets(136,5): message :     ;
       C:\Program Files\dotnet\sdk\10.0.103\Sdks\Microsoft.NET.Sdk.WindowsDesktop\targets\Microsoft.WinFX.targets(136,5): message :         _AfterCompileWinFXInternal
       C:\Program Files\dotnet\sdk\10.0.103\Sdks\Microsoft.NET.Sdk.WindowsDesktop\targets\Microsoft.WinFX.targets(136,5): message :     ”(先前值:“
       C:\Program Files\dotnet\sdk\10.0.103\Sdks\Microsoft.NET.Sdk.WindowsDesktop\targets\Microsoft.WinFX.targets(136,5): message :       
       C:\Program Files\dotnet\sdk\10.0.103\Sdks\Microsoft.NET.Sdk.WindowsDesktop\targets\Microsoft.WinFX.targets(136,5): message :       ResolveReferences;
       C:\Program Files\dotnet\sdk\10.0.103\Sdks\Microsoft.NET.Sdk.WindowsDesktop\targets\Microsoft.WinFX.targets(136,5): message :       ResolveKeySource;
       C:\Program Files\dotnet\sdk\10.0.103\Sdks\Microsoft.NET.Sdk.WindowsDesktop\targets\Microsoft.WinFX.targets(136,5): message :       SetWin32ManifestProperties;
       C:\Program Files\dotnet\sdk\10.0.103\Sdks\Microsoft.NET.Sdk.WindowsDesktop\targets\Microsoft.WinFX.targets(136,5): message :       _SetPreferNativeArm64Win32ManifestProperties;
       C:\Program Files\dotnet\sdk\10.0.103\Sdks\Microsoft.NET.Sdk.WindowsDesktop\targets\Microsoft.WinFX.targets(136,5): message :       FindReferenceAssembliesForReferences;
       C:\Program Files\dotnet\sdk\10.0.103\Sdks\Microsoft.NET.Sdk.WindowsDesktop\targets\Microsoft.WinFX.targets(136,5): message :       _GenerateCompileInputs;
       C:\Program Files\dotnet\sdk\10.0.103\Sdks\Microsoft.NET.Sdk.WindowsDesktop\targets\Microsoft.WinFX.targets(136,5): message :       BeforeCompile;
       C:\Program Files\dotnet\sdk\10.0.103\Sdks\Microsoft.NET.Sdk.WindowsDesktop\targets\Microsoft.WinFX.targets(136,5): message :       _TimeStampBeforeCompile;
       C:\Program Files\dotnet\sdk\10.0.103\Sdks\Microsoft.NET.Sdk.WindowsDesktop\targets\Microsoft.WinFX.targets(136,5): message :       _GenerateCompileDependencyCache;
       C:\Program Files\dotnet\sdk\10.0.103\Sdks\Microsoft.NET.Sdk.WindowsDesktop\targets\Microsoft.WinFX.targets(136,5): message :       CoreCompile;
       C:\Program Files\dotnet\sdk\10.0.103\Sdks\Microsoft.NET.Sdk.WindowsDesktop\targets\Microsoft.WinFX.targets(136,5): message :       _TimeStampAfterCompile;
       C:\Program Files\dotnet\sdk\10.0.103\Sdks\Microsoft.NET.Sdk.WindowsDesktop\targets\Microsoft.WinFX.targets(136,5): message :       AfterCompile;
       C:\Program Files\dotnet\sdk\10.0.103\Sdks\Microsoft.NET.Sdk.WindowsDesktop\targets\Microsoft.WinFX.targets(136,5): message :     ;
       C:\Program Files\dotnet\sdk\10.0.103\Sdks\Microsoft.NET.Sdk.WindowsDesktop\targets\Microsoft.WinFX.targets(136,5): message :       _CreateAppHost;
       C:\Program Files\dotnet\sdk\10.0.103\Sdks\Microsoft.NET.Sdk.WindowsDesktop\targets\Microsoft.WinFX.targets(136,5): message :       _CreateComHost;
       C:\Program Files\dotnet\sdk\10.0.103\Sdks\Microsoft.NET.Sdk.WindowsDesktop\targets\Microsoft.WinFX.targets(136,5): message :       _GetIjwHostPaths;
       C:\Program Files\dotnet\sdk\10.0.103\Sdks\Microsoft.NET.Sdk.WindowsDesktop\targets\Microsoft.WinFX.targets(136,5): message :     ”)
       C:\Program Files\dotnet\sdk\10.0.103\Sdks\Microsoft.NET.Sdk.WindowsDesktop\targets\Microsoft.WinFX.targets(803,9): message : 在 C:\Program Files\dotnet\sdk\10.0.103\Sdks\Microsoft.NET.Sdk.WindowsDesktop\targets\Microsoft.WinFX.targets (803,9) 处重新分配属性: $(PublishBuildDependsOn)=“
       C:\Program Files\dotnet\sdk\10.0.103\Sdks\Microsoft.NET.Sdk.WindowsDesktop\targets\Microsoft.WinFX.targets(803,9): message :             BuildOnlySettings;
       C:\Program Files\dotnet\sdk\10.0.103\Sdks\Microsoft.NET.Sdk.WindowsDesktop\targets\Microsoft.WinFX.targets(803,9): message :             PrepareForBuild;
       C:\Program Files\dotnet\sdk\10.0.103\Sdks\Microsoft.NET.Sdk.WindowsDesktop\targets\Microsoft.WinFX.targets(803,9): message :             ResolveReferences;
       C:\Program Files\dotnet\sdk\10.0.103\Sdks\Microsoft.NET.Sdk.WindowsDesktop\targets\Microsoft.WinFX.targets(803,9): message :             PrepareResources;
       C:\Program Files\dotnet\sdk\10.0.103\Sdks\Microsoft.NET.Sdk.WindowsDesktop\targets\Microsoft.WinFX.targets(803,9): message :             ResolveKeySource;
       C:\Program Files\dotnet\sdk\10.0.103\Sdks\Microsoft.NET.Sdk.WindowsDesktop\targets\Microsoft.WinFX.targets(803,9): message :             PrepareResourcesForSatelliteAssemblies;
       C:\Program Files\dotnet\sdk\10.0.103\Sdks\Microsoft.NET.Sdk.WindowsDesktop\targets\Microsoft.WinFX.targets(803,9): message :             GenerateSerializationAssemblies;
       C:\Program Files\dotnet\sdk\10.0.103\Sdks\Microsoft.NET.Sdk.WindowsDesktop\targets\Microsoft.WinFX.targets(803,9): message :             CreateSatelliteAssemblies;
       C:\Program Files\dotnet\sdk\10.0.103\Sdks\Microsoft.NET.Sdk.WindowsDesktop\targets\Microsoft.WinFX.targets(803,9): message :         ”(先前值:“
       C:\Program Files\dotnet\sdk\10.0.103\Sdks\Microsoft.NET.Sdk.WindowsDesktop\targets\Microsoft.WinFX.targets(803,9): message :       BuildOnlySettings;
       C:\Program Files\dotnet\sdk\10.0.103\Sdks\Microsoft.NET.Sdk.WindowsDesktop\targets\Microsoft.WinFX.targets(803,9): message :       PrepareForBuild;
       C:\Program Files\dotnet\sdk\10.0.103\Sdks\Microsoft.NET.Sdk.WindowsDesktop\targets\Microsoft.WinFX.targets(803,9): message :       ResolveReferences;
       C:\Program Files\dotnet\sdk\10.0.103\Sdks\Microsoft.NET.Sdk.WindowsDesktop\targets\Microsoft.WinFX.targets(803,9): message :       PrepareResources;
       C:\Program Files\dotnet\sdk\10.0.103\Sdks\Microsoft.NET.Sdk.WindowsDesktop\targets\Microsoft.WinFX.targets(803,9): message :       ResolveKeySource;
       C:\Program Files\dotnet\sdk\10.0.103\Sdks\Microsoft.NET.Sdk.WindowsDesktop\targets\Microsoft.WinFX.targets(803,9): message :       GenerateSerializationAssemblies;
       C:\Program Files\dotnet\sdk\10.0.103\Sdks\Microsoft.NET.Sdk.WindowsDesktop\targets\Microsoft.WinFX.targets(803,9): message :       CreateSatelliteAssemblies;
       C:\Program Files\dotnet\sdk\10.0.103\Sdks\Microsoft.NET.Sdk.WindowsDesktop\targets\Microsoft.WinFX.targets(803,9): message :     ”)
       C:\Program Files\dotnet\sdk\10.0.103\NuGet.Build.Tasks.Pack.targets(34,5): message : 在 C:\Program Files\dotnet\sdk\10.0.103\NuGet.Build.Tasks.Pack.targets (34,5) 处重新分配属性: $(PackageDescription)=“Package Description”(先前值:“”)
       C:\Program Files\dotnet\sdk\10.0.103\NuGet.Build.Tasks.Pack.targets(59,5): message : 在 C:\Program Files\dotnet\sdk\10.0.103\NuGet.Build.Tasks.Pack.targets (59,5) 处重新分配属性: $(GenerateNuspecDependsOn)=“Build;_LoadPackInputItems; _GetTargetFrameworksOutput; _WalkEachTargetPerFramework; _GetPackageFiles; ”(先前值:“_LoadPackInputItems; _GetTargetFrameworksOutput; _WalkEachTargetPerFramework; _GetPackageFiles; ”)
       C:\Program Files\dotnet\sdk\10.0.103\Sdks\Microsoft.NET.Sdk\Sdk\Sdk.targets(59,5): message : 在 C:\Program Files\dotnet\sdk\10.0.103\Sdks\Microsoft.NET.Sdk\Sdk\Sdk.targets (59,5) 处重新分配属性: $(_IsNotSetContainersTargetsDir)=“true”(先前值:“false”)
       C:\Program Files\dotnet\sdk\10.0.103\Containers\build\Microsoft.NET.Build.Containers.targets(5,5): message : 在 C:\Program Files\dotnet\sdk\10.0.103\Containers\build\Microsoft.NET.Build.Containers.targets (5,5) 处重新分配属性: $(_IsSDKContainerAllowedVersion)=“true”(先前值:“false”)
       C:\Program Files\dotnet\sdk\10.0.103\Containers\build\Microsoft.NET.Build.Containers.targets(15,5): message : 在 C:\Program Files\dotnet\sdk\10.0.103\Containers\build\Microsoft.NET.Build.Containers.targets (15,5) 处重新分配属性: $(_ContainerIsTargetingNet8TFM)=“true”(先前值:“false”)
       正在使用项目“C:\Program Files\dotnet\sdk\10.0.103\Sdks\Microsoft.NET.Sdk\targets\Microsoft.NET.Sdk.FrameworkReferenceResolution.targets”中的目标“ResolveFrameworkReferences”重写项目“C:\Program Files\dotnet\sdk\10.0.103\Microsoft.Common.CurrentVersion.targets”中的目标“ResolveFrameworkReferences”。
       正在使用项目“C:\Program Files\dotnet\sdk\10.0.103\Sdks\Microsoft.NET.Sdk\targets\Microsoft.NET.Sdk.targets”中的目标“GenerateSupportedTargetFrameworkAlias”重写项目“C:\Program Files\dotnet\sdk\10.0.103\Microsoft.Common.CurrentVersion.targets”中的目标“GenerateSupportedTargetFrameworkAlias”。
       正在使用项目“C:\Program Files\dotnet\sdk\10.0.103\Sdks\Microsoft.NET.Sdk\targets\Microsoft.NET.DisableStandardFrameworkResolution.targets”中的目标“GetReferenceAssemblyPaths”重写项目“C:\Program Files\dotnet\sdk\10.0.103\Microsoft.Common.CurrentVersion.targets”中的目标“GetReferenceAssemblyPaths”。
       正在使用项目“C:\Program Files\dotnet\sdk\10.0.103\Sdks\Microsoft.NET.Sdk\targets\Microsoft.NET.DisableStandardFrameworkResolution.targets”中的目标“GetFrameworkPaths”重写项目“C:\Program Files\dotnet\sdk\10.0.103\Microsoft.Common.CurrentVersion.targets”中的目标“GetFrameworkPaths”。
       正在使用项目“C:\Program Files\dotnet\sdk\10.0.103\Sdks\Microsoft.NET.Sdk\targets\Microsoft.NET.DesignerSupport.targets”中的目标“DesignerRuntimeImplementationProjectOutputGroup”重写项目“C:\Program Files\dotnet\sdk\10.0.103\Microsoft.Common.CurrentVersion.targets”中的目标“DesignerRuntimeImplementationProjectOutputGroup”。
       正在使用项目“C:\Program Files\dotnet\sdk\10.0.103\Sdks\Microsoft.NET.Sdk\targets\Microsoft.NET.Publish.targets”中的目标“Publish”重写项目“C:\Program Files\dotnet\sdk\10.0.103\Microsoft.Common.CurrentVersion.targets”中的目标“Publish”。
       正在使用项目“C:\Program Files\dotnet\sdk\10.0.103\Sdks\Microsoft.NET.Sdk\targets\Microsoft.NET.Publish.targets”中的目标“ResolveReadyToRunCompilers”重写项目“C:\Program Files\dotnet\sdk\10.0.103\Sdks\Microsoft.NET.Sdk\targets\Microsoft.NET.CrossGen.targets”中的目标“ResolveReadyToRunCompilers”。
       正在使用项目“C:\Program Files\dotnet\sdk\10.0.103\Sdks\Microsoft.NET.Sdk\targets\Microsoft.NET.Publish.targets”中的目标“GetCopyToPublishDirectoryItems”重写项目“C:\Program Files\dotnet\sdk\10.0.103\Microsoft.Common.CurrentVersion.targets”中的目标“GetCopyToPublishDirectoryItems”。
       正在使用项目“C:\Program Files\dotnet\sdk\10.0.103\Sdks\Microsoft.NET.Sdk\targets\Microsoft.NET.Sdk.targets”中的目标“Run”重写项目“C:\Program Files\dotnet\sdk\10.0.103\Microsoft.Common.CurrentVersion.targets”中的目标“Run”。
       正在使用项目“C:\Program Files\dotnet\sdk\10.0.103\Sdks\Microsoft.NET.Sdk.WindowsDesktop\targets\Microsoft.WinFX.targets”中的目标“SatelliteDllsProjectOutputGroup”重写项目“C:\Program Files\dotnet\sdk\10.0.103\Microsoft.Common.CurrentVersion.targets”中的目标“SatelliteDllsProjectOutputGroup”。
       项目中不存在 AfterTargets 特性中的“C:\Users\Administrator\.nuget\packages\system.text.json\9.0.0\buildTransitive\net8.0\System.Text.Json.targets (11,11)”位置列出的目标“ResolveNuGetPackageAssets”，将忽略该目标。
       项目中不存在 AfterTargets 特性中的“C:\Users\Administrator\.nuget\packages\system.text.json\9.0.0\buildTransitive\net8.0\System.Text.Json.targets (23,11)”位置列出的目标“ResolveNuGetPackageAssets”，将忽略该目标。
       项目中不存在 AfterTargets 特性中的“C:\Users\Administrator\.nuget\packages\communitytoolkit.mvvm\8.4.0\buildTransitive\CommunityToolkit.Mvvm.SourceGenerators.targets (13,11)”位置列出的目标“ResolveNuGetPackageAssets”，将忽略该目标。
       项目中不存在 AfterTargets 特性中的“C:\Users\Administrator\.nuget\packages\communitytoolkit.mvvm\8.4.0\buildTransitive\CommunityToolkit.Mvvm.SourceGenerators.targets (25,11)”位置列出的目标“ResolveNuGetPackageAssets”，将忽略该目标。
       项目中不存在 AfterTargets 特性中的“C:\Users\Administrator\.nuget\packages\communitytoolkit.mvvm\8.4.0\buildTransitive\CommunityToolkit.Mvvm.SourceGenerators.targets (112,11)”位置列出的目标“ResolveNuGetPackageAssets”，将忽略该目标。
   1:7>项目“E:\ProjectMy\WebViewHub\WebViewHub.csproj”(1:7)正在节点 1 上生成“E:\ProjectMy\WebViewHub\WebViewHub_qifb1lgk_wpftmp.csproj”(2) (_CompileTemporaryAssembly 个目标)。
     2>来自项目“E:\ProjectMy\WebViewHub\WebViewHub_qifb1lgk_wpftmp.csproj”的文件“C:\Program Files\dotnet\sdk\10.0.103\Microsoft.Common.CurrentVersion.targets”中的目标“BuildOnlySettings”(目标“_CompileTemporaryAssembly”依赖于它):
     2>C:\Program Files\dotnet\sdk\10.0.103\Microsoft.Common.CurrentVersion.targets(1168,7): message : 在 C:\Program Files\dotnet\sdk\10.0.103\Microsoft.Common.CurrentVersion.targets (1168,7) 处重新分配属性: $(BuildingProject)=“true”(先前值:“false”) [E:\ProjectMy\WebViewHub\WebViewHub_qifb1lgk_wpftmp.csproj]
     2>已完成在项目“WebViewHub_qifb1lgk_wpftmp.csproj”中生成目标“BuildOnlySettings”的操作。
     2>来自项目“E:\ProjectMy\WebViewHub\WebViewHub_qifb1lgk_wpftmp.csproj”的文件“C:\Program Files\dotnet\sdk\10.0.103\Microsoft.Common.CurrentVersion.targets”中的目标“IgnoreJavaScriptOutputAssembly”(目标“AssignProjectConfiguration”依赖于它):
     2>已完成在项目“WebViewHub_qifb1lgk_wpftmp.csproj”中生成目标“IgnoreJavaScriptOutputAssembly”的操作。
     2>来自项目“E:\ProjectMy\WebViewHub\WebViewHub_qifb1lgk_wpftmp.csproj”的文件“C:\Program Files\dotnet\sdk\10.0.103\Sdks\Microsoft.NET.Sdk\targets\Microsoft.NET.Sdk.FrameworkReferenceResolution.targets”中的目标“AddWindowsSdkKnownFrameworkReferences”(目标“ProcessFrameworkReferences”依赖于它):
       正在使用程序集“C:\Program Files\dotnet\sdk\10.0.103\Sdks\Microsoft.NET.Sdk\targets\..\tools\net10.0\Microsoft.NET.Build.Tasks.dll”中的“CreateWindowsSdkKnownFrameworkReferences”任务。
       任务“CreateWindowsSdkKnownFrameworkReferences”
       已完成执行任务“CreateWindowsSdkKnownFrameworkReferences”的操作。
     2>已完成在项目“WebViewHub_qifb1lgk_wpftmp.csproj”中生成目标“AddWindowsSdkKnownFrameworkReferences”的操作。
     2>来自项目“E:\ProjectMy\WebViewHub\WebViewHub_qifb1lgk_wpftmp.csproj”的文件“C:\Program Files\dotnet\sdk\10.0.103\Sdks\Microsoft.NET.Sdk\targets\Microsoft.NET.TargetFrameworkInference.targets”中的目标“_NormalizeTargetPlatformVersion”(目标“ProcessFrameworkReferences”依赖于它):
     2>已完成在项目“WebViewHub_qifb1lgk_wpftmp.csproj”中生成目标“_NormalizeTargetPlatformVersion”的操作。
     2>来自项目“E:\ProjectMy\WebViewHub\WebViewHub_qifb1lgk_wpftmp.csproj”的文件“C:\Program Files\dotnet\sdk\10.0.103\Sdks\Microsoft.NET.Sdk\targets\Microsoft.NET.RuntimeIdentifierInference.targets”中的目标“_CheckForLanguageAndFeatureCombinationSupport”(目标“ProcessFrameworkReferences”依赖于它):
     2>已完成在项目“WebViewHub_qifb1lgk_wpftmp.csproj”中生成目标“_CheckForLanguageAndFeatureCombinationSupport”的操作。
     2>来自项目“E:\ProjectMy\WebViewHub\WebViewHub_qifb1lgk_wpftmp.csproj”的文件“C:\Program Files\dotnet\sdk\10.0.103\Sdks\Microsoft.NET.Sdk\targets\Microsoft.NET.Sdk.DefaultItems.Shared.targets”中的目标“UpdateAspNetToFrameworkReference”(目标“ApplyImplicitVersions”依赖于它):
       正在使用程序集“C:\Program Files\dotnet\sdk\10.0.103\Sdks\Microsoft.NET.Sdk\targets\..\tools\net10.0\Microsoft.NET.Build.Tasks.dll”中的“CheckIfPackageReferenceShouldBeFrameworkReference”任务。
       任务“CheckIfPackageReferenceShouldBeFrameworkReference”
       已完成执行任务“CheckIfPackageReferenceShouldBeFrameworkReference”的操作。
       任务“CheckIfPackageReferenceShouldBeFrameworkReference”
       已完成执行任务“CheckIfPackageReferenceShouldBeFrameworkReference”的操作。
     2>已完成在项目“WebViewHub_qifb1lgk_wpftmp.csproj”中生成目标“UpdateAspNetToFrameworkReference”的操作。
     2>来自项目“E:\ProjectMy\WebViewHub\WebViewHub_qifb1lgk_wpftmp.csproj”的文件“C:\Program Files\dotnet\sdk\10.0.103\Sdks\Microsoft.NET.Sdk\targets\Microsoft.NET.Sdk.DefaultItems.Shared.targets”中的目标“CheckForImplicitPackageReferenceOverrides”(目标“ApplyImplicitVersions”依赖于它):
       正在使用程序集“C:\Program Files\dotnet\sdk\10.0.103\Sdks\Microsoft.NET.Sdk\targets\..\tools\net10.0\Microsoft.NET.Build.Tasks.dll”中的“CheckForImplicitPackageReferenceOverrides”任务。
       任务“CheckForImplicitPackageReferenceOverrides”
       已完成执行任务“CheckForImplicitPackageReferenceOverrides”的操作。
     2>已完成在项目“WebViewHub_qifb1lgk_wpftmp.csproj”中生成目标“CheckForImplicitPackageReferenceOverrides”的操作。
     2>来自项目“E:\ProjectMy\WebViewHub\WebViewHub_qifb1lgk_wpftmp.csproj”的文件“C:\Program Files\dotnet\sdk\10.0.103\Sdks\Microsoft.NET.Sdk\targets\Microsoft.NET.Sdk.DefaultItems.Shared.targets”中的目标“ApplyImplicitVersions”(目标“ProcessFrameworkReferences”依赖于它):
       正在使用程序集“C:\Program Files\dotnet\sdk\10.0.103\Sdks\Microsoft.NET.Sdk\targets\..\tools\net10.0\Microsoft.NET.Build.Tasks.dll”中的“ApplyImplicitVersions”任务。
       任务“ApplyImplicitVersions”
       已完成执行任务“ApplyImplicitVersions”的操作。
     2>已完成在项目“WebViewHub_qifb1lgk_wpftmp.csproj”中生成目标“ApplyImplicitVersions”的操作。
     2>来自项目“E:\ProjectMy\WebViewHub\WebViewHub_qifb1lgk_wpftmp.csproj”的文件“C:\Program Files\dotnet\sdk\10.0.103\Sdks\Microsoft.NET.Sdk\targets\Microsoft.NET.Publish.targets”中的目标“_ComputeToolPackInputsToProcessFrameworkReferences”(目标“ProcessFrameworkReferences”依赖于它):
     2>已完成在项目“WebViewHub_qifb1lgk_wpftmp.csproj”中生成目标“_ComputeToolPackInputsToProcessFrameworkReferences”的操作。
     2>来自项目“E:\ProjectMy\WebViewHub\WebViewHub_qifb1lgk_wpftmp.csproj”的文件“C:\Program Files\dotnet\sdk\10.0.103\Sdks\Microsoft.NET.Sdk\targets\Microsoft.NET.Sdk.FrameworkReferenceResolution.targets”中的目标“ProcessFrameworkReferences”(目标“ResolvePackageAssets”依赖于它):
       正在使用程序集“C:\Program Files\dotnet\sdk\10.0.103\Sdks\Microsoft.NET.Sdk\targets\..\tools\net10.0\Microsoft.NET.Build.Tasks.dll”中的“CheckForDuplicateFrameworkReferences”任务。
       任务“CheckForDuplicateFrameworkReferences”
       已完成执行任务“CheckForDuplicateFrameworkReferences”的操作。
       正在使用程序集“C:\Program Files\dotnet\sdk\10.0.103\Sdks\Microsoft.NET.Sdk\targets\..\tools\net10.0\Microsoft.NET.Build.Tasks.dll”中的“ProcessFrameworkReferences”任务。
       任务“ProcessFrameworkReferences”
         Found 2 known framework references for target framework .NETCoreApp
         Found 5 known runtime packs for target framework .NETCoreApp
         Selected Microsoft.NETCore.App with RIDs 'linux-arm;linux-arm64;linux-musl-arm64;linux-musl-x64;linux-x64;osx-x64;tizen.4.0.0-armel;tizen.5.0.0-armel;win-arm64;win-x64;win-x86;linux-musl-arm;osx-arm64;linux-s390x;linux-loongarch64;linux-bionic-arm;linux-bionic-arm64;linux-bionic-x64;linux-bionic-x86;linux-ppc64le;freebsd-x64;freebsd-arm64'
         Selected targeting pack 'Microsoft.NETCore.App@8.0.24'
         Added runtime framework 'Microsoft.NETCore.App@8.0.0'
         Selected Microsoft.WindowsDesktop.App with RIDs 'win-x64;win-x86;win-arm64'
         Selected targeting pack 'Microsoft.WindowsDesktop.App@8.0.24'
         Added runtime framework 'Microsoft.WindowsDesktop.App@8.0.0'
         Selected Microsoft.WindowsDesktop.App with RIDs 'win-x64;win-x86;win-arm64'
         Selected targeting pack 'Microsoft.WindowsDesktop.App.WPF@8.0.24'
         Added runtime framework 'Microsoft.WindowsDesktop.App@8.0.0'
         Selected Microsoft.WindowsDesktop.App with RIDs 'win-x64;win-x86;win-arm64'
         Selected targeting pack 'Microsoft.WindowsDesktop.App.WindowsForms@8.0.24'
         Added runtime framework 'Microsoft.WindowsDesktop.App@8.0.0'
         Selected Microsoft.AspNetCore.App with RIDs 'win-x64;win-x86;osx-x64;linux-musl-x64;linux-musl-arm64;linux-x64;linux-arm;linux-arm64;linux-musl-arm;win-arm64;osx-arm64;linux-s390x;linux-loongarch64;linux-ppc64le;freebsd-x64;freebsd-arm64'
         Selected targeting pack 'Microsoft.AspNetCore.App@8.0.24'
         Added runtime framework 'Microsoft.AspNetCore.App@8.0.0'
       已完成执行任务“ProcessFrameworkReferences”的操作。
       正在使用程序集“C:\Program Files\dotnet\sdk\10.0.103\Sdks\Microsoft.NET.Sdk\targets\..\tools\net10.0\Microsoft.NET.Build.Tasks.dll”中的“ResolveAppHosts”任务。
       任务“ResolveAppHosts”
       已完成执行任务“ResolveAppHosts”的操作。
     2>已完成在项目“WebViewHub_qifb1lgk_wpftmp.csproj”中生成目标“ProcessFrameworkReferences”的操作。
     2>来自项目“E:\ProjectMy\WebViewHub\WebViewHub_qifb1lgk_wpftmp.csproj”的文件“C:\Program Files\dotnet\sdk\10.0.103\Sdks\Microsoft.NET.Sdk\targets\Microsoft.NET.Sdk.Shared.targets”中的目标“_DefaultMicrosoftNETPlatformLibrary”(目标“ResolvePackageAssets”依赖于它):
     2>已完成在项目“WebViewHub_qifb1lgk_wpftmp.csproj”中生成目标“_DefaultMicrosoftNETPlatformLibrary”的操作。
     2>来自项目“E:\ProjectMy\WebViewHub\WebViewHub_qifb1lgk_wpftmp.csproj”的文件“C:\Program Files\dotnet\sdk\10.0.103\Sdks\Microsoft.NET.Sdk\targets\Microsoft.NET.Sdk.Shared.targets”中的目标“_ComputePackageReferencePublish”(目标“ResolvePackageAssets”依赖于它):
     2>已完成在项目“WebViewHub_qifb1lgk_wpftmp.csproj”中生成目标“_ComputePackageReferencePublish”的操作。
     2>来自项目“E:\ProjectMy\WebViewHub\WebViewHub_qifb1lgk_wpftmp.csproj”的文件“C:\Program Files\dotnet\sdk\10.0.103\Sdks\Microsoft.NET.Sdk\targets\Microsoft.PackageDependencyResolution.targets”中的目标“ResolvePackageAssets”(目标“ResolveLockFileReferences”依赖于它):
       正在使用程序集“C:\Program Files\dotnet\sdk\10.0.103\Sdks\Microsoft.NET.Sdk\targets\..\tools\net10.0\Microsoft.NET.Build.Tasks.dll”中的“ResolvePackageAssets”任务。
       任务“ResolvePackageAssets”
       已完成执行任务“ResolvePackageAssets”的操作。
     2>已完成在项目“WebViewHub_qifb1lgk_wpftmp.csproj”中生成目标“ResolvePackageAssets”的操作。
     2>来自项目“E:\ProjectMy\WebViewHub\WebViewHub_qifb1lgk_wpftmp.csproj”的文件“C:\Program Files\dotnet\sdk\10.0.103\Sdks\Microsoft.NET.Sdk\targets\Microsoft.NET.Sdk.FrameworkReferenceResolution.targets”中的目标“AddTransitiveFrameworkReferences”(目标“ResolveLockFileReferences”依赖于它):
     2>已完成在项目“WebViewHub_qifb1lgk_wpftmp.csproj”中生成目标“AddTransitiveFrameworkReferences”的操作。
     2>来自项目“E:\ProjectMy\WebViewHub\WebViewHub_qifb1lgk_wpftmp.csproj”的文件“C:\Program Files\dotnet\sdk\10.0.103\Sdks\Microsoft.NET.Sdk\targets\Microsoft.NET.Windows.targets”中的目标“_CheckForTransitiveWindowsSDKFullDependencies”(目标“ResolveLockFileReferences”依赖于它):
     2>已完成在项目“WebViewHub_qifb1lgk_wpftmp.csproj”中生成目标“_CheckForTransitiveWindowsSDKFullDependencies”的操作。
     2>来自项目“E:\ProjectMy\WebViewHub\WebViewHub_qifb1lgk_wpftmp.csproj”的文件“C:\Program Files\dotnet\sdk\10.0.103\Sdks\Microsoft.NET.Sdk\targets\Microsoft.PackageDependencyResolution.targets”中的目标“ResolveLockFileReferences”(目标“ResolvePackageDependenciesForBuild”依赖于它):
       正在使用程序集“C:\Program Files\dotnet\sdk\10.0.103\Sdks\Microsoft.NET.Sdk\targets\..\tools\net10.0\Microsoft.NET.Build.Tasks.dll”中的“JoinItems”任务。
       任务“JoinItems”
       已完成执行任务“JoinItems”的操作。
     2>已完成在项目“WebViewHub_qifb1lgk_wpftmp.csproj”中生成目标“ResolveLockFileReferences”的操作。
       已跳过目标“ResolvePackageAssets”。以前的生成已成功。
     2>来自项目“E:\ProjectMy\WebViewHub\WebViewHub_qifb1lgk_wpftmp.csproj”的文件“C:\Program Files\dotnet\sdk\10.0.103\Sdks\Microsoft.NET.Sdk\targets\Microsoft.PackageDependencyResolution.targets”中的目标“ResolveLockFileAnalyzers”(目标“ResolvePackageDependenciesForBuild”依赖于它):
     2>已完成在项目“WebViewHub_qifb1lgk_wpftmp.csproj”中生成目标“ResolveLockFileAnalyzers”的操作。
       已跳过目标“ResolvePackageAssets”。以前的生成已成功。
     2>来自项目“E:\ProjectMy\WebViewHub\WebViewHub_qifb1lgk_wpftmp.csproj”的文件“C:\Program Files\dotnet\sdk\10.0.103\Sdks\Microsoft.NET.Sdk\targets\Microsoft.PackageDependencyResolution.targets”中的目标“ResolveLockFileCopyLocalFiles”(目标“ResolvePackageDependenciesForBuild”依赖于它):
     2>已完成在项目“WebViewHub_qifb1lgk_wpftmp.csproj”中生成目标“ResolveLockFileCopyLocalFiles”的操作。
       已跳过目标“ResolvePackageAssets”。以前的生成已成功。
     2>来自项目“E:\ProjectMy\WebViewHub\WebViewHub_qifb1lgk_wpftmp.csproj”的文件“C:\Program Files\dotnet\sdk\10.0.103\Sdks\Microsoft.NET.Sdk\targets\Microsoft.PackageDependencyResolution.targets”中的目标“IncludeTransitiveProjectReferences”(目标“ResolvePackageDependenciesForBuild”依赖于它):
     2>已完成在项目“WebViewHub_qifb1lgk_wpftmp.csproj”中生成目标“IncludeTransitiveProjectReferences”的操作。
     2>来自项目“E:\ProjectMy\WebViewHub\WebViewHub_qifb1lgk_wpftmp.csproj”的文件“C:\Program Files\dotnet\sdk\10.0.103\Sdks\Microsoft.NET.Sdk\targets\Microsoft.PackageDependencyResolution.targets”中的目标“ResolvePackageDependenciesForBuild”(目标“AssignProjectConfiguration”依赖于它):
     2>已完成在项目“WebViewHub_qifb1lgk_wpftmp.csproj”中生成目标“ResolvePackageDependenciesForBuild”的操作。
     2>来自项目“E:\ProjectMy\WebViewHub\WebViewHub_qifb1lgk_wpftmp.csproj”的文件“C:\Users\Administrator\.nuget\packages\communitytoolkit.mvvm\8.4.0\buildTransitive\CommunityToolkit.Mvvm.SourceGenerators.targets”中的目标“MVVMToolkitGatherAnalyzers”(目标“MVVMToolkitRemoveAnalyzersForRoslyn3”依赖于它):
     2>已完成在项目“WebViewHub_qifb1lgk_wpftmp.csproj”中生成目标“MVVMToolkitGatherAnalyzers”的操作。
     2>来自项目“E:\ProjectMy\WebViewHub\WebViewHub_qifb1lgk_wpftmp.csproj”的文件“C:\Users\Administrator\.nuget\packages\communitytoolkit.mvvm\8.4.0\buildTransitive\CommunityToolkit.Mvvm.SourceGenerators.targets”中的目标“MVVMToolkitRemoveAnalyzersForRoslyn3”(目标“AssignProjectConfiguration”依赖于它):
       任务“GetAssemblyIdentity”
       已完成执行任务“GetAssemblyIdentity”的操作。
     2>已完成在项目“WebViewHub_qifb1lgk_wpftmp.csproj”中生成目标“MVVMToolkitRemoveAnalyzersForRoslyn3”的操作。
     2>来自项目“E:\ProjectMy\WebViewHub\WebViewHub_qifb1lgk_wpftmp.csproj”的文件“C:\Program Files\dotnet\sdk\10.0.103\Microsoft.Common.CurrentVersion.targets”中的目标“_SplitProjectReferencesByFileExistence”(目标“PrepareProjectReferences”依赖于它):
     2>已完成在项目“WebViewHub_qifb1lgk_wpftmp.csproj”中生成目标“_SplitProjectReferencesByFileExistence”的操作。
     2>来自项目“E:\ProjectMy\WebViewHub\WebViewHub_qifb1lgk_wpftmp.csproj”的文件“C:\Program Files\dotnet\sdk\10.0.103\Microsoft.Common.CurrentVersion.targets”中的目标“_AddOutputPathToGlobalPropertiesToRemove”(目标“_GetProjectReferenceTargetFrameworkProperties”依赖于它):
     2>已完成在项目“WebViewHub_qifb1lgk_wpftmp.csproj”中生成目标“_AddOutputPathToGlobalPropertiesToRemove”的操作。
     2>来自项目“E:\ProjectMy\WebViewHub\WebViewHub_qifb1lgk_wpftmp.csproj”的文件“C:\Program Files\dotnet\sdk\10.0.103\Microsoft.Common.CurrentVersion.targets”中的目标“_GetProjectReferenceTargetFrameworkProperties”(目标“PrepareProjectReferences”依赖于它):
       任务“MSBuild”
       已完成执行任务“MSBuild”的操作。
       任务“SetRidAgnosticValueForProjects”
       已完成执行任务“SetRidAgnosticValueForProjects”的操作。
     2>已完成在项目“WebViewHub_qifb1lgk_wpftmp.csproj”中生成目标“_GetProjectReferenceTargetFrameworkProperties”的操作。
     2>来自项目“E:\ProjectMy\WebViewHub\WebViewHub_qifb1lgk_wpftmp.csproj”的文件“C:\Program Files\dotnet\sdk\10.0.103\Sdks\Microsoft.NET.Sdk\targets\Microsoft.NET.Sdk.targets”中的目标“_CalculateIsVSTestTestProject”(目标“ValidateExecutableReferences”依赖于它):
     2>已完成在项目“WebViewHub_qifb1lgk_wpftmp.csproj”中生成目标“_CalculateIsVSTestTestProject”的操作。
     2>来自项目“E:\ProjectMy\WebViewHub\WebViewHub_qifb1lgk_wpftmp.csproj”的文件“C:\Program Files\dotnet\sdk\10.0.103\Sdks\Microsoft.NET.Sdk\targets\Microsoft.NET.Sdk.targets”中的目标“ValidateExecutableReferences”(目标“PrepareProjectReferences”依赖于它):
       正在使用程序集“C:\Program Files\dotnet\sdk\10.0.103\Sdks\Microsoft.NET.Sdk\targets\..\tools\net10.0\Microsoft.NET.Build.Tasks.dll”中的“ValidateExecutableReferences”任务。
       任务“ValidateExecutableReferences”
       已完成执行任务“ValidateExecutableReferences”的操作。
     2>已完成在项目“WebViewHub_qifb1lgk_wpftmp.csproj”中生成目标“ValidateExecutableReferences”的操作。
     2>来自项目“E:\ProjectMy\WebViewHub\WebViewHub_qifb1lgk_wpftmp.csproj”的文件“C:\Program Files\dotnet\sdk\10.0.103\Microsoft.Common.CurrentVersion.targets”中的目标“PrepareProjectReferences”(目标“ResolveProjectReferences”依赖于它):
     2>已完成在项目“WebViewHub_qifb1lgk_wpftmp.csproj”中生成目标“PrepareProjectReferences”的操作。
     2>来自项目“E:\ProjectMy\WebViewHub\WebViewHub_qifb1lgk_wpftmp.csproj”的文件“C:\Program Files\dotnet\sdk\10.0.103\Microsoft.Common.CurrentVersion.targets”中的目标“ResolveProjectReferences”(目标“_CompileTemporaryAssembly”依赖于它):
     2>已完成在项目“WebViewHub_qifb1lgk_wpftmp.csproj”中生成目标“ResolveProjectReferences”的操作。
     2>来自项目“E:\ProjectMy\WebViewHub\WebViewHub_qifb1lgk_wpftmp.csproj”的文件“C:\Program Files\dotnet\sdk\10.0.103\Sdks\Microsoft.NET.Sdk\targets\Microsoft.NET.Windows.targets”中的目标“RemoveManagedWinRTComponentWinMDReferences”(目标“_CompileTemporaryAssembly”依赖于它):
     2>已完成在项目“WebViewHub_qifb1lgk_wpftmp.csproj”中生成目标“RemoveManagedWinRTComponentWinMDReferences”的操作。
     2>来自项目“E:\ProjectMy\WebViewHub\WebViewHub_qifb1lgk_wpftmp.csproj”的文件“C:\Program Files\dotnet\sdk\10.0.103\Roslyn\Microsoft.Managed.Core.targets”中的目标“ShimReferencePathsWhenCommonTargetsDoesNotUnderstandReferenceAssemblies”(目标“_BeforeVBCSCoreCompile”依赖于它):
     2>已完成在项目“WebViewHub_qifb1lgk_wpftmp.csproj”中生成目标“ShimReferencePathsWhenCommonTargetsDoesNotUnderstandReferenceAssemblies”的操作。
     2>来自项目“E:\ProjectMy\WebViewHub\WebViewHub_qifb1lgk_wpftmp.csproj”的文件“C:\Program Files\dotnet\sdk\10.0.103\Roslyn\Microsoft.Managed.Core.targets”中的目标“_BeforeVBCSCoreCompile”(目标“CoreCompile”依赖于它):
     2>已完成在项目“WebViewHub_qifb1lgk_wpftmp.csproj”中生成目标“_BeforeVBCSCoreCompile”的操作。
       已跳过目标“ShimReferencePathsWhenCommonTargetsDoesNotUnderstandReferenceAssemblies”。以前的生成已成功。
     2>来自项目“E:\ProjectMy\WebViewHub\WebViewHub_qifb1lgk_wpftmp.csproj”的文件“C:\Program Files\dotnet\sdk\10.0.103\Roslyn\Microsoft.Managed.Core.targets”中的目标“_ComputeSkipAnalyzers”(目标“CoreCompile”依赖于它):
     2>已完成在项目“WebViewHub_qifb1lgk_wpftmp.csproj”中生成目标“_ComputeSkipAnalyzers”的操作。
     2>来自项目“E:\ProjectMy\WebViewHub\WebViewHub_qifb1lgk_wpftmp.csproj”的文件“C:\Program Files\dotnet\sdk\10.0.103\Sdks\Microsoft.NET.Sdk\targets\Microsoft.NET.TargetFrameworkInference.targets”中的目标“_CollectTargetFrameworkForTelemetry”(目标“GetFrameworkPaths”依赖于它):
       正在使用程序集“C:\Program Files\dotnet\sdk\10.0.103\Sdks\Microsoft.NET.Sdk\targets\..\tools\net10.0\Microsoft.NET.Build.Tasks.dll”中的“AllowEmptyTelemetry”任务。
       任务“AllowEmptyTelemetry”
       已完成执行任务“AllowEmptyTelemetry”的操作。
     2>已完成在项目“WebViewHub_qifb1lgk_wpftmp.csproj”中生成目标“_CollectTargetFrameworkForTelemetry”的操作。
     2>来自项目“E:\ProjectMy\WebViewHub\WebViewHub_qifb1lgk_wpftmp.csproj”的文件“C:\Program Files\dotnet\sdk\10.0.103\Sdks\Microsoft.NET.Sdk\targets\Microsoft.NET.TargetFrameworkInference.targets”中的目标“_CheckForUnsupportedTargetPlatformIdentifier”(目标“GetFrameworkPaths”依赖于它):
     2>已完成在项目“WebViewHub_qifb1lgk_wpftmp.csproj”中生成目标“_CheckForUnsupportedTargetPlatformIdentifier”的操作。
     2>来自项目“E:\ProjectMy\WebViewHub\WebViewHub_qifb1lgk_wpftmp.csproj”的文件“C:\Program Files\dotnet\sdk\10.0.103\Sdks\Microsoft.NET.Sdk\targets\Microsoft.NET.DisableStandardFrameworkResolution.targets”中的目标“GetFrameworkPaths”(目标“PrepareForBuild”依赖于它):
     2>已完成在项目“WebViewHub_qifb1lgk_wpftmp.csproj”中生成目标“GetFrameworkPaths”的操作。
     2>来自项目“E:\ProjectMy\WebViewHub\WebViewHub_qifb1lgk_wpftmp.csproj”的文件“C:\Program Files\dotnet\sdk\10.0.103\Sdks\Microsoft.NET.Sdk\targets\Microsoft.NET.DisableStandardFrameworkResolution.targets”中的目标“GetReferenceAssemblyPaths”(目标“PrepareForBuild”依赖于它):
     2>已完成在项目“WebViewHub_qifb1lgk_wpftmp.csproj”中生成目标“GetReferenceAssemblyPaths”的操作。
     2>来自项目“E:\ProjectMy\WebViewHub\WebViewHub_qifb1lgk_wpftmp.csproj”的文件“C:\Program Files\dotnet\sdk\10.0.103\Microsoft.Common.CurrentVersion.targets”中的目标“PrepareForBuild”(目标“GenerateMSBuildEditorConfigFile”依赖于它):
       任务“FindAppConfigFile”
       已完成执行任务“FindAppConfigFile”的操作。
       任务“MakeDir”
       已完成执行任务“MakeDir”的操作。
     2>已完成在项目“WebViewHub_qifb1lgk_wpftmp.csproj”中生成目标“PrepareForBuild”的操作。
     2>来自项目“E:\ProjectMy\WebViewHub\WebViewHub_qifb1lgk_wpftmp.csproj”的文件“C:\Program Files\dotnet\sdk\10.0.103\Sdks\Microsoft.NET.Sdk\targets\Microsoft.NET.Sdk.BeforeCommon.targets”中的目标“GenerateTargetFrameworkDefineConstants”(目标“AddImplicitDefineConstants”依赖于它):
     2>已完成在项目“WebViewHub_qifb1lgk_wpftmp.csproj”中生成目标“GenerateTargetFrameworkDefineConstants”的操作。
     2>来自项目“E:\ProjectMy\WebViewHub\WebViewHub_qifb1lgk_wpftmp.csproj”的文件“C:\Program Files\dotnet\sdk\10.0.103\Sdks\Microsoft.NET.Sdk\targets\Microsoft.NET.Sdk.BeforeCommon.targets”中的目标“GenerateTargetPlatformDefineConstants”(目标“AddImplicitDefineConstants”依赖于它):
     2>已完成在项目“WebViewHub_qifb1lgk_wpftmp.csproj”中生成目标“GenerateTargetPlatformDefineConstants”的操作。
     2>来自项目“E:\ProjectMy\WebViewHub\WebViewHub_qifb1lgk_wpftmp.csproj”的文件“C:\Program Files\dotnet\sdk\10.0.103\Sdks\Microsoft.NET.Sdk\targets\Microsoft.NET.Sdk.BeforeCommon.targets”中的目标“GenerateNETCompatibleDefineConstants”(目标“AddImplicitDefineConstants”依赖于它):
     2>已完成在项目“WebViewHub_qifb1lgk_wpftmp.csproj”中生成目标“GenerateNETCompatibleDefineConstants”的操作。
     2>来自项目“E:\ProjectMy\WebViewHub\WebViewHub_qifb1lgk_wpftmp.csproj”的文件“C:\Program Files\dotnet\sdk\10.0.103\Sdks\Microsoft.NET.Sdk\targets\Microsoft.NET.Sdk.BeforeCommon.targets”中的目标“GeneratePlatformCompatibleDefineConstants”(目标“AddImplicitDefineConstants”依赖于它):
     2>已完成在项目“WebViewHub_qifb1lgk_wpftmp.csproj”中生成目标“GeneratePlatformCompatibleDefineConstants”的操作。
     2>来自项目“E:\ProjectMy\WebViewHub\WebViewHub_qifb1lgk_wpftmp.csproj”的文件“C:\Program Files\dotnet\sdk\10.0.103\Sdks\Microsoft.NET.Sdk\targets\Microsoft.NET.Sdk.BeforeCommon.targets”中的目标“AddImplicitDefineConstants”(目标“GenerateMSBuildEditorConfigFile”依赖于它):
       C:\Program Files\dotnet\sdk\10.0.103\Sdks\Microsoft.NET.Sdk\targets\Microsoft.NET.Sdk.BeforeCommon.targets(295,7): message : 在 C:\Program Files\dotnet\sdk\10.0.103\Sdks\Microsoft.NET.Sdk\targets\Microsoft.NET.Sdk.BeforeCommon.targets (295,7) 处重新分配属性: $(DefineConstants)=“TRACE;DEBUG;NET;NET8_0;NETCOREAPP;WINDOWS;WINDOWS7_0;NET5_0_OR_GREATER;NET6_0_OR_GREATER;NET7_0_OR_GREATER;NET8_0_OR_GREATER;NETCOREAPP3_0_OR_GREATER;NETCOREAPP3_1_OR_GREATER;WINDOWS7_0_OR_GREATER”(先前值:“TRACE;DEBUG”) [E:\ProjectMy\WebViewHub\WebViewHub_qifb1lgk_wpftmp.csproj]
     2>已完成在项目“WebViewHub_qifb1lgk_wpftmp.csproj”中生成目标“AddImplicitDefineConstants”的操作。
     2>来自项目“E:\ProjectMy\WebViewHub\WebViewHub_qifb1lgk_wpftmp.csproj”的文件“C:\Program Files\dotnet\sdk\10.0.103\Roslyn\Microsoft.Managed.Core.targets”中的目标“GenerateMSBuildEditorConfigFileShouldRun”(目标“GenerateMSBuildEditorConfigFile”依赖于它):
     2>已完成在项目“WebViewHub_qifb1lgk_wpftmp.csproj”中生成目标“GenerateMSBuildEditorConfigFileShouldRun”的操作。
     2>来自项目“E:\ProjectMy\WebViewHub\WebViewHub_qifb1lgk_wpftmp.csproj”的文件“C:\Program Files\dotnet\sdk\10.0.103\Sdks\Microsoft.NET.Sdk\codestyle\cs\build\Microsoft.CodeAnalysis.CSharp.CodeStyle.targets”中的目标“AddGlobalAnalyzerConfigForPackage_MicrosoftCodeAnalysisCSharpCodeStyle”(目标“GenerateMSBuildEditorConfigFileCore”依赖于它):
     2>已完成在项目“WebViewHub_qifb1lgk_wpftmp.csproj”中生成目标“AddGlobalAnalyzerConfigForPackage_MicrosoftCodeAnalysisCSharpCodeStyle”的操作。
     2>来自项目“E:\ProjectMy\WebViewHub\WebViewHub_qifb1lgk_wpftmp.csproj”的文件“C:\Program Files\dotnet\sdk\10.0.103\Roslyn\Microsoft.Managed.Core.targets”中的目标“GenerateMSBuildEditorConfigFileCore”(目标“GenerateMSBuildEditorConfigFile”依赖于它):
       正在完全生成目标“GenerateMSBuildEditorConfigFileCore”。
       未指定输入文件。
       正在使用程序集“C:\Program Files\dotnet\sdk\10.0.103\Sdks\Microsoft.NET.Sdk\targets\..\..\..\Roslyn\Microsoft.Build.Tasks.CodeAnalysis.dll”中的“GenerateMSBuildEditorConfig”任务。
       任务“GenerateMSBuildEditorConfig”
       已完成执行任务“GenerateMSBuildEditorConfig”的操作。
     2>已完成在项目“WebViewHub_qifb1lgk_wpftmp.csproj”中生成目标“GenerateMSBuildEditorConfigFileCore”的操作。
     2>来自项目“E:\ProjectMy\WebViewHub\WebViewHub_qifb1lgk_wpftmp.csproj”的文件“C:\Program Files\dotnet\sdk\10.0.103\Roslyn\Microsoft.Managed.Core.targets”中的目标“GenerateMSBuildEditorConfigFile”(目标“CoreCompile”依赖于它):
     2>已完成在项目“WebViewHub_qifb1lgk_wpftmp.csproj”中生成目标“GenerateMSBuildEditorConfigFile”的操作。
     2>来自项目“E:\ProjectMy\WebViewHub\WebViewHub_qifb1lgk_wpftmp.csproj”的文件“C:\Program Files\dotnet\sdk\10.0.103\Sdks\Microsoft.NET.Sdk\targets\Microsoft.NET.Sdk.DefaultItems.Shared.targets”中的目标“CheckForDuplicateItems”(目标“CoreCompile”依赖于它):
       正在使用程序集“C:\Program Files\dotnet\sdk\10.0.103\Sdks\Microsoft.NET.Sdk\targets\..\tools\net10.0\Microsoft.NET.Build.Tasks.dll”中的“CheckForDuplicateItems”任务。
       任务“CheckForDuplicateItems”
       已完成执行任务“CheckForDuplicateItems”的操作。
       任务“CheckForDuplicateItems”
       已完成执行任务“CheckForDuplicateItems”的操作。
       任务“CheckForDuplicateItems”
       已完成执行任务“CheckForDuplicateItems”的操作。
     2>已完成在项目“WebViewHub_qifb1lgk_wpftmp.csproj”中生成目标“CheckForDuplicateItems”的操作。
       已跳过目标“PrepareForBuild”。以前的生成已成功。
       已跳过目标“GetReferenceAssemblyPaths”。以前的生成已成功。
     2>来自项目“E:\ProjectMy\WebViewHub\WebViewHub_qifb1lgk_wpftmp.csproj”的文件“C:\Program Files\dotnet\sdk\10.0.103\Microsoft.CSharp.CurrentVersion.targets”中的目标“_SetTargetFrameworkMonikerAttribute”(目标“GenerateTargetFrameworkMonikerAttribute”依赖于它):
     2>已完成在项目“WebViewHub_qifb1lgk_wpftmp.csproj”中生成目标“_SetTargetFrameworkMonikerAttribute”的操作。
     2>来自项目“E:\ProjectMy\WebViewHub\WebViewHub_qifb1lgk_wpftmp.csproj”的文件“C:\Program Files\dotnet\sdk\10.0.103\Microsoft.Common.CurrentVersion.targets”中的目标“GenerateTargetFrameworkMonikerAttribute”(目标“BeforeCompile”依赖于它):
       正在跳过目标“GenerateTargetFrameworkMonikerAttribute”，因为所有输出文件相对于输入文件而言都是最新的。
       输入文件:C:\Program Files\dotnet\sdk\10.0.103\Microsoft.Common.targets
       输出文件:obj\Debug\net8.0-windows\.NETCoreApp,Version=v8.0.AssemblyAttributes.cs
     2>已完成在项目“WebViewHub_qifb1lgk_wpftmp.csproj”中生成目标“GenerateTargetFrameworkMonikerAttribute”的操作。
       已跳过目标“PrepareForBuild”。以前的生成已成功。
     2>来自项目“E:\ProjectMy\WebViewHub\WebViewHub_qifb1lgk_wpftmp.csproj”的文件“C:\Program Files\dotnet\sdk\10.0.103\Sdks\Microsoft.NET.Sdk\targets\Microsoft.NET.GenerateAssemblyInfo.targets”中的目标“GetAssemblyVersion”(目标“GetAssemblyAttributes”依赖于它):
     2>已完成在项目“WebViewHub_qifb1lgk_wpftmp.csproj”中生成目标“GetAssemblyVersion”的操作。
     2>来自项目“E:\ProjectMy\WebViewHub\WebViewHub_qifb1lgk_wpftmp.csproj”的文件“C:\Program Files\dotnet\sdk\10.0.103\Sdks\Microsoft.Build.Tasks.Git\build\Microsoft.Build.Tasks.Git.targets”中的目标“InitializeSourceControlInformationFromSourceControlManager”(目标“_InitializeSourceControlInformationFromSourceControlManager”依赖于它):
       正在使用程序集“C:\Program Files\dotnet\sdk\10.0.103\Sdks\Microsoft.Build.Tasks.Git\build\..\tools\net\Microsoft.Build.Tasks.Git.dll”中的“Microsoft.Build.Tasks.Git.LocateRepository”任务。
       任务“Microsoft.Build.Tasks.Git.LocateRepository”
         SourceLink: Repository instance not found in cache: '*:E:\ProjectMy\WebViewHub\.git'
       已完成执行任务“Microsoft.Build.Tasks.Git.LocateRepository”的操作。
     2>已完成在项目“WebViewHub_qifb1lgk_wpftmp.csproj”中生成目标“InitializeSourceControlInformationFromSourceControlManager”的操作。
     2>来自项目“E:\ProjectMy\WebViewHub\WebViewHub_qifb1lgk_wpftmp.csproj”的文件“C:\Program Files\dotnet\sdk\10.0.103\Sdks\Microsoft.SourceLink.Common\build\InitializeSourceControlInformation.targets”中的目标“_SourceLinkHasSingleProvider”(目标“_InitializeSourceControlInformationFromSourceControlManager”依赖于它):
       在 TaskRun 期间加载的程序集: Microsoft.SourceLink.Common, Version=10.0.14.7603, Culture=neutral, PublicKeyToken=31bf3856ad364e35 (位置: C:\Program Files\dotnet\sdk\10.0.103\Sdks\Microsoft.SourceLink.Common\tools\net\Microsoft.SourceLink.Common.dll，MVID: 390b9e9c-19e1-474f-88ad-4e0ebb843a0f，AssemblyLoadContext: MSBuild plugin C:\Program Files\dotnet\sdk\10.0.103\Sdks\Microsoft.SourceLink.Common\tools\net\Microsoft.SourceLink.Common.dll)
       正在使用程序集“C:\Program Files\dotnet\sdk\10.0.103\Sdks\Microsoft.SourceLink.Common\build\..\tools\net\Microsoft.SourceLink.Common.dll”中的“Microsoft.SourceLink.Common.SourceLinkHasSingleProvider”任务。
       任务“Microsoft.SourceLink.Common.SourceLinkHasSingleProvider”
       已完成执行任务“Microsoft.SourceLink.Common.SourceLinkHasSingleProvider”的操作。
     2>已完成在项目“WebViewHub_qifb1lgk_wpftmp.csproj”中生成目标“_SourceLinkHasSingleProvider”的操作。
     2>来自项目“E:\ProjectMy\WebViewHub\WebViewHub_qifb1lgk_wpftmp.csproj”的文件“C:\Program Files\dotnet\sdk\10.0.103\Sdks\Microsoft.SourceLink.GitHub\build\Microsoft.SourceLink.GitHub.targets”中的目标“TranslateGitHubUrlsInSourceControlInformation”(目标“_InitializeSourceControlInformationFromSourceControlManager”依赖于它):
       在 TaskRun 期间加载的程序集: Microsoft.SourceLink.GitHub, Version=10.0.14.7603, Culture=neutral, PublicKeyToken=31bf3856ad364e35 (位置: C:\Program Files\dotnet\sdk\10.0.103\Sdks\Microsoft.SourceLink.GitHub\tools\net\Microsoft.SourceLink.GitHub.dll，MVID: 154e1d95-e49c-4e86-9757-5a642a8077fb，AssemblyLoadContext: MSBuild plugin C:\Program Files\dotnet\sdk\10.0.103\Sdks\Microsoft.SourceLink.GitHub\tools\net\Microsoft.SourceLink.GitHub.dll)
       正在使用程序集“C:\Program Files\dotnet\sdk\10.0.103\Sdks\Microsoft.SourceLink.GitHub\build\..\tools\net\Microsoft.SourceLink.GitHub.dll”中的“Microsoft.SourceLink.GitHub.TranslateRepositoryUrls”任务。
       任务“Microsoft.SourceLink.GitHub.TranslateRepositoryUrls”
       已完成执行任务“Microsoft.SourceLink.GitHub.TranslateRepositoryUrls”的操作。
     2>已完成在项目“WebViewHub_qifb1lgk_wpftmp.csproj”中生成目标“TranslateGitHubUrlsInSourceControlInformation”的操作。
     2>来自项目“E:\ProjectMy\WebViewHub\WebViewHub_qifb1lgk_wpftmp.csproj”的文件“C:\Program Files\dotnet\sdk\10.0.103\Sdks\Microsoft.SourceLink.GitLab\build\Microsoft.SourceLink.GitLab.targets”中的目标“TranslateGitLabUrlsInSourceControlInformation”(目标“_InitializeSourceControlInformationFromSourceControlManager”依赖于它):
       在 TaskRun 期间加载的程序集: Microsoft.SourceLink.GitLab, Version=10.0.14.7603, Culture=neutral, PublicKeyToken=31bf3856ad364e35 (位置: C:\Program Files\dotnet\sdk\10.0.103\Sdks\Microsoft.SourceLink.GitLab\tools\net\Microsoft.SourceLink.GitLab.dll，MVID: 6ea7c74f-7bc0-4879-82f0-55d62d4449b2，AssemblyLoadContext: MSBuild plugin C:\Program Files\dotnet\sdk\10.0.103\Sdks\Microsoft.SourceLink.GitLab\tools\net\Microsoft.SourceLink.GitLab.dll)
       正在使用程序集“C:\Program Files\dotnet\sdk\10.0.103\Sdks\Microsoft.SourceLink.GitLab\build\..\tools\net\Microsoft.SourceLink.GitLab.dll”中的“Microsoft.SourceLink.GitLab.TranslateRepositoryUrls”任务。
       任务“Microsoft.SourceLink.GitLab.TranslateRepositoryUrls”
       已完成执行任务“Microsoft.SourceLink.GitLab.TranslateRepositoryUrls”的操作。
     2>已完成在项目“WebViewHub_qifb1lgk_wpftmp.csproj”中生成目标“TranslateGitLabUrlsInSourceControlInformation”的操作。
     2>来自项目“E:\ProjectMy\WebViewHub\WebViewHub_qifb1lgk_wpftmp.csproj”的文件“C:\Program Files\dotnet\sdk\10.0.103\Sdks\Microsoft.SourceLink.AzureRepos.Git\build\Microsoft.SourceLink.AzureRepos.Git.targets”中的目标“TranslateAzureReposGitUrlsInSourceControlInformation”(目标“_InitializeSourceControlInformationFromSourceControlManager”依赖于它):
       在 TaskRun 期间加载的程序集: Microsoft.SourceLink.AzureRepos.Git, Version=10.0.14.7603, Culture=neutral, PublicKeyToken=31bf3856ad364e35 (位置: C:\Program Files\dotnet\sdk\10.0.103\Sdks\Microsoft.SourceLink.AzureRepos.Git\tools\net\Microsoft.SourceLink.AzureRepos.Git.dll，MVID: 22a23f50-b695-4967-8cb6-3ca10cc761c7，AssemblyLoadContext: MSBuild plugin C:\Program Files\dotnet\sdk\10.0.103\Sdks\Microsoft.SourceLink.AzureRepos.Git\tools\net\Microsoft.SourceLink.AzureRepos.Git.dll)
       正在使用程序集“C:\Program Files\dotnet\sdk\10.0.103\Sdks\Microsoft.SourceLink.AzureRepos.Git\build\..\tools\net\Microsoft.SourceLink.AzureRepos.Git.dll”中的“Microsoft.SourceLink.AzureRepos.Git.TranslateRepositoryUrls”任务。
       任务“Microsoft.SourceLink.AzureRepos.Git.TranslateRepositoryUrls”
       已完成执行任务“Microsoft.SourceLink.AzureRepos.Git.TranslateRepositoryUrls”的操作。
     2>已完成在项目“WebViewHub_qifb1lgk_wpftmp.csproj”中生成目标“TranslateAzureReposGitUrlsInSourceControlInformation”的操作。
     2>来自项目“E:\ProjectMy\WebViewHub\WebViewHub_qifb1lgk_wpftmp.csproj”的文件“C:\Program Files\dotnet\sdk\10.0.103\Sdks\Microsoft.SourceLink.Bitbucket.Git\build\Microsoft.SourceLink.Bitbucket.Git.targets”中的目标“TranslateBitbucketGitUrlsInSourceControlInformation”(目标“_InitializeSourceControlInformationFromSourceControlManager”依赖于它):
       在 TaskRun 期间加载的程序集: Microsoft.SourceLink.Bitbucket.Git, Version=10.0.14.7603, Culture=neutral, PublicKeyToken=31bf3856ad364e35 (位置: C:\Program Files\dotnet\sdk\10.0.103\Sdks\Microsoft.SourceLink.Bitbucket.Git\tools\net\Microsoft.SourceLink.Bitbucket.Git.dll，MVID: 290f90d9-d33d-43ee-afe3-b9f31804edd9，AssemblyLoadContext: MSBuild plugin C:\Program Files\dotnet\sdk\10.0.103\Sdks\Microsoft.SourceLink.Bitbucket.Git\tools\net\Microsoft.SourceLink.Bitbucket.Git.dll)
       正在使用程序集“C:\Program Files\dotnet\sdk\10.0.103\Sdks\Microsoft.SourceLink.Bitbucket.Git\build\..\tools\net\Microsoft.SourceLink.Bitbucket.Git.dll”中的“Microsoft.SourceLink.Bitbucket.Git.TranslateRepositoryUrls”任务。
       任务“Microsoft.SourceLink.Bitbucket.Git.TranslateRepositoryUrls”
       已完成执行任务“Microsoft.SourceLink.Bitbucket.Git.TranslateRepositoryUrls”的操作。
     2>已完成在项目“WebViewHub_qifb1lgk_wpftmp.csproj”中生成目标“TranslateBitbucketGitUrlsInSourceControlInformation”的操作。
     2>来自项目“E:\ProjectMy\WebViewHub\WebViewHub_qifb1lgk_wpftmp.csproj”的文件“C:\Program Files\dotnet\sdk\10.0.103\Sdks\Microsoft.SourceLink.Common\build\InitializeSourceControlInformation.targets”中的目标“SourceControlManagerPublishTranslatedUrls”(目标“_InitializeSourceControlInformationFromSourceControlManager”依赖于它):
     2>已完成在项目“WebViewHub_qifb1lgk_wpftmp.csproj”中生成目标“SourceControlManagerPublishTranslatedUrls”的操作。
     2>来自项目“E:\ProjectMy\WebViewHub\WebViewHub_qifb1lgk_wpftmp.csproj”的文件“C:\Program Files\dotnet\sdk\10.0.103\Sdks\Microsoft.SourceLink.Common\build\InitializeSourceControlInformation.targets”中的目标“_InitializeSourceControlInformationFromSourceControlManager”(目标“InitializeSourceControlInformation”依赖于它):
     2>已完成在项目“WebViewHub_qifb1lgk_wpftmp.csproj”中生成目标“_InitializeSourceControlInformationFromSourceControlManager”的操作。
     2>来自项目“E:\ProjectMy\WebViewHub\WebViewHub_qifb1lgk_wpftmp.csproj”的文件“C:\Program Files\dotnet\sdk\10.0.103\Microsoft.Common.CurrentVersion.targets”中的目标“InitializeSourceControlInformation”(目标“GetAssemblyAttributes”依赖于它):
     2>已完成在项目“WebViewHub_qifb1lgk_wpftmp.csproj”中生成目标“InitializeSourceControlInformation”的操作。
       已跳过目标“GetAssemblyVersion”。以前的生成已成功。
       已跳过目标“InitializeSourceControlInformation”。以前的生成已成功。
     2>来自项目“E:\ProjectMy\WebViewHub\WebViewHub_qifb1lgk_wpftmp.csproj”的文件“C:\Program Files\dotnet\sdk\10.0.103\Sdks\Microsoft.NET.Sdk\targets\Microsoft.NET.GenerateAssemblyInfo.targets”中的目标“AddSourceRevisionToInformationalVersion”(目标“GetAssemblyAttributes”依赖于它):
       C:\Program Files\dotnet\sdk\10.0.103\Sdks\Microsoft.NET.Sdk\targets\Microsoft.NET.GenerateAssemblyInfo.targets(70,7): message : 在 C:\Program Files\dotnet\sdk\10.0.103\Sdks\Microsoft.NET.Sdk\targets\Microsoft.NET.GenerateAssemblyInfo.targets (70,7) 处重新分配属性: $(InformationalVersion)=“1.0.0+f0acbceeca94d3791a11cdc256955b5f6ebab121”(先前值:“1.0.0”) [E:\ProjectMy\WebViewHub\WebViewHub_qifb1lgk_wpftmp.csproj]
     2>已完成在项目“WebViewHub_qifb1lgk_wpftmp.csproj”中生成目标“AddSourceRevisionToInformationalVersion”的操作。
     2>来自项目“E:\ProjectMy\WebViewHub\WebViewHub_qifb1lgk_wpftmp.csproj”的文件“C:\Program Files\dotnet\sdk\10.0.103\Sdks\Microsoft.NET.Sdk\targets\Microsoft.NET.GenerateAssemblyInfo.targets”中的目标“GetAssemblyAttributes”(目标“CreateGeneratedAssemblyInfoInputsCacheFile”依赖于它):
     2>已完成在项目“WebViewHub_qifb1lgk_wpftmp.csproj”中生成目标“GetAssemblyAttributes”的操作。
     2>来自项目“E:\ProjectMy\WebViewHub\WebViewHub_qifb1lgk_wpftmp.csproj”的文件“C:\Program Files\dotnet\sdk\10.0.103\Sdks\Microsoft.NET.Sdk\targets\Microsoft.NET.GenerateAssemblyInfo.targets”中的目标“CreateGeneratedAssemblyInfoInputsCacheFile”(目标“CoreGenerateAssemblyInfo”依赖于它):
       正在使用程序集“Microsoft.Build.Tasks.Core, Version=15.1.0.0, Culture=neutral, PublicKeyToken=b03f5f7f11d50a3a”中的“Hash”任务。
       任务“Hash”
       已完成执行任务“Hash”的操作。
       正在使用程序集“Microsoft.Build.Tasks.Core, Version=15.1.0.0, Culture=neutral, PublicKeyToken=b03f5f7f11d50a3a”中的“WriteLinesToFile”任务。
       任务“WriteLinesToFile”
       已完成执行任务“WriteLinesToFile”的操作。
     2>已完成在项目“WebViewHub_qifb1lgk_wpftmp.csproj”中生成目标“CreateGeneratedAssemblyInfoInputsCacheFile”的操作。
     2>来自项目“E:\ProjectMy\WebViewHub\WebViewHub_qifb1lgk_wpftmp.csproj”的文件“C:\Program Files\dotnet\sdk\10.0.103\Sdks\Microsoft.NET.Sdk\targets\Microsoft.NET.GenerateAssemblyInfo.targets”中的目标“CoreGenerateAssemblyInfo”(目标“GenerateAssemblyInfo”依赖于它):
       正在完全生成目标“CoreGenerateAssemblyInfo”。
       输出文件“obj\Debug\net8.0-windows\WebViewHub_qifb1lgk_wpftmp.AssemblyInfo.cs”不存在。
       正在使用程序集“Microsoft.Build.Tasks.Core, Version=15.1.0.0, Culture=neutral, PublicKeyToken=b03f5f7f11d50a3a”中的“WriteCodeFragment”任务。
       任务“WriteCodeFragment”
         将指定的代码发送到“obj\Debug\net8.0-windows\WebViewHub_qifb1lgk_wpftmp.AssemblyInfo.cs”。
       已完成执行任务“WriteCodeFragment”的操作。
     2>已完成在项目“WebViewHub_qifb1lgk_wpftmp.csproj”中生成目标“CoreGenerateAssemblyInfo”的操作。
     2>来自项目“E:\ProjectMy\WebViewHub\WebViewHub_qifb1lgk_wpftmp.csproj”的文件“C:\Program Files\dotnet\sdk\10.0.103\Sdks\Microsoft.NET.Sdk\targets\Microsoft.NET.GenerateAssemblyInfo.targets”中的目标“GenerateAssemblyInfo”(目标“BeforeCompile”依赖于它):
     2>已完成在项目“WebViewHub_qifb1lgk_wpftmp.csproj”中生成目标“GenerateAssemblyInfo”的操作。
     2>来自项目“E:\ProjectMy\WebViewHub\WebViewHub_qifb1lgk_wpftmp.csproj”的文件“C:\Program Files\dotnet\sdk\10.0.103\Microsoft.Common.CurrentVersion.targets”中的目标“BeforeCompile”(目标“_SetEmbeddedFilesFromSourceControlManagerUntrackedFiles”依赖于它):
     2>已完成在项目“WebViewHub_qifb1lgk_wpftmp.csproj”中生成目标“BeforeCompile”的操作。
       已跳过目标“InitializeSourceControlInformationFromSourceControlManager”。以前的生成已成功。
     2>来自项目“E:\ProjectMy\WebViewHub\WebViewHub_qifb1lgk_wpftmp.csproj”的文件“C:\Program Files\dotnet\sdk\10.0.103\Sdks\Microsoft.Build.Tasks.Git\build\Microsoft.Build.Tasks.Git.targets”中的目标“SetEmbeddedFilesFromSourceControlManagerUntrackedFiles”(目标“_SetEmbeddedFilesFromSourceControlManagerUntrackedFiles”依赖于它):
       正在使用程序集“C:\Program Files\dotnet\sdk\10.0.103\Sdks\Microsoft.Build.Tasks.Git\build\..\tools\net\Microsoft.Build.Tasks.Git.dll”中的“Microsoft.Build.Tasks.Git.GetUntrackedFiles”任务。
       任务“Microsoft.Build.Tasks.Git.GetUntrackedFiles”
         SourceLink: Reusing cached git repository information.
       已完成执行任务“Microsoft.Build.Tasks.Git.GetUntrackedFiles”的操作。
     2>已完成在项目“WebViewHub_qifb1lgk_wpftmp.csproj”中生成目标“SetEmbeddedFilesFromSourceControlManagerUntrackedFiles”的操作。
     2>来自项目“E:\ProjectMy\WebViewHub\WebViewHub_qifb1lgk_wpftmp.csproj”的文件“C:\Program Files\dotnet\sdk\10.0.103\Sdks\Microsoft.SourceLink.Common\build\Microsoft.SourceLink.Common.targets”中的目标“_SetEmbeddedFilesFromSourceControlManagerUntrackedFiles”(目标“CoreCompile”依赖于它):
     2>已完成在项目“WebViewHub_qifb1lgk_wpftmp.csproj”中生成目标“_SetEmbeddedFilesFromSourceControlManagerUntrackedFiles”的操作。
       已跳过目标“InitializeSourceControlInformation”。以前的生成已成功。
     2>来自项目“E:\ProjectMy\WebViewHub\WebViewHub_qifb1lgk_wpftmp.csproj”的文件“C:\Program Files\dotnet\sdk\10.0.103\Sdks\Microsoft.SourceLink.Common\build\Microsoft.SourceLink.Common.targets”中的目标“_SetSourceLinkFilePath”(目标“_GenerateSourceLinkFile”依赖于它):
     2>已完成在项目“WebViewHub_qifb1lgk_wpftmp.csproj”中生成目标“_SetSourceLinkFilePath”的操作。
       已跳过目标“InitializeSourceControlInformation”。以前的生成已成功。
     2>来自项目“E:\ProjectMy\WebViewHub\WebViewHub_qifb1lgk_wpftmp.csproj”的文件“C:\Program Files\dotnet\sdk\10.0.103\Roslyn\Microsoft.Managed.Core.targets”中的目标“_InitializeSourceRootMappedPathsFromSourceControl”(目标“InitializeSourceRootMappedPaths”依赖于它):
     2>已完成在项目“WebViewHub_qifb1lgk_wpftmp.csproj”中生成目标“_InitializeSourceRootMappedPathsFromSourceControl”的操作。
     2>来自项目“E:\ProjectMy\WebViewHub\WebViewHub_qifb1lgk_wpftmp.csproj”的文件“C:\Program Files\dotnet\sdk\10.0.103\Roslyn\Microsoft.Managed.Core.targets”中的目标“InitializeSourceRootMappedPaths”(目标“_InitializeSourceRootMappedPathsOpt”依赖于它):
       正在使用程序集“C:\Program Files\dotnet\sdk\10.0.103\Sdks\Microsoft.NET.Sdk\targets\..\..\..\Roslyn\Microsoft.Build.Tasks.CodeAnalysis.dll”中的“Microsoft.CodeAnalysis.BuildTasks.MapSourceRoots”任务。
       任务“Microsoft.CodeAnalysis.BuildTasks.MapSourceRoots”
       已完成执行任务“Microsoft.CodeAnalysis.BuildTasks.MapSourceRoots”的操作。
     2>已完成在项目“WebViewHub_qifb1lgk_wpftmp.csproj”中生成目标“InitializeSourceRootMappedPaths”的操作。
     2>来自项目“E:\ProjectMy\WebViewHub\WebViewHub_qifb1lgk_wpftmp.csproj”的文件“C:\Program Files\dotnet\sdk\10.0.103\Sdks\Microsoft.SourceLink.Common\build\Microsoft.SourceLink.Common.targets”中的目标“_InitializeSourceRootMappedPathsOpt”(目标“_GenerateSourceLinkFile”依赖于它):
     2>已完成在项目“WebViewHub_qifb1lgk_wpftmp.csproj”中生成目标“_InitializeSourceRootMappedPathsOpt”的操作。
     2>来自项目“E:\ProjectMy\WebViewHub\WebViewHub_qifb1lgk_wpftmp.csproj”的文件“C:\Program Files\dotnet\sdk\10.0.103\Sdks\Microsoft.SourceLink.GitHub\build\Microsoft.SourceLink.GitHub.targets”中的目标“_InitializeGitHubSourceLinkUrl”(目标“_GenerateSourceLinkFile”依赖于它):
       正在完全生成目标“_InitializeGitHubSourceLinkUrl”。
       未指定输入文件。
       正在使用程序集“C:\Program Files\dotnet\sdk\10.0.103\Sdks\Microsoft.SourceLink.GitHub\build\..\tools\net\Microsoft.SourceLink.GitHub.dll”中的“Microsoft.SourceLink.GitHub.GetSourceLinkUrl”任务。
       任务“Microsoft.SourceLink.GitHub.GetSourceLinkUrl”
       已完成执行任务“Microsoft.SourceLink.GitHub.GetSourceLinkUrl”的操作。
     2>已完成在项目“WebViewHub_qifb1lgk_wpftmp.csproj”中生成目标“_InitializeGitHubSourceLinkUrl”的操作。
     2>来自项目“E:\ProjectMy\WebViewHub\WebViewHub_qifb1lgk_wpftmp.csproj”的文件“C:\Program Files\dotnet\sdk\10.0.103\Sdks\Microsoft.SourceLink.GitHub\build\Microsoft.SourceLink.GitHub.targets”中的目标“_InitializeGitHubSourceLinkUrl”(目标“_GenerateSourceLinkFile”依赖于它):
       正在完全生成目标“_InitializeGitHubSourceLinkUrl”。
       未指定输入文件。
       任务“Microsoft.SourceLink.GitHub.GetSourceLinkUrl”
       已完成执行任务“Microsoft.SourceLink.GitHub.GetSourceLinkUrl”的操作。
     2>已完成在项目“WebViewHub_qifb1lgk_wpftmp.csproj”中生成目标“_InitializeGitHubSourceLinkUrl”的操作。
     2>来自项目“E:\ProjectMy\WebViewHub\WebViewHub_qifb1lgk_wpftmp.csproj”的文件“C:\Program Files\dotnet\sdk\10.0.103\Sdks\Microsoft.SourceLink.GitHub\build\Microsoft.SourceLink.GitHub.targets”中的目标“_InitializeGitHubSourceLinkUrl”(目标“_GenerateSourceLinkFile”依赖于它):
       正在完全生成目标“_InitializeGitHubSourceLinkUrl”。
       未指定输入文件。
       任务“Microsoft.SourceLink.GitHub.GetSourceLinkUrl”
       已完成执行任务“Microsoft.SourceLink.GitHub.GetSourceLinkUrl”的操作。
     2>已完成在项目“WebViewHub_qifb1lgk_wpftmp.csproj”中生成目标“_InitializeGitHubSourceLinkUrl”的操作。
     2>来自项目“E:\ProjectMy\WebViewHub\WebViewHub_qifb1lgk_wpftmp.csproj”的文件“C:\Program Files\dotnet\sdk\10.0.103\Sdks\Microsoft.SourceLink.GitLab\build\Microsoft.SourceLink.GitLab.targets”中的目标“_InitializeGitLabSourceLinkUrl”(目标“_GenerateSourceLinkFile”依赖于它):
       正在完全生成目标“_InitializeGitLabSourceLinkUrl”。
       未指定输入文件。
       正在使用程序集“C:\Program Files\dotnet\sdk\10.0.103\Sdks\Microsoft.SourceLink.GitLab\build\..\tools\net\Microsoft.SourceLink.GitLab.dll”中的“Microsoft.SourceLink.GitLab.GetSourceLinkUrl”任务。
       任务“Microsoft.SourceLink.GitLab.GetSourceLinkUrl”
       C:\Program Files\dotnet\sdk\10.0.103\Sdks\Microsoft.SourceLink.GitLab\build\Microsoft.SourceLink.GitLab.targets(37,7): message : 在 C:\Program Files\dotnet\sdk\10.0.103\Sdks\Microsoft.SourceLink.GitLab\build\Microsoft.SourceLink.GitLab.targets (37,7) 处重新分配属性: $(_SourceLinkUrlToUpdate)=“N/A”(先前值:“https://raw.githubusercontent.com/zhangqiang8vip/WebViewHub-AI/f0acbceeca94d3791a11cdc256955b5f6ebab121/*”) [E:\ProjectMy\WebViewHub\WebViewHub_qifb1lgk_wpftmp.csproj]
       已完成执行任务“Microsoft.SourceLink.GitLab.GetSourceLinkUrl”的操作。
     2>已完成在项目“WebViewHub_qifb1lgk_wpftmp.csproj”中生成目标“_InitializeGitLabSourceLinkUrl”的操作。
     2>来自项目“E:\ProjectMy\WebViewHub\WebViewHub_qifb1lgk_wpftmp.csproj”的文件“C:\Program Files\dotnet\sdk\10.0.103\Sdks\Microsoft.SourceLink.GitLab\build\Microsoft.SourceLink.GitLab.targets”中的目标“_InitializeGitLabSourceLinkUrl”(目标“_GenerateSourceLinkFile”依赖于它):
       正在完全生成目标“_InitializeGitLabSourceLinkUrl”。
       未指定输入文件。
       任务“Microsoft.SourceLink.GitLab.GetSourceLinkUrl”
       C:\Program Files\dotnet\sdk\10.0.103\Sdks\Microsoft.SourceLink.GitLab\build\Microsoft.SourceLink.GitLab.targets(37,7): message : 在 C:\Program Files\dotnet\sdk\10.0.103\Sdks\Microsoft.SourceLink.GitLab\build\Microsoft.SourceLink.GitLab.targets (37,7) 处重新分配属性: $(_SourceLinkUrlToUpdate)=“N/A”(先前值:“https://raw.githubusercontent.com/zhangqiang8vip/WebViewHub-AI/f0acbceeca94d3791a11cdc256955b5f6ebab121/*”) [E:\ProjectMy\WebViewHub\WebViewHub_qifb1lgk_wpftmp.csproj]
       已完成执行任务“Microsoft.SourceLink.GitLab.GetSourceLinkUrl”的操作。
     2>已完成在项目“WebViewHub_qifb1lgk_wpftmp.csproj”中生成目标“_InitializeGitLabSourceLinkUrl”的操作。
     2>来自项目“E:\ProjectMy\WebViewHub\WebViewHub_qifb1lgk_wpftmp.csproj”的文件“C:\Program Files\dotnet\sdk\10.0.103\Sdks\Microsoft.SourceLink.GitLab\build\Microsoft.SourceLink.GitLab.targets”中的目标“_InitializeGitLabSourceLinkUrl”(目标“_GenerateSourceLinkFile”依赖于它):
       正在完全生成目标“_InitializeGitLabSourceLinkUrl”。
       未指定输入文件。
       任务“Microsoft.SourceLink.GitLab.GetSourceLinkUrl”
       C:\Program Files\dotnet\sdk\10.0.103\Sdks\Microsoft.SourceLink.GitLab\build\Microsoft.SourceLink.GitLab.targets(37,7): message : 在 C:\Program Files\dotnet\sdk\10.0.103\Sdks\Microsoft.SourceLink.GitLab\build\Microsoft.SourceLink.GitLab.targets (37,7) 处重新分配属性: $(_SourceLinkUrlToUpdate)=“N/A”(先前值:“https://raw.githubusercontent.com/zhangqiang8vip/WebViewHub-AI/f0acbceeca94d3791a11cdc256955b5f6ebab121/*”) [E:\ProjectMy\WebViewHub\WebViewHub_qifb1lgk_wpftmp.csproj]
       已完成执行任务“Microsoft.SourceLink.GitLab.GetSourceLinkUrl”的操作。
     2>已完成在项目“WebViewHub_qifb1lgk_wpftmp.csproj”中生成目标“_InitializeGitLabSourceLinkUrl”的操作。
     2>来自项目“E:\ProjectMy\WebViewHub\WebViewHub_qifb1lgk_wpftmp.csproj”的文件“C:\Program Files\dotnet\sdk\10.0.103\Sdks\Microsoft.SourceLink.AzureRepos.Git\build\Microsoft.SourceLink.AzureRepos.Git.targets”中的目标“_InitializeAzureReposGitSourceLinkUrl”(目标“_GenerateSourceLinkFile”依赖于它):
       正在完全生成目标“_InitializeAzureReposGitSourceLinkUrl”。
       未指定输入文件。
       正在使用程序集“C:\Program Files\dotnet\sdk\10.0.103\Sdks\Microsoft.SourceLink.AzureRepos.Git\build\..\tools\net\Microsoft.SourceLink.AzureRepos.Git.dll”中的“Microsoft.SourceLink.AzureRepos.Git.GetSourceLinkUrl”任务。
       任务“Microsoft.SourceLink.AzureRepos.Git.GetSourceLinkUrl”
       已完成执行任务“Microsoft.SourceLink.AzureRepos.Git.GetSourceLinkUrl”的操作。
     2>已完成在项目“WebViewHub_qifb1lgk_wpftmp.csproj”中生成目标“_InitializeAzureReposGitSourceLinkUrl”的操作。
     2>来自项目“E:\ProjectMy\WebViewHub\WebViewHub_qifb1lgk_wpftmp.csproj”的文件“C:\Program Files\dotnet\sdk\10.0.103\Sdks\Microsoft.SourceLink.AzureRepos.Git\build\Microsoft.SourceLink.AzureRepos.Git.targets”中的目标“_InitializeAzureReposGitSourceLinkUrl”(目标“_GenerateSourceLinkFile”依赖于它):
       正在完全生成目标“_InitializeAzureReposGitSourceLinkUrl”。
       未指定输入文件。
       任务“Microsoft.SourceLink.AzureRepos.Git.GetSourceLinkUrl”
       已完成执行任务“Microsoft.SourceLink.AzureRepos.Git.GetSourceLinkUrl”的操作。
     2>已完成在项目“WebViewHub_qifb1lgk_wpftmp.csproj”中生成目标“_InitializeAzureReposGitSourceLinkUrl”的操作。
     2>来自项目“E:\ProjectMy\WebViewHub\WebViewHub_qifb1lgk_wpftmp.csproj”的文件“C:\Program Files\dotnet\sdk\10.0.103\Sdks\Microsoft.SourceLink.AzureRepos.Git\build\Microsoft.SourceLink.AzureRepos.Git.targets”中的目标“_InitializeAzureReposGitSourceLinkUrl”(目标“_GenerateSourceLinkFile”依赖于它):
       正在完全生成目标“_InitializeAzureReposGitSourceLinkUrl”。
       未指定输入文件。
       任务“Microsoft.SourceLink.AzureRepos.Git.GetSourceLinkUrl”
       已完成执行任务“Microsoft.SourceLink.AzureRepos.Git.GetSourceLinkUrl”的操作。
     2>已完成在项目“WebViewHub_qifb1lgk_wpftmp.csproj”中生成目标“_InitializeAzureReposGitSourceLinkUrl”的操作。
     2>来自项目“E:\ProjectMy\WebViewHub\WebViewHub_qifb1lgk_wpftmp.csproj”的文件“C:\Program Files\dotnet\sdk\10.0.103\Sdks\Microsoft.SourceLink.Bitbucket.Git\build\Microsoft.SourceLink.Bitbucket.Git.targets”中的目标“_InitializeBitbucketGitSourceLinkUrl”(目标“_GenerateSourceLinkFile”依赖于它):
       正在完全生成目标“_InitializeBitbucketGitSourceLinkUrl”。
       未指定输入文件。
       正在使用程序集“C:\Program Files\dotnet\sdk\10.0.103\Sdks\Microsoft.SourceLink.Bitbucket.Git\build\..\tools\net\Microsoft.SourceLink.Bitbucket.Git.dll”中的“Microsoft.SourceLink.Bitbucket.Git.GetSourceLinkUrl”任务。
       任务“Microsoft.SourceLink.Bitbucket.Git.GetSourceLinkUrl”
       已完成执行任务“Microsoft.SourceLink.Bitbucket.Git.GetSourceLinkUrl”的操作。
     2>已完成在项目“WebViewHub_qifb1lgk_wpftmp.csproj”中生成目标“_InitializeBitbucketGitSourceLinkUrl”的操作。
     2>来自项目“E:\ProjectMy\WebViewHub\WebViewHub_qifb1lgk_wpftmp.csproj”的文件“C:\Program Files\dotnet\sdk\10.0.103\Sdks\Microsoft.SourceLink.Bitbucket.Git\build\Microsoft.SourceLink.Bitbucket.Git.targets”中的目标“_InitializeBitbucketGitSourceLinkUrl”(目标“_GenerateSourceLinkFile”依赖于它):
       正在完全生成目标“_InitializeBitbucketGitSourceLinkUrl”。
       未指定输入文件。
       任务“Microsoft.SourceLink.Bitbucket.Git.GetSourceLinkUrl”
       已完成执行任务“Microsoft.SourceLink.Bitbucket.Git.GetSourceLinkUrl”的操作。
     2>已完成在项目“WebViewHub_qifb1lgk_wpftmp.csproj”中生成目标“_InitializeBitbucketGitSourceLinkUrl”的操作。
     2>来自项目“E:\ProjectMy\WebViewHub\WebViewHub_qifb1lgk_wpftmp.csproj”的文件“C:\Program Files\dotnet\sdk\10.0.103\Sdks\Microsoft.SourceLink.Bitbucket.Git\build\Microsoft.SourceLink.Bitbucket.Git.targets”中的目标“_InitializeBitbucketGitSourceLinkUrl”(目标“_GenerateSourceLinkFile”依赖于它):
       正在完全生成目标“_InitializeBitbucketGitSourceLinkUrl”。
       未指定输入文件。
       任务“Microsoft.SourceLink.Bitbucket.Git.GetSourceLinkUrl”
       已完成执行任务“Microsoft.SourceLink.Bitbucket.Git.GetSourceLinkUrl”的操作。
     2>已完成在项目“WebViewHub_qifb1lgk_wpftmp.csproj”中生成目标“_InitializeBitbucketGitSourceLinkUrl”的操作。
     2>来自项目“E:\ProjectMy\WebViewHub\WebViewHub_qifb1lgk_wpftmp.csproj”的文件“C:\Program Files\dotnet\sdk\10.0.103\Sdks\Microsoft.SourceLink.Common\build\Microsoft.SourceLink.Common.targets”中的目标“_GenerateSourceLinkFile”(目标“GenerateSourceLinkFile”依赖于它):
       正在完全生成目标“_GenerateSourceLinkFile”。
       未指定输入文件。
       正在使用程序集“C:\Program Files\dotnet\sdk\10.0.103\Sdks\Microsoft.SourceLink.Common\build\..\tools\net\Microsoft.SourceLink.Common.dll”中的“Microsoft.SourceLink.Common.GenerateSourceLinkFile”任务。
       任务“Microsoft.SourceLink.Common.GenerateSourceLinkFile”
         在 TaskRun (Microsoft.SourceLink.Common.GenerateSourceLinkFile) 期间加载的程序集: Microsoft.SourceLink.Common.resources, Version=10.0.14.7603, Culture=zh-Hans, PublicKeyToken=31bf3856ad364e35 (位置: C:\Program Files\dotnet\sdk\10.0.103\Sdks\Microsoft.SourceLink.Common\tools\net\zh-Hans\Microsoft.SourceLink.Common.resources.dll，MVID: 9a35f122-a0a2-40be-a196-c49d040dabab，AssemblyLoadContext: MSBuild plugin C:\Program Files\dotnet\sdk\10.0.103\Sdks\Microsoft.SourceLink.Common\tools\net\Microsoft.SourceLink.Common.dll)
         正在更新 Source Link 文件 "obj\Debug\net8.0-windows\WebViewHub_qifb1lgk_wpftmp.sourcelink.json"。
       已完成执行任务“Microsoft.SourceLink.Common.GenerateSourceLinkFile”的操作。
     2>已完成在项目“WebViewHub_qifb1lgk_wpftmp.csproj”中生成目标“_GenerateSourceLinkFile”的操作。
     2>来自项目“E:\ProjectMy\WebViewHub\WebViewHub_qifb1lgk_wpftmp.csproj”的文件“C:\Program Files\dotnet\sdk\10.0.103\Sdks\Microsoft.SourceLink.Common\build\Microsoft.SourceLink.Common.targets”中的目标“GenerateSourceLinkFile”(目标“CoreCompile”依赖于它):
     2>已完成在项目“WebViewHub_qifb1lgk_wpftmp.csproj”中生成目标“GenerateSourceLinkFile”的操作。
       已跳过目标“GenerateAssemblyInfo”。以前的生成已成功。
     2>来自项目“E:\ProjectMy\WebViewHub\WebViewHub_qifb1lgk_wpftmp.csproj”的文件“C:\Program Files\dotnet\sdk\10.0.103\Sdks\Microsoft.NET.Sdk\analyzers\build\Microsoft.CodeAnalysis.NetAnalyzers.targets”中的目标“AddGlobalAnalyzerConfigForPackage_MicrosoftCodeAnalysisNetAnalyzers”(目标“CoreCompile”依赖于它):
     2>已完成在项目“WebViewHub_qifb1lgk_wpftmp.csproj”中生成目标“AddGlobalAnalyzerConfigForPackage_MicrosoftCodeAnalysisNetAnalyzers”的操作。
       已跳过目标“AddGlobalAnalyzerConfigForPackage_MicrosoftCodeAnalysisCSharpCodeStyle”。以前的生成已成功。
       已跳过目标“CheckForDuplicateItems”。以前的生成已成功。
     2>来自项目“E:\ProjectMy\WebViewHub\WebViewHub_qifb1lgk_wpftmp.csproj”的文件“C:\Program Files\dotnet\sdk\10.0.103\Sdks\Microsoft.NET.Sdk.WindowsDesktop\targets\Microsoft.NET.Sdk.WindowsDesktop.targets”中的目标“CheckForDuplicatePageItems”(目标“CoreCompile”依赖于它):
       任务“CheckForDuplicateItems”
       已完成执行任务“CheckForDuplicateItems”的操作。
     2>已完成在项目“WebViewHub_qifb1lgk_wpftmp.csproj”中生成目标“CheckForDuplicatePageItems”的操作。
     2>来自项目“E:\ProjectMy\WebViewHub\WebViewHub_qifb1lgk_wpftmp.csproj”的文件“C:\Program Files\dotnet\sdk\10.0.103\Sdks\Microsoft.NET.Sdk.WindowsDesktop\targets\Microsoft.WinFX.targets”中的目标“RemoveDuplicateAnalyzers”(目标“CoreCompile”依赖于它):
     2>已完成在项目“WebViewHub_qifb1lgk_wpftmp.csproj”中生成目标“RemoveDuplicateAnalyzers”的操作。
     2>来自项目“E:\ProjectMy\WebViewHub\WebViewHub_qifb1lgk_wpftmp.csproj”的文件“C:\Program Files\dotnet\sdk\10.0.103\Roslyn\Microsoft.CSharp.Core.targets”中的目标“CoreCompile”(目标“_CompileTemporaryAssembly”依赖于它):
       正在完全生成目标“CoreCompile”。
       输入文件“Controls\CentralCommandPanel.xaml.cs”比输出文件“obj\Debug\net8.0-windows\WebViewHub.pdb”新。
       C:\Program Files\dotnet\sdk\10.0.103\Roslyn\Microsoft.CSharp.Core.targets(66,7): message : 在 C:\Program Files\dotnet\sdk\10.0.103\Roslyn\Microsoft.CSharp.Core.targets (66,7) 处重新分配属性: $(NoWarn)=“1701;1702;1701;1702”(先前值:“1701;1702”) [E:\ProjectMy\WebViewHub\WebViewHub_qifb1lgk_wpftmp.csproj]
       正在使用程序集“C:\Program Files\dotnet\sdk\10.0.103\Sdks\Microsoft.NET.Sdk\targets\..\..\..\Roslyn\Microsoft.Build.Tasks.CodeAnalysis.dll”中的“Csc”任务。
       任务“Csc”
         Setting DOTNET_ROOT to 'C:\Program Files\dotnet'
         在 TaskRun (Microsoft.CodeAnalysis.BuildTasks.Csc) 期间加载的程序集: Microsoft.Build.Utilities.Core.resources, Version=15.1.0.0, Culture=zh-Hans, PublicKeyToken=b03f5f7f11d50a3a (位置: C:\Program Files\dotnet\sdk\10.0.103\zh-Hans\Microsoft.Build.Utilities.Core.resources.dll，MVID: 284cbdf2-fb11-43f4-aa2b-a2f0d7661581，AssemblyLoadContext: Default)
         传递给工具的环境变量为:
           DOTNET_ROOT=
           DOTNET_ROOT=C:\Program Files\dotnet
         C:\Program Files\dotnet\sdk\10.0.103\Roslyn\bincore\csc.exe /noconfig /unsafe- /checked- /nowarn:1701,1702,1701,1702 /fullpaths /nostdlib+ /errorreport:prompt /warn:8 /define:TRACE;DEBUG;NET;NET8_0;NETCOREAPP;WINDOWS;WINDOWS7_0;NET5_0_OR_GREATER;NET6_0_OR_GREATER;NET7_0_OR_GREATER;NET8_0_OR_GREATER;NETCOREAPP3_0_OR_GREATER;NETCOREAPP3_1_OR_GREATER;WINDOWS7_0_OR_GREATER /highentropyva+ /nullable:enable /reference:C:\Users\Administrator\.nuget\packages\microsoft.windowsdesktop.app.ref\8.0.24\ref\net8.0\Accessibility.dll /reference:C:\Users\Administrator\.nuget\packages\communitytoolkit.mvvm\8.4.0\lib\net8.0\CommunityToolkit.Mvvm.dll /reference:C:\Users\Administrator\.nuget\packages\markdig\0.22.0\lib\netcoreapp3.1\Markdig.dll /reference:C:\Users\Administrator\.nuget\packages\markdig.wpf\0.5.0.1\lib\net5.0-windows7.0\Markdig.Wpf.dll /reference:C:\Users\Administrator\.nuget\packages\microsoft.netcore.app.ref\8.0.24\ref\net8.0\Microsoft.CSharp.dll /reference:C:\Users\Administrator\.nuget\packages\microsoft.data.sqlite.core\9.0.0\lib\net8.0\Microsoft.Data.Sqlite.dll /reference:C:\Users\Administrator\.nuget\packages\microsoft.netcore.app.ref\8.0.24\ref\net8.0\Microsoft.VisualBasic.Core.dll /reference:C:\Users\Administrator\.nuget\packages\microsoft.netcore.app.ref\8.0.24\ref\net8.0\Microsoft.VisualBasic.dll /reference:C:\Users\Administrator\.nuget\packages\microsoft.web.webview2\1.0.2849.39\lib_manual\netcoreapp3.0\Microsoft.Web.WebView2.Core.dll /reference:C:\Users\Administrator\.nuget\packages\microsoft.web.webview2\1.0.2849.39\lib_manual\netcoreapp3.0\Microsoft.Web.WebView2.WinForms.dll /reference:C:\Users\Administrator\.nuget\packages\microsoft.web.webview2\1.0.2849.39\lib_manual\net5.0-windows10.0.17763.0\Microsoft.Web.WebView2.Wpf.dll /reference:C:\Users\Administrator\.nuget\packages\microsoft.netcore.app.ref\8.0.24\ref\net8.0\Microsoft.Win32.Primitives.dll /reference:C:\Users\Administrator\.nuget\packages\microsoft.windowsdesktop.app.ref\8.0.24\ref\net8.0\Microsoft.Win32.Registry.AccessControl.dll /reference:C:\Users\Administrator\.nuget\packages\microsoft.netcore.app.ref\8.0.24\ref\net8.0\Microsoft.Win32.Registry.dll /reference:C:\Users\Administrator\.nuget\packages\microsoft.windowsdesktop.app.ref\8.0.24\ref\net8.0\Microsoft.Win32.SystemEvents.dll /reference:C:\Users\Administrator\.nuget\packages\microsoft.netcore.app.ref\8.0.24\ref\net8.0\mscorlib.dll /reference:C:\Users\Administrator\.nuget\packages\microsoft.netcore.app.ref\8.0.24\ref\net8.0\netstandard.dll /reference:C:\Users\Administrator\.nuget\packages\microsoft.windowsdesktop.app.ref\8.0.24\ref\net8.0\PresentationCore.dll /reference:C:\Users\Administrator\.nuget\packages\microsoft.windowsdesktop.app.ref\8.0.24\ref\net8.0\PresentationFramework.Aero.dll /reference:C:\Users\Administrator\.nuget\packages\microsoft.windowsdesktop.app.ref\8.0.24\ref\net8.0\PresentationFramework.Aero2.dll /reference:C:\Users\Administrator\.nuget\packages\microsoft.windowsdesktop.app.ref\8.0.24\ref\net8.0\PresentationFramework.AeroLite.dll /reference:C:\Users\Administrator\.nuget\packages\microsoft.windowsdesktop.app.ref\8.0.24\ref\net8.0\PresentationFramework.Classic.dll /reference:C:\Users\Administrator\.nuget\packages\microsoft.windowsdesktop.app.ref\8.0.24\ref\net8.0\PresentationFramework.dll /reference:C:\Users\Administrator\.nuget\packages\microsoft.windowsdesktop.app.ref\8.0.24\ref\net8.0\PresentationFramework.Luna.dll /reference:C:\Users\Administrator\.nuget\packages\microsoft.windowsdesktop.app.ref\8.0.24\ref\net8.0\PresentationFramework.Royale.dll /reference:C:\Users\Administrator\.nuget\packages\microsoft.windowsdesktop.app.ref\8.0.24\ref\net8.0\PresentationUI.dll /reference:C:\Users\Administrator\.nuget\packages\microsoft.windowsdesktop.app.ref\8.0.24\ref\net8.0\ReachFramework.dll /reference:C:\Users\Administrator\.nuget\packages\sqlitepclraw.bundle_e_sqlite3\2.1.10\lib\netstandard2.0\SQLitePCLRaw.batteries_v2.dll /reference:C:\Users\Administrator\.nuget\packages\sqlitepclraw.core\2.1.10\lib\netstandard2.0\SQLitePCLRaw.core.dll /reference:C:\Users\Administrator\.nuget\packages\sqlitepclraw.provider.e_sqlite3\2.1.10\lib\net6.0-windows7.0\SQLitePCLRaw.provider.e_sqlite3.dll /reference:C:\Users\Administrator\.nuget\packages\microsoft.netcore.app.ref\8.0.24\ref\net8.0\System.AppContext.dll /reference:C:\Users\Administrator\.nuget\packages\microsoft.netcore.app.ref\8.0.24\ref\net8.0\System.Buffers.dll /reference:C:\Users\Administrator\.nuget\packages\microsoft.windowsdesktop.app.ref\8.0.24\ref\net8.0\System.CodeDom.dll /reference:C:\Users\Administrator\.nuget\packages\microsoft.netcore.app.ref\8.0.24\ref\net8.0\System.Collections.Concurrent.dll /reference:C:\Users\Administrator\.nuget\packages\microsoft.netcore.app.ref\8.0.24\ref\net8.0\System.Collections.dll /reference:C:\Users\Administrator\.nuget\packages\microsoft.netcore.app.ref\8.0.24\ref\net8.0\System.Collections.Immutable.dll /reference:C:\Users\Administrator\.nuget\packages\microsoft.netcore.app.ref\8.0.24\ref\net8.0\System.Collections.NonGeneric.dll /reference:C:\Users\Administrator\.nuget\packages\microsoft.netcore.app.ref\8.0.24\ref\net8.0\System.Collections.Specialized.dll /reference:C:\Users\Administrator\.nuget\packages\microsoft.netcore.app.ref\8.0.24\ref\net8.0\System.ComponentModel.Annotations.dll /reference:C:\Users\Administrator\.nuget\packages\microsoft.netcore.app.ref\8.0.24\ref\net8.0\System.ComponentModel.DataAnnotations.dll /reference:C:\Users\Administrator\.nuget\packages\microsoft.netcore.app.ref\8.0.24\ref\net8.0\System.ComponentModel.dll /reference:C:\Users\Administrator\.nuget\packages\microsoft.netcore.app.ref\8.0.24\ref\net8.0\System.ComponentModel.EventBasedAsync.dll /reference:C:\Users\Administrator\.nuget\packages\microsoft.netcore.app.ref\8.0.24\ref\net8.0\System.ComponentModel.Primitives.dll /reference:C:\Users\Administrator\.nuget\packages\microsoft.netcore.app.ref\8.0.24\ref\net8.0\System.ComponentModel.TypeConverter.dll /reference:C:\Users\Administrator\.nuget\packages\microsoft.windowsdesktop.app.ref\8.0.24\ref\net8.0\System.Configuration.ConfigurationManager.dll /reference:C:\Users\Administrator\.nuget\packages\microsoft.netcore.app.ref\8.0.24\ref\net8.0\System.Configuration.dll /reference:C:\Users\Administrator\.nuget\packages\microsoft.netcore.app.ref\8.0.24\ref\net8.0\System.Console.dll /reference:C:\Users\Administrator\.nuget\packages\microsoft.netcore.app.ref\8.0.24\ref\net8.0\System.Core.dll /reference:C:\Users\Administrator\.nuget\packages\microsoft.netcore.app.ref\8.0.24\ref\net8.0\System.Data.Common.dll /reference:C:\Users\Administrator\.nuget\packages\microsoft.netcore.app.ref\8.0.24\ref\net8.0\System.Data.DataSetExtensions.dll /reference:C:\Users\Administrator\.nuget\packages\microsoft.netcore.app.ref\8.0.24\ref\net8.0\System.Data.dll /reference:C:\Users\Administrator\.nuget\packages\microsoft.netcore.app.ref\8.0.24\ref\net8.0\System.Diagnostics.Contracts.dll /reference:C:\Users\Administrator\.nuget\packages\microsoft.netcore.app.ref\8.0.24\ref\net8.0\System.Diagnostics.Debug.dll /reference:C:\Users\Administrator\.nuget\packages\microsoft.netcore.app.ref\8.0.24\ref\net8.0\System.Diagnostics.DiagnosticSource.dll /reference:C:\Users\Administrator\.nuget\packages\microsoft.windowsdesktop.app.ref\8.0.24\ref\net8.0\System.Diagnostics.EventLog.dll /reference:C:\Users\Administrator\.nuget\packages\microsoft.netcore.app.ref\8.0.24\ref\net8.0\System.Diagnostics.FileVersionInfo.dll /reference:C:\Users\Administrator\.nuget\packages\microsoft.windowsdesktop.app.ref\8.0.24\ref\net8.0\System.Diagnostics.PerformanceCounter.dll /reference:C:\Users\Administrator\.nuget\packages\microsoft.netcore.app.ref\8.0.24\ref\net8.0\System.Diagnostics.Process.dll /reference:C:\Users\Administrator\.nuget\packages\microsoft.netcore.app.ref\8.0.24\ref\net8.0\System.Diagnostics.StackTrace.dll /reference:C:\Users\Administrator\.nuget\packages\microsoft.netcore.app.ref\8.0.24\ref\net8.0\System.Diagnostics.TextWriterTraceListener.dll /reference:C:\Users\Administrator\.nuget\packages\microsoft.netcore.app.ref\8.0.24\ref\net8.0\System.Diagnostics.Tools.dll /reference:C:\Users\Administrator\.nuget\packages\microsoft.netcore.app.ref\8.0.24\ref\net8.0\System.Diagnostics.TraceSource.dll /reference:C:\Users\Administrator\.nuget\packages\microsoft.netcore.app.ref\8.0.24\ref\net8.0\System.Diagnostics.Tracing.dll /reference:C:\Users\Administrator\.nuget\packages\microsoft.windowsdesktop.app.ref\8.0.24\ref\net8.0\System.DirectoryServices.dll /reference:C:\Users\Administrator\.nuget\packages\microsoft.netcore.app.ref\8.0.24\ref\net8.0\System.dll /reference:C:\Users\Administrator\.nuget\packages\microsoft.netcore.app.ref\8.0.24\ref\net8.0\System.Drawing.dll /reference:C:\Users\Administrator\.nuget\packages\microsoft.netcore.app.ref\8.0.24\ref\net8.0\System.Drawing.Primitives.dll /reference:C:\Users\Administrator\.nuget\packages\microsoft.netcore.app.ref\8.0.24\ref\net8.0\System.Dynamic.Runtime.dll /reference:C:\Users\Administrator\.nuget\packages\microsoft.netcore.app.ref\8.0.24\ref\net8.0\System.Formats.Asn1.dll /reference:C:\Users\Administrator\.nuget\packages\microsoft.netcore.app.ref\8.0.24\ref\net8.0\System.Formats.Tar.dll /reference:C:\Users\Administrator\.nuget\packages\microsoft.netcore.app.ref\8.0.24\ref\net8.0\System.Globalization.Calendars.dll /reference:C:\Users\Administrator\.nuget\packages\microsoft.netcore.app.ref\8.0.24\ref\net8.0\System.Globalization.dll /reference:C:\Users\Administrator\.nuget\packages\microsoft.netcore.app.ref\8.0.24\ref\net8.0\System.Globalization.Extensions.dll /reference:C:\Users\Administrator\.nuget\packages\microsoft.netcore.app.ref\8.0.24\ref\net8.0\System.IO.Compression.Brotli.dll /reference:C:\Users\Administrator\.nuget\packages\microsoft.netcore.app.ref\8.0.24\ref\net8.0\System.IO.Compression.dll /reference:C:\Users\Administrator\.nuget\packages\microsoft.netcore.app.ref\8.0.24\ref\net8.0\System.IO.Compression.FileSystem.dll /reference:C:\Users\Administrator\.nuget\packages\microsoft.netcore.app.ref\8.0.24\ref\net8.0\System.IO.Compression.ZipFile.dll /reference:C:\Users\Administrator\.nuget\packages\microsoft.netcore.app.ref\8.0.24\ref\net8.0\System.IO.dll /reference:C:\Users\Administrator\.nuget\packages\microsoft.netcore.app.ref\8.0.24\ref\net8.0\System.IO.FileSystem.AccessControl.dll /reference:C:\Users\Administrator\.nuget\packages\microsoft.netcore.app.ref\8.0.24\ref\net8.0\System.IO.FileSystem.dll /reference:C:\Users\Administrator\.nuget\packages\microsoft.netcore.app.ref\8.0.24\ref\net8.0\System.IO.FileSystem.DriveInfo.dll /reference:C:\Users\Administrator\.nuget\packages\microsoft.netcore.app.ref\8.0.24\ref\net8.0\System.IO.FileSystem.Primitives.dll /reference:C:\Users\Administrator\.nuget\packages\microsoft.netcore.app.ref\8.0.24\ref\net8.0\System.IO.FileSystem.Watcher.dll /reference:C:\Users\Administrator\.nuget\packages\microsoft.netcore.app.ref\8.0.24\ref\net8.0\System.IO.IsolatedStorage.dll /reference:C:\Users\Administrator\.nuget\packages\microsoft.netcore.app.ref\8.0.24\ref\net8.0\System.IO.MemoryMappedFiles.dll /reference:C:\Users\Administrator\.nuget\packages\microsoft.windowsdesktop.app.ref\8.0.24\ref\net8.0\System.IO.Packaging.dll /reference:C:\Users\Administrator\.nuget\packages\system.io.pipelines\9.0.0\lib\net8.0\System.IO.Pipelines.dll /reference:C:\Users\Administrator\.nuget\packages\microsoft.netcore.app.ref\8.0.24\ref\net8.0\System.IO.Pipes.AccessControl.dll /reference:C:\Users\Administrator\.nuget\packages\microsoft.netcore.app.ref\8.0.24\ref\net8.0\System.IO.Pipes.dll /reference:C:\Users\Administrator\.nuget\packages\microsoft.netcore.app.ref\8.0.24\ref\net8.0\System.IO.UnmanagedMemoryStream.dll /reference:C:\Users\Administrator\.nuget\packages\microsoft.netcore.app.ref\8.0.24\ref\net8.0\System.Linq.dll /reference:C:\Users\Administrator\.nuget\packages\microsoft.netcore.app.ref\8.0.24\ref\net8.0\System.Linq.Expressions.dll /reference:C:\Users\Administrator\.nuget\packages\microsoft.netcore.app.ref\8.0.24\ref\net8.0\System.Linq.Parallel.dll /reference:C:\Users\Administrator\.nuget\packages\microsoft.netcore.app.ref\8.0.24\ref\net8.0\System.Linq.Queryable.dll /reference:C:\Users\Administrator\.nuget\packages\microsoft.netcore.app.ref\8.0.24\ref\net8.0\System.Memory.dll /reference:C:\Users\Administrator\.nuget\packages\microsoft.netcore.app.ref\8.0.24\ref\net8.0\System.Net.dll /reference:C:\Users\Administrator\.nuget\packages\microsoft.netcore.app.ref\8.0.24\ref\net8.0\System.Net.Http.dll /reference:C:\Users\Administrator\.nuget\packages\microsoft.netcore.app.ref\8.0.24\ref\net8.0\System.Net.Http.Json.dll /reference:C:\Users\Administrator\.nuget\packages\microsoft.netcore.app.ref\8.0.24\ref\net8.0\System.Net.HttpListener.dll /reference:C:\Users\Administrator\.nuget\packages\microsoft.netcore.app.ref\8.0.24\ref\net8.0\System.Net.Mail.dll /reference:C:\Users\Administrator\.nuget\packages\microsoft.netcore.app.ref\8.0.24\ref\net8.0\System.Net.NameResolution.dll /reference:C:\Users\Administrator\.nuget\packages\microsoft.netcore.app.ref\8.0.24\ref\net8.0\System.Net.NetworkInformation.dll /reference:C:\Users\Administrator\.nuget\packages\microsoft.netcore.app.ref\8.0.24\ref\net8.0\System.Net.Ping.dll /reference:C:\Users\Administrator\.nuget\packages\microsoft.netcore.app.ref\8.0.24\ref\net8.0\System.Net.Primitives.dll /reference:C:\Users\Administrator\.nuget\packages\microsoft.netcore.app.ref\8.0.24\ref\net8.0\System.Net.Quic.dll /reference:C:\Users\Administrator\.nuget\packages\microsoft.netcore.app.ref\8.0.24\ref\net8.0\System.Net.Requests.dll /reference:C:\Users\Administrator\.nuget\packages\microsoft.netcore.app.ref\8.0.24\ref\net8.0\System.Net.Security.dll /reference:C:\Users\Administrator\.nuget\packages\microsoft.netcore.app.ref\8.0.24\ref\net8.0\System.Net.ServicePoint.dll /reference:C:\Users\Administrator\.nuget\packages\microsoft.netcore.app.ref\8.0.24\ref\net8.0\System.Net.Sockets.dll /reference:C:\Users\Administrator\.nuget\packages\microsoft.netcore.app.ref\8.0.24\ref\net8.0\System.Net.WebClient.dll /reference:C:\Users\Administrator\.nuget\packages\microsoft.netcore.app.ref\8.0.24\ref\net8.0\System.Net.WebHeaderCollection.dll /reference:C:\Users\Administrator\.nuget\packages\microsoft.netcore.app.ref\8.0.24\ref\net8.0\System.Net.WebProxy.dll /reference:C:\Users\Administrator\.nuget\packages\microsoft.netcore.app.ref\8.0.24\ref\net8.0\System.Net.WebSockets.Client.dll /reference:C:\Users\Administrator\.nuget\packages\microsoft.netcore.app.ref\8.0.24\ref\net8.0\System.Net.WebSockets.dll /reference:C:\Users\Administrator\.nuget\packages\microsoft.netcore.app.ref\8.0.24\ref\net8.0\System.Numerics.dll /reference:C:\Users\Administrator\.nuget\packages\microsoft.netcore.app.ref\8.0.24\ref\net8.0\System.Numerics.Vectors.dll /reference:C:\Users\Administrator\.nuget\packages\microsoft.netcore.app.ref\8.0.24\ref\net8.0\System.ObjectModel.dll /reference:C:\Users\Administrator\.nuget\packages\microsoft.windowsdesktop.app.ref\8.0.24\ref\net8.0\System.Printing.dll /reference:C:\Users\Administrator\.nuget\packages\microsoft.netcore.app.ref\8.0.24\ref\net8.0\System.Reflection.DispatchProxy.dll /reference:C:\Users\Administrator\.nuget\packages\microsoft.netcore.app.ref\8.0.24\ref\net8.0\System.Reflection.dll /reference:C:\Users\Administrator\.nuget\packages\microsoft.netcore.app.ref\8.0.24\ref\net8.0\System.Reflection.Emit.dll /reference:C:\Users\Administrator\.nuget\packages\microsoft.netcore.app.ref\8.0.24\ref\net8.0\System.Reflection.Emit.ILGeneration.dll /reference:C:\Users\Administrator\.nuget\packages\microsoft.netcore.app.ref\8.0.24\ref\net8.0\System.Reflection.Emit.Lightweight.dll /reference:C:\Users\Administrator\.nuget\packages\microsoft.netcore.app.ref\8.0.24\ref\net8.0\System.Reflection.Extensions.dll /reference:C:\Users\Administrator\.nuget\packages\microsoft.netcore.app.ref\8.0.24\ref\net8.0\System.Reflection.Metadata.dll /reference:C:\Users\Administrator\.nuget\packages\microsoft.netcore.app.ref\8.0.24\ref\net8.0\System.Reflection.Primitives.dll /reference:C:\Users\Administrator\.nuget\packages\microsoft.netcore.app.ref\8.0.24\ref\net8.0\System.Reflection.TypeExtensions.dll /reference:C:\Users\Administrator\.nuget\packages\microsoft.windowsdesktop.app.ref\8.0.24\ref\net8.0\System.Resources.Extensions.dll /reference:C:\Users\Administrator\.nuget\packages\microsoft.netcore.app.ref\8.0.24\ref\net8.0\System.Resources.Reader.dll /reference:C:\Users\Administrator\.nuget\packages\microsoft.netcore.app.ref\8.0.24\ref\net8.0\System.Resources.ResourceManager.dll /reference:C:\Users\Administrator\.nuget\packages\microsoft.netcore.app.ref\8.0.24\ref\net8.0\System.Resources.Writer.dll /reference:C:\Users\Administrator\.nuget\packages\microsoft.netcore.app.ref\8.0.24\ref\net8.0\System.Runtime.CompilerServices.Unsafe.dll /reference:C:\Users\Administrator\.nuget\packages\microsoft.netcore.app.ref\8.0.24\ref\net8.0\System.Runtime.CompilerServices.VisualC.dll /reference:C:\Users\Administrator\.nuget\packages\microsoft.netcore.app.ref\8.0.24\ref\net8.0\System.Runtime.dll /reference:C:\Users\Administrator\.nuget\packages\microsoft.netcore.app.ref\8.0.24\ref\net8.0\System.Runtime.Extensions.dll /reference:C:\Users\Administrator\.nuget\packages\microsoft.netcore.app.ref\8.0.24\ref\net8.0\System.Runtime.Handles.dll /reference:C:\Users\Administrator\.nuget\packages\microsoft.netcore.app.ref\8.0.24\ref\net8.0\System.Runtime.InteropServices.dll /reference:C:\Users\Administrator\.nuget\packages\microsoft.netcore.app.ref\8.0.24\ref\net8.0\System.Runtime.InteropServices.JavaScript.dll /reference:C:\Users\Administrator\.nuget\packages\microsoft.netcore.app.ref\8.0.24\ref\net8.0\System.Runtime.InteropServices.RuntimeInformation.dll /reference:C:\Users\Administrator\.nuget\packages\microsoft.netcore.app.ref\8.0.24\ref\net8.0\System.Runtime.Intrinsics.dll /reference:C:\Users\Administrator\.nuget\packages\microsoft.netcore.app.ref\8.0.24\ref\net8.0\System.Runtime.Loader.dll /reference:C:\Users\Administrator\.nuget\packages\microsoft.netcore.app.ref\8.0.24\ref\net8.0\System.Runtime.Numerics.dll /reference:C:\Users\Administrator\.nuget\packages\microsoft.netcore.app.ref\8.0.24\ref\net8.0\System.Runtime.Serialization.dll /reference:C:\Users\Administrator\.nuget\packages\microsoft.netcore.app.ref\8.0.24\ref\net8.0\System.Runtime.Serialization.Formatters.dll /reference:C:\Users\Administrator\.nuget\packages\microsoft.netcore.app.ref\8.0.24\ref\net8.0\System.Runtime.Serialization.Json.dll /reference:C:\Users\Administrator\.nuget\packages\microsoft.netcore.app.ref\8.0.24\ref\net8.0\System.Runtime.Serialization.Primitives.dll /reference:C:\Users\Administrator\.nuget\packages\microsoft.netcore.app.ref\8.0.24\ref\net8.0\System.Runtime.Serialization.Xml.dll /reference:C:\Users\Administrator\.nuget\packages\microsoft.netcore.app.ref\8.0.24\ref\net8.0\System.Security.AccessControl.dll /reference:C:\Users\Administrator\.nuget\packages\microsoft.netcore.app.ref\8.0.24\ref\net8.0\System.Security.Claims.dll /reference:C:\Users\Administrator\.nuget\packages\microsoft.netcore.app.ref\8.0.24\ref\net8.0\System.Security.Cryptography.Algorithms.dll /reference:C:\Users\Administrator\.nuget\packages\microsoft.netcore.app.ref\8.0.24\ref\net8.0\System.Security.Cryptography.Cng.dll /reference:C:\Users\Administrator\.nuget\packages\microsoft.netcore.app.ref\8.0.24\ref\net8.0\System.Security.Cryptography.Csp.dll /reference:C:\Users\Administrator\.nuget\packages\microsoft.netcore.app.ref\8.0.24\ref\net8.0\System.Security.Cryptography.dll /reference:C:\Users\Administrator\.nuget\packages\microsoft.netcore.app.ref\8.0.24\ref\net8.0\System.Security.Cryptography.Encoding.dll /reference:C:\Users\Administrator\.nuget\packages\microsoft.netcore.app.ref\8.0.24\ref\net8.0\System.Security.Cryptography.OpenSsl.dll /reference:C:\Users\Administrator\.nuget\packages\microsoft.windowsdesktop.app.ref\8.0.24\ref\net8.0\System.Security.Cryptography.Pkcs.dll /reference:C:\Users\Administrator\.nuget\packages\microsoft.netcore.app.ref\8.0.24\ref\net8.0\System.Security.Cryptography.Primitives.dll /reference:C:\Users\Administrator\.nuget\packages\microsoft.windowsdesktop.app.ref\8.0.24\ref\net8.0\System.Security.Cryptography.ProtectedData.dll /reference:C:\Users\Administrator\.nuget\packages\microsoft.netcore.app.ref\8.0.24\ref\net8.0\System.Security.Cryptography.X509Certificates.dll /reference:C:\Users\Administrator\.nuget\packages\microsoft.windowsdesktop.app.ref\8.0.24\ref\net8.0\System.Security.Cryptography.Xml.dll /reference:C:\Users\Administrator\.nuget\packages\microsoft.netcore.app.ref\8.0.24\ref\net8.0\System.Security.dll /reference:C:\Users\Administrator\.nuget\packages\microsoft.windowsdesktop.app.ref\8.0.24\ref\net8.0\System.Security.Permissions.dll /reference:C:\Users\Administrator\.nuget\packages\microsoft.netcore.app.ref\8.0.24\ref\net8.0\System.Security.Principal.dll /reference:C:\Users\Administrator\.nuget\packages\microsoft.netcore.app.ref\8.0.24\ref\net8.0\System.Security.Principal.Windows.dll /reference:C:\Users\Administrator\.nuget\packages\microsoft.netcore.app.ref\8.0.24\ref\net8.0\System.Security.SecureString.dll /reference:C:\Users\Administrator\.nuget\packages\microsoft.netcore.app.ref\8.0.24\ref\net8.0\System.ServiceModel.Web.dll /reference:C:\Users\Administrator\.nuget\packages\microsoft.netcore.app.ref\8.0.24\ref\net8.0\System.ServiceProcess.dll /reference:C:\Users\Administrator\.nuget\packages\microsoft.netcore.app.ref\8.0.24\ref\net8.0\System.Text.Encoding.CodePages.dll /reference:C:\Users\Administrator\.nuget\packages\microsoft.netcore.app.ref\8.0.24\ref\net8.0\System.Text.Encoding.dll /reference:C:\Users\Administrator\.nuget\packages\microsoft.netcore.app.ref\8.0.24\ref\net8.0\System.Text.Encoding.Extensions.dll /reference:C:\Users\Administrator\.nuget\packages\system.text.encodings.web\9.0.0\lib\net8.0\System.Text.Encodings.Web.dll /reference:C:\Users\Administrator\.nuget\packages\system.text.json\9.0.0\lib\net8.0\System.Text.Json.dll /reference:C:\Users\Administrator\.nuget\packages\microsoft.netcore.app.ref\8.0.24\ref\net8.0\System.Text.RegularExpressions.dll /reference:C:\Users\Administrator\.nuget\packages\microsoft.windowsdesktop.app.ref\8.0.24\ref\net8.0\System.Threading.AccessControl.dll /reference:C:\Users\Administrator\.nuget\packages\microsoft.netcore.app.ref\8.0.24\ref\net8.0\System.Threading.Channels.dll /reference:C:\Users\Administrator\.nuget\packages\microsoft.netcore.app.ref\8.0.24\ref\net8.0\System.Threading.dll /reference:C:\Users\Administrator\.nuget\packages\microsoft.netcore.app.ref\8.0.24\ref\net8.0\System.Threading.Overlapped.dll /reference:C:\Users\Administrator\.nuget\packages\microsoft.netcore.app.ref\8.0.24\ref\net8.0\System.Threading.Tasks.Dataflow.dll /reference:C:\Users\Administrator\.nuget\packages\microsoft.netcore.app.ref\8.0.24\ref\net8.0\System.Threading.Tasks.dll /reference:C:\Users\Administrator\.nuget\packages\microsoft.netcore.app.ref\8.0.24\ref\net8.0\System.Threading.Tasks.Extensions.dll /reference:C:\Users\Administrator\.nuget\packages\microsoft.netcore.app.ref\8.0.24\ref\net8.0\System.Threading.Tasks.Parallel.dll /reference:C:\Users\Administrator\.nuget\packages\microsoft.netcore.app.ref\8.0.24\ref\net8.0\System.Threading.Thread.dll /reference:C:\Users\Administrator\.nuget\packages\microsoft.netcore.app.ref\8.0.24\ref\net8.0\System.Threading.ThreadPool.dll /reference:C:\Users\Administrator\.nuget\packages\microsoft.netcore.app.ref\8.0.24\ref\net8.0\System.Threading.Timer.dll /reference:C:\Users\Administrator\.nuget\packages\microsoft.netcore.app.ref\8.0.24\ref\net8.0\System.Transactions.dll /reference:C:\Users\Administrator\.nuget\packages\microsoft.netcore.app.ref\8.0.24\ref\net8.0\System.Transactions.Local.dll /reference:C:\Users\Administrator\.nuget\packages\microsoft.netcore.app.ref\8.0.24\ref\net8.0\System.ValueTuple.dll /reference:C:\Users\Administrator\.nuget\packages\microsoft.netcore.app.ref\8.0.24\ref\net8.0\System.Web.dll /reference:C:\Users\Administrator\.nuget\packages\microsoft.netcore.app.ref\8.0.24\ref\net8.0\System.Web.HttpUtility.dll /reference:C:\Users\Administrator\.nuget\packages\microsoft.windowsdesktop.app.ref\8.0.24\ref\net8.0\System.Windows.Controls.Ribbon.dll /reference:C:\Users\Administrator\.nuget\packages\microsoft.netcore.app.ref\8.0.24\ref\net8.0\System.Windows.dll /reference:C:\Users\Administrator\.nuget\packages\microsoft.windowsdesktop.app.ref\8.0.24\ref\net8.0\System.Windows.Extensions.dll /reference:C:\Users\Administrator\.nuget\packages\microsoft.windowsdesktop.app.ref\8.0.24\ref\net8.0\System.Windows.Input.Manipulations.dll /reference:C:\Users\Administrator\.nuget\packages\microsoft.windowsdesktop.app.ref\8.0.24\ref\net8.0\System.Windows.Presentation.dll /reference:C:\Users\Administrator\.nuget\packages\microsoft.windowsdesktop.app.ref\8.0.24\ref\net8.0\System.Xaml.dll /reference:C:\Users\Administrator\.nuget\packages\microsoft.netcore.app.ref\8.0.24\ref\net8.0\System.Xml.dll /reference:C:\Users\Administrator\.nuget\packages\microsoft.netcore.app.ref\8.0.24\ref\net8.0\System.Xml.Linq.dll /reference:C:\Users\Administrator\.nuget\packages\microsoft.netcore.app.ref\8.0.24\ref\net8.0\System.Xml.ReaderWriter.dll /reference:C:\Users\Administrator\.nuget\packages\microsoft.netcore.app.ref\8.0.24\ref\net8.0\System.Xml.Serialization.dll /reference:C:\Users\Administrator\.nuget\packages\microsoft.netcore.app.ref\8.0.24\ref\net8.0\System.Xml.XDocument.dll /reference:C:\Users\Administrator\.nuget\packages\microsoft.netcore.app.ref\8.0.24\ref\net8.0\System.Xml.XmlDocument.dll /reference:C:\Users\Administrator\.nuget\packages\microsoft.netcore.app.ref\8.0.24\ref\net8.0\System.Xml.XmlSerializer.dll /reference:C:\Users\Administrator\.nuget\packages\microsoft.netcore.app.ref\8.0.24\ref\net8.0\System.Xml.XPath.dll /reference:C:\Users\Administrator\.nuget\packages\microsoft.netcore.app.ref\8.0.24\ref\net8.0\System.Xml.XPath.XDocument.dll /reference:C:\Users\Administrator\.nuget\packages\microsoft.windowsdesktop.app.ref\8.0.24\ref\net8.0\UIAutomationClient.dll /reference:C:\Users\Administrator\.nuget\packages\microsoft.windowsdesktop.app.ref\8.0.24\ref\net8.0\UIAutomationClientSideProviders.dll /reference:C:\Users\Administrator\.nuget\packages\microsoft.windowsdesktop.app.ref\8.0.24\ref\net8.0\UIAutomationProvider.dll /reference:C:\Users\Administrator\.nuget\packages\microsoft.windowsdesktop.app.ref\8.0.24\ref\net8.0\UIAutomationTypes.dll /reference:C:\Users\Administrator\.nuget\packages\microsoft.windowsdesktop.app.ref\8.0.24\ref\net8.0\WindowsBase.dll /debug+ /debug:portable /filealign:512 /optimize- /out:obj\Debug\net8.0-windows\WebViewHub.dll /refout:obj\Debug\net8.0-windows\refint\WebViewHub.dll /target:winexe /warnaserror- /utf8output /win32icon:app.ico /deterministic+ /sourcelink:obj\Debug\net8.0-windows\WebViewHub_qifb1lgk_wpftmp.sourcelink.json /langversion:12.0 /embed:E:\ProjectMy\WebViewHub\obj\Debug\net8.0-windows\Controls\AppleMessageBox.g.cs /embed:E:\ProjectMy\WebViewHub\obj\Debug\net8.0-windows\Controls\AppleRoleDialog.g.cs /embed:E:\ProjectMy\WebViewHub\obj\Debug\net8.0-windows\Controls\AppleUrlDialog.g.cs /embed:E:\ProjectMy\WebViewHub\obj\Debug\net8.0-windows\Controls\CentralCommandPanel.g.cs /embed:E:\ProjectMy\WebViewHub\obj\Debug\net8.0-windows\Controls\WebViewContainer.g.cs /embed:E:\ProjectMy\WebViewHub\obj\Debug\net8.0-windows\Controls\WebViewUnit.g.cs /embed:E:\ProjectMy\WebViewHub\obj\Debug\net8.0-windows\MainWindow.g.cs /embed:E:\ProjectMy\WebViewHub\obj\Debug\net8.0-windows\App.g.cs /embed:E:\ProjectMy\WebViewHub\obj\Debug\net8.0-windows\WebViewHub_Content.g.cs /embed:E:\ProjectMy\WebViewHub\obj\Debug\net8.0-windows\GeneratedInternalTypeHelper.g.cs /embed:"obj\Debug\net8.0-windows\.NETCoreApp,Version=v8.0.AssemblyAttributes.cs" /embed:obj\Debug\net8.0-windows\WebViewHub_qifb1lgk_wpftmp.AssemblyInfo.cs /analyzerconfig:obj\Debug\net8.0-windows\WebViewHub_qifb1lgk_wpftmp.GeneratedMSBuildEditorConfig.editorconfig /analyzerconfig:"C:\Program Files\dotnet\sdk\10.0.103\Sdks\Microsoft.NET.Sdk\analyzers\build\config\analysislevel_8_default.globalconfig" /analyzer:"C:\Program Files\dotnet\sdk\10.0.103\Sdks\Microsoft.NET.Sdk\targets\..\analyzers\Microsoft.CodeAnalysis.CSharp.NetAnalyzers.dll" /analyzer:"C:\Program Files\dotnet\sdk\10.0.103\Sdks\Microsoft.NET.Sdk\targets\..\analyzers\Microsoft.CodeAnalysis.NetAnalyzers.dll" /analyzer:C:\Users\Administrator\.nuget\packages\communitytoolkit.mvvm\8.4.0\analyzers\dotnet\roslyn4.12\cs\CommunityToolkit.Mvvm.CodeFixers.dll /analyzer:C:\Users\Administrator\.nuget\packages\communitytoolkit.mvvm\8.4.0\analyzers\dotnet\roslyn4.12\cs\CommunityToolkit.Mvvm.SourceGenerators.dll /analyzer:C:\Users\Administrator\.nuget\packages\system.text.json\9.0.0\analyzers\dotnet\roslyn4.4\cs\System.Text.Json.SourceGeneration.dll /analyzer:C:\Users\Administrator\.nuget\packages\microsoft.netcore.app.ref\8.0.24\analyzers/dotnet/cs/Microsoft.Interop.ComInterfaceGenerator.dll /analyzer:C:\Users\Administrator\.nuget\packages\microsoft.netcore.app.ref\8.0.24\analyzers/dotnet/cs/Microsoft.Interop.JavaScript.JSImportGenerator.dll /analyzer:C:\Users\Administrator\.nuget\packages\microsoft.netcore.app.ref\8.0.24\analyzers/dotnet/cs/Microsoft.Interop.LibraryImportGenerator.dll /analyzer:C:\Users\Administrator\.nuget\packages\microsoft.netcore.app.ref\8.0.24\analyzers/dotnet/cs/Microsoft.Interop.SourceGeneration.dll /analyzer:C:\Users\Administrator\.nuget\packages\microsoft.netcore.app.ref\8.0.24\analyzers/dotnet/cs/System.Text.RegularExpressions.Generator.dll App.xaml.cs Controls\AppleMessageBox.xaml.cs Controls\AppleRoleDialog.xaml.cs Controls\AppleUrlDialog.xaml.cs Controls\CentralCommandPanel.xaml.cs Controls\WebViewContainer.xaml.cs Controls\WebViewUnit.xaml.cs MainWindow.xaml.cs Services\LayoutService.cs E:\ProjectMy\WebViewHub\obj\Debug\net8.0-windows\Controls\AppleMessageBox.g.cs E:\ProjectMy\WebViewHub\obj\Debug\net8.0-windows\Controls\AppleRoleDialog.g.cs E:\ProjectMy\WebViewHub\obj\Debug\net8.0-windows\Controls\AppleUrlDialog.g.cs E:\ProjectMy\WebViewHub\obj\Debug\net8.0-windows\Controls\CentralCommandPanel.g.cs E:\ProjectMy\WebViewHub\obj\Debug\net8.0-windows\Controls\WebViewContainer.g.cs E:\ProjectMy\WebViewHub\obj\Debug\net8.0-windows\Controls\WebViewUnit.g.cs E:\ProjectMy\WebViewHub\obj\Debug\net8.0-windows\MainWindow.g.cs E:\ProjectMy\WebViewHub\obj\Debug\net8.0-windows\App.g.cs E:\ProjectMy\WebViewHub\obj\Debug\net8.0-windows\WebViewHub_Content.g.cs E:\ProjectMy\WebViewHub\obj\Debug\net8.0-windows\GeneratedInternalTypeHelper.g.cs "obj\Debug\net8.0-windows\.NETCoreApp,Version=v8.0.AssemblyAttributes.cs" obj\Debug\net8.0-windows\WebViewHub_qifb1lgk_wpftmp.AssemblyInfo.cs /warnaserror+:NU1605,SYSLIB0011
         Compilation request WebViewHub_qifb1lgk_wpftmp (net8.0-windows), PathToTool=C:\Program Files\dotnet\sdk\10.0.103\Roslyn\bincore\csc.exe
         CommandLine = ' /noconfig'
         BuildResponseFile = '/unsafe- /checked- /nowarn:1701,1702,1701,1702 /fullpaths /nostdlib+ /errorreport:prompt /warn:8 /define:TRACE;DEBUG;NET;NET8_0;NETCOREAPP;WINDOWS;WINDOWS7_0;NET5_0_OR_GREATER;NET6_0_OR_GREATER;NET7_0_OR_GREATER;NET8_0_OR_GREATER;NETCOREAPP3_0_OR_GREATER;NETCOREAPP3_1_OR_GREATER;WINDOWS7_0_OR_GREATER /highentropyva+ /nullable:enable /reference:C:\Users\Administrator\.nuget\packages\microsoft.windowsdesktop.app.ref\8.0.24\ref\net8.0\Accessibility.dll /reference:C:\Users\Administrator\.nuget\packages\communitytoolkit.mvvm\8.4.0\lib\net8.0\CommunityToolkit.Mvvm.dll /reference:C:\Users\Administrator\.nuget\packages\markdig\0.22.0\lib\netcoreapp3.1\Markdig.dll /reference:C:\Users\Administrator\.nuget\packages\markdig.wpf\0.5.0.1\lib\net5.0-windows7.0\Markdig.Wpf.dll /reference:C:\Users\Administrator\.nuget\packages\microsoft.netcore.app.ref\8.0.24\ref\net8.0\Microsoft.CSharp.dll /reference:C:\Users\Administrator\.nuget\packages\microsoft.data.sqlite.core\9.0.0\lib\net8.0\Microsoft.Data.Sqlite.dll /reference:C:\Users\Administrator\.nuget\packages\microsoft.netcore.app.ref\8.0.24\ref\net8.0\Microsoft.VisualBasic.Core.dll /reference:C:\Users\Administrator\.nuget\packages\microsoft.netcore.app.ref\8.0.24\ref\net8.0\Microsoft.VisualBasic.dll /reference:C:\Users\Administrator\.nuget\packages\microsoft.web.webview2\1.0.2849.39\lib_manual\netcoreapp3.0\Microsoft.Web.WebView2.Core.dll /reference:C:\Users\Administrator\.nuget\packages\microsoft.web.webview2\1.0.2849.39\lib_manual\netcoreapp3.0\Microsoft.Web.WebView2.WinForms.dll /reference:C:\Users\Administrator\.nuget\packages\microsoft.web.webview2\1.0.2849.39\lib_manual\net5.0-windows10.0.17763.0\Microsoft.Web.WebView2.Wpf.dll /reference:C:\Users\Administrator\.nuget\packages\microsoft.netcore.app.ref\8.0.24\ref\net8.0\Microsoft.Win32.Primitives.dll /reference:C:\Users\Administrator\.nuget\packages\microsoft.windowsdesktop.app.ref\8.0.24\ref\net8.0\Microsoft.Win32.Registry.AccessControl.dll /reference:C:\Users\Administrator\.nuget\packages\microsoft.netcore.app.ref\8.0.24\ref\net8.0\Microsoft.Win32.Registry.dll /reference:C:\Users\Administrator\.nuget\packages\microsoft.windowsdesktop.app.ref\8.0.24\ref\net8.0\Microsoft.Win32.SystemEvents.dll /reference:C:\Users\Administrator\.nuget\packages\microsoft.netcore.app.ref\8.0.24\ref\net8.0\mscorlib.dll /reference:C:\Users\Administrator\.nuget\packages\microsoft.netcore.app.ref\8.0.24\ref\net8.0\netstandard.dll /reference:C:\Users\Administrator\.nuget\packages\microsoft.windowsdesktop.app.ref\8.0.24\ref\net8.0\PresentationCore.dll /reference:C:\Users\Administrator\.nuget\packages\microsoft.windowsdesktop.app.ref\8.0.24\ref\net8.0\PresentationFramework.Aero.dll /reference:C:\Users\Administrator\.nuget\packages\microsoft.windowsdesktop.app.ref\8.0.24\ref\net8.0\PresentationFramework.Aero2.dll /reference:C:\Users\Administrator\.nuget\packages\microsoft.windowsdesktop.app.ref\8.0.24\ref\net8.0\PresentationFramework.AeroLite.dll /reference:C:\Users\Administrator\.nuget\packages\microsoft.windowsdesktop.app.ref\8.0.24\ref\net8.0\PresentationFramework.Classic.dll /reference:C:\Users\Administrator\.nuget\packages\microsoft.windowsdesktop.app.ref\8.0.24\ref\net8.0\PresentationFramework.dll /reference:C:\Users\Administrator\.nuget\packages\microsoft.windowsdesktop.app.ref\8.0.24\ref\net8.0\PresentationFramework.Luna.dll /reference:C:\Users\Administrator\.nuget\packages\microsoft.windowsdesktop.app.ref\8.0.24\ref\net8.0\PresentationFramework.Royale.dll /reference:C:\Users\Administrator\.nuget\packages\microsoft.windowsdesktop.app.ref\8.0.24\ref\net8.0\PresentationUI.dll /reference:C:\Users\Administrator\.nuget\packages\microsoft.windowsdesktop.app.ref\8.0.24\ref\net8.0\ReachFramework.dll /reference:C:\Users\Administrator\.nuget\packages\sqlitepclraw.bundle_e_sqlite3\2.1.10\lib\netstandard2.0\SQLitePCLRaw.batteries_v2.dll /reference:C:\Users\Administrator\.nuget\packages\sqlitepclraw.core\2.1.10\lib\netstandard2.0\SQLitePCLRaw.core.dll /reference:C:\Users\Administrator\.nuget\packages\sqlitepclraw.provider.e_sqlite3\2.1.10\lib\net6.0-windows7.0\SQLitePCLRaw.provider.e_sqlite3.dll /reference:C:\Users\Administrator\.nuget\packages\microsoft.netcore.app.ref\8.0.24\ref\net8.0\System.AppContext.dll /reference:C:\Users\Administrator\.nuget\packages\microsoft.netcore.app.ref\8.0.24\ref\net8.0\System.Buffers.dll /reference:C:\Users\Administrator\.nuget\packages\microsoft.windowsdesktop.app.ref\8.0.24\ref\net8.0\System.CodeDom.dll /reference:C:\Users\Administrator\.nuget\packages\microsoft.netcore.app.ref\8.0.24\ref\net8.0\System.Collections.Concurrent.dll /reference:C:\Users\Administrator\.nuget\packages\microsoft.netcore.app.ref\8.0.24\ref\net8.0\System.Collections.dll /reference:C:\Users\Administrator\.nuget\packages\microsoft.netcore.app.ref\8.0.24\ref\net8.0\System.Collections.Immutable.dll /reference:C:\Users\Administrator\.nuget\packages\microsoft.netcore.app.ref\8.0.24\ref\net8.0\System.Collections.NonGeneric.dll /reference:C:\Users\Administrator\.nuget\packages\microsoft.netcore.app.ref\8.0.24\ref\net8.0\System.Collections.Specialized.dll /reference:C:\Users\Administrator\.nuget\packages\microsoft.netcore.app.ref\8.0.24\ref\net8.0\System.ComponentModel.Annotations.dll /reference:C:\Users\Administrator\.nuget\packages\microsoft.netcore.app.ref\8.0.24\ref\net8.0\System.ComponentModel.DataAnnotations.dll /reference:C:\Users\Administrator\.nuget\packages\microsoft.netcore.app.ref\8.0.24\ref\net8.0\System.ComponentModel.dll /reference:C:\Users\Administrator\.nuget\packages\microsoft.netcore.app.ref\8.0.24\ref\net8.0\System.ComponentModel.EventBasedAsync.dll /reference:C:\Users\Administrator\.nuget\packages\microsoft.netcore.app.ref\8.0.24\ref\net8.0\System.ComponentModel.Primitives.dll /reference:C:\Users\Administrator\.nuget\packages\microsoft.netcore.app.ref\8.0.24\ref\net8.0\System.ComponentModel.TypeConverter.dll /reference:C:\Users\Administrator\.nuget\packages\microsoft.windowsdesktop.app.ref\8.0.24\ref\net8.0\System.Configuration.ConfigurationManager.dll /reference:C:\Users\Administrator\.nuget\packages\microsoft.netcore.app.ref\8.0.24\ref\net8.0\System.Configuration.dll /reference:C:\Users\Administrator\.nuget\packages\microsoft.netcore.app.ref\8.0.24\ref\net8.0\System.Console.dll /reference:C:\Users\Administrator\.nuget\packages\microsoft.netcore.app.ref\8.0.24\ref\net8.0\System.Core.dll /reference:C:\Users\Administrator\.nuget\packages\microsoft.netcore.app.ref\8.0.24\ref\net8.0\System.Data.Common.dll /reference:C:\Users\Administrator\.nuget\packages\microsoft.netcore.app.ref\8.0.24\ref\net8.0\System.Data.DataSetExtensions.dll /reference:C:\Users\Administrator\.nuget\packages\microsoft.netcore.app.ref\8.0.24\ref\net8.0\System.Data.dll /reference:C:\Users\Administrator\.nuget\packages\microsoft.netcore.app.ref\8.0.24\ref\net8.0\System.Diagnostics.Contracts.dll /reference:C:\Users\Administrator\.nuget\packages\microsoft.netcore.app.ref\8.0.24\ref\net8.0\System.Diagnostics.Debug.dll /reference:C:\Users\Administrator\.nuget\packages\microsoft.netcore.app.ref\8.0.24\ref\net8.0\System.Diagnostics.DiagnosticSource.dll /reference:C:\Users\Administrator\.nuget\packages\microsoft.windowsdesktop.app.ref\8.0.24\ref\net8.0\System.Diagnostics.EventLog.dll /reference:C:\Users\Administrator\.nuget\packages\microsoft.netcore.app.ref\8.0.24\ref\net8.0\System.Diagnostics.FileVersionInfo.dll /reference:C:\Users\Administrator\.nuget\packages\microsoft.windowsdesktop.app.ref\8.0.24\ref\net8.0\System.Diagnostics.PerformanceCounter.dll /reference:C:\Users\Administrator\.nuget\packages\microsoft.netcore.app.ref\8.0.24\ref\net8.0\System.Diagnostics.Process.dll /reference:C:\Users\Administrator\.nuget\packages\microsoft.netcore.app.ref\8.0.24\ref\net8.0\System.Diagnostics.StackTrace.dll /reference:C:\Users\Administrator\.nuget\packages\microsoft.netcore.app.ref\8.0.24\ref\net8.0\System.Diagnostics.TextWriterTraceListener.dll /reference:C:\Users\Administrator\.nuget\packages\microsoft.netcore.app.ref\8.0.24\ref\net8.0\System.Diagnostics.Tools.dll /reference:C:\Users\Administrator\.nuget\packages\microsoft.netcore.app.ref\8.0.24\ref\net8.0\System.Diagnostics.TraceSource.dll /reference:C:\Users\Administrator\.nuget\packages\microsoft.netcore.app.ref\8.0.24\ref\net8.0\System.Diagnostics.Tracing.dll /reference:C:\Users\Administrator\.nuget\packages\microsoft.windowsdesktop.app.ref\8.0.24\ref\net8.0\System.DirectoryServices.dll /reference:C:\Users\Administrator\.nuget\packages\microsoft.netcore.app.ref\8.0.24\ref\net8.0\System.dll /reference:C:\Users\Administrator\.nuget\packages\microsoft.netcore.app.ref\8.0.24\ref\net8.0\System.Drawing.dll /reference:C:\Users\Administrator\.nuget\packages\microsoft.netcore.app.ref\8.0.24\ref\net8.0\System.Drawing.Primitives.dll /reference:C:\Users\Administrator\.nuget\packages\microsoft.netcore.app.ref\8.0.24\ref\net8.0\System.Dynamic.Runtime.dll /reference:C:\Users\Administrator\.nuget\packages\microsoft.netcore.app.ref\8.0.24\ref\net8.0\System.Formats.Asn1.dll /reference:C:\Users\Administrator\.nuget\packages\microsoft.netcore.app.ref\8.0.24\ref\net8.0\System.Formats.Tar.dll /reference:C:\Users\Administrator\.nuget\packages\microsoft.netcore.app.ref\8.0.24\ref\net8.0\System.Globalization.Calendars.dll /reference:C:\Users\Administrator\.nuget\packages\microsoft.netcore.app.ref\8.0.24\ref\net8.0\System.Globalization.dll /reference:C:\Users\Administrator\.nuget\packages\microsoft.netcore.app.ref\8.0.24\ref\net8.0\System.Globalization.Extensions.dll /reference:C:\Users\Administrator\.nuget\packages\microsoft.netcore.app.ref\8.0.24\ref\net8.0\System.IO.Compression.Brotli.dll /reference:C:\Users\Administrator\.nuget\packages\microsoft.netcore.app.ref\8.0.24\ref\net8.0\System.IO.Compression.dll /reference:C:\Users\Administrator\.nuget\packages\microsoft.netcore.app.ref\8.0.24\ref\net8.0\System.IO.Compression.FileSystem.dll /reference:C:\Users\Administrator\.nuget\packages\microsoft.netcore.app.ref\8.0.24\ref\net8.0\System.IO.Compression.ZipFile.dll /reference:C:\Users\Administrator\.nuget\packages\microsoft.netcore.app.ref\8.0.24\ref\net8.0\System.IO.dll /reference:C:\Users\Administrator\.nuget\packages\microsoft.netcore.app.ref\8.0.24\ref\net8.0\System.IO.FileSystem.AccessControl.dll /reference:C:\Users\Administrator\.nuget\packages\microsoft.netcore.app.ref\8.0.24\ref\net8.0\System.IO.FileSystem.dll /reference:C:\Users\Administrator\.nuget\packages\microsoft.netcore.app.ref\8.0.24\ref\net8.0\System.IO.FileSystem.DriveInfo.dll /reference:C:\Users\Administrator\.nuget\packages\microsoft.netcore.app.ref\8.0.24\ref\net8.0\System.IO.FileSystem.Primitives.dll /reference:C:\Users\Administrator\.nuget\packages\microsoft.netcore.app.ref\8.0.24\ref\net8.0\System.IO.FileSystem.Watcher.dll /reference:C:\Users\Administrator\.nuget\packages\microsoft.netcore.app.ref\8.0.24\ref\net8.0\System.IO.IsolatedStorage.dll /reference:C:\Users\Administrator\.nuget\packages\microsoft.netcore.app.ref\8.0.24\ref\net8.0\System.IO.MemoryMappedFiles.dll /reference:C:\Users\Administrator\.nuget\packages\microsoft.windowsdesktop.app.ref\8.0.24\ref\net8.0\System.IO.Packaging.dll /reference:C:\Users\Administrator\.nuget\packages\system.io.pipelines\9.0.0\lib\net8.0\System.IO.Pipelines.dll /reference:C:\Users\Administrator\.nuget\packages\microsoft.netcore.app.ref\8.0.24\ref\net8.0\System.IO.Pipes.AccessControl.dll /reference:C:\Users\Administrator\.nuget\packages\microsoft.netcore.app.ref\8.0.24\ref\net8.0\System.IO.Pipes.dll /reference:C:\Users\Administrator\.nuget\packages\microsoft.netcore.app.ref\8.0.24\ref\net8.0\System.IO.UnmanagedMemoryStream.dll /reference:C:\Users\Administrator\.nuget\packages\microsoft.netcore.app.ref\8.0.24\ref\net8.0\System.Linq.dll /reference:C:\Users\Administrator\.nuget\packages\microsoft.netcore.app.ref\8.0.24\ref\net8.0\System.Linq.Expressions.dll /reference:C:\Users\Administrator\.nuget\packages\microsoft.netcore.app.ref\8.0.24\ref\net8.0\System.Linq.Parallel.dll /reference:C:\Users\Administrator\.nuget\packages\microsoft.netcore.app.ref\8.0.24\ref\net8.0\System.Linq.Queryable.dll /reference:C:\Users\Administrator\.nuget\packages\microsoft.netcore.app.ref\8.0.24\ref\net8.0\System.Memory.dll /reference:C:\Users\Administrator\.nuget\packages\microsoft.netcore.app.ref\8.0.24\ref\net8.0\System.Net.dll /reference:C:\Users\Administrator\.nuget\packages\microsoft.netcore.app.ref\8.0.24\ref\net8.0\System.Net.Http.dll /reference:C:\Users\Administrator\.nuget\packages\microsoft.netcore.app.ref\8.0.24\ref\net8.0\System.Net.Http.Json.dll /reference:C:\Users\Administrator\.nuget\packages\microsoft.netcore.app.ref\8.0.24\ref\net8.0\System.Net.HttpListener.dll /reference:C:\Users\Administrator\.nuget\packages\microsoft.netcore.app.ref\8.0.24\ref\net8.0\System.Net.Mail.dll /reference:C:\Users\Administrator\.nuget\packages\microsoft.netcore.app.ref\8.0.24\ref\net8.0\System.Net.NameResolution.dll /reference:C:\Users\Administrator\.nuget\packages\microsoft.netcore.app.ref\8.0.24\ref\net8.0\System.Net.NetworkInformation.dll /reference:C:\Users\Administrator\.nuget\packages\microsoft.netcore.app.ref\8.0.24\ref\net8.0\System.Net.Ping.dll /reference:C:\Users\Administrator\.nuget\packages\microsoft.netcore.app.ref\8.0.24\ref\net8.0\System.Net.Primitives.dll /reference:C:\Users\Administrator\.nuget\packages\microsoft.netcore.app.ref\8.0.24\ref\net8.0\System.Net.Quic.dll /reference:C:\Users\Administrator\.nuget\packages\microsoft.netcore.app.ref\8.0.24\ref\net8.0\System.Net.Requests.dll /reference:C:\Users\Administrator\.nuget\packages\microsoft.netcore.app.ref\8.0.24\ref\net8.0\System.Net.Security.dll /reference:C:\Users\Administrator\.nuget\packages\microsoft.netcore.app.ref\8.0.24\ref\net8.0\System.Net.ServicePoint.dll /reference:C:\Users\Administrator\.nuget\packages\microsoft.netcore.app.ref\8.0.24\ref\net8.0\System.Net.Sockets.dll /reference:C:\Users\Administrator\.nuget\packages\microsoft.netcore.app.ref\8.0.24\ref\net8.0\System.Net.WebClient.dll /reference:C:\Users\Administrator\.nuget\packages\microsoft.netcore.app.ref\8.0.24\ref\net8.0\System.Net.WebHeaderCollection.dll /reference:C:\Users\Administrator\.nuget\packages\microsoft.netcore.app.ref\8.0.24\ref\net8.0\System.Net.WebProxy.dll /reference:C:\Users\Administrator\.nuget\packages\microsoft.netcore.app.ref\8.0.24\ref\net8.0\System.Net.WebSockets.Client.dll /reference:C:\Users\Administrator\.nuget\packages\microsoft.netcore.app.ref\8.0.24\ref\net8.0\System.Net.WebSockets.dll /reference:C:\Users\Administrator\.nuget\packages\microsoft.netcore.app.ref\8.0.24\ref\net8.0\System.Numerics.dll /reference:C:\Users\Administrator\.nuget\packages\microsoft.netcore.app.ref\8.0.24\ref\net8.0\System.Numerics.Vectors.dll /reference:C:\Users\Administrator\.nuget\packages\microsoft.netcore.app.ref\8.0.24\ref\net8.0\System.ObjectModel.dll /reference:C:\Users\Administrator\.nuget\packages\microsoft.windowsdesktop.app.ref\8.0.24\ref\net8.0\System.Printing.dll /reference:C:\Users\Administrator\.nuget\packages\microsoft.netcore.app.ref\8.0.24\ref\net8.0\System.Reflection.DispatchProxy.dll /reference:C:\Users\Administrator\.nuget\packages\microsoft.netcore.app.ref\8.0.24\ref\net8.0\System.Reflection.dll /reference:C:\Users\Administrator\.nuget\packages\microsoft.netcore.app.ref\8.0.24\ref\net8.0\System.Reflection.Emit.dll /reference:C:\Users\Administrator\.nuget\packages\microsoft.netcore.app.ref\8.0.24\ref\net8.0\System.Reflection.Emit.ILGeneration.dll /reference:C:\Users\Administrator\.nuget\packages\microsoft.netcore.app.ref\8.0.24\ref\net8.0\System.Reflection.Emit.Lightweight.dll /reference:C:\Users\Administrator\.nuget\packages\microsoft.netcore.app.ref\8.0.24\ref\net8.0\System.Reflection.Extensions.dll /reference:C:\Users\Administrator\.nuget\packages\microsoft.netcore.app.ref\8.0.24\ref\net8.0\System.Reflection.Metadata.dll /reference:C:\Users\Administrator\.nuget\packages\microsoft.netcore.app.ref\8.0.24\ref\net8.0\System.Reflection.Primitives.dll /reference:C:\Users\Administrator\.nuget\packages\microsoft.netcore.app.ref\8.0.24\ref\net8.0\System.Reflection.TypeExtensions.dll /reference:C:\Users\Administrator\.nuget\packages\microsoft.windowsdesktop.app.ref\8.0.24\ref\net8.0\System.Resources.Extensions.dll /reference:C:\Users\Administrator\.nuget\packages\microsoft.netcore.app.ref\8.0.24\ref\net8.0\System.Resources.Reader.dll /reference:C:\Users\Administrator\.nuget\packages\microsoft.netcore.app.ref\8.0.24\ref\net8.0\System.Resources.ResourceManager.dll /reference:C:\Users\Administrator\.nuget\packages\microsoft.netcore.app.ref\8.0.24\ref\net8.0\System.Resources.Writer.dll /reference:C:\Users\Administrator\.nuget\packages\microsoft.netcore.app.ref\8.0.24\ref\net8.0\System.Runtime.CompilerServices.Unsafe.dll /reference:C:\Users\Administrator\.nuget\packages\microsoft.netcore.app.ref\8.0.24\ref\net8.0\System.Runtime.CompilerServices.VisualC.dll /reference:C:\Users\Administrator\.nuget\packages\microsoft.netcore.app.ref\8.0.24\ref\net8.0\System.Runtime.dll /reference:C:\Users\Administrator\.nuget\packages\microsoft.netcore.app.ref\8.0.24\ref\net8.0\System.Runtime.Extensions.dll /reference:C:\Users\Administrator\.nuget\packages\microsoft.netcore.app.ref\8.0.24\ref\net8.0\System.Runtime.Handles.dll /reference:C:\Users\Administrator\.nuget\packages\microsoft.netcore.app.ref\8.0.24\ref\net8.0\System.Runtime.InteropServices.dll /reference:C:\Users\Administrator\.nuget\packages\microsoft.netcore.app.ref\8.0.24\ref\net8.0\System.Runtime.InteropServices.JavaScript.dll /reference:C:\Users\Administrator\.nuget\packages\microsoft.netcore.app.ref\8.0.24\ref\net8.0\System.Runtime.InteropServices.RuntimeInformation.dll /reference:C:\Users\Administrator\.nuget\packages\microsoft.netcore.app.ref\8.0.24\ref\net8.0\System.Runtime.Intrinsics.dll /reference:C:\Users\Administrator\.nuget\packages\microsoft.netcore.app.ref\8.0.24\ref\net8.0\System.Runtime.Loader.dll /reference:C:\Users\Administrator\.nuget\packages\microsoft.netcore.app.ref\8.0.24\ref\net8.0\System.Runtime.Numerics.dll /reference:C:\Users\Administrator\.nuget\packages\microsoft.netcore.app.ref\8.0.24\ref\net8.0\System.Runtime.Serialization.dll /reference:C:\Users\Administrator\.nuget\packages\microsoft.netcore.app.ref\8.0.24\ref\net8.0\System.Runtime.Serialization.Formatters.dll /reference:C:\Users\Administrator\.nuget\packages\microsoft.netcore.app.ref\8.0.24\ref\net8.0\System.Runtime.Serialization.Json.dll /reference:C:\Users\Administrator\.nuget\packages\microsoft.netcore.app.ref\8.0.24\ref\net8.0\System.Runtime.Serialization.Primitives.dll /reference:C:\Users\Administrator\.nuget\packages\microsoft.netcore.app.ref\8.0.24\ref\net8.0\System.Runtime.Serialization.Xml.dll /reference:C:\Users\Administrator\.nuget\packages\microsoft.netcore.app.ref\8.0.24\ref\net8.0\System.Security.AccessControl.dll /reference:C:\Users\Administrator\.nuget\packages\microsoft.netcore.app.ref\8.0.24\ref\net8.0\System.Security.Claims.dll /reference:C:\Users\Administrator\.nuget\packages\microsoft.netcore.app.ref\8.0.24\ref\net8.0\System.Security.Cryptography.Algorithms.dll /reference:C:\Users\Administrator\.nuget\packages\microsoft.netcore.app.ref\8.0.24\ref\net8.0\System.Security.Cryptography.Cng.dll /reference:C:\Users\Administrator\.nuget\packages\microsoft.netcore.app.ref\8.0.24\ref\net8.0\System.Security.Cryptography.Csp.dll /reference:C:\Users\Administrator\.nuget\packages\microsoft.netcore.app.ref\8.0.24\ref\net8.0\System.Security.Cryptography.dll /reference:C:\Users\Administrator\.nuget\packages\microsoft.netcore.app.ref\8.0.24\ref\net8.0\System.Security.Cryptography.Encoding.dll /reference:C:\Users\Administrator\.nuget\packages\microsoft.netcore.app.ref\8.0.24\ref\net8.0\System.Security.Cryptography.OpenSsl.dll /reference:C:\Users\Administrator\.nuget\packages\microsoft.windowsdesktop.app.ref\8.0.24\ref\net8.0\System.Security.Cryptography.Pkcs.dll /reference:C:\Users\Administrator\.nuget\packages\microsoft.netcore.app.ref\8.0.24\ref\net8.0\System.Security.Cryptography.Primitives.dll /reference:C:\Users\Administrator\.nuget\packages\microsoft.windowsdesktop.app.ref\8.0.24\ref\net8.0\System.Security.Cryptography.ProtectedData.dll /reference:C:\Users\Administrator\.nuget\packages\microsoft.netcore.app.ref\8.0.24\ref\net8.0\System.Security.Cryptography.X509Certificates.dll /reference:C:\Users\Administrator\.nuget\packages\microsoft.windowsdesktop.app.ref\8.0.24\ref\net8.0\System.Security.Cryptography.Xml.dll /reference:C:\Users\Administrator\.nuget\packages\microsoft.netcore.app.ref\8.0.24\ref\net8.0\System.Security.dll /reference:C:\Users\Administrator\.nuget\packages\microsoft.windowsdesktop.app.ref\8.0.24\ref\net8.0\System.Security.Permissions.dll /reference:C:\Users\Administrator\.nuget\packages\microsoft.netcore.app.ref\8.0.24\ref\net8.0\System.Security.Principal.dll /reference:C:\Users\Administrator\.nuget\packages\microsoft.netcore.app.ref\8.0.24\ref\net8.0\System.Security.Principal.Windows.dll /reference:C:\Users\Administrator\.nuget\packages\microsoft.netcore.app.ref\8.0.24\ref\net8.0\System.Security.SecureString.dll /reference:C:\Users\Administrator\.nuget\packages\microsoft.netcore.app.ref\8.0.24\ref\net8.0\System.ServiceModel.Web.dll /reference:C:\Users\Administrator\.nuget\packages\microsoft.netcore.app.ref\8.0.24\ref\net8.0\System.ServiceProcess.dll /reference:C:\Users\Administrator\.nuget\packages\microsoft.netcore.app.ref\8.0.24\ref\net8.0\System.Text.Encoding.CodePages.dll /reference:C:\Users\Administrator\.nuget\packages\microsoft.netcore.app.ref\8.0.24\ref\net8.0\System.Text.Encoding.dll /reference:C:\Users\Administrator\.nuget\packages\microsoft.netcore.app.ref\8.0.24\ref\net8.0\System.Text.Encoding.Extensions.dll /reference:C:\Users\Administrator\.nuget\packages\system.text.encodings.web\9.0.0\lib\net8.0\System.Text.Encodings.Web.dll /reference:C:\Users\Administrator\.nuget\packages\system.text.json\9.0.0\lib\net8.0\System.Text.Json.dll /reference:C:\Users\Administrator\.nuget\packages\microsoft.netcore.app.ref\8.0.24\ref\net8.0\System.Text.RegularExpressions.dll /reference:C:\Users\Administrator\.nuget\packages\microsoft.windowsdesktop.app.ref\8.0.24\ref\net8.0\System.Threading.AccessControl.dll /reference:C:\Users\Administrator\.nuget\packages\microsoft.netcore.app.ref\8.0.24\ref\net8.0\System.Threading.Channels.dll /reference:C:\Users\Administrator\.nuget\packages\microsoft.netcore.app.ref\8.0.24\ref\net8.0\System.Threading.dll /reference:C:\Users\Administrator\.nuget\packages\microsoft.netcore.app.ref\8.0.24\ref\net8.0\System.Threading.Overlapped.dll /reference:C:\Users\Administrator\.nuget\packages\microsoft.netcore.app.ref\8.0.24\ref\net8.0\System.Threading.Tasks.Dataflow.dll /reference:C:\Users\Administrator\.nuget\packages\microsoft.netcore.app.ref\8.0.24\ref\net8.0\System.Threading.Tasks.dll /reference:C:\Users\Administrator\.nuget\packages\microsoft.netcore.app.ref\8.0.24\ref\net8.0\System.Threading.Tasks.Extensions.dll /reference:C:\Users\Administrator\.nuget\packages\microsoft.netcore.app.ref\8.0.24\ref\net8.0\System.Threading.Tasks.Parallel.dll /reference:C:\Users\Administrator\.nuget\packages\microsoft.netcore.app.ref\8.0.24\ref\net8.0\System.Threading.Thread.dll /reference:C:\Users\Administrator\.nuget\packages\microsoft.netcore.app.ref\8.0.24\ref\net8.0\System.Threading.ThreadPool.dll /reference:C:\Users\Administrator\.nuget\packages\microsoft.netcore.app.ref\8.0.24\ref\net8.0\System.Threading.Timer.dll /reference:C:\Users\Administrator\.nuget\packages\microsoft.netcore.app.ref\8.0.24\ref\net8.0\System.Transactions.dll /reference:C:\Users\Administrator\.nuget\packages\microsoft.netcore.app.ref\8.0.24\ref\net8.0\System.Transactions.Local.dll /reference:C:\Users\Administrator\.nuget\packages\microsoft.netcore.app.ref\8.0.24\ref\net8.0\System.ValueTuple.dll /reference:C:\Users\Administrator\.nuget\packages\microsoft.netcore.app.ref\8.0.24\ref\net8.0\System.Web.dll /reference:C:\Users\Administrator\.nuget\packages\microsoft.netcore.app.ref\8.0.24\ref\net8.0\System.Web.HttpUtility.dll /reference:C:\Users\Administrator\.nuget\packages\microsoft.windowsdesktop.app.ref\8.0.24\ref\net8.0\System.Windows.Controls.Ribbon.dll /reference:C:\Users\Administrator\.nuget\packages\microsoft.netcore.app.ref\8.0.24\ref\net8.0\System.Windows.dll /reference:C:\Users\Administrator\.nuget\packages\microsoft.windowsdesktop.app.ref\8.0.24\ref\net8.0\System.Windows.Extensions.dll /reference:C:\Users\Administrator\.nuget\packages\microsoft.windowsdesktop.app.ref\8.0.24\ref\net8.0\System.Windows.Input.Manipulations.dll /reference:C:\Users\Administrator\.nuget\packages\microsoft.windowsdesktop.app.ref\8.0.24\ref\net8.0\System.Windows.Presentation.dll /reference:C:\Users\Administrator\.nuget\packages\microsoft.windowsdesktop.app.ref\8.0.24\ref\net8.0\System.Xaml.dll /reference:C:\Users\Administrator\.nuget\packages\microsoft.netcore.app.ref\8.0.24\ref\net8.0\System.Xml.dll /reference:C:\Users\Administrator\.nuget\packages\microsoft.netcore.app.ref\8.0.24\ref\net8.0\System.Xml.Linq.dll /reference:C:\Users\Administrator\.nuget\packages\microsoft.netcore.app.ref\8.0.24\ref\net8.0\System.Xml.ReaderWriter.dll /reference:C:\Users\Administrator\.nuget\packages\microsoft.netcore.app.ref\8.0.24\ref\net8.0\System.Xml.Serialization.dll /reference:C:\Users\Administrator\.nuget\packages\microsoft.netcore.app.ref\8.0.24\ref\net8.0\System.Xml.XDocument.dll /reference:C:\Users\Administrator\.nuget\packages\microsoft.netcore.app.ref\8.0.24\ref\net8.0\System.Xml.XmlDocument.dll /reference:C:\Users\Administrator\.nuget\packages\microsoft.netcore.app.ref\8.0.24\ref\net8.0\System.Xml.XmlSerializer.dll /reference:C:\Users\Administrator\.nuget\packages\microsoft.netcore.app.ref\8.0.24\ref\net8.0\System.Xml.XPath.dll /reference:C:\Users\Administrator\.nuget\packages\microsoft.netcore.app.ref\8.0.24\ref\net8.0\System.Xml.XPath.XDocument.dll /reference:C:\Users\Administrator\.nuget\packages\microsoft.windowsdesktop.app.ref\8.0.24\ref\net8.0\UIAutomationClient.dll /reference:C:\Users\Administrator\.nuget\packages\microsoft.windowsdesktop.app.ref\8.0.24\ref\net8.0\UIAutomationClientSideProviders.dll /reference:C:\Users\Administrator\.nuget\packages\microsoft.windowsdesktop.app.ref\8.0.24\ref\net8.0\UIAutomationProvider.dll /reference:C:\Users\Administrator\.nuget\packages\microsoft.windowsdesktop.app.ref\8.0.24\ref\net8.0\UIAutomationTypes.dll /reference:C:\Users\Administrator\.nuget\packages\microsoft.windowsdesktop.app.ref\8.0.24\ref\net8.0\WindowsBase.dll /debug+ /debug:portable /filealign:512 /optimize- /out:obj\Debug\net8.0-windows\WebViewHub.dll /refout:obj\Debug\net8.0-windows\refint\WebViewHub.dll /target:winexe /warnaserror- /utf8output /win32icon:app.ico /deterministic+ /sourcelink:obj\Debug\net8.0-windows\WebViewHub_qifb1lgk_wpftmp.sourcelink.json /langversion:12.0 /embed:E:\ProjectMy\WebViewHub\obj\Debug\net8.0-windows\Controls\AppleMessageBox.g.cs /embed:E:\ProjectMy\WebViewHub\obj\Debug\net8.0-windows\Controls\AppleRoleDialog.g.cs /embed:E:\ProjectMy\WebViewHub\obj\Debug\net8.0-windows\Controls\AppleUrlDialog.g.cs /embed:E:\ProjectMy\WebViewHub\obj\Debug\net8.0-windows\Controls\CentralCommandPanel.g.cs /embed:E:\ProjectMy\WebViewHub\obj\Debug\net8.0-windows\Controls\WebViewContainer.g.cs /embed:E:\ProjectMy\WebViewHub\obj\Debug\net8.0-windows\Controls\WebViewUnit.g.cs /embed:E:\ProjectMy\WebViewHub\obj\Debug\net8.0-windows\MainWindow.g.cs /embed:E:\ProjectMy\WebViewHub\obj\Debug\net8.0-windows\App.g.cs /embed:E:\ProjectMy\WebViewHub\obj\Debug\net8.0-windows\WebViewHub_Content.g.cs /embed:E:\ProjectMy\WebViewHub\obj\Debug\net8.0-windows\GeneratedInternalTypeHelper.g.cs /embed:"obj\Debug\net8.0-windows\.NETCoreApp,Version=v8.0.AssemblyAttributes.cs" /embed:obj\Debug\net8.0-windows\WebViewHub_qifb1lgk_wpftmp.AssemblyInfo.cs /analyzerconfig:obj\Debug\net8.0-windows\WebViewHub_qifb1lgk_wpftmp.GeneratedMSBuildEditorConfig.editorconfig /analyzerconfig:"C:\Program Files\dotnet\sdk\10.0.103\Sdks\Microsoft.NET.Sdk\analyzers\build\config\analysislevel_8_default.globalconfig" /analyzer:"C:\Program Files\dotnet\sdk\10.0.103\Sdks\Microsoft.NET.Sdk\targets\..\analyzers\Microsoft.CodeAnalysis.CSharp.NetAnalyzers.dll" /analyzer:"C:\Program Files\dotnet\sdk\10.0.103\Sdks\Microsoft.NET.Sdk\targets\..\analyzers\Microsoft.CodeAnalysis.NetAnalyzers.dll" /analyzer:C:\Users\Administrator\.nuget\packages\communitytoolkit.mvvm\8.4.0\analyzers\dotnet\roslyn4.12\cs\CommunityToolkit.Mvvm.CodeFixers.dll /analyzer:C:\Users\Administrator\.nuget\packages\communitytoolkit.mvvm\8.4.0\analyzers\dotnet\roslyn4.12\cs\CommunityToolkit.Mvvm.SourceGenerators.dll /analyzer:C:\Users\Administrator\.nuget\packages\system.text.json\9.0.0\analyzers\dotnet\roslyn4.4\cs\System.Text.Json.SourceGeneration.dll /analyzer:C:\Users\Administrator\.nuget\packages\microsoft.netcore.app.ref\8.0.24\analyzers/dotnet/cs/Microsoft.Interop.ComInterfaceGenerator.dll /analyzer:C:\Users\Administrator\.nuget\packages\microsoft.netcore.app.ref\8.0.24\analyzers/dotnet/cs/Microsoft.Interop.JavaScript.JSImportGenerator.dll /analyzer:C:\Users\Administrator\.nuget\packages\microsoft.netcore.app.ref\8.0.24\analyzers/dotnet/cs/Microsoft.Interop.LibraryImportGenerator.dll /analyzer:C:\Users\Administrator\.nuget\packages\microsoft.netcore.app.ref\8.0.24\analyzers/dotnet/cs/Microsoft.Interop.SourceGeneration.dll /analyzer:C:\Users\Administrator\.nuget\packages\microsoft.netcore.app.ref\8.0.24\analyzers/dotnet/cs/System.Text.RegularExpressions.Generator.dll App.xaml.cs Controls\AppleMessageBox.xaml.cs Controls\AppleRoleDialog.xaml.cs Controls\AppleUrlDialog.xaml.cs Controls\CentralCommandPanel.xaml.cs Controls\WebViewContainer.xaml.cs Controls\WebViewUnit.xaml.cs MainWindow.xaml.cs Services\LayoutService.cs E:\ProjectMy\WebViewHub\obj\Debug\net8.0-windows\Controls\AppleMessageBox.g.cs E:\ProjectMy\WebViewHub\obj\Debug\net8.0-windows\Controls\AppleRoleDialog.g.cs E:\ProjectMy\WebViewHub\obj\Debug\net8.0-windows\Controls\AppleUrlDialog.g.cs E:\ProjectMy\WebViewHub\obj\Debug\net8.0-windows\Controls\CentralCommandPanel.g.cs E:\ProjectMy\WebViewHub\obj\Debug\net8.0-windows\Controls\WebViewContainer.g.cs E:\ProjectMy\WebViewHub\obj\Debug\net8.0-windows\Controls\WebViewUnit.g.cs E:\ProjectMy\WebViewHub\obj\Debug\net8.0-windows\MainWindow.g.cs E:\ProjectMy\WebViewHub\obj\Debug\net8.0-windows\App.g.cs E:\ProjectMy\WebViewHub\obj\Debug\net8.0-windows\WebViewHub_Content.g.cs E:\ProjectMy\WebViewHub\obj\Debug\net8.0-windows\GeneratedInternalTypeHelper.g.cs "obj\Debug\net8.0-windows\.NETCoreApp,Version=v8.0.AssemblyAttributes.cs" obj\Debug\net8.0-windows\WebViewHub_qifb1lgk_wpftmp.AssemblyInfo.cs /warnaserror+:NU1605,SYSLIB0011'
         在 TaskRun (Microsoft.CodeAnalysis.BuildTasks.Csc) 期间加载的程序集: System.IO.Pipes, Version=10.0.0.0, Culture=neutral, PublicKeyToken=b03f5f7f11d50a3a (位置: C:\Program Files\dotnet\shared\Microsoft.NETCore.App\10.0.3\System.IO.Pipes.dll，MVID: 42b9a04c-b3b6-4661-804e-483dc520b19f，AssemblyLoadContext: Default)
         Attempt to open named pipe 'gKCe0QOw54W0rL7Btn12F_eCxUpeJLxOIqSz0UIb86s'
         Attempt to connect named pipe 'gKCe0QOw54W0rL7Btn12F_eCxUpeJLxOIqSz0UIb86s'
         在 TaskRun (Microsoft.CodeAnalysis.BuildTasks.Csc) 期间加载的程序集: System.Security.AccessControl, Version=10.0.0.0, Culture=neutral, PublicKeyToken=b03f5f7f11d50a3a (位置: C:\Program Files\dotnet\shared\Microsoft.NETCore.App\10.0.3\System.Security.AccessControl.dll，MVID: d57faabf-f588-4d72-85ec-7817dd50278a，AssemblyLoadContext: Default)
         Named pipe 'gKCe0QOw54W0rL7Btn12F_eCxUpeJLxOIqSz0UIb86s' connected
         Begin writing request for WebViewHub_qifb1lgk_wpftmp (net8.0-windows)
         End writing request for WebViewHub_qifb1lgk_wpftmp (net8.0-windows)
         Begin reading response for WebViewHub_qifb1lgk_wpftmp (net8.0-windows)
         End reading response for WebViewHub_qifb1lgk_wpftmp (net8.0-windows)
         Microsoft(R) Visual C# 编译器 版本 5.0.0-2.26075.103 (c2435c3e)
         版权所有(C) Microsoft Corporation。保留所有权利。
     2>E:\ProjectMy\WebViewHub\Controls\CentralCommandPanel.xaml.cs(41,16): warning CS8618: 在退出构造函数时，不可为 null 的 属性 "MainWindowReference" 必须包含非 null 值。请考虑添加 "required" 修饰符或将该 属性 声明为可为 null。 [E:\ProjectMy\WebViewHub\WebViewHub_qifb1lgk_wpftmp.csproj]
     2>E:\ProjectMy\WebViewHub\Controls\WebViewContainer.xaml.cs(72,21): error CS1061: “WebViewUnit”未包含“CoreWebView2InitializationCompleted”的定义，并且找不到可接受第一个“WebViewUnit”类型参数的可访问扩展方法“CoreWebView2InitializationCompleted”(是否缺少 using 指令或程序集引用?) [E:\ProjectMy\WebViewHub\WebViewHub_qifb1lgk_wpftmp.csproj]
     2>E:\ProjectMy\WebViewHub\Controls\WebViewContainer.xaml.cs(77,40): error CS1061: “WebViewUnit”未包含“CoreWebView2”的定义，并且找不到可接受第一个“WebViewUnit”类型参数的可访问扩展方法“CoreWebView2”(是否缺少 using 指令或程序集引用?) [E:\ProjectMy\WebViewHub\WebViewHub_qifb1lgk_wpftmp.csproj]
     2>E:\ProjectMy\WebViewHub\Controls\WebViewContainer.xaml.cs(80,25): error CS1061: “WebViewUnit”未包含“CoreWebView2”的定义，并且找不到可接受第一个“WebViewUnit”类型参数的可访问扩展方法“CoreWebView2”(是否缺少 using 指令或程序集引用?) [E:\ProjectMy\WebViewHub\WebViewHub_qifb1lgk_wpftmp.csproj]
         CompilerServer: server - server processed compilation - WebViewHub_qifb1lgk_wpftmp (net8.0-windows)
       已完成执行任务“Csc”的操作 - 失败。
     2>已完成在项目“WebViewHub_qifb1lgk_wpftmp.csproj”中生成目标“CoreCompile”的操作 - 失败。
     2>已完成生成项目“E:\ProjectMy\WebViewHub\WebViewHub_qifb1lgk_wpftmp.csproj”(_CompileTemporaryAssembly 个目标)的操作 - 失败。
   1:7>已完成执行任务“GenerateTemporaryTargetAssembly”的操作 - 失败。
   1:7>已完成在项目“WebViewHub.csproj”中生成目标“GenerateTemporaryTargetAssembly”的操作 - 失败。
   1:7>来自项目“E:\ProjectMy\WebViewHub\WebViewHub.csproj”的文件“C:\Program Files\dotnet\sdk\10.0.103\Microsoft.Common.CurrentVersion.targets”中的目标“_CheckForCompileOutputs”(目标“_CleanGetCurrentAndPriorFileWrites”依赖于它):
   1:7>已完成在项目“WebViewHub.csproj”中生成目标“_CheckForCompileOutputs”的操作。
   1:7>来自项目“E:\ProjectMy\WebViewHub\WebViewHub.csproj”的文件“C:\Program Files\dotnet\sdk\10.0.103\Microsoft.Common.CurrentVersion.targets”中的目标“_CleanGetCurrentAndPriorFileWrites”(目标“_CleanRecordFileWrites”依赖于它):
       正在使用程序集“Microsoft.Build.Tasks.Core, Version=15.1.0.0, Culture=neutral, PublicKeyToken=b03f5f7f11d50a3a”中的“ReadLinesFromFile”任务。
       任务“ReadLinesFromFile”
       已完成执行任务“ReadLinesFromFile”的操作。
       任务“ConvertToAbsolutePath”
       已完成执行任务“ConvertToAbsolutePath”的操作。
       正在使用程序集“Microsoft.Build.Tasks.Core, Version=15.1.0.0, Culture=neutral, PublicKeyToken=b03f5f7f11d50a3a”中的“FindUnderPath”任务。
       任务“FindUnderPath”
         比较路径为“E:\ProjectMy\WebViewHub”。
       已完成执行任务“FindUnderPath”的操作。
       任务“FindUnderPath”
         比较路径为“bin\Debug\net8.0-windows\”。
       已完成执行任务“FindUnderPath”的操作。
       任务“FindUnderPath”
         比较路径为“obj\Debug\net8.0-windows\”。
       已完成执行任务“FindUnderPath”的操作。
       任务“RemoveDuplicates”
       已完成执行任务“RemoveDuplicates”的操作。
   1:7>已完成在项目“WebViewHub.csproj”中生成目标“_CleanGetCurrentAndPriorFileWrites”的操作。
   1:7>来自项目“E:\ProjectMy\WebViewHub\WebViewHub.csproj”的文件“C:\Program Files\dotnet\sdk\10.0.103\Microsoft.Common.CurrentVersion.targets”中的目标“_CleanRecordFileWrites”(目标“CoreBuild”依赖于它):
       任务“RemoveDuplicates”
       已完成执行任务“RemoveDuplicates”的操作。
       任务“MakeDir”
       已完成执行任务“MakeDir”的操作。
       任务“WriteLinesToFile”
         跳过写入到文件“obj\Debug\net8.0-windows\WebViewHub.csproj.FileListAbsolute.txt”，因为内容不会改变。
       已完成执行任务“WriteLinesToFile”的操作。
   1:7>已完成在项目“WebViewHub.csproj”中生成目标“_CleanRecordFileWrites”的操作。
   1:7>已完成生成项目“E:\ProjectMy\WebViewHub\WebViewHub.csproj”(默认目标)的操作 - 失败。

生成失败。

       “E:\ProjectMy\WebViewHub\WebViewHub.csproj”(默认目标) (1:7) ->
       “E:\ProjectMy\WebViewHub\WebViewHub_qifb1lgk_wpftmp.csproj”(_CompileTemporaryAssembly 目标) (2) ->
       (CoreCompile 目标) -> 
         E:\ProjectMy\WebViewHub\Controls\CentralCommandPanel.xaml.cs(41,16): warning CS8618: 在退出构造函数时，不可为 null 的 属性 "MainWindowReference" 必须包含非 null 值。请考虑添加 "required" 修饰符或将该 属性 声明为可为 null。 [E:\ProjectMy\WebViewHub\WebViewHub_qifb1lgk_wpftmp.csproj]


       “E:\ProjectMy\WebViewHub\WebViewHub.csproj”(默认目标) (1:7) ->
       “E:\ProjectMy\WebViewHub\WebViewHub_qifb1lgk_wpftmp.csproj”(_CompileTemporaryAssembly 目标) (2) ->
       (CoreCompile 目标) -> 
         E:\ProjectMy\WebViewHub\Controls\WebViewContainer.xaml.cs(72,21): error CS1061: “WebViewUnit”未包含“CoreWebView2InitializationCompleted”的定义，并且找不到可接受第一个“WebViewUnit”类型参数的可访问扩展方法“CoreWebView2InitializationCompleted”(是否缺少 using 指令或程序集引用?) [E:\ProjectMy\WebViewHub\WebViewHub_qifb1lgk_wpftmp.csproj]
         E:\ProjectMy\WebViewHub\Controls\WebViewContainer.xaml.cs(77,40): error CS1061: “WebViewUnit”未包含“CoreWebView2”的定义，并且找不到可接受第一个“WebViewUnit”类型参数的可访问扩展方法“CoreWebView2”(是否缺少 using 指令或程序集引用?) [E:\ProjectMy\WebViewHub\WebViewHub_qifb1lgk_wpftmp.csproj]
         E:\ProjectMy\WebViewHub\Controls\WebViewContainer.xaml.cs(80,25): error CS1061: “WebViewUnit”未包含“CoreWebView2”的定义，并且找不到可接受第一个“WebViewUnit”类型参数的可访问扩展方法“CoreWebView2”(是否缺少 using 指令或程序集引用?) [E:\ProjectMy\WebViewHub\WebViewHub_qifb1lgk_wpftmp.csproj]

    1 个警告
    3 个错误

已用时间 00:00:01.20
